layer at (0,0) size 800x600
  RenderView at (0,0) size 800x600
layer at (0,0) size 800x600
  RenderBlock {HTML} at (0,0) size 800x600
    RenderBody {BODY} at (8,8) size 784x584
      RenderTable {TABLE} at (0,0) size 157x66 [border: (3px solid #008000)]
        RenderTableSection {TBODY} at (3,3) size 151x60
          RenderTableRow {TR} at (0,2) size 151x56
            RenderTableCell {TD} at (2,2) size 147x56 [r=0 c=0 rs=1 cs=1]
              RenderTable {TABLE} at (1,1) size 145x54 [border: (3px solid #008000)]
                RenderBlock {CAPTION} at (0,0) size 78x24 [border: (3px solid #FFA500)]
                  RenderText {#text} at (28,3) size 22x18
                    text run at (28,3) width 22: "cap"
                RenderTableSection {TBODY} at (3,27) size 139x24
                  RenderTableRow {TR} at (0,2) size 139x20
                    RenderTableCell {TD} at (2,2) size 135x20 [r=0 c=0 rs=1 cs=1]
                      RenderText {#text} at (1,1) size 132x18
                        text run at (1,1) width 132: "table cell foo and bar"
