layer at (0,0) size 800x600
  RenderView at (0,0) size 800x600
layer at (0,0) size 800x600
  RenderBlock {HTML} at (0,0) size 800x600
    RenderBody {BODY} at (8,8) size 784x584
      RenderTable {TABLE} at (0,0) size 473x74 [border: (1px outset #808080)]
        RenderTableSection {TBODY} at (1,1) size 471x72
          RenderTableRow {TR} at (0,2) size 471x68
            RenderTableCell {TD} at (2,2) size 283x68 [border: (1px inset #808080)] [r=0 c=0 rs=1 cs=1]
              RenderBlock (anonymous) at (2,2) size 279x18
                RenderText {#text} at (0,0) size 253x18
                  text run at (0,0) width 253: "some normal text before the nested table"
              RenderTable {TABLE} at (52,20) size 265x28 [border: (1px outset #808080)]
                RenderTableSection {TBODY} at (1,1) size 263x26
                  RenderTableRow {TR} at (0,2) size 263x22
                    RenderTableCell {TD} at (2,2) size 259x22 [border: (1px inset #808080)] [r=0 c=0 rs=1 cs=1]
                      RenderText {#text} at (2,2) size 218x18
                        text run at (2,2) width 218: "selection of words to pad table cell"
              RenderBlock (anonymous) at (2,48) size 279x18
                RenderText {#text} at (0,0) size 241x18
                  text run at (0,0) width 241: "some normal text after the nested table"
            RenderTableCell {TD} at (286,25) size 183x22 [border: (1px inset #808080)] [r=0 c=1 rs=1 cs=1]
              RenderText {#text} at (2,2) size 178x18
                text run at (2,2) width 178: "contents of table cell to right"
      RenderTable {TABLE} at (0,74) size 42x38 [border: (1px outset #808080)]
        RenderTableSection {TBODY} at (1,1) size 40x36
          RenderTableRow {TR} at (0,2) size 40x32
            RenderTableCell {TD} at (2,2) size 36x32 [border: (1px inset #808080)] [r=0 c=0 rs=1 cs=1]
              RenderTable {TABLE} at (2,2) size 38x28 [border: (1px outset #808080)]
                RenderTableSection {TBODY} at (1,1) size 36x26
                  RenderTableRow {TR} at (0,2) size 36x22
                    RenderTableCell {TD} at (2,2) size 32x22 [border: (1px inset #808080)] [r=0 c=0 rs=1 cs=1]
                      RenderText {#text} at (2,2) size 21x18
                        text run at (2,2) width 21: "foo"
