layer at (0,0) size 800x600
  RenderView at (0,0) size 800x600
layer at (0,0) size 800x600
  RenderBlock {HTML} at (0,0) size 800x600
    RenderBody {BODY} at (8,8) size 784x584
      RenderBlock {DETAILS} at (0,0) size 784x20
        RenderBlock {SUMMARY} at (0,0) size 784x20
          RenderDetailsMarker {DIV} at (0,5) size 10x10: down
          RenderText {#text} at (16,0) size 64x19
            text run at (16,0) width 64: "summary "
          RenderText {#text} at (79,0) size 190x19
            text run at (79,0) width 190: "shouldn't have only bold text."
