layer at (0,0) size 800x600
  RenderView at (0,0) size 800x600
layer at (0,0) size 800x600
  RenderBlock {HTML} at (0,0) size 800x600
    RenderBody {BODY} at (8,8) size 784x584
      RenderBlock {DETAILS} at (0,0) size 784x45
        RenderBlock {SUMMARY} at (0,0) size 784x20
          RenderDetailsMarker {DIV} at (0,5) size 10x10: down
          RenderText {#text} at (16,0) size 50x19
            text run at (16,0) width 50: "details1"
        RenderBlock (anonymous) at (0,20) size 784x25
          RenderTextControl {INPUT} at (2,2) size 135x21 [bgcolor=#FFFFFF] [border: (1px solid #4C4C4C)]
          RenderText {#text} at (0,0) size 0x0
      RenderBlock {DETAILS} at (0,45) size 784x20
        RenderBlock {SUMMARY} at (0,0) size 784x20
          RenderDetailsMarker {DIV} at (0,5) size 10x10: right
          RenderText {#text} at (16,0) size 50x19
            text run at (16,0) width 50: "details2"
layer at (16,33) size 123x14
  RenderBlock {DIV} at (6,3) size 123x14
