layer at (0,0) size 800x600
  RenderView at (0,0) size 800x600
layer at (0,0) size 800x600
  RenderBlock {HTML} at (0,0) size 800x600
    RenderBody {BODY} at (8,8) size 784x584
      RenderBlock (anonymous) at (0,0) size 784x18
        RenderText {#text} at (0,0) size 342x18
          text run at (0,0) width 342: "This tests that buttons don't honor table display styles. "
        RenderBR {BR} at (342,14) size 0x0
      RenderButton {INPUT} at (2,20) size 87x18 [bgcolor=#C0C0C0]
        RenderBlock (anonymous) at (8,2) size 71x13
          RenderText at (0,0) size 71x13
            text run at (0,0) width 71: "display: table"
      RenderButton {INPUT} at (2,40) size 87x18 [bgcolor=#C0C0C0]
        RenderBlock (anonymous) at (8,2) size 71x13
          RenderText at (0,0) size 71x13
            text run at (0,0) width 71: "display: table"
      RenderBlock (anonymous) at (0,60) size 784x378
        RenderBR {BR} at (0,0) size 0x18
        RenderBR {BR} at (0,18) size 0x18
        RenderButton {INPUT} at (2,38) size 119x18 [bgcolor=#C0C0C0]
          RenderBlock (anonymous) at (8,2) size 103x13
            RenderText at (0,0) size 103x13
              text run at (0,0) width 103: "display: inline-table"
        RenderText {#text} at (122,37) size 5x18
          text run at (122,37) width 5: " "
        RenderButton {INPUT} at (128,38) size 120x18 [bgcolor=#C0C0C0]
          RenderBlock (anonymous) at (8,2) size 103x13
            RenderText at (0,0) size 103x13
              text run at (0,0) width 103: "display: inline-table"
        RenderText {#text} at (249,37) size 5x18
          text run at (249,37) width 5: " "
        RenderBR {BR} at (253,51) size 1x0
        RenderBR {BR} at (0,58) size 0x18
        RenderButton {INPUT} at (2,78) size 147x18 [bgcolor=#C0C0C0]
          RenderBlock (anonymous) at (8,2) size 131x13
            RenderText at (0,0) size 131x13
              text run at (0,0) width 131: "display: table-row-group"
        RenderText {#text} at (150,77) size 5x18
          text run at (150,77) width 5: " "
        RenderButton {INPUT} at (156,78) size 147x18 [bgcolor=#C0C0C0]
          RenderBlock (anonymous) at (8,2) size 131x13
            RenderText at (0,0) size 131x13
              text run at (0,0) width 131: "display: table-row-group"
        RenderText {#text} at (304,77) size 5x18
          text run at (304,77) width 5: " "
        RenderBR {BR} at (308,91) size 1x0
        RenderBR {BR} at (0,98) size 0x18
        RenderButton {INPUT} at (2,118) size 164x18 [bgcolor=#C0C0C0]
          RenderBlock (anonymous) at (8,2) size 148x13
            RenderText at (0,0) size 148x13
              text run at (0,0) width 148: "display: table-header-group"
        RenderText {#text} at (167,117) size 5x18
          text run at (167,117) width 5: " "
        RenderButton {INPUT} at (173,118) size 164x18 [bgcolor=#C0C0C0]
          RenderBlock (anonymous) at (8,2) size 148x13
            RenderText at (0,0) size 148x13
              text run at (0,0) width 148: "display: table-header-group"
        RenderText {#text} at (338,117) size 5x18
          text run at (338,117) width 5: " "
        RenderBR {BR} at (342,131) size 1x0
        RenderBR {BR} at (0,138) size 0x18
        RenderButton {INPUT} at (2,158) size 158x18 [bgcolor=#C0C0C0]
          RenderBlock (anonymous) at (8,2) size 142x13
            RenderText at (0,0) size 142x13
              text run at (0,0) width 142: "display: table-footer-group"
        RenderText {#text} at (161,157) size 5x18
          text run at (161,157) width 5: " "
        RenderButton {INPUT} at (167,158) size 159x18 [bgcolor=#C0C0C0]
          RenderBlock (anonymous) at (8,2) size 142x13
            RenderText at (0,0) size 142x13
              text run at (0,0) width 142: "display: table-footer-group"
        RenderText {#text} at (327,157) size 5x18
          text run at (327,157) width 5: " "
        RenderBR {BR} at (331,171) size 1x0
        RenderBR {BR} at (0,178) size 0x18
        RenderButton {INPUT} at (2,198) size 111x18 [bgcolor=#C0C0C0]
          RenderBlock (anonymous) at (8,2) size 95x13
            RenderText at (0,0) size 95x13
              text run at (0,0) width 95: "display: table-row"
        RenderText {#text} at (114,197) size 5x18
          text run at (114,197) width 5: " "
        RenderButton {INPUT} at (120,198) size 112x18 [bgcolor=#C0C0C0]
          RenderBlock (anonymous) at (8,2) size 95x13
            RenderText at (0,0) size 95x13
              text run at (0,0) width 95: "display: table-row"
        RenderText {#text} at (233,197) size 5x18
          text run at (233,197) width 5: " "
        RenderBR {BR} at (237,211) size 1x0
        RenderBR {BR} at (0,218) size 0x18
        RenderButton {INPUT} at (2,238) size 166x18 [bgcolor=#C0C0C0]
          RenderBlock (anonymous) at (8,2) size 150x13
            RenderText at (0,0) size 150x13
              text run at (0,0) width 150: "display: table-column-group"
        RenderText {#text} at (169,237) size 5x18
          text run at (169,237) width 5: " "
        RenderButton {INPUT} at (175,238) size 166x18 [bgcolor=#C0C0C0]
          RenderBlock (anonymous) at (8,2) size 150x13
            RenderText at (0,0) size 150x13
              text run at (0,0) width 150: "display: table-column-group"
        RenderText {#text} at (342,237) size 5x18
          text run at (342,237) width 5: " "
        RenderBR {BR} at (346,251) size 1x0
        RenderBR {BR} at (0,258) size 0x18
        RenderButton {INPUT} at (2,278) size 130x18 [bgcolor=#C0C0C0]
          RenderBlock (anonymous) at (8,2) size 114x13
            RenderText at (0,0) size 114x13
              text run at (0,0) width 114: "display: table-column"
        RenderText {#text} at (133,277) size 5x18
          text run at (133,277) width 5: " "
        RenderButton {INPUT} at (139,278) size 131x18 [bgcolor=#C0C0C0]
          RenderBlock (anonymous) at (8,2) size 114x13
            RenderText at (0,0) size 114x13
              text run at (0,0) width 114: "display: table-column"
        RenderText {#text} at (271,277) size 5x18
          text run at (271,277) width 5: " "
        RenderBR {BR} at (275,291) size 1x0
        RenderBR {BR} at (0,298) size 0x18
        RenderButton {INPUT} at (2,318) size 110x18 [bgcolor=#C0C0C0]
          RenderBlock (anonymous) at (8,2) size 94x13
            RenderText at (0,0) size 94x13
              text run at (0,0) width 94: "display: table-cell"
        RenderText {#text} at (113,317) size 5x18
          text run at (113,317) width 5: " "
        RenderButton {INPUT} at (119,318) size 110x18 [bgcolor=#C0C0C0]
          RenderBlock (anonymous) at (8,2) size 94x13
            RenderText at (0,0) size 94x13
              text run at (0,0) width 94: "display: table-cell"
        RenderText {#text} at (230,317) size 5x18
          text run at (230,317) width 5: " "
        RenderBR {BR} at (234,331) size 1x0
        RenderBR {BR} at (0,338) size 0x18
        RenderButton {INPUT} at (2,358) size 131x18 [bgcolor=#C0C0C0]
          RenderBlock (anonymous) at (8,2) size 115x13
            RenderText at (0,0) size 115x13
              text run at (0,0) width 115: "display: table-caption"
        RenderText {#text} at (134,357) size 5x18
          text run at (134,357) width 5: " "
        RenderButton {INPUT} at (140,358) size 132x18 [bgcolor=#C0C0C0]
          RenderBlock (anonymous) at (8,2) size 115x13
            RenderText at (0,0) size 115x13
              text run at (0,0) width 115: "display: table-caption"
        RenderText {#text} at (0,0) size 0x0
