layer at (0,0) size 800x600
  RenderView at (0,0) size 800x600
layer at (0,0) size 800x600
  RenderBlock {HTML} at (0,0) size 800x600
    RenderBody {BODY} at (8,8) size 784x584
layer at (10,10) size 170x15
  RenderButton {BUTTON} at (10,10) size 170x15 [bgcolor=#C0C0C0] [border: none (2px outset #C0C0C0) none (2px outset #C0C0C0)]
    RenderBlock (anonymous) at (8,2) size 154x13
      RenderText {#text} at (8,0) size 138x13
        text run at (8,0) width 138: "This button is positioned."
layer at (10,10) size 191x18
  RenderButton {INPUT} at (10,10) size 191x18 [bgcolor=#C0C0C0]
    RenderBlock (anonymous) at (8,2) size 175x13
      RenderText at (8,0) size 159x13
        text run at (8,0) width 159: "This button is also positioned"
