layer at (0,0) size 785x636
  RenderView at (0,0) size 785x600
layer at (0,0) size 785x636
  RenderBlock {HTML} at (0,0) size 785x636
    RenderBody {BODY} at (8,8) size 769x620
      RenderBlock {H1} at (0,0) size 769x37
        RenderText {#text} at (0,0) size 422x37
          text run at (0,0) width 422: "Form Element Geometry Tests"
      RenderBlock {P} at (0,58) size 769x19
        RenderText {#text} at (0,0) size 540x18
          text run at (0,0) width 540: "These tests help us tune the widget classes in KWQ to have all the right fudge factors."
      RenderBlock {H2} at (0,96) size 769x29
        RenderText {#text} at (0,0) size 165x28
          text run at (0,0) width 165: "Bounding Boxes"
      RenderTable {TABLE} at (0,144) size 170x29
        RenderTableSection {TBODY} at (0,0) size 170x28
          RenderTableRow {TR} at (0,2) size 170x24
            RenderTableCell {TD} at (2,2) size 57x24 [r=0 c=0 rs=1 cs=1]
              RenderBlock {DIV} at (1,1) size 55x22 [border: (2px solid #0000FF)]
                RenderInline {FONT} at (0,0) size 51x28
                  RenderButton {INPUT} at (2,2) size 51x18 [bgcolor=#C0C0C0]
                    RenderBlock (anonymous) at (8,2) size 35x13
                      RenderText at (0,0) size 35x13
                        text run at (0,0) width 35: "button"
            RenderTableCell {TD} at (61,2) size 67x24 [r=0 c=1 rs=1 cs=1]
              RenderBlock {DIV} at (1,1) size 65x22 [border: (2px solid #0000FF)]
                RenderInline {FONT} at (0,0) size 61x28
                  RenderMenuList {SELECT} at (2,2) size 61x18 [bgcolor=#FFFFFF]
                    RenderBlock (anonymous) at (0,0) size 61x18
                      RenderText at (8,2) size 30x13
                        text run at (8,2) width 30: "menu"
            RenderTableCell {TD} at (130,5) size 18x18 [r=0 c=2 rs=1 cs=1]
              RenderBlock {DIV} at (1,1) size 16x16 [border: (2px solid #0000FF)]
                RenderInline {FONT} at (0,0) size 12x28
                  RenderBlock {INPUT} at (2,2) size 12x12
            RenderTableCell {TD} at (150,5) size 18x18 [r=0 c=3 rs=1 cs=1]
              RenderBlock {DIV} at (1,1) size 16x16 [border: (2px solid #0000FF)]
                RenderInline {FONT} at (0,0) size 12x28
                  RenderBlock {INPUT} at (2,2) size 12x12
      RenderTable {TABLE} at (0,172) size 170x29
        RenderTableSection {TBODY} at (0,0) size 170x28
          RenderTableRow {TR} at (0,2) size 170x24
            RenderTableCell {TD} at (2,2) size 57x24 [r=0 c=0 rs=1 cs=1]
              RenderBlock {DIV} at (1,1) size 55x22 [border: (2px solid #0000FF)]
                RenderButton {INPUT} at (2,2) size 51x18 [bgcolor=#C0C0C0]
                  RenderBlock (anonymous) at (8,2) size 35x13
                    RenderText at (0,0) size 35x13
                      text run at (0,0) width 35: "button"
            RenderTableCell {TD} at (61,2) size 67x24 [r=0 c=1 rs=1 cs=1]
              RenderBlock {DIV} at (1,1) size 65x22 [border: (2px solid #0000FF)]
                RenderMenuList {SELECT} at (2,2) size 61x18 [bgcolor=#FFFFFF]
                  RenderBlock (anonymous) at (0,0) size 61x18
                    RenderText at (8,2) size 30x13
                      text run at (8,2) width 30: "menu"
            RenderTableCell {TD} at (130,5) size 18x18 [r=0 c=2 rs=1 cs=1]
              RenderBlock {DIV} at (1,1) size 16x16 [border: (2px solid #0000FF)]
                RenderBlock {INPUT} at (2,2) size 12x12
            RenderTableCell {TD} at (150,5) size 18x18 [r=0 c=3 rs=1 cs=1]
              RenderBlock {DIV} at (1,1) size 16x16 [border: (2px solid #0000FF)]
                RenderBlock {INPUT} at (2,2) size 12x12
      RenderTable {TABLE} at (0,200) size 170x29
        RenderTableSection {TBODY} at (0,0) size 170x28
          RenderTableRow {TR} at (0,2) size 170x24
            RenderTableCell {TD} at (2,2) size 57x24 [r=0 c=0 rs=1 cs=1]
              RenderBlock {DIV} at (1,1) size 55x22 [border: (2px solid #0000FF)]
                RenderInline {FONT} at (0,0) size 51x13
                  RenderButton {INPUT} at (2,2) size 51x18 [bgcolor=#C0C0C0]
                    RenderBlock (anonymous) at (8,2) size 35x13
                      RenderText at (0,0) size 35x13
                        text run at (0,0) width 35: "button"
            RenderTableCell {TD} at (61,2) size 67x24 [r=0 c=1 rs=1 cs=1]
              RenderBlock {DIV} at (1,1) size 65x22 [border: (2px solid #0000FF)]
                RenderInline {FONT} at (0,0) size 61x13
                  RenderMenuList {SELECT} at (2,2) size 61x18 [bgcolor=#FFFFFF]
                    RenderBlock (anonymous) at (0,0) size 61x18
                      RenderText at (8,2) size 30x13
                        text run at (8,2) width 30: "menu"
            RenderTableCell {TD} at (130,5) size 18x18 [r=0 c=2 rs=1 cs=1]
              RenderBlock {DIV} at (1,1) size 16x16 [border: (2px solid #0000FF)]
                RenderInline {FONT} at (0,0) size 12x13
                  RenderBlock {INPUT} at (2,2) size 12x12
            RenderTableCell {TD} at (150,5) size 18x18 [r=0 c=3 rs=1 cs=1]
              RenderBlock {DIV} at (1,1) size 16x16 [border: (2px solid #0000FF)]
                RenderInline {FONT} at (0,0) size 12x13
                  RenderBlock {INPUT} at (2,2) size 12x12
      RenderTable {TABLE} at (0,228) size 517x68
        RenderTableSection {TBODY} at (0,0) size 517x67
          RenderTableRow {TR} at (0,2) size 517x63
            RenderTableCell {TD} at (2,2) size 78x25 [r=0 c=0 rs=1 cs=1]
              RenderBlock {DIV} at (1,1) size 76x23 [border: (2px solid #0000FF)]
                RenderTextControl {INPUT} at (2,2) size 72x19 [bgcolor=#FFFFFF] [border: (2px inset #000000)]
            RenderTableCell {TD} at (82,2) size 39x63 [r=0 c=1 rs=1 cs=1]
              RenderBlock {DIV} at (1,1) size 37x61 [border: (2px solid #0000FF)]
                RenderListBox {SELECT} at (2,2) size 33x57 [bgcolor=#FFFFFF] [border: (1px inset #808080)]
            RenderTableCell {TD} at (123,2) size 228x24 [r=0 c=2 rs=1 cs=1]
              RenderBlock {DIV} at (1,1) size 226x22 [border: (2px solid #0000FF)]
                RenderFileUploadControl {INPUT} at (2,2) size 222x18 "no file selected"
                  RenderButton {INPUT} at (0,0) size 79x18 [bgcolor=#C0C0C0]
                    RenderBlock (anonymous) at (8,2) size 63x13
                      RenderText at (0,0) size 63x13
                        text run at (0,0) width 63: "Choose File"
            RenderTableCell {TD} at (353,2) size 162x42 [r=0 c=3 rs=1 cs=1]
              RenderBlock {DIV} at (1,1) size 160x40 [border: (2px solid #0000FF)]
      RenderBlock {H2} at (0,315) size 769x29
        RenderText {#text} at (0,0) size 200x28
          text run at (0,0) width 200: "Baseline Alignment"
      RenderBlock {DIV} at (0,363) size 769x30
        RenderInline {FONT} at (0,0) size 213x28
          RenderText {#text} at (0,0) size 43x28
            text run at (0,0) width 43: "text "
          RenderButton {INPUT} at (45,9) size 51x18 [bgcolor=#C0C0C0]
            RenderBlock (anonymous) at (8,2) size 35x13
              RenderText at (0,0) size 35x13
                text run at (0,0) width 35: "button"
          RenderText {#text} at (97,0) size 7x28
            text run at (97,0) width 7: " "
          RenderMenuList {SELECT} at (105,9) size 62x18 [bgcolor=#FFFFFF]
            RenderBlock (anonymous) at (0,0) size 61x18
              RenderText at (8,2) size 30x13
                text run at (8,2) width 30: "menu"
          RenderText {#text} at (168,0) size 7x28
            text run at (168,0) width 7: " "
          RenderBlock {INPUT} at (176,12) size 13x12
          RenderText {#text} at (190,0) size 7x28
            text run at (190,0) width 7: " "
          RenderBlock {INPUT} at (198,12) size 13x12
          RenderText {#text} at (0,0) size 0x0
      RenderBlock {DIV} at (0,392) size 769x23
        RenderText {#text} at (0,1) size 27x18
          text run at (0,1) width 27: "text "
        RenderButton {INPUT} at (29,2) size 51x18 [bgcolor=#C0C0C0]
          RenderBlock (anonymous) at (8,2) size 35x13
            RenderText at (0,0) size 35x13
              text run at (0,0) width 35: "button"
        RenderText {#text} at (81,1) size 5x18
          text run at (81,1) width 5: " "
        RenderMenuList {SELECT} at (87,2) size 62x18 [bgcolor=#FFFFFF]
          RenderBlock (anonymous) at (0,0) size 61x18
            RenderText at (8,2) size 30x13
              text run at (8,2) width 30: "menu"
        RenderText {#text} at (150,1) size 5x18
          text run at (150,1) width 5: " "
        RenderBlock {INPUT} at (156,5) size 13x12
        RenderText {#text} at (170,1) size 5x18
          text run at (170,1) width 5: " "
        RenderBlock {INPUT} at (176,5) size 13x12
        RenderText {#text} at (0,0) size 0x0
      RenderBlock {DIV} at (0,414) size 769x23
        RenderInline {FONT} at (0,0) size 179x13
          RenderText {#text} at (0,5) size 18x13
            text run at (0,5) width 18: "text "
          RenderButton {INPUT} at (20,2) size 51x18 [bgcolor=#C0C0C0]
            RenderBlock (anonymous) at (8,2) size 35x13
              RenderText at (0,0) size 35x13
                text run at (0,0) width 35: "button"
          RenderText {#text} at (72,5) size 4x13
            text run at (72,5) width 4: " "
          RenderMenuList {SELECT} at (77,2) size 62x18 [bgcolor=#FFFFFF]
            RenderBlock (anonymous) at (0,0) size 61x18
              RenderText at (8,2) size 30x13
                text run at (8,2) width 30: "menu"
          RenderText {#text} at (140,5) size 4x13
            text run at (140,5) width 4: " "
          RenderBlock {INPUT} at (145,5) size 13x12
          RenderText {#text} at (159,5) size 4x13
            text run at (159,5) width 4: " "
          RenderBlock {INPUT} at (164,5) size 13x12
          RenderText {#text} at (0,0) size 0x0
      RenderBlock {DIV} at (0,436) size 769x44
        RenderText {#text} at (0,22) size 27x18
          text run at (0,22) width 27: "text "
        RenderTextControl {INPUT} at (29,22) size 72x19 [bgcolor=#FFFFFF] [border: (2px inset #000000)]
        RenderText {#text} at (102,22) size 5x18
          text run at (102,22) width 5: " "
        RenderFileUploadControl {INPUT} at (108,23) size 223x18 "no file selected"
          RenderButton {INPUT} at (0,0) size 79x18 [bgcolor=#C0C0C0]
            RenderBlock (anonymous) at (8,2) size 63x13
              RenderText at (0,0) size 63x13
                text run at (0,0) width 63: "Choose File"
        RenderText {#text} at (332,22) size 5x18
          text run at (332,22) width 5: " "
        RenderText {#text} at (0,0) size 0x0
      RenderBlock {H2} at (0,498) size 769x29
        RenderText {#text} at (0,0) size 197x28
          text run at (0,0) width 197: "Pop-up Menu Sizes"
      RenderBlock {DIV} at (0,546) size 769x30
        RenderInline {FONT} at (0,0) size 176x28
          RenderText {#text} at (0,0) size 0x0
          RenderMenuList {SELECT} at (2,9) size 36x18 [bgcolor=#FFFFFF]
            RenderBlock (anonymous) at (0,0) size 36x18
              RenderText at (8,2) size 0x13
                text run at (8,2) width 0: " "
          RenderText {#text} at (40,0) size 6x28
            text run at (40,0) width 6: " "
          RenderMenuList {SELECT} at (48,9) size 36x18 [bgcolor=#FFFFFF]
            RenderBlock (anonymous) at (0,0) size 36x18
              RenderText at (8,2) size 3x13
                text run at (8,2) width 3: "|"
          RenderText {#text} at (86,0) size 6x28
            text run at (86,0) width 6: " "
          RenderMenuList {SELECT} at (94,9) size 80x18 [bgcolor=#FFFFFF]
            RenderBlock (anonymous) at (0,0) size 80x18
              RenderText at (8,2) size 49x13
                text run at (8,2) width 49: "xxxxxxxx"
          RenderText {#text} at (0,0) size 0x0
      RenderBlock {DIV} at (0,575) size 769x23
        RenderMenuList {SELECT} at (2,2) size 36x18 [bgcolor=#FFFFFF]
          RenderBlock (anonymous) at (0,0) size 36x18
            RenderText at (8,2) size 0x13
              text run at (8,2) width 0: " "
        RenderText {#text} at (40,1) size 4x18
          text run at (40,1) width 4: " "
        RenderMenuList {SELECT} at (46,2) size 36x18 [bgcolor=#FFFFFF]
          RenderBlock (anonymous) at (0,0) size 36x18
            RenderText at (8,2) size 3x13
              text run at (8,2) width 3: "|"
        RenderText {#text} at (84,1) size 4x18
          text run at (84,1) width 4: " "
        RenderMenuList {SELECT} at (90,2) size 80x18 [bgcolor=#FFFFFF]
          RenderBlock (anonymous) at (0,0) size 80x18
            RenderText at (8,2) size 49x13
              text run at (8,2) width 49: "xxxxxxxx"
        RenderText {#text} at (0,0) size 0x0
      RenderBlock {DIV} at (0,597) size 769x23
        RenderInline {FONT} at (0,0) size 170x13
          RenderText {#text} at (0,0) size 0x0
          RenderMenuList {SELECT} at (2,2) size 36x18 [bgcolor=#FFFFFF]
            RenderBlock (anonymous) at (0,0) size 36x18
              RenderText at (8,2) size 0x13
                text run at (8,2) width 0: " "
          RenderText {#text} at (40,5) size 3x13
            text run at (40,5) width 3: " "
          RenderMenuList {SELECT} at (45,2) size 36x18 [bgcolor=#FFFFFF]
            RenderBlock (anonymous) at (0,0) size 36x18
              RenderText at (8,2) size 3x13
                text run at (8,2) width 3: "|"
          RenderText {#text} at (83,5) size 3x13
            text run at (83,5) width 3: " "
          RenderMenuList {SELECT} at (88,2) size 80x18 [bgcolor=#FFFFFF]
            RenderBlock (anonymous) at (0,0) size 80x18
              RenderText at (8,2) size 49x13
                text run at (8,2) width 49: "xxxxxxxx"
          RenderText {#text} at (0,0) size 0x0
layer at (16,244) size 65x13
  RenderBlock {DIV} at (3,3) size 66x13
    RenderText {#text} at (0,0) size 46x13
      text run at (0,0) width 46: "text field"
layer at (366,243) size 152x32 clip at (367,244) size 150x30
  RenderTextControl {TEXTAREA} at (4,4) size 152x32 [bgcolor=#FFFFFF] [border: (1px solid #000000)]
    RenderBlock {DIV} at (3,3) size 146x13
      RenderText {#text} at (0,0) size 43x13
        text run at (0,0) width 43: "textarea"
layer at (40,469) size 65x13
  RenderBlock {DIV} at (3,3) size 66x13
    RenderText {#text} at (0,0) size 46x13
      text run at (0,0) width 46: "text field"
layer at (346,446) size 152x32 clip at (347,447) size 150x30
  RenderTextControl {TEXTAREA} at (338,2) size 153x32 [bgcolor=#FFFFFF] [border: (1px solid #000000)]
    RenderBlock {DIV} at (3,3) size 146x13
      RenderText {#text} at (0,0) size 43x13
        text run at (0,0) width 43: "textarea"
