layer at (0,0) size 800x600
  RenderView at (0,0) size 800x600
layer at (0,0) size 800x600
  RenderBlock {HTML} at (0,0) size 800x600
    RenderBody {BODY} at (8,8) size 784x584
layer at (10,10) size 174x29
  RenderButton {BUTTON} at (10,10) size 174x29 [bgcolor=#C0C0C0]
    RenderBlock (anonymous) at (6,6) size 162x19
      RenderText {#text} at (6,0) size 150x19
        text run at (6,0) width 150: "This button is positioned."
layer at (10,10) size 198x29
  RenderButton {INPUT} at (10,10) size 198x29 [bgcolor=#C0C0C0]
    RenderBlock (anonymous) at (6,6) size 186x19
      RenderText at (6,0) size 174x19
        text run at (6,0) width 174: "This button is also positioned"
