layer at (0,0) size 838x600
  RenderView at (0,0) size 800x600
layer at (0,0) size 800x581
  RenderBlock {html} at (0,0) size 800x581
    RenderBody {body} at (8,16) size 784x549
      RenderBlock {p} at (0,0) size 784x20
        RenderText {#text} at (0,0) size 181x19
          text run at (0,0) width 181: "square root (should be red): "
        RenderMathMLMath {math} at (181,1) size 22x15 [padding: 0 1 0 1]
          RenderMathMLSquareRoot {msqrt} at (1,0) size 20x15 [color=#FF0000] [intrinsic padding: 3 0 0 12]
            RenderMathMLRow (anonymous) at (12,3) size 8x12
              RenderBlock {mn} at (0,0) size 8x12
                RenderText {#text} at (0,-4) size 8x19
                  text run at (0,-4) width 8: "2"
      RenderBlock {p} at (0,36) size 784x20
        RenderText {#text} at (0,0) size 113x19
          text run at (0,0) width 113: "long square root: "
        RenderMathMLMath {math} at (112,1) size 47x15 [padding: 0 1 0 1]
          RenderMathMLSquareRoot {msqrt} at (1,0) size 45x15 [intrinsic padding: 3 0 0 12]
            RenderMathMLRow (anonymous) at (12,3) size 33x12
              RenderMathMLRow {mrow} at (0,0) size 33x12
                RenderBlock {mi} at (0,3) size 9x9
                  RenderText {#text} at (0,-7) size 8x19
                    text run at (0,-7) width 8: "x"
                RenderMathMLOperator {mo} at (12,1) size 10x11
                  RenderMathMLBlock (flex) {mo} at (0,0) size 10x11
                    RenderBlock (anonymous) at (0,0) size 10x11
                      RenderText {mo} at (0,-8) size 10x23
                        text run at (0,-8) width 10: "+"
                RenderBlock {mn} at (25,0) size 8x12
                  RenderText {#text} at (0,-4) size 8x19
                    text run at (0,-4) width 8: "1"
      RenderBlock {p} at (0,72) size 784x23
        RenderText {#text} at (0,3) size 227x19
          text run at (0,3) width 227: "long square root with implied row: "
        RenderMathMLMath {math} at (227,0) size 53x19 [padding: 0 1 0 1]
          RenderMathMLSquareRoot {msqrt} at (1,0) size 51x19 [intrinsic padding: 3 0 0 12]
            RenderMathMLRow (anonymous) at (12,3) size 39x16
              RenderMathMLSubSup {msup} at (0,0) size 15x16
                RenderMathMLBlock (anonymous, flex) at (0,0) size 9x16 [padding: 7 0 0 0]
                  RenderBlock {mi} at (0,7) size 9x9
                    RenderText {#text} at (0,-7) size 8x19
                      text run at (0,-7) width 8: "x"
                RenderMathMLBlock (anonymous, flex) at (9,0) size 6x16
                  RenderBlock {mn} at (0,0) size 6x10
                    RenderText {#text} at (0,-2) size 6x14
                      text run at (0,-2) width 6: "2"
              RenderMathMLOperator {mo} at (18,5) size 10x11
                RenderMathMLBlock (flex) {mo} at (0,0) size 10x11
                  RenderBlock (anonymous) at (0,0) size 10x11
                    RenderText {mo} at (0,-8) size 10x23
                      text run at (0,-8) width 10: "+"
              RenderBlock {mn} at (31,4) size 8x12
                RenderText {#text} at (0,-4) size 8x19
                  text run at (0,-4) width 8: "1"
      RenderBlock {p} at (0,111) size 784x37
        RenderText {#text} at (0,7) size 117x19
          text run at (0,7) width 117: "root of a fraction: "
        RenderMathMLMath {math} at (116,0) size 49x37 [padding: 0 1 0 1]
          RenderMathMLSquareRoot {msqrt} at (1,0) size 47x37 [intrinsic padding: 3 0 3 12]
            RenderMathMLRow (anonymous) at (12,3) size 35x31
              RenderMathMLFraction {mfrac} at (1,0) size 33x31
                RenderMathMLBlock (anonymous, flex) at (0,0) size 33x15
                  RenderMathMLRow {mrow} at (0,0) size 33x12
                    RenderBlock {mi} at (0,3) size 9x9
                      RenderText {#text} at (0,-7) size 8x19
                        text run at (0,-7) width 8: "x"
                    RenderMathMLOperator {mo} at (12,1) size 10x11
                      RenderMathMLBlock (flex) {mo} at (0,0) size 10x11
                        RenderBlock (anonymous) at (0,0) size 10x11
                          RenderText {mo} at (0,-8) size 10x23
                            text run at (0,-8) width 10: "+"
                    RenderBlock {mn} at (25,0) size 8x12
                      RenderText {#text} at (0,-4) size 8x19
                        text run at (0,-4) width 8: "1"
                RenderMathMLBlock (anonymous, flex) at (0,15) size 33x16 [padding: 1 0 0 0]
                  RenderMathMLRow {mrow} at (0,4) size 33x12
                    RenderBlock {mi} at (0,3) size 9x9
                      RenderText {#text} at (0,-7) size 8x19
                        text run at (0,-7) width 8: "x"
                    RenderMathMLOperator {mo} at (12,1) size 10x11
                      RenderMathMLBlock (flex) {mo} at (0,0) size 10x11
                        RenderBlock (anonymous) at (0,0) size 10x11
                          RenderText {mo} at (0,-8) size 10x23
                            text run at (0,-8) width 10: "+"
                    RenderBlock {mn} at (25,0) size 8x12
                      RenderText {#text} at (0,-4) size 8x19
                        text run at (0,-4) width 8: "2"
      RenderBlock {p} at (0,164) size 784x23
        RenderText {#text} at (0,3) size 177x19
          text run at (0,3) width 177: "cube root (should be blue): "
        RenderMathMLMath {math} at (176,0) size 22x19 [color=#0000FF] [padding: 0 1 0 1]
      RenderBlock {p} at (0,203) size 784x24
        RenderText {#text} at (0,4) size 77x19
          text run at (0,4) width 77: "long index: "
        RenderMathMLMath {math} at (76,0) size 60x20 [padding: 0 1 0 1]
      RenderBlock {p} at (0,243) size 784x37
        RenderText {#text} at (0,7) size 188x19
          text run at (0,7) width 188: "long index w/ complex base: "
        RenderMathMLMath {math} at (188,0) size 88x37 [padding: 0 1 0 1]
      RenderBlock {p} at (0,296) size 784x46
        RenderText {#text} at (0,26) size 77x19
          text run at (0,26) width 77: "high index: "
        RenderMathMLMath {math} at (76,0) size 25x42 [padding: 0 1 0 1]
      RenderBlock {p} at (0,358) size 784x45
        RenderText {#text} at (0,20) size 160x19
          text run at (0,20) width 160: "Imbricated square roots: "
        RenderMathMLMath {math} at (160,0) size 277x45 [padding: 0 1 0 1]
          RenderMathMLSquareRoot {msqrt} at (1,0) size 275x45 [intrinsic padding: 3 0 3 12]
            RenderMathMLRow (anonymous) at (12,3) size 263x39
              RenderBlock {mn} at (0,21) size 8x12
                RenderText {#text} at (0,-4) size 8x19
                  text run at (0,-4) width 8: "1"
              RenderMathMLOperator {mo} at (11,22) size 10x11
                RenderMathMLBlock (flex) {mo} at (0,0) size 10x11
                  RenderBlock (anonymous) at (0,0) size 10x11
                    RenderText {mo} at (0,-8) size 10x23
                      text run at (0,-8) width 10: "+"
              RenderMathMLSquareRoot {msqrt} at (24,0) size 239x39 [intrinsic padding: 3 0 3 12]
                RenderMathMLRow (anonymous) at (12,3) size 227x33
                  RenderMathMLRow {mrow} at (0,0) size 227x33
                    RenderBlock {mn} at (0,18) size 8x12
                      RenderText {#text} at (0,-4) size 8x19
                        text run at (0,-4) width 8: "2"
                    RenderMathMLOperator {mo} at (11,19) size 10x11
                      RenderMathMLBlock (flex) {mo} at (0,0) size 10x11
                        RenderBlock (anonymous) at (0,0) size 10x11
                          RenderText {mo} at (0,-8) size 10x23
                            text run at (0,-8) width 10: "+"
                    RenderMathMLSquareRoot {msqrt} at (24,0) size 203x33 [intrinsic padding: 3 0 3 12]
                      RenderMathMLRow (anonymous) at (12,3) size 191x27
                        RenderMathMLRow {mrow} at (0,0) size 191x27
                          RenderBlock {mn} at (0,15) size 8x12
                            RenderText {#text} at (0,-4) size 8x19
                              text run at (0,-4) width 8: "3"
                          RenderMathMLOperator {mo} at (11,16) size 10x11
                            RenderMathMLBlock (flex) {mo} at (0,0) size 10x11
                              RenderBlock (anonymous) at (0,0) size 10x11
                                RenderText {mo} at (0,-8) size 10x23
                                  text run at (0,-8) width 10: "+"
                          RenderMathMLSquareRoot {msqrt} at (24,0) size 167x27 [intrinsic padding: 3 0 0 12]
                            RenderMathMLRow (anonymous) at (12,3) size 155x24
                              RenderMathMLRow {mrow} at (0,0) size 155x24
                                RenderBlock {mn} at (0,12) size 8x12
                                  RenderText {#text} at (0,-4) size 8x19
                                    text run at (0,-4) width 8: "4"
                                RenderMathMLOperator {mo} at (11,13) size 10x11
                                  RenderMathMLBlock (flex) {mo} at (0,0) size 10x11
                                    RenderBlock (anonymous) at (0,0) size 10x11
                                      RenderText {mo} at (0,-8) size 10x23
                                        text run at (0,-8) width 10: "+"
                                RenderMathMLSquareRoot {msqrt} at (24,0) size 131x24 [intrinsic padding: 3 0 0 12]
                                  RenderMathMLRow (anonymous) at (12,3) size 119x21
                                    RenderMathMLRow {mrow} at (0,0) size 119x21
                                      RenderBlock {mn} at (0,9) size 8x12
                                        RenderText {#text} at (0,-4) size 8x19
                                          text run at (0,-4) width 8: "5"
                                      RenderMathMLOperator {mo} at (11,10) size 10x11
                                        RenderMathMLBlock (flex) {mo} at (0,0) size 10x11
                                          RenderBlock (anonymous) at (0,0) size 10x11
                                            RenderText {mo} at (0,-8) size 10x23
                                              text run at (0,-8) width 10: "+"
                                      RenderMathMLSquareRoot {msqrt} at (24,0) size 95x21 [intrinsic padding: 3 0 0 12]
                                        RenderMathMLRow (anonymous) at (12,3) size 83x18
                                          RenderMathMLRow {mrow} at (0,0) size 83x18
                                            RenderBlock {mn} at (0,6) size 8x12
                                              RenderText {#text} at (0,-4) size 8x19
                                                text run at (0,-4) width 8: "6"
                                            RenderMathMLOperator {mo} at (11,7) size 10x11
                                              RenderMathMLBlock (flex) {mo} at (0,0) size 10x11
                                                RenderBlock (anonymous) at (0,0) size 10x11
                                                  RenderText {mo} at (0,-8) size 10x23
                                                    text run at (0,-8) width 10: "+"
                                            RenderMathMLSquareRoot {msqrt} at (24,0) size 59x18 [intrinsic padding: 3 0 0 12]
                                              RenderMathMLRow (anonymous) at (12,3) size 47x15
                                                RenderMathMLRow {mrow} at (0,0) size 47x15
                                                  RenderBlock {mn} at (0,3) size 8x12
                                                    RenderText {#text} at (0,-4) size 8x19
                                                      text run at (0,-4) width 8: "7"
                                                  RenderMathMLOperator {mo} at (11,4) size 10x11
                                                    RenderMathMLBlock (flex) {mo} at (0,0) size 10x11
                                                      RenderBlock (anonymous) at (0,0) size 10x11
                                                        RenderText {mo} at (0,-8) size 10x23
                                                          text run at (0,-8) width 10: "+"
                                                  RenderMathMLSquareRoot {msqrt} at (24,0) size 23x15 [intrinsic padding: 3 0 0 12]
                                                    RenderMathMLRow (anonymous) at (12,3) size 11x12
                                                      RenderBlock {mi} at (0,0) size 11x12
                                                        RenderText {#text} at (0,-4) size 10x19
                                                          text run at (0,-4) width 10: "A"
        RenderText {#text} at (0,0) size 0x0
      RenderBlock {p} at (0,419) size 784x74
        RenderText {#text} at (0,37) size 114x19
          text run at (0,37) width 114: "Imbricated roots: "
        RenderMathMLMath {math} at (114,0) size 331x74 [padding: 0 1 0 1]
        RenderText {#text} at (0,0) size 0x0
      RenderBlock {p} at (0,509) size 784x40
        RenderText {#text} at (0,0) size 313x19
          text run at (0,0) width 313: "Don't wrap this wide line with an implicit mrow:"
        RenderBR {br} at (312,0) size 1x19
        RenderMathMLMath {math} at (0,24) size 830x15 [padding: 0 1 0 1]
          RenderMathMLSquareRoot {msqrt} at (1,0) size 828x15 [intrinsic padding: 3 0 0 12]
            RenderMathMLRow (anonymous) at (12,3) size 816x12
              RenderBlock {mi} at (0,0) size 408x9
                RenderText {#text} at (0,-7) size 8x19
                  text run at (0,-7) width 8: "x"
              RenderBlock {mi} at (408,0) size 408x12
                RenderText {#text} at (0,-7) size 8x19
                  text run at (0,-7) width 8: "y"
        RenderText {#text} at (0,0) size 0x0
layer at (185,180) size 20x19
  RenderMathMLRoot {mroot} at (1,0) size 20x19 [intrinsic padding: 7 0 0 12]
    RenderMathMLRow (anonymous) at (12,7) size 8x12
      RenderBlock {mn} at (0,0) size 8x12
        RenderText {#text} at (0,-4) size 8x19
          text run at (0,-4) width 8: "2"
layer at (185,180) size 12x14
  RenderBlock (positioned) {mn} at (0,0) size 12x14
    RenderText {#text} at (2,-2) size 6x14
      text run at (2,-2) width 6: "3"
layer at (85,219) size 58x20
  RenderMathMLRoot {mroot} at (1,0) size 58x20 [intrinsic padding: 8 0 0 50]
    RenderMathMLRow (anonymous) at (50,8) size 8x12
      RenderBlock {mn} at (0,0) size 8x12
        RenderText {#text} at (0,-4) size 8x19
          text run at (0,-4) width 8: "2"
layer at (85,219) size 50x15
  RenderMathMLRow {mrow} at (0,0) size 50x15 [padding: 0 4 4 2]
    RenderBlock {mi} at (2,2) size 7x7
      RenderText {#text} at (0,-5) size 6x14
        text run at (0,-5) width 6: "x"
    RenderMathMLOperator {mo} at (11,0) size 8x9
      RenderMathMLBlock (flex) {mo} at (0,0) size 8x9
        RenderBlock (anonymous) at (0,0) size 8x9
          RenderText {mo} at (0,-5) size 8x17
            text run at (0,-5) width 8: "+"
    RenderBlock {mi} at (21,2) size 7x9
      RenderText {#text} at (0,-5) size 6x14
        text run at (0,-5) width 6: "y"
    RenderMathMLOperator {mo} at (30,0) size 8x9
      RenderMathMLBlock (flex) {mo} at (0,0) size 8x9
        RenderBlock (anonymous) at (0,0) size 8x9
          RenderText {mo} at (0,-5) size 8x17
            text run at (0,-5) width 8: "+"
    RenderBlock {mi} at (40,2) size 6x7
      RenderText {#text} at (0,-5) size 5x14
        text run at (0,-5) width 5: "z"
layer at (197,259) size 86x37
  RenderMathMLRoot {mroot} at (1,0) size 86x37 [intrinsic padding: 3 0 3 51]
    RenderMathMLRow (anonymous) at (51,3) size 35x31
      RenderMathMLFraction {mfrac} at (1,0) size 33x31
        RenderMathMLBlock (anonymous, flex) at (0,0) size 33x15
          RenderMathMLRow {mrow} at (0,0) size 33x12
            RenderBlock {mi} at (0,3) size 9x9
              RenderText {#text} at (0,-7) size 8x19
                text run at (0,-7) width 8: "x"
            RenderMathMLOperator {mo} at (12,1) size 10x11
              RenderMathMLBlock (flex) {mo} at (0,0) size 10x11
                RenderBlock (anonymous) at (0,0) size 10x11
                  RenderText {mo} at (0,-8) size 10x23
                    text run at (0,-8) width 10: "+"
            RenderBlock {mn} at (25,0) size 8x12
              RenderText {#text} at (0,-4) size 8x19
                text run at (0,-4) width 8: "1"
        RenderMathMLBlock (anonymous, flex) at (0,15) size 33x16 [padding: 1 0 0 0]
          RenderMathMLRow {mrow} at (0,4) size 33x12
            RenderBlock {mi} at (0,3) size 9x9
              RenderText {#text} at (0,-7) size 8x19
                text run at (0,-7) width 8: "x"
            RenderMathMLOperator {mo} at (12,1) size 10x11
              RenderMathMLBlock (flex) {mo} at (0,0) size 10x11
                RenderBlock (anonymous) at (0,0) size 10x11
                  RenderText {mo} at (0,-8) size 10x23
                    text run at (0,-8) width 10: "+"
            RenderBlock {mn} at (25,0) size 8x12
              RenderText {#text} at (0,-4) size 8x19
                text run at (0,-4) width 8: "2"
layer at (197,266) size 50x15
  RenderMathMLRow {mrow} at (0,7) size 50x15 [padding: 0 4 4 2]
    RenderBlock {mi} at (2,2) size 7x7
      RenderText {#text} at (0,-5) size 6x14
        text run at (0,-5) width 6: "x"
    RenderMathMLOperator {mo} at (11,0) size 8x9
      RenderMathMLBlock (flex) {mo} at (0,0) size 8x9
        RenderBlock (anonymous) at (0,0) size 8x9
          RenderText {mo} at (0,-5) size 8x17
            text run at (0,-5) width 8: "+"
    RenderBlock {mi} at (21,2) size 7x9
      RenderText {#text} at (0,-5) size 6x14
        text run at (0,-5) width 6: "y"
    RenderMathMLOperator {mo} at (30,0) size 8x9
      RenderMathMLBlock (flex) {mo} at (0,0) size 8x9
        RenderBlock (anonymous) at (0,0) size 8x9
          RenderText {mo} at (0,-5) size 8x17
            text run at (0,-5) width 8: "+"
    RenderBlock {mi} at (40,2) size 6x7
      RenderText {#text} at (0,-5) size 5x14
        text run at (0,-5) width 5: "z"
layer at (85,312) size 23x42
  RenderMathMLRoot {mroot} at (1,0) size 23x42 [intrinsic padding: 30 0 0 15]
    RenderMathMLRow (anonymous) at (15,30) size 8x12
      RenderBlock {mn} at (0,0) size 8x12
        RenderText {#text} at (0,-4) size 8x19
          text run at (0,-4) width 8: "2"
layer at (86,312) size 15x37
  RenderMathMLFraction {mfrac} at (1,0) size 15x37 [padding: 0 4 4 2]
    RenderMathMLBlock (anonymous, flex) at (2,0) size 9x23
      RenderMathMLFraction {mfrac} at (1,0) size 7x21
        RenderMathMLBlock (anonymous, flex) at (0,0) size 7x9
          RenderBlock {mi} at (0,0) size 7x7
            RenderText {#text} at (0,-5) size 6x14
              text run at (0,-5) width 6: "x"
        RenderMathMLBlock (anonymous, flex) at (0,9) size 7x12 [padding: 1 0 0 0]
          RenderBlock {mi} at (0,3) size 7x9
            RenderText {#text} at (0,-5) size 6x14
              text run at (0,-5) width 6: "y"
    RenderMathMLBlock (anonymous, flex) at (2,23) size 9x10 [padding: 1 0 0 0]
      RenderBlock {mi} at (1,3) size 6x7
        RenderText {#text} at (0,-5) size 5x14
          text run at (0,-5) width 5: "z"
layer at (123,435) size 329x74
  RenderMathMLRoot {mroot} at (1,0) size 329x74 [intrinsic padding: 3 0 3 18]
    RenderMathMLRow (anonymous) at (18,3) size 311x68
      RenderMathMLRow {mrow} at (0,0) size 311x68
        RenderBlock {mn} at (0,38) size 8x12
          RenderText {#text} at (0,-4) size 8x19
            text run at (0,-4) width 8: "1"
        RenderMathMLOperator {mo} at (11,39) size 10x11
          RenderMathMLBlock (flex) {mo} at (0,0) size 10x11
            RenderBlock (anonymous) at (0,0) size 10x11
              RenderText {mo} at (0,-8) size 10x23
                text run at (0,-8) width 10: "+"
layer at (165,438) size 287x68
  RenderMathMLRoot {mroot} at (24,0) size 287x68 [intrinsic padding: 3 0 3 18]
    RenderMathMLRow (anonymous) at (18,3) size 269x62
      RenderMathMLRow {mrow} at (0,0) size 269x62
        RenderBlock {mn} at (0,35) size 8x12
          RenderText {#text} at (0,-4) size 8x19
            text run at (0,-4) width 8: "2"
        RenderMathMLOperator {mo} at (11,36) size 10x11
          RenderMathMLBlock (flex) {mo} at (0,0) size 10x11
            RenderBlock (anonymous) at (0,0) size 10x11
              RenderText {mo} at (0,-8) size 10x23
                text run at (0,-8) width 10: "+"
layer at (207,441) size 245x62
  RenderMathMLRoot {mroot} at (24,0) size 245x62 [intrinsic padding: 3 0 3 18]
    RenderMathMLRow (anonymous) at (18,3) size 227x56
      RenderMathMLRow {mrow} at (0,0) size 227x56
        RenderBlock {mn} at (0,32) size 8x12
          RenderText {#text} at (0,-4) size 8x19
            text run at (0,-4) width 8: "3"
        RenderMathMLOperator {mo} at (11,33) size 10x11
          RenderMathMLBlock (flex) {mo} at (0,0) size 10x11
            RenderBlock (anonymous) at (0,0) size 10x11
              RenderText {mo} at (0,-8) size 10x23
                text run at (0,-8) width 10: "+"
layer at (249,444) size 203x56
  RenderMathMLRoot {mroot} at (24,0) size 203x56 [intrinsic padding: 3 0 3 18]
    RenderMathMLRow (anonymous) at (18,3) size 185x50
      RenderMathMLRow {mrow} at (0,0) size 185x50
        RenderBlock {mn} at (0,29) size 8x12
          RenderText {#text} at (0,-4) size 8x19
            text run at (0,-4) width 8: "4"
        RenderMathMLOperator {mo} at (11,30) size 10x11
          RenderMathMLBlock (flex) {mo} at (0,0) size 10x11
            RenderBlock (anonymous) at (0,0) size 10x11
              RenderText {mo} at (0,-8) size 10x23
                text run at (0,-8) width 10: "+"
layer at (291,447) size 161x50
  RenderMathMLRoot {mroot} at (24,0) size 161x50 [intrinsic padding: 3 0 3 17]
    RenderMathMLRow (anonymous) at (17,3) size 144x44
      RenderMathMLRow {mrow} at (0,0) size 144x44
        RenderBlock {mn} at (0,26) size 8x12
          RenderText {#text} at (0,-4) size 8x19
            text run at (0,-4) width 8: "5"
        RenderMathMLOperator {mo} at (11,27) size 10x11
          RenderMathMLBlock (flex) {mo} at (0,0) size 10x11
            RenderBlock (anonymous) at (0,0) size 10x11
              RenderText {mo} at (0,-8) size 10x23
                text run at (0,-8) width 10: "+"
layer at (332,450) size 120x44
  RenderMathMLRoot {mroot} at (24,0) size 120x44 [intrinsic padding: 3 0 3 15]
    RenderMathMLRow (anonymous) at (15,3) size 105x38
      RenderMathMLRow {mrow} at (0,0) size 105x38
        RenderBlock {mn} at (0,23) size 8x12
          RenderText {#text} at (0,-4) size 8x19
            text run at (0,-4) width 8: "6"
        RenderMathMLOperator {mo} at (11,24) size 10x11
          RenderMathMLBlock (flex) {mo} at (0,0) size 10x11
            RenderBlock (anonymous) at (0,0) size 10x11
              RenderText {mo} at (0,-8) size 10x23
                text run at (0,-8) width 10: "+"
layer at (371,453) size 81x38
  RenderMathMLRoot {mroot} at (24,0) size 81x38 [intrinsic padding: 3 0 3 14]
    RenderMathMLRow (anonymous) at (14,3) size 67x32
      RenderMathMLRow {mrow} at (0,0) size 67x32
        RenderBlock {mn} at (0,20) size 8x12
          RenderText {#text} at (0,-4) size 8x19
            text run at (0,-4) width 8: "7"
        RenderMathMLOperator {mo} at (11,21) size 10x11
          RenderMathMLBlock (flex) {mo} at (0,0) size 10x11
            RenderBlock (anonymous) at (0,0) size 10x11
              RenderText {mo} at (0,-8) size 10x23
                text run at (0,-8) width 10: "+"
layer at (409,456) size 43x32
  RenderMathMLRoot {mroot} at (24,0) size 43x32 [intrinsic padding: 20 0 0 32]
    RenderMathMLRow (anonymous) at (32,20) size 11x12
      RenderBlock {mi} at (0,0) size 11x12
        RenderText {#text} at (0,-4) size 10x19
          text run at (0,-4) width 10: "A"
layer at (410,456) size 32x27
  RenderMathMLFraction {mfrac} at (1,0) size 32x27 [padding: 0 4 4 2]
    RenderMathMLBlock (anonymous, flex) at (2,0) size 26x13
      RenderMathMLRow {mrow} at (0,0) size 26x11
        RenderBlock {mi} at (0,2) size 7x7
          RenderText {#text} at (0,-5) size 6x14
            text run at (0,-5) width 6: "x"
        RenderMathMLOperator {mo} at (9,0) size 8x9
          RenderMathMLBlock (flex) {mo} at (0,0) size 8x9
            RenderBlock (anonymous) at (0,0) size 8x9
              RenderText {mo} at (0,-5) size 8x17
                text run at (0,-5) width 8: "+"
        RenderBlock {mi} at (19,2) size 7x9
          RenderText {#text} at (0,-5) size 6x14
            text run at (0,-5) width 6: "y"
    RenderMathMLBlock (anonymous, flex) at (2,13) size 26x10 [padding: 1 0 0 0]
      RenderBlock {mi} at (10,3) size 6x7
        RenderText {#text} at (0,-5) size 5x14
          text run at (0,-5) width 5: "z"
layer at (371,462) size 12x14
  RenderBlock (positioned) {mn} at (0,9) size 12x14
    RenderText {#text} at (2,-2) size 6x14
      text run at (2,-2) width 6: "9"
layer at (332,463) size 12x14
  RenderBlock (positioned) {mn} at (0,13) size 12x14
    RenderText {#text} at (2,-2) size 6x14
      text run at (2,-2) width 6: "8"
layer at (291,464) size 12x13
  RenderBlock (positioned) {mn} at (0,17) size 12x13
    RenderText {#text} at (2,-3) size 6x14
      text run at (2,-3) width 6: "7"
layer at (249,464) size 12x14
  RenderBlock (positioned) {mn} at (0,20) size 12x14
    RenderText {#text} at (2,-2) size 6x14
      text run at (2,-2) width 6: "6"
layer at (207,466) size 12x13
  RenderBlock (positioned) {mn} at (0,25) size 12x13
    RenderText {#text} at (2,-3) size 6x14
      text run at (2,-3) width 6: "5"
layer at (165,466) size 12x14
  RenderBlock (positioned) {mn} at (0,28) size 12x14
    RenderText {#text} at (2,-2) size 6x14
      text run at (2,-2) width 6: "4"
layer at (123,466) size 12x14
  RenderBlock (positioned) {mn} at (0,31) size 12x14
    RenderText {#text} at (2,-2) size 6x14
      text run at (2,-2) width 6: "3"
