layer at (0,0) size 800x600
  RenderView at (0,0) size 800x600
layer at (0,0) size 800x600
  RenderBlock {HTML} at (0,0) size 800x600
    RenderBody {BODY} at (8,8) size 784x584
      RenderBlock {P} at (0,0) size 784x18
        RenderText {#text} at (0,0) size 52x17
          text run at (0,0) width 52: "Test for "
        RenderInline {I} at (0,0) size 727x17
          RenderText {#text} at (52,0) size 727x17
            text run at (52,0) width 727: "http://bugzilla.opendarwin.org/show_bug.cgi?id=6137 Disable kerning and some ligatures in the ATSUI code path"
        RenderText {#text} at (779,0) size 4x17
          text run at (779,0) width 4: "."
      RenderBlock {P} at (0,34) size 784x18
        RenderText {#text} at (0,0) size 709x17
          text run at (0,0) width 709: "The word \x{201C}dolor\x{201D} below should be highlighted in its entirety. The highlight should not extend beyond that word."
      RenderBlock {DIV} at (0,68) size 784x41
        RenderBlock {HR} at (0,0) size 784x2 [border: (1px inset #000000)]
        RenderBlock (anonymous) at (0,14) size 784x27
          RenderInline {SPAN} at (0,0) size 523x26
            RenderText {#text} at (0,0) size 523x26
              text run at (0,0) width 523: "AVAVAVAVAVfififififififi Lorem ipsum dolor sit ame\x{300}t"
          RenderText {#text} at (0,0) size 0x0
selection start: position 37 of child 0 {#text} of child 3 {SPAN} of child 5 {DIV} of body
selection end:   position 42 of child 0 {#text} of child 3 {SPAN} of child 5 {DIV} of body
