layer at (0,0) size 800x600
  RenderView at (0,0) size 800x600
layer at (0,0) size 800x600
  RenderBlock {HTML} at (0,0) size 800x600
    RenderBody {BODY} at (8,8) size 784x576
      RenderBlock {P} at (0,0) size 784x18
        RenderText {#text} at (0,0) size 52x17
          text run at (0,0) width 52: "Test for "
        RenderInline {I} at (0,0) size 505x17
          RenderInline {A} at (0,0) size 153x17 [color=#0000EE]
            RenderText {#text} at (52,0) size 153x17
              text run at (52,0) width 153: "rdar://problem/9528843"
          RenderText {#text} at (205,0) size 352x17
            text run at (205,0) width 4: " "
            text run at (209,0) width 348: "STIX glyphs not rendered on this stackoverflow answer"
        RenderText {#text} at (557,0) size 4x17
          text run at (557,0) width 4: "."
      RenderBlock {P} at (0,34) size 784x37
        RenderText {#text} at (0,15) size 96x17
          text run at (0,15) width 96: "A black circle: "
        RenderInline {SPAN} at (0,0) size 27x36
          RenderText {#text} at (96,0) size 27x36
            text run at (96,0) width 27: "\x{26AB}"
        RenderText {#text} at (0,0) size 0x0
      RenderBlock {P} at (0,87) size 784x37
        RenderText {#text} at (0,15) size 136x17
          text run at (0,15) width 136: "Another black circle: "
        RenderInline {SPAN} at (0,0) size 27x36
          RenderText {#text} at (136,0) size 27x36
            text run at (136,0) width 27: "\x{26AB}"
        RenderText {#text} at (0,0) size 0x0
