layer at (0,0) size 800x600
  RenderView at (0,0) size 800x600
layer at (0,0) size 800x600
  RenderBlock {HTML} at (0,0) size 800x600
    RenderBody {BODY} at (8,8) size 784x584
      RenderBlock {CENTER} at (0,0) size 784x62
        RenderBlock {FORM} at (0,0) size 784x28
          RenderTable {TABLE} at (0,0) size 784x28
            RenderTableSection {TBODY} at (0,0) size 784x28
              RenderTableRow {TR} at (0,0) size 784x28
                RenderTableCell {TD} at (0,5) size 135x18 [r=0 c=0 rs=2 cs=1]
                  RenderText {#text} at (0,0) size 4x17
                    text run at (0,0) width 4: " "
                RenderTableCell {TD} at (134,0) size 376x28 [r=0 c=1 rs=1 cs=1]
                  RenderTextControl {INPUT} at (2,2) size 371x24 [bgcolor=#FFFFFF] [border: (2px inset #000000)]
                  RenderText {#text} at (0,0) size 0x0
                RenderTableCell {TD} at (509,0) size 127x28 [r=0 c=2 rs=1 cs=1]
                  RenderButton {INPUT} at (2,2) size 122x23 [bgcolor=#C0C0C0]
                    RenderBlock (anonymous) at (6,2) size 110x18
                      RenderText at (0,0) size 110x17
                        text run at (0,0) width 110: "Search Froogle"
                  RenderText {#text} at (0,0) size 0x0
                RenderTableCell {TD} at (635,5) size 150x18 [r=0 c=3 rs=2 cs=1]
                  RenderInline {LABEL} at (0,0) size 115x11
                    RenderText {#text} at (0,0) size 0x0
                    RenderBlock {INPUT} at (12,3) size 12x12
                    RenderText {#text} at (26,6) size 99x11
                      text run at (26,6) width 99: " Remember this location"
                  RenderText {#text} at (0,0) size 0x0
        RenderBlock (anonymous) at (0,44) size 784x18
          RenderBR {BR} at (392,0) size 0x17
layer at (147,13) size 365x18
  RenderBlock {DIV} at (3,3) size 365x18
caret: position 0 of child 0 {DIV} of {#document-fragment} of child 1 {INPUT} of child 2 {TD} of child 0 {TR} of child 1 {TBODY} of child 1 {TABLE} of child 1 {FORM} of child 1 {CENTER} of body
