layer at (0,0) size 9600207x1836
  RenderView at (0,0) size 785x585
layer at (0,0) size 785x1836
  RenderBlock {HTML} at (0,0) size 785x1836
    RenderBody {BODY} at (8,16) size 769x1804
      RenderBlock {P} at (0,0) size 769x90 [bgcolor=#FFFFFF]
        RenderText {#text} at (0,0) size 752x89
          text run at (0,0) width 746: "The following lines test various combinations of letter-spacing (especially negative values) and opacity. All of the lines"
          text run at (0,18) width 752: "should say \"Hello, world\" but the spacing and background shading will vary from test to test. The W3C specs are fairly"
          text run at (0,36) width 745: "silent on how user agents should handle unusual values of letter-spacing, especially negative ones, which are explicitly"
          text run at (0,54) width 720: "implementation-dependent. Different browsers will render these differently, but hopefully the WebKit ports will be"
          text run at (0,72) width 117: "consistent, at least."
      RenderBlock {P} at (0,106) size 769x18 [bgcolor=#FFFFFF]
        RenderText {#text} at (0,0) size 256x17
          text run at (0,0) width 256: "The first line should be normally spaced."
      RenderBlock {P} at (0,140) size 769x18 [bgcolor=#EEEEEE]
        RenderInline {SPAN} at (0,0) size 80x17
          RenderText {#text} at (160,0) size 80x17
            text run at (160,0) width 80: "Hello, world"
      RenderBlock {P} at (0,174) size 769x18 [bgcolor=#FFFFFF]
        RenderText {#text} at (0,0) size 653x17
          text run at (0,0) width 653: "The next line tests a slight positive letter spacing, and should be slightly spaced out (wider than normal)."
      RenderBlock {P} at (0,208) size 769x18 [bgcolor=#EEEEEE]
        RenderInline {SPAN} at (0,0) size 176x17
          RenderText {#text} at (160,0) size 176x17
            text run at (160,0) width 176: "Hello, world"
      RenderBlock {P} at (0,242) size 769x36 [bgcolor=#FFFFFF]
        RenderText {#text} at (0,0) size 741x35
          text run at (0,0) width 741: "The next line tests a large positive letter spacing, and should be *very* spaced out. You may only see an 'H' and a 'w',"
          text run at (0,18) width 53: "perhaps "
          text run at (53,18) width 354: "on two different lines, unless you scroll way to the right."
      RenderBlock {P} at (0,294) size 769x36 [bgcolor=#EEEEEE]
        RenderInline {SPAN} at (0,0) size 19399x35
          RenderText {#text} at (160,0) size 19399x35
            text run at (160,0) width 19239: "Hello,"
            text run at (0,18) width 16037: "world"
      RenderBlock {P} at (0,346) size 769x36 [bgcolor=#FFFFFF]
        RenderText {#text} at (0,0) size 765x35
          text run at (0,0) width 765: "The next line tests a very large positive letter spacing, and should also be *very* spaced out. You may only see an 'H' and"
          text run at (0,18) width 37: "a 'w', "
          text run at (37,18) width 407: "perhaps on two different lines, unless you scroll way to the right."
      RenderBlock {P} at (0,398) size 769x36 [bgcolor=#EEEEEE]
        RenderInline {SPAN} at (0,0) size 9600199x35
          RenderText {#text} at (160,0) size 9600199x35
            text run at (160,0) width 9600039: "Hello,"
            text run at (0,18) width 8000037: "world"
      RenderBlock {P} at (0,450) size 769x18 [bgcolor=#FFFFFF]
        RenderText {#text} at (0,0) size 528x17
          text run at (0,0) width 528: "The next line tests a small negative line spacing, and should be crammed backwards"
      RenderBlock {P} at (0,484) size 769x18 [bgcolor=#EEEEEE]
        RenderInline {SPAN} at (0,0) size 0x17
          RenderText {#text} at (160,0) size 0x17
            text run at (160,0) width 0: "Hello, world"
      RenderBlock {P} at (0,518) size 769x18 [bgcolor=#FFFFFF]
        RenderText {#text} at (0,0) size 508x17
          text run at (0,0) width 508: "The next line tests a large negative line spacing, and should be just display an 'H'"
      RenderBlock {P} at (0,552) size 769x36 [bgcolor=#EEEEEE]
        RenderInline {SPAN} at (0,0) size 160x35
          RenderText {#text} at (160,0) size 160x35
            text run at (160,0) width 0: "Hello,"
            text run at (0,18) width 0: "world"
      RenderBlock {P} at (0,604) size 769x18 [bgcolor=#FFFFFF]
        RenderText {#text} at (0,0) size 510x17
          text run at (0,0) width 510: "The next line tests a very large negative line spacing, and should just have an 'H'."
      RenderBlock {P} at (0,638) size 769x36 [bgcolor=#EEEEEE]
        RenderInline {SPAN} at (0,0) size 160x35
          RenderText {#text} at (160,0) size 160x35
            text run at (160,0) width 0: "Hello,"
            text run at (0,18) width 0: "world"
      RenderBlock {P} at (0,690) size 769x36 [bgcolor=#FFFFFF]
        RenderText {#text} at (0,0) size 767x35
          text run at (0,0) width 713: "The next few lines test the interaction with opacity. The first line should be normally spaced out, slightly opaque, "
          text run at (713,0) width 54: "and on a"
          text run at (0,18) width 196: "differently-colored background"
      RenderBlock {P} at (0,742) size 769x18 [bgcolor=#EEEEEE]
      RenderBlock {P} at (0,776) size 769x18 [bgcolor=#FFFFFF]
        RenderText {#text} at (0,0) size 710x17
          text run at (0,0) width 329: "The next line tests a small positive line spacing, and "
          text run at (329,0) width 381: "should be slightly spaced out, opaque, and on a background."
      RenderBlock {P} at (0,810) size 769x18 [bgcolor=#EEEEEE]
      RenderBlock {P} at (0,844) size 769x18 [bgcolor=#FFFFFF]
        RenderText {#text} at (0,0) size 632x17
          text run at (0,0) width 632: "The next line tests a large positive line spacing, and should be very widely spaced, on a background."
      RenderBlock {P} at (0,878) size 769x36 [bgcolor=#EEEEEE]
      RenderBlock {P} at (0,930) size 769x18 [bgcolor=#FFFFFF]
        RenderText {#text} at (0,0) size 754x17
          text run at (0,0) width 332: "The next line tests a very large positive line spacing, "
          text run at (332,0) width 422: "and should be very widely spaced but blank, and on a background."
      RenderBlock {P} at (0,964) size 769x36 [bgcolor=#EEEEEE]
      RenderBlock {P} at (0,1016) size 769x18 [bgcolor=#FFFFFF]
        RenderText {#text} at (0,0) size 437x17
          text run at (0,0) width 437: "The next line tests a small negative line spacing, and should be blank."
      RenderBlock {P} at (0,1050) size 769x18 [bgcolor=#EEEEEE]
      RenderBlock {P} at (0,1084) size 769x18 [bgcolor=#FFFFFF]
        RenderText {#text} at (0,0) size 435x17
          text run at (0,0) width 435: "The next line tests a large negative line spacing, and should be blank."
      RenderBlock {P} at (0,1118) size 769x36 [bgcolor=#EEEEEE]
      RenderBlock {P} at (0,1170) size 769x18 [bgcolor=#FFFFFF]
        RenderText {#text} at (0,0) size 467x17
          text run at (0,0) width 467: "The next line tests a very large negative line spacing, and should be blank."
      RenderBlock {P} at (0,1204) size 769x36 [bgcolor=#EEEEEE]
      RenderBlock {P} at (0,1256) size 769x18 [bgcolor=#FFFFFF]
        RenderText {#text} at (0,0) size 260x17
          text run at (0,0) width 260: "Now we do a few basic right-to-left tests:"
      RenderBlock {P} at (0,1290) size 769x18 [bgcolor=#FFFFFF]
        RenderText {#text} at (0,0) size 256x17
          text run at (0,0) width 256: "The first line should be normally spaced."
      RenderBlock {P} at (0,1324) size 769x18 [bgcolor=#EEEEEE]
        RenderInline {SPAN} at (0,0) size 80x17
          RenderText {#text} at (160,0) size 80x17
            text run at (160,0) width 80 RTL override: "Hello, world"
      RenderBlock {P} at (0,1358) size 769x18 [bgcolor=#FFFFFF]
        RenderText {#text} at (0,0) size 402x17
          text run at (0,0) width 402: "The next line should be slightly spaced out (wider than normal)."
      RenderBlock {P} at (0,1392) size 769x18 [bgcolor=#EEEEEE]
        RenderInline {SPAN} at (0,0) size 176x17
          RenderText {#text} at (160,0) size 176x17
            text run at (160,0) width 176 RTL override: "Hello, world"
      RenderBlock {P} at (0,1426) size 769x18 [bgcolor=#FFFFFF]
        RenderText {#text} at (0,0) size 473x17
          text run at (0,0) width 346: "The next line should be crammed backwards, just as if "
          text run at (346,0) width 127: "it wasn't right-to-left"
      RenderBlock {P} at (0,1460) size 769x18 [bgcolor=#EEEEEE]
        RenderInline {SPAN} at (0,0) size 0x17
          RenderText {#text} at (160,0) size 0x17
            text run at (160,0) width 0 RTL override: "Hello, world"
      RenderBlock {P} at (0,1494) size 769x18 [bgcolor=#FFFFFF]
        RenderText {#text} at (0,0) size 461x17
          text run at (0,0) width 331: "The next line tests a large negative line spacing, and "
          text run at (331,0) width 130: "should just print a 'd'"
      RenderBlock {P} at (0,1528) size 769x36 [bgcolor=#EEEEEE]
        RenderInline {SPAN} at (0,0) size 160x35
          RenderText {#text} at (160,0) size 160x35
            text run at (160,0) width 0 RTL override: "Hello,"
            text run at (0,18) width 0 RTL override: "world"
      RenderBlock {P} at (0,1580) size 769x36 [bgcolor=#FFFFFF]
        RenderText {#text} at (0,0) size 732x35
          text run at (0,0) width 147: "Now, opacity as well - "
          text run at (147,0) width 398: "The next line should be printed right to left, slightly spaced out "
          text run at (545,0) width 187: "(wider than normal), and on a"
          text run at (0,18) width 79: "background."
      RenderBlock {P} at (0,1632) size 769x18 [bgcolor=#EEEEEE]
      RenderBlock {P} at (0,1666) size 769x18 [bgcolor=#FFFFFF]
        RenderText {#text} at (0,0) size 437x17
          text run at (0,0) width 437: "The next line tests a small negative line spacing, and should be blank."
      RenderBlock {P} at (0,1700) size 769x18 [bgcolor=#EEEEEE]
      RenderBlock {P} at (0,1734) size 769x18 [bgcolor=#FFFFFF]
        RenderText {#text} at (0,0) size 447x17
          text run at (0,0) width 447: "The next line tests a large negative line spacing, and it should be blank."
      RenderBlock {P} at (0,1768) size 769x36 [bgcolor=#EEEEEE]
layer at (8,758) size 80x17
  RenderInline {SPAN} at (0,0) size 80x17 [bgcolor=#CCCCFF]
    RenderText {#text} at (160,0) size 80x17
      text run at (160,0) width 80: "Hello, world"
layer at (8,826) size 176x17
  RenderInline {SPAN} at (0,0) size 176x17 [bgcolor=#CCCCFF]
    RenderText {#text} at (160,0) size 176x17
      text run at (160,0) width 176: "Hello, world"
layer at (8,894) size 19399x35
  RenderInline {SPAN} at (0,0) size 19399x35 [bgcolor=#CCCCFF]
    RenderText {#text} at (160,0) size 19399x35
      text run at (160,0) width 19239: "Hello,"
      text run at (0,18) width 16037: "world"
layer at (8,980) size 9600199x35
  RenderInline {SPAN} at (0,0) size 9600199x35 [bgcolor=#CCCCFF]
    RenderText {#text} at (160,0) size 9600199x35
      text run at (160,0) width 9600039: "Hello,"
      text run at (0,18) width 8000037: "world"
layer at (8,1066) size 0x17
  RenderInline {SPAN} at (0,0) size 0x17 [bgcolor=#CCCCFF]
    RenderText {#text} at (160,0) size 0x17
      text run at (160,0) width 0: "Hello, world"
layer at (8,1134) size 160x35
  RenderInline {SPAN} at (0,0) size 160x35 [bgcolor=#CCCCFF]
    RenderText {#text} at (160,0) size 160x35
      text run at (160,0) width 0: "Hello,"
      text run at (0,18) width 0: "world"
layer at (8,1220) size 160x35
  RenderInline {SPAN} at (0,0) size 160x35 [bgcolor=#CCCCFF]
    RenderText {#text} at (160,0) size 160x35
      text run at (160,0) width 0: "Hello,"
      text run at (0,18) width 0: "world"
layer at (8,1648) size 176x17
  RenderInline {SPAN} at (0,0) size 176x17 [bgcolor=#CCCCFF]
    RenderText {#text} at (160,0) size 176x17
      text run at (160,0) width 176 RTL override: "Hello, world"
layer at (8,1716) size 0x17
  RenderInline {SPAN} at (0,0) size 0x17 [bgcolor=#CCCCFF]
    RenderText {#text} at (160,0) size 0x17
      text run at (160,0) width 0 RTL override: "Hello, world"
layer at (8,1784) size 160x35
  RenderInline {SPAN} at (0,0) size 160x35 [bgcolor=#CCCCFF]
    RenderText {#text} at (160,0) size 160x35
      text run at (160,0) width 0 RTL override: "Hello,"
      text run at (0,18) width 0 RTL override: "world"
