layer at (0,0) size 785x17310
  RenderView at (0,0) size 785x600
layer at (0,0) size 785x17310
  RenderBlock {HTML} at (0,0) size 785x17310
    RenderBody {BODY} at (8,8) size 769x17294
      RenderBlock (anonymous) at (0,0) size 769x144
        RenderText {#text} at (0,0) size 769x72
          text run at (0,0) width 746: "This test is designed to test the interaction between font-family and font-weight. In particular, our implementation of"
          text run at (0,18) width 759: "font-family accepts PostScript names, which may name a font with a particular weight. However, there is another CSS"
          text run at (0,36) width 769: "property, font-weight, in which the author may also name a particular weight. Our font selection algorithm takes both of"
          text run at (0,54) width 305: "these signals into account when choosing fonts."
        RenderBR {BR} at (304,54) size 1x18
        RenderBR {BR} at (0,72) size 0x18
        RenderText {#text} at (0,90) size 767x54
          text run at (0,90) width 767: "There is currently no good way in JavaScript to find the actual font chosen for some text. Therefore, the best way to test"
          text run at (0,108) width 732: "this aspect of the font selection algorithm is to dump the render tree, therefore testing glyph advances (which are a"
          text run at (0,126) width 159: "property of font weight)."
      RenderBlock {DIV} at (0,144) size 769x24
        RenderText {#text} at (0,2) size 451x18
          text run at (0,2) width 451: "Font: Helvetica Neue Weight: 100 Style: normal \x{679C}\x{57CE}\x{7684}\x{7F8E}\x{8B7D}\x{3002}\x{4E2D}\x{56FD}\x{53E4}"
      RenderBlock {DIV} at (0,168) size 769x24
        RenderText {#text} at (0,2) size 474x18
          text run at (0,2) width 474: "Font: Helvetica Neue Weight: 200 Style: normal \x{679C}\x{57CE}\x{7684}\x{7F8E}\x{8B7D}\x{3002}\x{4E2D}\x{56FD}\x{53E4}"
      RenderBlock {DIV} at (0,192) size 769x24
        RenderText {#text} at (0,2) size 474x18
          text run at (0,2) width 474: "Font: Helvetica Neue Weight: 300 Style: normal \x{679C}\x{57CE}\x{7684}\x{7F8E}\x{8B7D}\x{3002}\x{4E2D}\x{56FD}\x{53E4}"
      RenderBlock {DIV} at (0,216) size 769x24
        RenderText {#text} at (0,2) size 486x18
          text run at (0,2) width 486: "Font: Helvetica Neue Weight: 400 Style: normal \x{679C}\x{57CE}\x{7684}\x{7F8E}\x{8B7D}\x{3002}\x{4E2D}\x{56FD}\x{53E4}"
      RenderBlock {DIV} at (0,240) size 769x24
        RenderText {#text} at (0,1) size 495x19
          text run at (0,1) width 495: "Font: Helvetica Neue Weight: 500 Style: normal \x{679C}\x{57CE}\x{7684}\x{7F8E}\x{8B7D}\x{3002}\x{4E2D}\x{56FD}\x{53E4}"
      RenderBlock {DIV} at (0,264) size 769x24
        RenderText {#text} at (0,1) size 504x19
          text run at (0,1) width 504: "Font: Helvetica Neue Weight: 600 Style: normal \x{679C}\x{57CE}\x{7684}\x{7F8E}\x{8B7D}\x{3002}\x{4E2D}\x{56FD}\x{53E4}"
      RenderBlock {DIV} at (0,288) size 769x24
        RenderText {#text} at (0,1) size 504x19
          text run at (0,1) width 504: "Font: Helvetica Neue Weight: 700 Style: normal \x{679C}\x{57CE}\x{7684}\x{7F8E}\x{8B7D}\x{3002}\x{4E2D}\x{56FD}\x{53E4}"
      RenderBlock {DIV} at (0,312) size 769x24
        RenderText {#text} at (0,1) size 504x19
          text run at (0,1) width 504: "Font: Helvetica Neue Weight: 800 Style: normal \x{679C}\x{57CE}\x{7684}\x{7F8E}\x{8B7D}\x{3002}\x{4E2D}\x{56FD}\x{53E4}"
      RenderBlock {DIV} at (0,336) size 769x24
        RenderText {#text} at (0,1) size 504x19
          text run at (0,1) width 504: "Font: Helvetica Neue Weight: 900 Style: normal \x{679C}\x{57CE}\x{7684}\x{7F8E}\x{8B7D}\x{3002}\x{4E2D}\x{56FD}\x{53E4}"
      RenderBlock {DIV} at (0,360) size 769x24
        RenderText {#text} at (0,2) size 510x18
          text run at (0,2) width 510: "Font: HelveticaNeue-UltraLight Weight: 100 Style: normal \x{679C}\x{57CE}\x{7684}\x{7F8E}\x{8B7D}\x{3002}\x{4E2D}\x{56FD}\x{53E4}"
      RenderBlock {DIV} at (0,384) size 769x24
        RenderText {#text} at (0,2) size 510x18
          text run at (0,2) width 510: "Font: HelveticaNeue-UltraLight Weight: 200 Style: normal \x{679C}\x{57CE}\x{7684}\x{7F8E}\x{8B7D}\x{3002}\x{4E2D}\x{56FD}\x{53E4}"
      RenderBlock {DIV} at (0,408) size 769x24
        RenderText {#text} at (0,2) size 510x18
          text run at (0,2) width 510: "Font: HelveticaNeue-UltraLight Weight: 300 Style: normal \x{679C}\x{57CE}\x{7684}\x{7F8E}\x{8B7D}\x{3002}\x{4E2D}\x{56FD}\x{53E4}"
      RenderBlock {DIV} at (0,432) size 769x24
        RenderText {#text} at (0,2) size 510x18
          text run at (0,2) width 510: "Font: HelveticaNeue-UltraLight Weight: 400 Style: normal \x{679C}\x{57CE}\x{7684}\x{7F8E}\x{8B7D}\x{3002}\x{4E2D}\x{56FD}\x{53E4}"
      RenderBlock {DIV} at (0,456) size 769x24
        RenderText {#text} at (0,2) size 510x18
          text run at (0,2) width 510: "Font: HelveticaNeue-UltraLight Weight: 500 Style: normal \x{679C}\x{57CE}\x{7684}\x{7F8E}\x{8B7D}\x{3002}\x{4E2D}\x{56FD}\x{53E4}"
      RenderBlock {DIV} at (0,480) size 769x24
        RenderText {#text} at (0,1) size 581x19
          text run at (0,1) width 581: "Font: HelveticaNeue-UltraLight Weight: 600 Style: normal \x{679C}\x{57CE}\x{7684}\x{7F8E}\x{8B7D}\x{3002}\x{4E2D}\x{56FD}\x{53E4}"
      RenderBlock {DIV} at (0,504) size 769x24
        RenderText {#text} at (0,1) size 581x19
          text run at (0,1) width 581: "Font: HelveticaNeue-UltraLight Weight: 700 Style: normal \x{679C}\x{57CE}\x{7684}\x{7F8E}\x{8B7D}\x{3002}\x{4E2D}\x{56FD}\x{53E4}"
      RenderBlock {DIV} at (0,528) size 769x24
        RenderText {#text} at (0,1) size 581x19
          text run at (0,1) width 581: "Font: HelveticaNeue-UltraLight Weight: 800 Style: normal \x{679C}\x{57CE}\x{7684}\x{7F8E}\x{8B7D}\x{3002}\x{4E2D}\x{56FD}\x{53E4}"
      RenderBlock {DIV} at (0,552) size 769x24
        RenderText {#text} at (0,1) size 581x19
          text run at (0,1) width 581: "Font: HelveticaNeue-UltraLight Weight: 900 Style: normal \x{679C}\x{57CE}\x{7684}\x{7F8E}\x{8B7D}\x{3002}\x{4E2D}\x{56FD}\x{53E4}"
      RenderBlock {DIV} at (0,576) size 769x24
        RenderText {#text} at (0,2) size 509x18
          text run at (0,2) width 509: "Font: HelveticaNeue-Light Weight: 100 Style: normal \x{679C}\x{57CE}\x{7684}\x{7F8E}\x{8B7D}\x{3002}\x{4E2D}\x{56FD}\x{53E4}"
      RenderBlock {DIV} at (0,600) size 769x24
        RenderText {#text} at (0,2) size 509x18
          text run at (0,2) width 509: "Font: HelveticaNeue-Light Weight: 200 Style: normal \x{679C}\x{57CE}\x{7684}\x{7F8E}\x{8B7D}\x{3002}\x{4E2D}\x{56FD}\x{53E4}"
      RenderBlock {DIV} at (0,624) size 769x24
        RenderText {#text} at (0,2) size 509x18
          text run at (0,2) width 509: "Font: HelveticaNeue-Light Weight: 300 Style: normal \x{679C}\x{57CE}\x{7684}\x{7F8E}\x{8B7D}\x{3002}\x{4E2D}\x{56FD}\x{53E4}"
      RenderBlock {DIV} at (0,648) size 769x24
        RenderText {#text} at (0,2) size 509x18
          text run at (0,2) width 509: "Font: HelveticaNeue-Light Weight: 400 Style: normal \x{679C}\x{57CE}\x{7684}\x{7F8E}\x{8B7D}\x{3002}\x{4E2D}\x{56FD}\x{53E4}"
      RenderBlock {DIV} at (0,672) size 769x24
        RenderText {#text} at (0,2) size 509x18
          text run at (0,2) width 509: "Font: HelveticaNeue-Light Weight: 500 Style: normal \x{679C}\x{57CE}\x{7684}\x{7F8E}\x{8B7D}\x{3002}\x{4E2D}\x{56FD}\x{53E4}"
      RenderBlock {DIV} at (0,696) size 769x24
        RenderText {#text} at (0,1) size 544x19
          text run at (0,1) width 544: "Font: HelveticaNeue-Light Weight: 600 Style: normal \x{679C}\x{57CE}\x{7684}\x{7F8E}\x{8B7D}\x{3002}\x{4E2D}\x{56FD}\x{53E4}"
      RenderBlock {DIV} at (0,720) size 769x24
        RenderText {#text} at (0,1) size 544x19
          text run at (0,1) width 544: "Font: HelveticaNeue-Light Weight: 700 Style: normal \x{679C}\x{57CE}\x{7684}\x{7F8E}\x{8B7D}\x{3002}\x{4E2D}\x{56FD}\x{53E4}"
      RenderBlock {DIV} at (0,744) size 769x24
        RenderText {#text} at (0,1) size 544x19
          text run at (0,1) width 544: "Font: HelveticaNeue-Light Weight: 800 Style: normal \x{679C}\x{57CE}\x{7684}\x{7F8E}\x{8B7D}\x{3002}\x{4E2D}\x{56FD}\x{53E4}"
      RenderBlock {DIV} at (0,768) size 769x24
        RenderText {#text} at (0,1) size 544x19
          text run at (0,1) width 544: "Font: HelveticaNeue-Light Weight: 900 Style: normal \x{679C}\x{57CE}\x{7684}\x{7F8E}\x{8B7D}\x{3002}\x{4E2D}\x{56FD}\x{53E4}"
      RenderBlock {DIV} at (0,792) size 769x24
        RenderText {#text} at (0,2) size 481x18
          text run at (0,2) width 481: "Font: HelveticaNeue Weight: 100 Style: normal \x{679C}\x{57CE}\x{7684}\x{7F8E}\x{8B7D}\x{3002}\x{4E2D}\x{56FD}\x{53E4}"
      RenderBlock {DIV} at (0,816) size 769x24
        RenderText {#text} at (0,2) size 481x18
          text run at (0,2) width 481: "Font: HelveticaNeue Weight: 200 Style: normal \x{679C}\x{57CE}\x{7684}\x{7F8E}\x{8B7D}\x{3002}\x{4E2D}\x{56FD}\x{53E4}"
      RenderBlock {DIV} at (0,840) size 769x24
        RenderText {#text} at (0,2) size 481x18
          text run at (0,2) width 481: "Font: HelveticaNeue Weight: 300 Style: normal \x{679C}\x{57CE}\x{7684}\x{7F8E}\x{8B7D}\x{3002}\x{4E2D}\x{56FD}\x{53E4}"
      RenderBlock {DIV} at (0,864) size 769x24
        RenderText {#text} at (0,2) size 481x18
          text run at (0,2) width 481: "Font: HelveticaNeue Weight: 400 Style: normal \x{679C}\x{57CE}\x{7684}\x{7F8E}\x{8B7D}\x{3002}\x{4E2D}\x{56FD}\x{53E4}"
      RenderBlock {DIV} at (0,888) size 769x24
        RenderText {#text} at (0,2) size 481x18
          text run at (0,2) width 481: "Font: HelveticaNeue Weight: 500 Style: normal \x{679C}\x{57CE}\x{7684}\x{7F8E}\x{8B7D}\x{3002}\x{4E2D}\x{56FD}\x{53E4}"
      RenderBlock {DIV} at (0,912) size 769x24
        RenderText {#text} at (0,1) size 499x19
          text run at (0,1) width 499: "Font: HelveticaNeue Weight: 600 Style: normal \x{679C}\x{57CE}\x{7684}\x{7F8E}\x{8B7D}\x{3002}\x{4E2D}\x{56FD}\x{53E4}"
      RenderBlock {DIV} at (0,936) size 769x24
        RenderText {#text} at (0,1) size 499x19
          text run at (0,1) width 499: "Font: HelveticaNeue Weight: 700 Style: normal \x{679C}\x{57CE}\x{7684}\x{7F8E}\x{8B7D}\x{3002}\x{4E2D}\x{56FD}\x{53E4}"
      RenderBlock {DIV} at (0,960) size 769x24
        RenderText {#text} at (0,1) size 499x19
          text run at (0,1) width 499: "Font: HelveticaNeue Weight: 800 Style: normal \x{679C}\x{57CE}\x{7684}\x{7F8E}\x{8B7D}\x{3002}\x{4E2D}\x{56FD}\x{53E4}"
      RenderBlock {DIV} at (0,984) size 769x24
        RenderText {#text} at (0,1) size 499x19
          text run at (0,1) width 499: "Font: HelveticaNeue Weight: 900 Style: normal \x{679C}\x{57CE}\x{7684}\x{7F8E}\x{8B7D}\x{3002}\x{4E2D}\x{56FD}\x{53E4}"
      RenderBlock {DIV} at (0,1008) size 769x24
        RenderText {#text} at (0,1) size 557x19
          text run at (0,1) width 557: "Font: HelveticaNeue-Medium Weight: 100 Style: normal \x{679C}\x{57CE}\x{7684}\x{7F8E}\x{8B7D}\x{3002}\x{4E2D}\x{56FD}\x{53E4}"
      RenderBlock {DIV} at (0,1032) size 769x24
        RenderText {#text} at (0,1) size 557x19
          text run at (0,1) width 557: "Font: HelveticaNeue-Medium Weight: 200 Style: normal \x{679C}\x{57CE}\x{7684}\x{7F8E}\x{8B7D}\x{3002}\x{4E2D}\x{56FD}\x{53E4}"
      RenderBlock {DIV} at (0,1056) size 769x24
        RenderText {#text} at (0,1) size 557x19
          text run at (0,1) width 557: "Font: HelveticaNeue-Medium Weight: 300 Style: normal \x{679C}\x{57CE}\x{7684}\x{7F8E}\x{8B7D}\x{3002}\x{4E2D}\x{56FD}\x{53E4}"
      RenderBlock {DIV} at (0,1080) size 769x24
        RenderText {#text} at (0,1) size 557x19
          text run at (0,1) width 557: "Font: HelveticaNeue-Medium Weight: 400 Style: normal \x{679C}\x{57CE}\x{7684}\x{7F8E}\x{8B7D}\x{3002}\x{4E2D}\x{56FD}\x{53E4}"
      RenderBlock {DIV} at (0,1104) size 769x24
        RenderText {#text} at (0,1) size 557x19
          text run at (0,1) width 557: "Font: HelveticaNeue-Medium Weight: 500 Style: normal \x{679C}\x{57CE}\x{7684}\x{7F8E}\x{8B7D}\x{3002}\x{4E2D}\x{56FD}\x{53E4}"
      RenderBlock {DIV} at (0,1128) size 769x24
        RenderText {#text} at (0,1) size 568x19
          text run at (0,1) width 568: "Font: HelveticaNeue-Medium Weight: 600 Style: normal \x{679C}\x{57CE}\x{7684}\x{7F8E}\x{8B7D}\x{3002}\x{4E2D}\x{56FD}\x{53E4}"
      RenderBlock {DIV} at (0,1152) size 769x24
        RenderText {#text} at (0,1) size 568x19
          text run at (0,1) width 568: "Font: HelveticaNeue-Medium Weight: 700 Style: normal \x{679C}\x{57CE}\x{7684}\x{7F8E}\x{8B7D}\x{3002}\x{4E2D}\x{56FD}\x{53E4}"
      RenderBlock {DIV} at (0,1176) size 769x24
        RenderText {#text} at (0,1) size 568x19
          text run at (0,1) width 568: "Font: HelveticaNeue-Medium Weight: 800 Style: normal \x{679C}\x{57CE}\x{7684}\x{7F8E}\x{8B7D}\x{3002}\x{4E2D}\x{56FD}\x{53E4}"
      RenderBlock {DIV} at (0,1200) size 769x24
        RenderText {#text} at (0,1) size 568x19
          text run at (0,1) width 568: "Font: HelveticaNeue-Medium Weight: 900 Style: normal \x{679C}\x{57CE}\x{7684}\x{7F8E}\x{8B7D}\x{3002}\x{4E2D}\x{56FD}\x{53E4}"
      RenderBlock {DIV} at (0,1224) size 769x24
        RenderText {#text} at (0,1) size 541x19
          text run at (0,1) width 541: "Font: HelveticaNeue-Bold Weight: 100 Style: normal \x{679C}\x{57CE}\x{7684}\x{7F8E}\x{8B7D}\x{3002}\x{4E2D}\x{56FD}\x{53E4}"
      RenderBlock {DIV} at (0,1248) size 769x24
        RenderText {#text} at (0,1) size 541x19
          text run at (0,1) width 541: "Font: HelveticaNeue-Bold Weight: 200 Style: normal \x{679C}\x{57CE}\x{7684}\x{7F8E}\x{8B7D}\x{3002}\x{4E2D}\x{56FD}\x{53E4}"
      RenderBlock {DIV} at (0,1272) size 769x24
        RenderText {#text} at (0,1) size 541x19
          text run at (0,1) width 541: "Font: HelveticaNeue-Bold Weight: 300 Style: normal \x{679C}\x{57CE}\x{7684}\x{7F8E}\x{8B7D}\x{3002}\x{4E2D}\x{56FD}\x{53E4}"
      RenderBlock {DIV} at (0,1296) size 769x24
        RenderText {#text} at (0,1) size 541x19
          text run at (0,1) width 541: "Font: HelveticaNeue-Bold Weight: 400 Style: normal \x{679C}\x{57CE}\x{7684}\x{7F8E}\x{8B7D}\x{3002}\x{4E2D}\x{56FD}\x{53E4}"
      RenderBlock {DIV} at (0,1320) size 769x24
        RenderText {#text} at (0,1) size 541x19
          text run at (0,1) width 541: "Font: HelveticaNeue-Bold Weight: 500 Style: normal \x{679C}\x{57CE}\x{7684}\x{7F8E}\x{8B7D}\x{3002}\x{4E2D}\x{56FD}\x{53E4}"
      RenderBlock {DIV} at (0,1344) size 769x24
        RenderText {#text} at (0,1) size 541x19
          text run at (0,1) width 541: "Font: HelveticaNeue-Bold Weight: 600 Style: normal \x{679C}\x{57CE}\x{7684}\x{7F8E}\x{8B7D}\x{3002}\x{4E2D}\x{56FD}\x{53E4}"
      RenderBlock {DIV} at (0,1368) size 769x24
        RenderText {#text} at (0,1) size 541x19
          text run at (0,1) width 541: "Font: HelveticaNeue-Bold Weight: 700 Style: normal \x{679C}\x{57CE}\x{7684}\x{7F8E}\x{8B7D}\x{3002}\x{4E2D}\x{56FD}\x{53E4}"
      RenderBlock {DIV} at (0,1392) size 769x24
        RenderText {#text} at (0,1) size 541x19
          text run at (0,1) width 541: "Font: HelveticaNeue-Bold Weight: 800 Style: normal \x{679C}\x{57CE}\x{7684}\x{7F8E}\x{8B7D}\x{3002}\x{4E2D}\x{56FD}\x{53E4}"
      RenderBlock {DIV} at (0,1416) size 769x24
        RenderText {#text} at (0,1) size 541x19
          text run at (0,1) width 541: "Font: HelveticaNeue-Bold Weight: 900 Style: normal \x{679C}\x{57CE}\x{7684}\x{7F8E}\x{8B7D}\x{3002}\x{4E2D}\x{56FD}\x{53E4}"
      RenderBlock {DIV} at (0,1440) size 769x24
        RenderText {#text} at (0,2) size 537x18
          text run at (0,2) width 537: "Font: HelveticaNeue-UltraLightItalic Weight: 100 Style: normal \x{679C}\x{57CE}\x{7684}\x{7F8E}\x{8B7D}\x{3002}\x{4E2D}\x{56FD}\x{53E4}"
      RenderBlock {DIV} at (0,1464) size 769x24
        RenderText {#text} at (0,2) size 537x18
          text run at (0,2) width 537: "Font: HelveticaNeue-UltraLightItalic Weight: 200 Style: normal \x{679C}\x{57CE}\x{7684}\x{7F8E}\x{8B7D}\x{3002}\x{4E2D}\x{56FD}\x{53E4}"
      RenderBlock {DIV} at (0,1488) size 769x24
        RenderText {#text} at (0,2) size 537x18
          text run at (0,2) width 537: "Font: HelveticaNeue-UltraLightItalic Weight: 300 Style: normal \x{679C}\x{57CE}\x{7684}\x{7F8E}\x{8B7D}\x{3002}\x{4E2D}\x{56FD}\x{53E4}"
      RenderBlock {DIV} at (0,1512) size 769x24
        RenderText {#text} at (0,2) size 537x18
          text run at (0,2) width 537: "Font: HelveticaNeue-UltraLightItalic Weight: 400 Style: normal \x{679C}\x{57CE}\x{7684}\x{7F8E}\x{8B7D}\x{3002}\x{4E2D}\x{56FD}\x{53E4}"
      RenderBlock {DIV} at (0,1536) size 769x24
        RenderText {#text} at (0,2) size 537x18
          text run at (0,2) width 537: "Font: HelveticaNeue-UltraLightItalic Weight: 500 Style: normal \x{679C}\x{57CE}\x{7684}\x{7F8E}\x{8B7D}\x{3002}\x{4E2D}\x{56FD}\x{53E4}"
      RenderBlock {DIV} at (0,1560) size 769x24
        RenderText {#text} at (0,1) size 618x19
          text run at (0,1) width 618: "Font: HelveticaNeue-UltraLightItalic Weight: 600 Style: normal \x{679C}\x{57CE}\x{7684}\x{7F8E}\x{8B7D}\x{3002}\x{4E2D}\x{56FD}\x{53E4}"
      RenderBlock {DIV} at (0,1584) size 769x24
        RenderText {#text} at (0,1) size 618x19
          text run at (0,1) width 618: "Font: HelveticaNeue-UltraLightItalic Weight: 700 Style: normal \x{679C}\x{57CE}\x{7684}\x{7F8E}\x{8B7D}\x{3002}\x{4E2D}\x{56FD}\x{53E4}"
      RenderBlock {DIV} at (0,1608) size 769x24
        RenderText {#text} at (0,1) size 618x19
          text run at (0,1) width 618: "Font: HelveticaNeue-UltraLightItalic Weight: 800 Style: normal \x{679C}\x{57CE}\x{7684}\x{7F8E}\x{8B7D}\x{3002}\x{4E2D}\x{56FD}\x{53E4}"
      RenderBlock {DIV} at (0,1632) size 769x24
        RenderText {#text} at (0,1) size 618x19
          text run at (0,1) width 618: "Font: HelveticaNeue-UltraLightItalic Weight: 900 Style: normal \x{679C}\x{57CE}\x{7684}\x{7F8E}\x{8B7D}\x{3002}\x{4E2D}\x{56FD}\x{53E4}"
      RenderBlock {DIV} at (0,1656) size 769x24
        RenderText {#text} at (0,2) size 540x18
          text run at (0,2) width 540: "Font: HelveticaNeue-LightItalic Weight: 100 Style: normal \x{679C}\x{57CE}\x{7684}\x{7F8E}\x{8B7D}\x{3002}\x{4E2D}\x{56FD}\x{53E4}"
      RenderBlock {DIV} at (0,1680) size 769x24
        RenderText {#text} at (0,2) size 540x18
          text run at (0,2) width 540: "Font: HelveticaNeue-LightItalic Weight: 200 Style: normal \x{679C}\x{57CE}\x{7684}\x{7F8E}\x{8B7D}\x{3002}\x{4E2D}\x{56FD}\x{53E4}"
      RenderBlock {DIV} at (0,1704) size 769x24
        RenderText {#text} at (0,2) size 540x18
          text run at (0,2) width 540: "Font: HelveticaNeue-LightItalic Weight: 300 Style: normal \x{679C}\x{57CE}\x{7684}\x{7F8E}\x{8B7D}\x{3002}\x{4E2D}\x{56FD}\x{53E4}"
      RenderBlock {DIV} at (0,1728) size 769x24
        RenderText {#text} at (0,2) size 540x18
          text run at (0,2) width 540: "Font: HelveticaNeue-LightItalic Weight: 400 Style: normal \x{679C}\x{57CE}\x{7684}\x{7F8E}\x{8B7D}\x{3002}\x{4E2D}\x{56FD}\x{53E4}"
      RenderBlock {DIV} at (0,1752) size 769x24
        RenderText {#text} at (0,2) size 540x18
          text run at (0,2) width 540: "Font: HelveticaNeue-LightItalic Weight: 500 Style: normal \x{679C}\x{57CE}\x{7684}\x{7F8E}\x{8B7D}\x{3002}\x{4E2D}\x{56FD}\x{53E4}"
      RenderBlock {DIV} at (0,1776) size 769x24
        RenderText {#text} at (0,1) size 581x19
          text run at (0,1) width 581: "Font: HelveticaNeue-LightItalic Weight: 600 Style: normal \x{679C}\x{57CE}\x{7684}\x{7F8E}\x{8B7D}\x{3002}\x{4E2D}\x{56FD}\x{53E4}"
      RenderBlock {DIV} at (0,1800) size 769x24
        RenderText {#text} at (0,1) size 581x19
          text run at (0,1) width 581: "Font: HelveticaNeue-LightItalic Weight: 700 Style: normal \x{679C}\x{57CE}\x{7684}\x{7F8E}\x{8B7D}\x{3002}\x{4E2D}\x{56FD}\x{53E4}"
      RenderBlock {DIV} at (0,1824) size 769x24
        RenderText {#text} at (0,1) size 581x19
          text run at (0,1) width 581: "Font: HelveticaNeue-LightItalic Weight: 800 Style: normal \x{679C}\x{57CE}\x{7684}\x{7F8E}\x{8B7D}\x{3002}\x{4E2D}\x{56FD}\x{53E4}"
      RenderBlock {DIV} at (0,1848) size 769x24
        RenderText {#text} at (0,1) size 581x19
          text run at (0,1) width 581: "Font: HelveticaNeue-LightItalic Weight: 900 Style: normal \x{679C}\x{57CE}\x{7684}\x{7F8E}\x{8B7D}\x{3002}\x{4E2D}\x{56FD}\x{53E4}"
      RenderBlock {DIV} at (0,1872) size 769x24
        RenderText {#text} at (0,2) size 519x18
          text run at (0,2) width 519: "Font: HelveticaNeue-Italic Weight: 100 Style: normal \x{679C}\x{57CE}\x{7684}\x{7F8E}\x{8B7D}\x{3002}\x{4E2D}\x{56FD}\x{53E4}"
      RenderBlock {DIV} at (0,1896) size 769x24
        RenderText {#text} at (0,2) size 519x18
          text run at (0,2) width 519: "Font: HelveticaNeue-Italic Weight: 200 Style: normal \x{679C}\x{57CE}\x{7684}\x{7F8E}\x{8B7D}\x{3002}\x{4E2D}\x{56FD}\x{53E4}"
      RenderBlock {DIV} at (0,1920) size 769x24
        RenderText {#text} at (0,2) size 519x18
          text run at (0,2) width 519: "Font: HelveticaNeue-Italic Weight: 300 Style: normal \x{679C}\x{57CE}\x{7684}\x{7F8E}\x{8B7D}\x{3002}\x{4E2D}\x{56FD}\x{53E4}"
      RenderBlock {DIV} at (0,1944) size 769x24
        RenderText {#text} at (0,2) size 519x18
          text run at (0,2) width 519: "Font: HelveticaNeue-Italic Weight: 400 Style: normal \x{679C}\x{57CE}\x{7684}\x{7F8E}\x{8B7D}\x{3002}\x{4E2D}\x{56FD}\x{53E4}"
      RenderBlock {DIV} at (0,1968) size 769x24
        RenderText {#text} at (0,2) size 519x18
          text run at (0,2) width 519: "Font: HelveticaNeue-Italic Weight: 500 Style: normal \x{679C}\x{57CE}\x{7684}\x{7F8E}\x{8B7D}\x{3002}\x{4E2D}\x{56FD}\x{53E4}"
      RenderBlock {DIV} at (0,1992) size 769x24
        RenderText {#text} at (0,1) size 543x19
          text run at (0,1) width 543: "Font: HelveticaNeue-Italic Weight: 600 Style: normal \x{679C}\x{57CE}\x{7684}\x{7F8E}\x{8B7D}\x{3002}\x{4E2D}\x{56FD}\x{53E4}"
      RenderBlock {DIV} at (0,2016) size 769x24
        RenderText {#text} at (0,1) size 543x19
          text run at (0,1) width 543: "Font: HelveticaNeue-Italic Weight: 700 Style: normal \x{679C}\x{57CE}\x{7684}\x{7F8E}\x{8B7D}\x{3002}\x{4E2D}\x{56FD}\x{53E4}"
      RenderBlock {DIV} at (0,2040) size 769x24
        RenderText {#text} at (0,1) size 543x19
          text run at (0,1) width 543: "Font: HelveticaNeue-Italic Weight: 800 Style: normal \x{679C}\x{57CE}\x{7684}\x{7F8E}\x{8B7D}\x{3002}\x{4E2D}\x{56FD}\x{53E4}"
      RenderBlock {DIV} at (0,2064) size 769x24
        RenderText {#text} at (0,1) size 543x19
          text run at (0,1) width 543: "Font: HelveticaNeue-Italic Weight: 900 Style: normal \x{679C}\x{57CE}\x{7684}\x{7F8E}\x{8B7D}\x{3002}\x{4E2D}\x{56FD}\x{53E4}"
      RenderBlock {DIV} at (0,2088) size 769x24
        RenderText {#text} at (0,1) size 579x19
          text run at (0,1) width 579: "Font: HelveticaNeue-BoldItalic Weight: 100 Style: normal \x{679C}\x{57CE}\x{7684}\x{7F8E}\x{8B7D}\x{3002}\x{4E2D}\x{56FD}\x{53E4}"
      RenderBlock {DIV} at (0,2112) size 769x24
        RenderText {#text} at (0,1) size 579x19
          text run at (0,1) width 579: "Font: HelveticaNeue-BoldItalic Weight: 200 Style: normal \x{679C}\x{57CE}\x{7684}\x{7F8E}\x{8B7D}\x{3002}\x{4E2D}\x{56FD}\x{53E4}"
      RenderBlock {DIV} at (0,2136) size 769x24
        RenderText {#text} at (0,1) size 579x19
          text run at (0,1) width 579: "Font: HelveticaNeue-BoldItalic Weight: 300 Style: normal \x{679C}\x{57CE}\x{7684}\x{7F8E}\x{8B7D}\x{3002}\x{4E2D}\x{56FD}\x{53E4}"
      RenderBlock {DIV} at (0,2160) size 769x24
        RenderText {#text} at (0,1) size 579x19
          text run at (0,1) width 579: "Font: HelveticaNeue-BoldItalic Weight: 400 Style: normal \x{679C}\x{57CE}\x{7684}\x{7F8E}\x{8B7D}\x{3002}\x{4E2D}\x{56FD}\x{53E4}"
      RenderBlock {DIV} at (0,2184) size 769x24
        RenderText {#text} at (0,1) size 579x19
          text run at (0,1) width 579: "Font: HelveticaNeue-BoldItalic Weight: 500 Style: normal \x{679C}\x{57CE}\x{7684}\x{7F8E}\x{8B7D}\x{3002}\x{4E2D}\x{56FD}\x{53E4}"
      RenderBlock {DIV} at (0,2208) size 769x24
        RenderText {#text} at (0,1) size 579x19
          text run at (0,1) width 579: "Font: HelveticaNeue-BoldItalic Weight: 600 Style: normal \x{679C}\x{57CE}\x{7684}\x{7F8E}\x{8B7D}\x{3002}\x{4E2D}\x{56FD}\x{53E4}"
      RenderBlock {DIV} at (0,2232) size 769x24
        RenderText {#text} at (0,1) size 579x19
          text run at (0,1) width 579: "Font: HelveticaNeue-BoldItalic Weight: 700 Style: normal \x{679C}\x{57CE}\x{7684}\x{7F8E}\x{8B7D}\x{3002}\x{4E2D}\x{56FD}\x{53E4}"
      RenderBlock {DIV} at (0,2256) size 769x24
        RenderText {#text} at (0,1) size 579x19
          text run at (0,1) width 579: "Font: HelveticaNeue-BoldItalic Weight: 800 Style: normal \x{679C}\x{57CE}\x{7684}\x{7F8E}\x{8B7D}\x{3002}\x{4E2D}\x{56FD}\x{53E4}"
      RenderBlock {DIV} at (0,2280) size 769x24
        RenderText {#text} at (0,1) size 579x19
          text run at (0,1) width 579: "Font: HelveticaNeue-BoldItalic Weight: 900 Style: normal \x{679C}\x{57CE}\x{7684}\x{7F8E}\x{8B7D}\x{3002}\x{4E2D}\x{56FD}\x{53E4}"
      RenderBlock {DIV} at (0,2304) size 769x24
        RenderText {#text} at (0,2) size 435x18
          text run at (0,2) width 435: "Font: Helvetica Neue Weight: 100 Style: italic \x{679C}\x{57CE}\x{7684}\x{7F8E}\x{8B7D}\x{3002}\x{4E2D}\x{56FD}\x{53E4}"
      RenderBlock {DIV} at (0,2328) size 769x24
        RenderText {#text} at (0,2) size 457x18
          text run at (0,2) width 457: "Font: Helvetica Neue Weight: 200 Style: italic \x{679C}\x{57CE}\x{7684}\x{7F8E}\x{8B7D}\x{3002}\x{4E2D}\x{56FD}\x{53E4}"
      RenderBlock {DIV} at (0,2352) size 769x24
        RenderText {#text} at (0,2) size 457x18
          text run at (0,2) width 457: "Font: Helvetica Neue Weight: 300 Style: italic \x{679C}\x{57CE}\x{7684}\x{7F8E}\x{8B7D}\x{3002}\x{4E2D}\x{56FD}\x{53E4}"
      RenderBlock {DIV} at (0,2376) size 769x24
        RenderText {#text} at (0,2) size 468x18
          text run at (0,2) width 468: "Font: Helvetica Neue Weight: 400 Style: italic \x{679C}\x{57CE}\x{7684}\x{7F8E}\x{8B7D}\x{3002}\x{4E2D}\x{56FD}\x{53E4}"
      RenderBlock {DIV} at (0,2400) size 769x24
        RenderText {#text} at (0,2) size 468x18
          text run at (0,2) width 468: "Font: Helvetica Neue Weight: 500 Style: italic \x{679C}\x{57CE}\x{7684}\x{7F8E}\x{8B7D}\x{3002}\x{4E2D}\x{56FD}\x{53E4}"
      RenderBlock {DIV} at (0,2424) size 769x24
        RenderText {#text} at (0,1) size 488x19
          text run at (0,1) width 488: "Font: Helvetica Neue Weight: 600 Style: italic \x{679C}\x{57CE}\x{7684}\x{7F8E}\x{8B7D}\x{3002}\x{4E2D}\x{56FD}\x{53E4}"
      RenderBlock {DIV} at (0,2448) size 769x24
        RenderText {#text} at (0,1) size 488x19
          text run at (0,1) width 488: "Font: Helvetica Neue Weight: 700 Style: italic \x{679C}\x{57CE}\x{7684}\x{7F8E}\x{8B7D}\x{3002}\x{4E2D}\x{56FD}\x{53E4}"
      RenderBlock {DIV} at (0,2472) size 769x24
        RenderText {#text} at (0,1) size 488x19
          text run at (0,1) width 488: "Font: Helvetica Neue Weight: 800 Style: italic \x{679C}\x{57CE}\x{7684}\x{7F8E}\x{8B7D}\x{3002}\x{4E2D}\x{56FD}\x{53E4}"
      RenderBlock {DIV} at (0,2496) size 769x24
        RenderText {#text} at (0,1) size 488x19
          text run at (0,1) width 488: "Font: Helvetica Neue Weight: 900 Style: italic \x{679C}\x{57CE}\x{7684}\x{7F8E}\x{8B7D}\x{3002}\x{4E2D}\x{56FD}\x{53E4}"
      RenderBlock {DIV} at (0,2520) size 769x24
        RenderText {#text} at (0,2) size 494x18
          text run at (0,2) width 494: "Font: HelveticaNeue-UltraLight Weight: 100 Style: italic \x{679C}\x{57CE}\x{7684}\x{7F8E}\x{8B7D}\x{3002}\x{4E2D}\x{56FD}\x{53E4}"
      RenderBlock {DIV} at (0,2544) size 769x24
        RenderText {#text} at (0,2) size 524x18
          text run at (0,2) width 524: "Font: HelveticaNeue-UltraLight Weight: 200 Style: italic \x{679C}\x{57CE}\x{7684}\x{7F8E}\x{8B7D}\x{3002}\x{4E2D}\x{56FD}\x{53E4}"
      RenderBlock {DIV} at (0,2568) size 769x24
        RenderText {#text} at (0,2) size 524x18
          text run at (0,2) width 524: "Font: HelveticaNeue-UltraLight Weight: 300 Style: italic \x{679C}\x{57CE}\x{7684}\x{7F8E}\x{8B7D}\x{3002}\x{4E2D}\x{56FD}\x{53E4}"
      RenderBlock {DIV} at (0,2592) size 769x24
        RenderText {#text} at (0,2) size 539x18
          text run at (0,2) width 539: "Font: HelveticaNeue-UltraLight Weight: 400 Style: italic \x{679C}\x{57CE}\x{7684}\x{7F8E}\x{8B7D}\x{3002}\x{4E2D}\x{56FD}\x{53E4}"
      RenderBlock {DIV} at (0,2616) size 769x24
        RenderText {#text} at (0,2) size 539x18
          text run at (0,2) width 539: "Font: HelveticaNeue-UltraLight Weight: 500 Style: italic \x{679C}\x{57CE}\x{7684}\x{7F8E}\x{8B7D}\x{3002}\x{4E2D}\x{56FD}\x{53E4}"
      RenderBlock {DIV} at (0,2640) size 769x24
        RenderText {#text} at (0,1) size 567x19
          text run at (0,1) width 567: "Font: HelveticaNeue-UltraLight Weight: 600 Style: italic \x{679C}\x{57CE}\x{7684}\x{7F8E}\x{8B7D}\x{3002}\x{4E2D}\x{56FD}\x{53E4}"
      RenderBlock {DIV} at (0,2664) size 769x24
        RenderText {#text} at (0,1) size 567x19
          text run at (0,1) width 567: "Font: HelveticaNeue-UltraLight Weight: 700 Style: italic \x{679C}\x{57CE}\x{7684}\x{7F8E}\x{8B7D}\x{3002}\x{4E2D}\x{56FD}\x{53E4}"
      RenderBlock {DIV} at (0,2688) size 769x24
        RenderText {#text} at (0,1) size 567x19
          text run at (0,1) width 567: "Font: HelveticaNeue-UltraLight Weight: 800 Style: italic \x{679C}\x{57CE}\x{7684}\x{7F8E}\x{8B7D}\x{3002}\x{4E2D}\x{56FD}\x{53E4}"
      RenderBlock {DIV} at (0,2712) size 769x24
        RenderText {#text} at (0,1) size 567x19
          text run at (0,1) width 567: "Font: HelveticaNeue-UltraLight Weight: 900 Style: italic \x{679C}\x{57CE}\x{7684}\x{7F8E}\x{8B7D}\x{3002}\x{4E2D}\x{56FD}\x{53E4}"
      RenderBlock {DIV} at (0,2736) size 769x24
        RenderText {#text} at (0,2) size 466x18
          text run at (0,2) width 466: "Font: HelveticaNeue-Light Weight: 100 Style: italic \x{679C}\x{57CE}\x{7684}\x{7F8E}\x{8B7D}\x{3002}\x{4E2D}\x{56FD}\x{53E4}"
      RenderBlock {DIV} at (0,2760) size 769x24
        RenderText {#text} at (0,2) size 492x18
          text run at (0,2) width 492: "Font: HelveticaNeue-Light Weight: 200 Style: italic \x{679C}\x{57CE}\x{7684}\x{7F8E}\x{8B7D}\x{3002}\x{4E2D}\x{56FD}\x{53E4}"
      RenderBlock {DIV} at (0,2784) size 769x24
        RenderText {#text} at (0,2) size 492x18
          text run at (0,2) width 492: "Font: HelveticaNeue-Light Weight: 300 Style: italic \x{679C}\x{57CE}\x{7684}\x{7F8E}\x{8B7D}\x{3002}\x{4E2D}\x{56FD}\x{53E4}"
      RenderBlock {DIV} at (0,2808) size 769x24
        RenderText {#text} at (0,2) size 505x18
          text run at (0,2) width 505: "Font: HelveticaNeue-Light Weight: 400 Style: italic \x{679C}\x{57CE}\x{7684}\x{7F8E}\x{8B7D}\x{3002}\x{4E2D}\x{56FD}\x{53E4}"
      RenderBlock {DIV} at (0,2832) size 769x24
        RenderText {#text} at (0,2) size 505x18
          text run at (0,2) width 505: "Font: HelveticaNeue-Light Weight: 500 Style: italic \x{679C}\x{57CE}\x{7684}\x{7F8E}\x{8B7D}\x{3002}\x{4E2D}\x{56FD}\x{53E4}"
      RenderBlock {DIV} at (0,2856) size 769x24
        RenderText {#text} at (0,1) size 529x19
          text run at (0,1) width 529: "Font: HelveticaNeue-Light Weight: 600 Style: italic \x{679C}\x{57CE}\x{7684}\x{7F8E}\x{8B7D}\x{3002}\x{4E2D}\x{56FD}\x{53E4}"
      RenderBlock {DIV} at (0,2880) size 769x24
        RenderText {#text} at (0,1) size 529x19
          text run at (0,1) width 529: "Font: HelveticaNeue-Light Weight: 700 Style: italic \x{679C}\x{57CE}\x{7684}\x{7F8E}\x{8B7D}\x{3002}\x{4E2D}\x{56FD}\x{53E4}"
      RenderBlock {DIV} at (0,2904) size 769x24
        RenderText {#text} at (0,1) size 529x19
          text run at (0,1) width 529: "Font: HelveticaNeue-Light Weight: 800 Style: italic \x{679C}\x{57CE}\x{7684}\x{7F8E}\x{8B7D}\x{3002}\x{4E2D}\x{56FD}\x{53E4}"
      RenderBlock {DIV} at (0,2928) size 769x24
        RenderText {#text} at (0,1) size 529x19
          text run at (0,1) width 529: "Font: HelveticaNeue-Light Weight: 900 Style: italic \x{679C}\x{57CE}\x{7684}\x{7F8E}\x{8B7D}\x{3002}\x{4E2D}\x{56FD}\x{53E4}"
      RenderBlock {DIV} at (0,2952) size 769x24
        RenderText {#text} at (0,2) size 431x18
          text run at (0,2) width 431: "Font: HelveticaNeue Weight: 100 Style: italic \x{679C}\x{57CE}\x{7684}\x{7F8E}\x{8B7D}\x{3002}\x{4E2D}\x{56FD}\x{53E4}"
      RenderBlock {DIV} at (0,2976) size 769x24
        RenderText {#text} at (0,2) size 452x18
          text run at (0,2) width 452: "Font: HelveticaNeue Weight: 200 Style: italic \x{679C}\x{57CE}\x{7684}\x{7F8E}\x{8B7D}\x{3002}\x{4E2D}\x{56FD}\x{53E4}"
      RenderBlock {DIV} at (0,3000) size 769x24
        RenderText {#text} at (0,2) size 452x18
          text run at (0,2) width 452: "Font: HelveticaNeue Weight: 300 Style: italic \x{679C}\x{57CE}\x{7684}\x{7F8E}\x{8B7D}\x{3002}\x{4E2D}\x{56FD}\x{53E4}"
      RenderBlock {DIV} at (0,3024) size 769x24
        RenderText {#text} at (0,2) size 464x18
          text run at (0,2) width 464: "Font: HelveticaNeue Weight: 400 Style: italic \x{679C}\x{57CE}\x{7684}\x{7F8E}\x{8B7D}\x{3002}\x{4E2D}\x{56FD}\x{53E4}"
      RenderBlock {DIV} at (0,3048) size 769x24
        RenderText {#text} at (0,2) size 464x18
          text run at (0,2) width 464: "Font: HelveticaNeue Weight: 500 Style: italic \x{679C}\x{57CE}\x{7684}\x{7F8E}\x{8B7D}\x{3002}\x{4E2D}\x{56FD}\x{53E4}"
      RenderBlock {DIV} at (0,3072) size 769x24
        RenderText {#text} at (0,1) size 484x19
          text run at (0,1) width 484: "Font: HelveticaNeue Weight: 600 Style: italic \x{679C}\x{57CE}\x{7684}\x{7F8E}\x{8B7D}\x{3002}\x{4E2D}\x{56FD}\x{53E4}"
      RenderBlock {DIV} at (0,3096) size 769x24
        RenderText {#text} at (0,1) size 484x19
          text run at (0,1) width 484: "Font: HelveticaNeue Weight: 700 Style: italic \x{679C}\x{57CE}\x{7684}\x{7F8E}\x{8B7D}\x{3002}\x{4E2D}\x{56FD}\x{53E4}"
      RenderBlock {DIV} at (0,3120) size 769x24
        RenderText {#text} at (0,1) size 484x19
          text run at (0,1) width 484: "Font: HelveticaNeue Weight: 800 Style: italic \x{679C}\x{57CE}\x{7684}\x{7F8E}\x{8B7D}\x{3002}\x{4E2D}\x{56FD}\x{53E4}"
      RenderBlock {DIV} at (0,3144) size 769x24
        RenderText {#text} at (0,1) size 484x19
          text run at (0,1) width 484: "Font: HelveticaNeue Weight: 900 Style: italic \x{679C}\x{57CE}\x{7684}\x{7F8E}\x{8B7D}\x{3002}\x{4E2D}\x{56FD}\x{53E4}"
      RenderBlock {DIV} at (0,3168) size 769x24
        RenderText {#text} at (0,2) size 488x18
          text run at (0,2) width 488: "Font: HelveticaNeue-Medium Weight: 100 Style: italic \x{679C}\x{57CE}\x{7684}\x{7F8E}\x{8B7D}\x{3002}\x{4E2D}\x{56FD}\x{53E4}"
      RenderBlock {DIV} at (0,3192) size 769x24
        RenderText {#text} at (0,2) size 514x18
          text run at (0,2) width 514: "Font: HelveticaNeue-Medium Weight: 200 Style: italic \x{679C}\x{57CE}\x{7684}\x{7F8E}\x{8B7D}\x{3002}\x{4E2D}\x{56FD}\x{53E4}"
      RenderBlock {DIV} at (0,3216) size 769x24
        RenderText {#text} at (0,2) size 514x18
          text run at (0,2) width 514: "Font: HelveticaNeue-Medium Weight: 300 Style: italic \x{679C}\x{57CE}\x{7684}\x{7F8E}\x{8B7D}\x{3002}\x{4E2D}\x{56FD}\x{53E4}"
      RenderBlock {DIV} at (0,3240) size 769x24
        RenderText {#text} at (0,2) size 528x18
          text run at (0,2) width 528: "Font: HelveticaNeue-Medium Weight: 400 Style: italic \x{679C}\x{57CE}\x{7684}\x{7F8E}\x{8B7D}\x{3002}\x{4E2D}\x{56FD}\x{53E4}"
      RenderBlock {DIV} at (0,3264) size 769x24
        RenderText {#text} at (0,2) size 528x18
          text run at (0,2) width 528: "Font: HelveticaNeue-Medium Weight: 500 Style: italic \x{679C}\x{57CE}\x{7684}\x{7F8E}\x{8B7D}\x{3002}\x{4E2D}\x{56FD}\x{53E4}"
      RenderBlock {DIV} at (0,3288) size 769x24
        RenderText {#text} at (0,1) size 552x19
          text run at (0,1) width 552: "Font: HelveticaNeue-Medium Weight: 600 Style: italic \x{679C}\x{57CE}\x{7684}\x{7F8E}\x{8B7D}\x{3002}\x{4E2D}\x{56FD}\x{53E4}"
      RenderBlock {DIV} at (0,3312) size 769x24
        RenderText {#text} at (0,1) size 552x19
          text run at (0,1) width 552: "Font: HelveticaNeue-Medium Weight: 700 Style: italic \x{679C}\x{57CE}\x{7684}\x{7F8E}\x{8B7D}\x{3002}\x{4E2D}\x{56FD}\x{53E4}"
      RenderBlock {DIV} at (0,3336) size 769x24
        RenderText {#text} at (0,1) size 552x19
          text run at (0,1) width 552: "Font: HelveticaNeue-Medium Weight: 800 Style: italic \x{679C}\x{57CE}\x{7684}\x{7F8E}\x{8B7D}\x{3002}\x{4E2D}\x{56FD}\x{53E4}"
      RenderBlock {DIV} at (0,3360) size 769x24
        RenderText {#text} at (0,1) size 552x19
          text run at (0,1) width 552: "Font: HelveticaNeue-Medium Weight: 900 Style: italic \x{679C}\x{57CE}\x{7684}\x{7F8E}\x{8B7D}\x{3002}\x{4E2D}\x{56FD}\x{53E4}"
      RenderBlock {DIV} at (0,3384) size 769x24
        RenderText {#text} at (0,2) size 465x18
          text run at (0,2) width 465: "Font: HelveticaNeue-Bold Weight: 100 Style: italic \x{679C}\x{57CE}\x{7684}\x{7F8E}\x{8B7D}\x{3002}\x{4E2D}\x{56FD}\x{53E4}"
      RenderBlock {DIV} at (0,3408) size 769x24
        RenderText {#text} at (0,2) size 490x18
          text run at (0,2) width 490: "Font: HelveticaNeue-Bold Weight: 200 Style: italic \x{679C}\x{57CE}\x{7684}\x{7F8E}\x{8B7D}\x{3002}\x{4E2D}\x{56FD}\x{53E4}"
      RenderBlock {DIV} at (0,3432) size 769x24
        RenderText {#text} at (0,2) size 490x18
          text run at (0,2) width 490: "Font: HelveticaNeue-Bold Weight: 300 Style: italic \x{679C}\x{57CE}\x{7684}\x{7F8E}\x{8B7D}\x{3002}\x{4E2D}\x{56FD}\x{53E4}"
      RenderBlock {DIV} at (0,3456) size 769x24
        RenderText {#text} at (0,2) size 503x18
          text run at (0,2) width 503: "Font: HelveticaNeue-Bold Weight: 400 Style: italic \x{679C}\x{57CE}\x{7684}\x{7F8E}\x{8B7D}\x{3002}\x{4E2D}\x{56FD}\x{53E4}"
      RenderBlock {DIV} at (0,3480) size 769x24
        RenderText {#text} at (0,2) size 503x18
          text run at (0,2) width 503: "Font: HelveticaNeue-Bold Weight: 500 Style: italic \x{679C}\x{57CE}\x{7684}\x{7F8E}\x{8B7D}\x{3002}\x{4E2D}\x{56FD}\x{53E4}"
      RenderBlock {DIV} at (0,3504) size 769x24
        RenderText {#text} at (0,1) size 526x19
          text run at (0,1) width 526: "Font: HelveticaNeue-Bold Weight: 600 Style: italic \x{679C}\x{57CE}\x{7684}\x{7F8E}\x{8B7D}\x{3002}\x{4E2D}\x{56FD}\x{53E4}"
      RenderBlock {DIV} at (0,3528) size 769x24
        RenderText {#text} at (0,1) size 526x19
          text run at (0,1) width 526: "Font: HelveticaNeue-Bold Weight: 700 Style: italic \x{679C}\x{57CE}\x{7684}\x{7F8E}\x{8B7D}\x{3002}\x{4E2D}\x{56FD}\x{53E4}"
      RenderBlock {DIV} at (0,3552) size 769x24
        RenderText {#text} at (0,1) size 526x19
          text run at (0,1) width 526: "Font: HelveticaNeue-Bold Weight: 800 Style: italic \x{679C}\x{57CE}\x{7684}\x{7F8E}\x{8B7D}\x{3002}\x{4E2D}\x{56FD}\x{53E4}"
      RenderBlock {DIV} at (0,3576) size 769x24
        RenderText {#text} at (0,1) size 526x19
          text run at (0,1) width 526: "Font: HelveticaNeue-Bold Weight: 900 Style: italic \x{679C}\x{57CE}\x{7684}\x{7F8E}\x{8B7D}\x{3002}\x{4E2D}\x{56FD}\x{53E4}"
      RenderBlock {DIV} at (0,3600) size 769x24
        RenderText {#text} at (0,2) size 520x18
          text run at (0,2) width 520: "Font: HelveticaNeue-UltraLightItalic Weight: 100 Style: italic \x{679C}\x{57CE}\x{7684}\x{7F8E}\x{8B7D}\x{3002}\x{4E2D}\x{56FD}\x{53E4}"
      RenderBlock {DIV} at (0,3624) size 769x24
        RenderText {#text} at (0,2) size 520x18
          text run at (0,2) width 520: "Font: HelveticaNeue-UltraLightItalic Weight: 200 Style: italic \x{679C}\x{57CE}\x{7684}\x{7F8E}\x{8B7D}\x{3002}\x{4E2D}\x{56FD}\x{53E4}"
      RenderBlock {DIV} at (0,3648) size 769x24
        RenderText {#text} at (0,2) size 520x18
          text run at (0,2) width 520: "Font: HelveticaNeue-UltraLightItalic Weight: 300 Style: italic \x{679C}\x{57CE}\x{7684}\x{7F8E}\x{8B7D}\x{3002}\x{4E2D}\x{56FD}\x{53E4}"
      RenderBlock {DIV} at (0,3672) size 769x24
        RenderText {#text} at (0,2) size 520x18
          text run at (0,2) width 520: "Font: HelveticaNeue-UltraLightItalic Weight: 400 Style: italic \x{679C}\x{57CE}\x{7684}\x{7F8E}\x{8B7D}\x{3002}\x{4E2D}\x{56FD}\x{53E4}"
      RenderBlock {DIV} at (0,3696) size 769x24
        RenderText {#text} at (0,2) size 520x18
          text run at (0,2) width 520: "Font: HelveticaNeue-UltraLightItalic Weight: 500 Style: italic \x{679C}\x{57CE}\x{7684}\x{7F8E}\x{8B7D}\x{3002}\x{4E2D}\x{56FD}\x{53E4}"
      RenderBlock {DIV} at (0,3720) size 769x24
        RenderText {#text} at (0,1) size 604x19
          text run at (0,1) width 604: "Font: HelveticaNeue-UltraLightItalic Weight: 600 Style: italic \x{679C}\x{57CE}\x{7684}\x{7F8E}\x{8B7D}\x{3002}\x{4E2D}\x{56FD}\x{53E4}"
      RenderBlock {DIV} at (0,3744) size 769x24
        RenderText {#text} at (0,1) size 604x19
          text run at (0,1) width 604: "Font: HelveticaNeue-UltraLightItalic Weight: 700 Style: italic \x{679C}\x{57CE}\x{7684}\x{7F8E}\x{8B7D}\x{3002}\x{4E2D}\x{56FD}\x{53E4}"
      RenderBlock {DIV} at (0,3768) size 769x24
        RenderText {#text} at (0,1) size 604x19
          text run at (0,1) width 604: "Font: HelveticaNeue-UltraLightItalic Weight: 800 Style: italic \x{679C}\x{57CE}\x{7684}\x{7F8E}\x{8B7D}\x{3002}\x{4E2D}\x{56FD}\x{53E4}"
      RenderBlock {DIV} at (0,3792) size 769x24
        RenderText {#text} at (0,1) size 604x19
          text run at (0,1) width 604: "Font: HelveticaNeue-UltraLightItalic Weight: 900 Style: italic \x{679C}\x{57CE}\x{7684}\x{7F8E}\x{8B7D}\x{3002}\x{4E2D}\x{56FD}\x{53E4}"
      RenderBlock {DIV} at (0,3816) size 769x24
        RenderText {#text} at (0,2) size 523x18
          text run at (0,2) width 523: "Font: HelveticaNeue-LightItalic Weight: 100 Style: italic \x{679C}\x{57CE}\x{7684}\x{7F8E}\x{8B7D}\x{3002}\x{4E2D}\x{56FD}\x{53E4}"
      RenderBlock {DIV} at (0,3840) size 769x24
        RenderText {#text} at (0,2) size 523x18
          text run at (0,2) width 523: "Font: HelveticaNeue-LightItalic Weight: 200 Style: italic \x{679C}\x{57CE}\x{7684}\x{7F8E}\x{8B7D}\x{3002}\x{4E2D}\x{56FD}\x{53E4}"
      RenderBlock {DIV} at (0,3864) size 769x24
        RenderText {#text} at (0,2) size 523x18
          text run at (0,2) width 523: "Font: HelveticaNeue-LightItalic Weight: 300 Style: italic \x{679C}\x{57CE}\x{7684}\x{7F8E}\x{8B7D}\x{3002}\x{4E2D}\x{56FD}\x{53E4}"
      RenderBlock {DIV} at (0,3888) size 769x24
        RenderText {#text} at (0,2) size 523x18
          text run at (0,2) width 523: "Font: HelveticaNeue-LightItalic Weight: 400 Style: italic \x{679C}\x{57CE}\x{7684}\x{7F8E}\x{8B7D}\x{3002}\x{4E2D}\x{56FD}\x{53E4}"
      RenderBlock {DIV} at (0,3912) size 769x24
        RenderText {#text} at (0,2) size 523x18
          text run at (0,2) width 523: "Font: HelveticaNeue-LightItalic Weight: 500 Style: italic \x{679C}\x{57CE}\x{7684}\x{7F8E}\x{8B7D}\x{3002}\x{4E2D}\x{56FD}\x{53E4}"
      RenderBlock {DIV} at (0,3936) size 769x24
        RenderText {#text} at (0,1) size 566x19
          text run at (0,1) width 566: "Font: HelveticaNeue-LightItalic Weight: 600 Style: italic \x{679C}\x{57CE}\x{7684}\x{7F8E}\x{8B7D}\x{3002}\x{4E2D}\x{56FD}\x{53E4}"
      RenderBlock {DIV} at (0,3960) size 769x24
        RenderText {#text} at (0,1) size 566x19
          text run at (0,1) width 566: "Font: HelveticaNeue-LightItalic Weight: 700 Style: italic \x{679C}\x{57CE}\x{7684}\x{7F8E}\x{8B7D}\x{3002}\x{4E2D}\x{56FD}\x{53E4}"
      RenderBlock {DIV} at (0,3984) size 769x24
        RenderText {#text} at (0,1) size 566x19
          text run at (0,1) width 566: "Font: HelveticaNeue-LightItalic Weight: 800 Style: italic \x{679C}\x{57CE}\x{7684}\x{7F8E}\x{8B7D}\x{3002}\x{4E2D}\x{56FD}\x{53E4}"
      RenderBlock {DIV} at (0,4008) size 769x24
        RenderText {#text} at (0,1) size 566x19
          text run at (0,1) width 566: "Font: HelveticaNeue-LightItalic Weight: 900 Style: italic \x{679C}\x{57CE}\x{7684}\x{7F8E}\x{8B7D}\x{3002}\x{4E2D}\x{56FD}\x{53E4}"
      RenderBlock {DIV} at (0,4032) size 769x24
        RenderText {#text} at (0,2) size 503x18
          text run at (0,2) width 503: "Font: HelveticaNeue-Italic Weight: 100 Style: italic \x{679C}\x{57CE}\x{7684}\x{7F8E}\x{8B7D}\x{3002}\x{4E2D}\x{56FD}\x{53E4}"
      RenderBlock {DIV} at (0,4056) size 769x24
        RenderText {#text} at (0,2) size 503x18
          text run at (0,2) width 503: "Font: HelveticaNeue-Italic Weight: 200 Style: italic \x{679C}\x{57CE}\x{7684}\x{7F8E}\x{8B7D}\x{3002}\x{4E2D}\x{56FD}\x{53E4}"
      RenderBlock {DIV} at (0,4080) size 769x24
        RenderText {#text} at (0,2) size 503x18
          text run at (0,2) width 503: "Font: HelveticaNeue-Italic Weight: 300 Style: italic \x{679C}\x{57CE}\x{7684}\x{7F8E}\x{8B7D}\x{3002}\x{4E2D}\x{56FD}\x{53E4}"
      RenderBlock {DIV} at (0,4104) size 769x24
        RenderText {#text} at (0,2) size 503x18
          text run at (0,2) width 503: "Font: HelveticaNeue-Italic Weight: 400 Style: italic \x{679C}\x{57CE}\x{7684}\x{7F8E}\x{8B7D}\x{3002}\x{4E2D}\x{56FD}\x{53E4}"
      RenderBlock {DIV} at (0,4128) size 769x24
        RenderText {#text} at (0,2) size 503x18
          text run at (0,2) width 503: "Font: HelveticaNeue-Italic Weight: 500 Style: italic \x{679C}\x{57CE}\x{7684}\x{7F8E}\x{8B7D}\x{3002}\x{4E2D}\x{56FD}\x{53E4}"
      RenderBlock {DIV} at (0,4152) size 769x24
        RenderText {#text} at (0,1) size 528x19
          text run at (0,1) width 528: "Font: HelveticaNeue-Italic Weight: 600 Style: italic \x{679C}\x{57CE}\x{7684}\x{7F8E}\x{8B7D}\x{3002}\x{4E2D}\x{56FD}\x{53E4}"
      RenderBlock {DIV} at (0,4176) size 769x24
        RenderText {#text} at (0,1) size 528x19
          text run at (0,1) width 528: "Font: HelveticaNeue-Italic Weight: 700 Style: italic \x{679C}\x{57CE}\x{7684}\x{7F8E}\x{8B7D}\x{3002}\x{4E2D}\x{56FD}\x{53E4}"
      RenderBlock {DIV} at (0,4200) size 769x24
        RenderText {#text} at (0,1) size 528x19
          text run at (0,1) width 528: "Font: HelveticaNeue-Italic Weight: 800 Style: italic \x{679C}\x{57CE}\x{7684}\x{7F8E}\x{8B7D}\x{3002}\x{4E2D}\x{56FD}\x{53E4}"
      RenderBlock {DIV} at (0,4224) size 769x24
        RenderText {#text} at (0,1) size 528x19
          text run at (0,1) width 528: "Font: HelveticaNeue-Italic Weight: 900 Style: italic \x{679C}\x{57CE}\x{7684}\x{7F8E}\x{8B7D}\x{3002}\x{4E2D}\x{56FD}\x{53E4}"
      RenderBlock {DIV} at (0,4248) size 769x24
        RenderText {#text} at (0,1) size 563x19
          text run at (0,1) width 563: "Font: HelveticaNeue-BoldItalic Weight: 100 Style: italic \x{679C}\x{57CE}\x{7684}\x{7F8E}\x{8B7D}\x{3002}\x{4E2D}\x{56FD}\x{53E4}"
      RenderBlock {DIV} at (0,4272) size 769x24
        RenderText {#text} at (0,1) size 563x19
          text run at (0,1) width 563: "Font: HelveticaNeue-BoldItalic Weight: 200 Style: italic \x{679C}\x{57CE}\x{7684}\x{7F8E}\x{8B7D}\x{3002}\x{4E2D}\x{56FD}\x{53E4}"
      RenderBlock {DIV} at (0,4296) size 769x24
        RenderText {#text} at (0,1) size 563x19
          text run at (0,1) width 563: "Font: HelveticaNeue-BoldItalic Weight: 300 Style: italic \x{679C}\x{57CE}\x{7684}\x{7F8E}\x{8B7D}\x{3002}\x{4E2D}\x{56FD}\x{53E4}"
      RenderBlock {DIV} at (0,4320) size 769x24
        RenderText {#text} at (0,1) size 563x19
          text run at (0,1) width 563: "Font: HelveticaNeue-BoldItalic Weight: 400 Style: italic \x{679C}\x{57CE}\x{7684}\x{7F8E}\x{8B7D}\x{3002}\x{4E2D}\x{56FD}\x{53E4}"
      RenderBlock {DIV} at (0,4344) size 769x24
        RenderText {#text} at (0,1) size 563x19
          text run at (0,1) width 563: "Font: HelveticaNeue-BoldItalic Weight: 500 Style: italic \x{679C}\x{57CE}\x{7684}\x{7F8E}\x{8B7D}\x{3002}\x{4E2D}\x{56FD}\x{53E4}"
      RenderBlock {DIV} at (0,4368) size 769x24
        RenderText {#text} at (0,1) size 563x19
          text run at (0,1) width 563: "Font: HelveticaNeue-BoldItalic Weight: 600 Style: italic \x{679C}\x{57CE}\x{7684}\x{7F8E}\x{8B7D}\x{3002}\x{4E2D}\x{56FD}\x{53E4}"
      RenderBlock {DIV} at (0,4392) size 769x24
        RenderText {#text} at (0,1) size 563x19
          text run at (0,1) width 563: "Font: HelveticaNeue-BoldItalic Weight: 700 Style: italic \x{679C}\x{57CE}\x{7684}\x{7F8E}\x{8B7D}\x{3002}\x{4E2D}\x{56FD}\x{53E4}"
      RenderBlock {DIV} at (0,4416) size 769x24
        RenderText {#text} at (0,1) size 563x19
          text run at (0,1) width 563: "Font: HelveticaNeue-BoldItalic Weight: 800 Style: italic \x{679C}\x{57CE}\x{7684}\x{7F8E}\x{8B7D}\x{3002}\x{4E2D}\x{56FD}\x{53E4}"
      RenderBlock {DIV} at (0,4440) size 769x24
        RenderText {#text} at (0,1) size 563x19
          text run at (0,1) width 563: "Font: HelveticaNeue-BoldItalic Weight: 900 Style: italic \x{679C}\x{57CE}\x{7684}\x{7F8E}\x{8B7D}\x{3002}\x{4E2D}\x{56FD}\x{53E4}"
      RenderBlock {DIV} at (0,4464) size 769x24
        RenderText {#text} at (0,3) size 402x18
          text run at (0,3) width 402: "Font: Avenir Weight: 100 Style: normal \x{679C}\x{57CE}\x{7684}\x{7F8E}\x{8B7D}\x{3002}\x{4E2D}\x{56FD}\x{53E4}"
      RenderBlock {DIV} at (0,4488) size 769x24
        RenderText {#text} at (0,3) size 402x18
          text run at (0,3) width 402: "Font: Avenir Weight: 200 Style: normal \x{679C}\x{57CE}\x{7684}\x{7F8E}\x{8B7D}\x{3002}\x{4E2D}\x{56FD}\x{53E4}"
      RenderBlock {DIV} at (0,4512) size 769x24
        RenderText {#text} at (0,3) size 402x18
          text run at (0,3) width 402: "Font: Avenir Weight: 300 Style: normal \x{679C}\x{57CE}\x{7684}\x{7F8E}\x{8B7D}\x{3002}\x{4E2D}\x{56FD}\x{53E4}"
      RenderBlock {DIV} at (0,4536) size 769x24
        RenderText {#text} at (0,3) size 402x18
          text run at (0,3) width 402: "Font: Avenir Weight: 400 Style: normal \x{679C}\x{57CE}\x{7684}\x{7F8E}\x{8B7D}\x{3002}\x{4E2D}\x{56FD}\x{53E4}"
      RenderBlock {DIV} at (0,4560) size 769x24
        RenderText {#text} at (0,3) size 402x18
          text run at (0,3) width 402: "Font: Avenir Weight: 500 Style: normal \x{679C}\x{57CE}\x{7684}\x{7F8E}\x{8B7D}\x{3002}\x{4E2D}\x{56FD}\x{53E4}"
      RenderBlock {DIV} at (0,4584) size 769x24
        RenderText {#text} at (0,3) size 419x18
          text run at (0,3) width 419: "Font: Avenir Weight: 600 Style: normal \x{679C}\x{57CE}\x{7684}\x{7F8E}\x{8B7D}\x{3002}\x{4E2D}\x{56FD}\x{53E4}"
      RenderBlock {DIV} at (0,4608) size 769x24
        RenderText {#text} at (0,3) size 419x18
          text run at (0,3) width 419: "Font: Avenir Weight: 700 Style: normal \x{679C}\x{57CE}\x{7684}\x{7F8E}\x{8B7D}\x{3002}\x{4E2D}\x{56FD}\x{53E4}"
      RenderBlock {DIV} at (0,4632) size 769x24
        RenderText {#text} at (0,3) size 419x18
          text run at (0,3) width 419: "Font: Avenir Weight: 800 Style: normal \x{679C}\x{57CE}\x{7684}\x{7F8E}\x{8B7D}\x{3002}\x{4E2D}\x{56FD}\x{53E4}"
      RenderBlock {DIV} at (0,4656) size 769x24
        RenderText {#text} at (0,3) size 419x18
          text run at (0,3) width 419: "Font: Avenir Weight: 900 Style: normal \x{679C}\x{57CE}\x{7684}\x{7F8E}\x{8B7D}\x{3002}\x{4E2D}\x{56FD}\x{53E4}"
      RenderBlock {DIV} at (0,4680) size 769x24
        RenderText {#text} at (0,3) size 442x18
          text run at (0,3) width 442: "Font: Avenir-Light Weight: 100 Style: normal \x{679C}\x{57CE}\x{7684}\x{7F8E}\x{8B7D}\x{3002}\x{4E2D}\x{56FD}\x{53E4}"
      RenderBlock {DIV} at (0,4704) size 769x24
        RenderText {#text} at (0,3) size 442x18
          text run at (0,3) width 442: "Font: Avenir-Light Weight: 200 Style: normal \x{679C}\x{57CE}\x{7684}\x{7F8E}\x{8B7D}\x{3002}\x{4E2D}\x{56FD}\x{53E4}"
      RenderBlock {DIV} at (0,4728) size 769x24
        RenderText {#text} at (0,3) size 442x18
          text run at (0,3) width 442: "Font: Avenir-Light Weight: 300 Style: normal \x{679C}\x{57CE}\x{7684}\x{7F8E}\x{8B7D}\x{3002}\x{4E2D}\x{56FD}\x{53E4}"
      RenderBlock {DIV} at (0,4752) size 769x24
        RenderText {#text} at (0,3) size 442x18
          text run at (0,3) width 442: "Font: Avenir-Light Weight: 400 Style: normal \x{679C}\x{57CE}\x{7684}\x{7F8E}\x{8B7D}\x{3002}\x{4E2D}\x{56FD}\x{53E4}"
      RenderBlock {DIV} at (0,4776) size 769x24
        RenderText {#text} at (0,3) size 442x18
          text run at (0,3) width 442: "Font: Avenir-Light Weight: 500 Style: normal \x{679C}\x{57CE}\x{7684}\x{7F8E}\x{8B7D}\x{3002}\x{4E2D}\x{56FD}\x{53E4}"
      RenderBlock {DIV} at (0,4800) size 769x24
        RenderText {#text} at (0,3) size 461x18
          text run at (0,3) width 461: "Font: Avenir-Light Weight: 600 Style: normal \x{679C}\x{57CE}\x{7684}\x{7F8E}\x{8B7D}\x{3002}\x{4E2D}\x{56FD}\x{53E4}"
      RenderBlock {DIV} at (0,4824) size 769x24
        RenderText {#text} at (0,3) size 461x18
          text run at (0,3) width 461: "Font: Avenir-Light Weight: 700 Style: normal \x{679C}\x{57CE}\x{7684}\x{7F8E}\x{8B7D}\x{3002}\x{4E2D}\x{56FD}\x{53E4}"
      RenderBlock {DIV} at (0,4848) size 769x24
        RenderText {#text} at (0,3) size 461x18
          text run at (0,3) width 461: "Font: Avenir-Light Weight: 800 Style: normal \x{679C}\x{57CE}\x{7684}\x{7F8E}\x{8B7D}\x{3002}\x{4E2D}\x{56FD}\x{53E4}"
      RenderBlock {DIV} at (0,4872) size 769x24
        RenderText {#text} at (0,3) size 461x18
          text run at (0,3) width 461: "Font: Avenir-Light Weight: 900 Style: normal \x{679C}\x{57CE}\x{7684}\x{7F8E}\x{8B7D}\x{3002}\x{4E2D}\x{56FD}\x{53E4}"
      RenderBlock {DIV} at (0,4896) size 769x24
        RenderText {#text} at (0,3) size 442x18
          text run at (0,3) width 442: "Font: Avenir-Book Weight: 100 Style: normal \x{679C}\x{57CE}\x{7684}\x{7F8E}\x{8B7D}\x{3002}\x{4E2D}\x{56FD}\x{53E4}"
      RenderBlock {DIV} at (0,4920) size 769x24
        RenderText {#text} at (0,3) size 442x18
          text run at (0,3) width 442: "Font: Avenir-Book Weight: 200 Style: normal \x{679C}\x{57CE}\x{7684}\x{7F8E}\x{8B7D}\x{3002}\x{4E2D}\x{56FD}\x{53E4}"
      RenderBlock {DIV} at (0,4944) size 769x24
        RenderText {#text} at (0,3) size 442x18
          text run at (0,3) width 442: "Font: Avenir-Book Weight: 300 Style: normal \x{679C}\x{57CE}\x{7684}\x{7F8E}\x{8B7D}\x{3002}\x{4E2D}\x{56FD}\x{53E4}"
      RenderBlock {DIV} at (0,4968) size 769x24
        RenderText {#text} at (0,3) size 442x18
          text run at (0,3) width 442: "Font: Avenir-Book Weight: 400 Style: normal \x{679C}\x{57CE}\x{7684}\x{7F8E}\x{8B7D}\x{3002}\x{4E2D}\x{56FD}\x{53E4}"
      RenderBlock {DIV} at (0,4992) size 769x24
        RenderText {#text} at (0,3) size 442x18
          text run at (0,3) width 442: "Font: Avenir-Book Weight: 500 Style: normal \x{679C}\x{57CE}\x{7684}\x{7F8E}\x{8B7D}\x{3002}\x{4E2D}\x{56FD}\x{53E4}"
      RenderBlock {DIV} at (0,5016) size 769x24
        RenderText {#text} at (0,3) size 459x18
          text run at (0,3) width 459: "Font: Avenir-Book Weight: 600 Style: normal \x{679C}\x{57CE}\x{7684}\x{7F8E}\x{8B7D}\x{3002}\x{4E2D}\x{56FD}\x{53E4}"
      RenderBlock {DIV} at (0,5040) size 769x24
        RenderText {#text} at (0,3) size 459x18
          text run at (0,3) width 459: "Font: Avenir-Book Weight: 700 Style: normal \x{679C}\x{57CE}\x{7684}\x{7F8E}\x{8B7D}\x{3002}\x{4E2D}\x{56FD}\x{53E4}"
      RenderBlock {DIV} at (0,5064) size 769x24
        RenderText {#text} at (0,3) size 459x18
          text run at (0,3) width 459: "Font: Avenir-Book Weight: 800 Style: normal \x{679C}\x{57CE}\x{7684}\x{7F8E}\x{8B7D}\x{3002}\x{4E2D}\x{56FD}\x{53E4}"
      RenderBlock {DIV} at (0,5088) size 769x24
        RenderText {#text} at (0,3) size 459x18
          text run at (0,3) width 459: "Font: Avenir-Book Weight: 900 Style: normal \x{679C}\x{57CE}\x{7684}\x{7F8E}\x{8B7D}\x{3002}\x{4E2D}\x{56FD}\x{53E4}"
      RenderBlock {DIV} at (0,5112) size 769x24
        RenderText {#text} at (0,3) size 462x18
          text run at (0,3) width 462: "Font: Avenir-Medium Weight: 100 Style: normal \x{679C}\x{57CE}\x{7684}\x{7F8E}\x{8B7D}\x{3002}\x{4E2D}\x{56FD}\x{53E4}"
      RenderBlock {DIV} at (0,5136) size 769x24
        RenderText {#text} at (0,3) size 462x18
          text run at (0,3) width 462: "Font: Avenir-Medium Weight: 200 Style: normal \x{679C}\x{57CE}\x{7684}\x{7F8E}\x{8B7D}\x{3002}\x{4E2D}\x{56FD}\x{53E4}"
      RenderBlock {DIV} at (0,5160) size 769x24
        RenderText {#text} at (0,3) size 462x18
          text run at (0,3) width 462: "Font: Avenir-Medium Weight: 300 Style: normal \x{679C}\x{57CE}\x{7684}\x{7F8E}\x{8B7D}\x{3002}\x{4E2D}\x{56FD}\x{53E4}"
      RenderBlock {DIV} at (0,5184) size 769x24
        RenderText {#text} at (0,3) size 462x18
          text run at (0,3) width 462: "Font: Avenir-Medium Weight: 400 Style: normal \x{679C}\x{57CE}\x{7684}\x{7F8E}\x{8B7D}\x{3002}\x{4E2D}\x{56FD}\x{53E4}"
      RenderBlock {DIV} at (0,5208) size 769x24
        RenderText {#text} at (0,3) size 462x18
          text run at (0,3) width 462: "Font: Avenir-Medium Weight: 500 Style: normal \x{679C}\x{57CE}\x{7684}\x{7F8E}\x{8B7D}\x{3002}\x{4E2D}\x{56FD}\x{53E4}"
      RenderBlock {DIV} at (0,5232) size 769x24
        RenderText {#text} at (0,3) size 481x18
          text run at (0,3) width 481: "Font: Avenir-Medium Weight: 600 Style: normal \x{679C}\x{57CE}\x{7684}\x{7F8E}\x{8B7D}\x{3002}\x{4E2D}\x{56FD}\x{53E4}"
      RenderBlock {DIV} at (0,5256) size 769x24
        RenderText {#text} at (0,3) size 481x18
          text run at (0,3) width 481: "Font: Avenir-Medium Weight: 700 Style: normal \x{679C}\x{57CE}\x{7684}\x{7F8E}\x{8B7D}\x{3002}\x{4E2D}\x{56FD}\x{53E4}"
      RenderBlock {DIV} at (0,5280) size 769x24
        RenderText {#text} at (0,3) size 481x18
          text run at (0,3) width 481: "Font: Avenir-Medium Weight: 800 Style: normal \x{679C}\x{57CE}\x{7684}\x{7F8E}\x{8B7D}\x{3002}\x{4E2D}\x{56FD}\x{53E4}"
      RenderBlock {DIV} at (0,5304) size 769x24
        RenderText {#text} at (0,3) size 481x18
          text run at (0,3) width 481: "Font: Avenir-Medium Weight: 900 Style: normal \x{679C}\x{57CE}\x{7684}\x{7F8E}\x{8B7D}\x{3002}\x{4E2D}\x{56FD}\x{53E4}"
      RenderBlock {DIV} at (0,5328) size 769x24
        RenderText {#text} at (0,3) size 445x18
          text run at (0,3) width 445: "Font: Avenir-Black Weight: 100 Style: normal \x{679C}\x{57CE}\x{7684}\x{7F8E}\x{8B7D}\x{3002}\x{4E2D}\x{56FD}\x{53E4}"
      RenderBlock {DIV} at (0,5352) size 769x24
        RenderText {#text} at (0,3) size 445x18
          text run at (0,3) width 445: "Font: Avenir-Black Weight: 200 Style: normal \x{679C}\x{57CE}\x{7684}\x{7F8E}\x{8B7D}\x{3002}\x{4E2D}\x{56FD}\x{53E4}"
      RenderBlock {DIV} at (0,5376) size 769x24
        RenderText {#text} at (0,3) size 445x18
          text run at (0,3) width 445: "Font: Avenir-Black Weight: 300 Style: normal \x{679C}\x{57CE}\x{7684}\x{7F8E}\x{8B7D}\x{3002}\x{4E2D}\x{56FD}\x{53E4}"
      RenderBlock {DIV} at (0,5400) size 769x24
        RenderText {#text} at (0,3) size 445x18
          text run at (0,3) width 445: "Font: Avenir-Black Weight: 400 Style: normal \x{679C}\x{57CE}\x{7684}\x{7F8E}\x{8B7D}\x{3002}\x{4E2D}\x{56FD}\x{53E4}"
      RenderBlock {DIV} at (0,5424) size 769x24
        RenderText {#text} at (0,3) size 445x18
          text run at (0,3) width 445: "Font: Avenir-Black Weight: 500 Style: normal \x{679C}\x{57CE}\x{7684}\x{7F8E}\x{8B7D}\x{3002}\x{4E2D}\x{56FD}\x{53E4}"
      RenderBlock {DIV} at (0,5448) size 769x24
        RenderText {#text} at (0,3) size 463x18
          text run at (0,3) width 463: "Font: Avenir-Black Weight: 600 Style: normal \x{679C}\x{57CE}\x{7684}\x{7F8E}\x{8B7D}\x{3002}\x{4E2D}\x{56FD}\x{53E4}"
      RenderBlock {DIV} at (0,5472) size 769x24
        RenderText {#text} at (0,3) size 463x18
          text run at (0,3) width 463: "Font: Avenir-Black Weight: 700 Style: normal \x{679C}\x{57CE}\x{7684}\x{7F8E}\x{8B7D}\x{3002}\x{4E2D}\x{56FD}\x{53E4}"
      RenderBlock {DIV} at (0,5496) size 769x24
        RenderText {#text} at (0,3) size 463x18
          text run at (0,3) width 463: "Font: Avenir-Black Weight: 800 Style: normal \x{679C}\x{57CE}\x{7684}\x{7F8E}\x{8B7D}\x{3002}\x{4E2D}\x{56FD}\x{53E4}"
      RenderBlock {DIV} at (0,5520) size 769x24
        RenderText {#text} at (0,3) size 463x18
          text run at (0,3) width 463: "Font: Avenir-Black Weight: 900 Style: normal \x{679C}\x{57CE}\x{7684}\x{7F8E}\x{8B7D}\x{3002}\x{4E2D}\x{56FD}\x{53E4}"
      RenderBlock {DIV} at (0,5544) size 769x24
        RenderText {#text} at (0,3) size 449x18
          text run at (0,3) width 449: "Font: Avenir-Heavy Weight: 100 Style: normal \x{679C}\x{57CE}\x{7684}\x{7F8E}\x{8B7D}\x{3002}\x{4E2D}\x{56FD}\x{53E4}"
      RenderBlock {DIV} at (0,5568) size 769x24
        RenderText {#text} at (0,3) size 449x18
          text run at (0,3) width 449: "Font: Avenir-Heavy Weight: 200 Style: normal \x{679C}\x{57CE}\x{7684}\x{7F8E}\x{8B7D}\x{3002}\x{4E2D}\x{56FD}\x{53E4}"
      RenderBlock {DIV} at (0,5592) size 769x24
        RenderText {#text} at (0,3) size 449x18
          text run at (0,3) width 449: "Font: Avenir-Heavy Weight: 300 Style: normal \x{679C}\x{57CE}\x{7684}\x{7F8E}\x{8B7D}\x{3002}\x{4E2D}\x{56FD}\x{53E4}"
      RenderBlock {DIV} at (0,5616) size 769x24
        RenderText {#text} at (0,3) size 449x18
          text run at (0,3) width 449: "Font: Avenir-Heavy Weight: 400 Style: normal \x{679C}\x{57CE}\x{7684}\x{7F8E}\x{8B7D}\x{3002}\x{4E2D}\x{56FD}\x{53E4}"
      RenderBlock {DIV} at (0,5640) size 769x24
        RenderText {#text} at (0,3) size 449x18
          text run at (0,3) width 449: "Font: Avenir-Heavy Weight: 500 Style: normal \x{679C}\x{57CE}\x{7684}\x{7F8E}\x{8B7D}\x{3002}\x{4E2D}\x{56FD}\x{53E4}"
      RenderBlock {DIV} at (0,5664) size 769x24
        RenderText {#text} at (0,3) size 467x18
          text run at (0,3) width 467: "Font: Avenir-Heavy Weight: 600 Style: normal \x{679C}\x{57CE}\x{7684}\x{7F8E}\x{8B7D}\x{3002}\x{4E2D}\x{56FD}\x{53E4}"
      RenderBlock {DIV} at (0,5688) size 769x24
        RenderText {#text} at (0,3) size 467x18
          text run at (0,3) width 467: "Font: Avenir-Heavy Weight: 700 Style: normal \x{679C}\x{57CE}\x{7684}\x{7F8E}\x{8B7D}\x{3002}\x{4E2D}\x{56FD}\x{53E4}"
      RenderBlock {DIV} at (0,5712) size 769x24
        RenderText {#text} at (0,3) size 467x18
          text run at (0,3) width 467: "Font: Avenir-Heavy Weight: 800 Style: normal \x{679C}\x{57CE}\x{7684}\x{7F8E}\x{8B7D}\x{3002}\x{4E2D}\x{56FD}\x{53E4}"
      RenderBlock {DIV} at (0,5736) size 769x24
        RenderText {#text} at (0,3) size 467x18
          text run at (0,3) width 467: "Font: Avenir-Heavy Weight: 900 Style: normal \x{679C}\x{57CE}\x{7684}\x{7F8E}\x{8B7D}\x{3002}\x{4E2D}\x{56FD}\x{53E4}"
      RenderBlock {DIV} at (0,5760) size 769x24
        RenderText {#text} at (0,3) size 494x18
          text run at (0,3) width 494: "Font: Avenir-LightOblique Weight: 100 Style: normal \x{679C}\x{57CE}\x{7684}\x{7F8E}\x{8B7D}\x{3002}\x{4E2D}\x{56FD}\x{53E4}"
      RenderBlock {DIV} at (0,5784) size 769x24
        RenderText {#text} at (0,3) size 494x18
          text run at (0,3) width 494: "Font: Avenir-LightOblique Weight: 200 Style: normal \x{679C}\x{57CE}\x{7684}\x{7F8E}\x{8B7D}\x{3002}\x{4E2D}\x{56FD}\x{53E4}"
      RenderBlock {DIV} at (0,5808) size 769x24
        RenderText {#text} at (0,3) size 494x18
          text run at (0,3) width 494: "Font: Avenir-LightOblique Weight: 300 Style: normal \x{679C}\x{57CE}\x{7684}\x{7F8E}\x{8B7D}\x{3002}\x{4E2D}\x{56FD}\x{53E4}"
      RenderBlock {DIV} at (0,5832) size 769x24
        RenderText {#text} at (0,3) size 494x18
          text run at (0,3) width 494: "Font: Avenir-LightOblique Weight: 400 Style: normal \x{679C}\x{57CE}\x{7684}\x{7F8E}\x{8B7D}\x{3002}\x{4E2D}\x{56FD}\x{53E4}"
      RenderBlock {DIV} at (0,5856) size 769x24
        RenderText {#text} at (0,3) size 494x18
          text run at (0,3) width 494: "Font: Avenir-LightOblique Weight: 500 Style: normal \x{679C}\x{57CE}\x{7684}\x{7F8E}\x{8B7D}\x{3002}\x{4E2D}\x{56FD}\x{53E4}"
      RenderBlock {DIV} at (0,5880) size 769x24
        RenderText {#text} at (0,3) size 516x18
          text run at (0,3) width 516: "Font: Avenir-LightOblique Weight: 600 Style: normal \x{679C}\x{57CE}\x{7684}\x{7F8E}\x{8B7D}\x{3002}\x{4E2D}\x{56FD}\x{53E4}"
      RenderBlock {DIV} at (0,5904) size 769x24
        RenderText {#text} at (0,3) size 516x18
          text run at (0,3) width 516: "Font: Avenir-LightOblique Weight: 700 Style: normal \x{679C}\x{57CE}\x{7684}\x{7F8E}\x{8B7D}\x{3002}\x{4E2D}\x{56FD}\x{53E4}"
      RenderBlock {DIV} at (0,5928) size 769x24
        RenderText {#text} at (0,3) size 516x18
          text run at (0,3) width 516: "Font: Avenir-LightOblique Weight: 800 Style: normal \x{679C}\x{57CE}\x{7684}\x{7F8E}\x{8B7D}\x{3002}\x{4E2D}\x{56FD}\x{53E4}"
      RenderBlock {DIV} at (0,5952) size 769x24
        RenderText {#text} at (0,3) size 516x18
          text run at (0,3) width 516: "Font: Avenir-LightOblique Weight: 900 Style: normal \x{679C}\x{57CE}\x{7684}\x{7F8E}\x{8B7D}\x{3002}\x{4E2D}\x{56FD}\x{53E4}"
      RenderBlock {DIV} at (0,5976) size 769x24
        RenderText {#text} at (0,3) size 494x18
          text run at (0,3) width 494: "Font: Avenir-BookOblique Weight: 100 Style: normal \x{679C}\x{57CE}\x{7684}\x{7F8E}\x{8B7D}\x{3002}\x{4E2D}\x{56FD}\x{53E4}"
      RenderBlock {DIV} at (0,6000) size 769x24
        RenderText {#text} at (0,3) size 494x18
          text run at (0,3) width 494: "Font: Avenir-BookOblique Weight: 200 Style: normal \x{679C}\x{57CE}\x{7684}\x{7F8E}\x{8B7D}\x{3002}\x{4E2D}\x{56FD}\x{53E4}"
      RenderBlock {DIV} at (0,6024) size 769x24
        RenderText {#text} at (0,3) size 494x18
          text run at (0,3) width 494: "Font: Avenir-BookOblique Weight: 300 Style: normal \x{679C}\x{57CE}\x{7684}\x{7F8E}\x{8B7D}\x{3002}\x{4E2D}\x{56FD}\x{53E4}"
      RenderBlock {DIV} at (0,6048) size 769x24
        RenderText {#text} at (0,3) size 494x18
          text run at (0,3) width 494: "Font: Avenir-BookOblique Weight: 400 Style: normal \x{679C}\x{57CE}\x{7684}\x{7F8E}\x{8B7D}\x{3002}\x{4E2D}\x{56FD}\x{53E4}"
      RenderBlock {DIV} at (0,6072) size 769x24
        RenderText {#text} at (0,3) size 494x18
          text run at (0,3) width 494: "Font: Avenir-BookOblique Weight: 500 Style: normal \x{679C}\x{57CE}\x{7684}\x{7F8E}\x{8B7D}\x{3002}\x{4E2D}\x{56FD}\x{53E4}"
      RenderBlock {DIV} at (0,6096) size 769x24
        RenderText {#text} at (0,3) size 514x18
          text run at (0,3) width 514: "Font: Avenir-BookOblique Weight: 600 Style: normal \x{679C}\x{57CE}\x{7684}\x{7F8E}\x{8B7D}\x{3002}\x{4E2D}\x{56FD}\x{53E4}"
      RenderBlock {DIV} at (0,6120) size 769x24
        RenderText {#text} at (0,3) size 514x18
          text run at (0,3) width 514: "Font: Avenir-BookOblique Weight: 700 Style: normal \x{679C}\x{57CE}\x{7684}\x{7F8E}\x{8B7D}\x{3002}\x{4E2D}\x{56FD}\x{53E4}"
      RenderBlock {DIV} at (0,6144) size 769x24
        RenderText {#text} at (0,3) size 514x18
          text run at (0,3) width 514: "Font: Avenir-BookOblique Weight: 800 Style: normal \x{679C}\x{57CE}\x{7684}\x{7F8E}\x{8B7D}\x{3002}\x{4E2D}\x{56FD}\x{53E4}"
      RenderBlock {DIV} at (0,6168) size 769x24
        RenderText {#text} at (0,3) size 514x18
          text run at (0,3) width 514: "Font: Avenir-BookOblique Weight: 900 Style: normal \x{679C}\x{57CE}\x{7684}\x{7F8E}\x{8B7D}\x{3002}\x{4E2D}\x{56FD}\x{53E4}"
      RenderBlock {DIV} at (0,6192) size 769x24
        RenderText {#text} at (0,3) size 513x18
          text run at (0,3) width 513: "Font: Avenir-MediumOblique Weight: 100 Style: normal \x{679C}\x{57CE}\x{7684}\x{7F8E}\x{8B7D}\x{3002}\x{4E2D}\x{56FD}\x{53E4}"
      RenderBlock {DIV} at (0,6216) size 769x24
        RenderText {#text} at (0,3) size 513x18
          text run at (0,3) width 513: "Font: Avenir-MediumOblique Weight: 200 Style: normal \x{679C}\x{57CE}\x{7684}\x{7F8E}\x{8B7D}\x{3002}\x{4E2D}\x{56FD}\x{53E4}"
      RenderBlock {DIV} at (0,6240) size 769x24
        RenderText {#text} at (0,3) size 513x18
          text run at (0,3) width 513: "Font: Avenir-MediumOblique Weight: 300 Style: normal \x{679C}\x{57CE}\x{7684}\x{7F8E}\x{8B7D}\x{3002}\x{4E2D}\x{56FD}\x{53E4}"
      RenderBlock {DIV} at (0,6264) size 769x24
        RenderText {#text} at (0,3) size 513x18
          text run at (0,3) width 513: "Font: Avenir-MediumOblique Weight: 400 Style: normal \x{679C}\x{57CE}\x{7684}\x{7F8E}\x{8B7D}\x{3002}\x{4E2D}\x{56FD}\x{53E4}"
      RenderBlock {DIV} at (0,6288) size 769x24
        RenderText {#text} at (0,3) size 513x18
          text run at (0,3) width 513: "Font: Avenir-MediumOblique Weight: 500 Style: normal \x{679C}\x{57CE}\x{7684}\x{7F8E}\x{8B7D}\x{3002}\x{4E2D}\x{56FD}\x{53E4}"
      RenderBlock {DIV} at (0,6312) size 769x24
        RenderText {#text} at (0,3) size 536x18
          text run at (0,3) width 536: "Font: Avenir-MediumOblique Weight: 600 Style: normal \x{679C}\x{57CE}\x{7684}\x{7F8E}\x{8B7D}\x{3002}\x{4E2D}\x{56FD}\x{53E4}"
      RenderBlock {DIV} at (0,6336) size 769x24
        RenderText {#text} at (0,3) size 536x18
          text run at (0,3) width 536: "Font: Avenir-MediumOblique Weight: 700 Style: normal \x{679C}\x{57CE}\x{7684}\x{7F8E}\x{8B7D}\x{3002}\x{4E2D}\x{56FD}\x{53E4}"
      RenderBlock {DIV} at (0,6360) size 769x24
        RenderText {#text} at (0,3) size 536x18
          text run at (0,3) width 536: "Font: Avenir-MediumOblique Weight: 800 Style: normal \x{679C}\x{57CE}\x{7684}\x{7F8E}\x{8B7D}\x{3002}\x{4E2D}\x{56FD}\x{53E4}"
      RenderBlock {DIV} at (0,6384) size 769x24
        RenderText {#text} at (0,3) size 536x18
          text run at (0,3) width 536: "Font: Avenir-MediumOblique Weight: 900 Style: normal \x{679C}\x{57CE}\x{7684}\x{7F8E}\x{8B7D}\x{3002}\x{4E2D}\x{56FD}\x{53E4}"
      RenderBlock {DIV} at (0,6408) size 769x24
        RenderText {#text} at (0,3) size 496x18
          text run at (0,3) width 496: "Font: Avenir-BlackOblique Weight: 100 Style: normal \x{679C}\x{57CE}\x{7684}\x{7F8E}\x{8B7D}\x{3002}\x{4E2D}\x{56FD}\x{53E4}"
      RenderBlock {DIV} at (0,6432) size 769x24
        RenderText {#text} at (0,3) size 496x18
          text run at (0,3) width 496: "Font: Avenir-BlackOblique Weight: 200 Style: normal \x{679C}\x{57CE}\x{7684}\x{7F8E}\x{8B7D}\x{3002}\x{4E2D}\x{56FD}\x{53E4}"
      RenderBlock {DIV} at (0,6456) size 769x24
        RenderText {#text} at (0,3) size 496x18
          text run at (0,3) width 496: "Font: Avenir-BlackOblique Weight: 300 Style: normal \x{679C}\x{57CE}\x{7684}\x{7F8E}\x{8B7D}\x{3002}\x{4E2D}\x{56FD}\x{53E4}"
      RenderBlock {DIV} at (0,6480) size 769x24
        RenderText {#text} at (0,3) size 496x18
          text run at (0,3) width 496: "Font: Avenir-BlackOblique Weight: 400 Style: normal \x{679C}\x{57CE}\x{7684}\x{7F8E}\x{8B7D}\x{3002}\x{4E2D}\x{56FD}\x{53E4}"
      RenderBlock {DIV} at (0,6504) size 769x24
        RenderText {#text} at (0,3) size 496x18
          text run at (0,3) width 496: "Font: Avenir-BlackOblique Weight: 500 Style: normal \x{679C}\x{57CE}\x{7684}\x{7F8E}\x{8B7D}\x{3002}\x{4E2D}\x{56FD}\x{53E4}"
      RenderBlock {DIV} at (0,6528) size 769x24
        RenderText {#text} at (0,3) size 518x18
          text run at (0,3) width 518: "Font: Avenir-BlackOblique Weight: 600 Style: normal \x{679C}\x{57CE}\x{7684}\x{7F8E}\x{8B7D}\x{3002}\x{4E2D}\x{56FD}\x{53E4}"
      RenderBlock {DIV} at (0,6552) size 769x24
        RenderText {#text} at (0,3) size 518x18
          text run at (0,3) width 518: "Font: Avenir-BlackOblique Weight: 700 Style: normal \x{679C}\x{57CE}\x{7684}\x{7F8E}\x{8B7D}\x{3002}\x{4E2D}\x{56FD}\x{53E4}"
      RenderBlock {DIV} at (0,6576) size 769x24
        RenderText {#text} at (0,3) size 518x18
          text run at (0,3) width 518: "Font: Avenir-BlackOblique Weight: 800 Style: normal \x{679C}\x{57CE}\x{7684}\x{7F8E}\x{8B7D}\x{3002}\x{4E2D}\x{56FD}\x{53E4}"
      RenderBlock {DIV} at (0,6600) size 769x24
        RenderText {#text} at (0,3) size 518x18
          text run at (0,3) width 518: "Font: Avenir-BlackOblique Weight: 900 Style: normal \x{679C}\x{57CE}\x{7684}\x{7F8E}\x{8B7D}\x{3002}\x{4E2D}\x{56FD}\x{53E4}"
      RenderBlock {DIV} at (0,6624) size 769x24
        RenderText {#text} at (0,3) size 388x18
          text run at (0,3) width 388: "Font: Avenir Weight: 100 Style: italic \x{679C}\x{57CE}\x{7684}\x{7F8E}\x{8B7D}\x{3002}\x{4E2D}\x{56FD}\x{53E4}"
      RenderBlock {DIV} at (0,6648) size 769x24
        RenderText {#text} at (0,3) size 388x18
          text run at (0,3) width 388: "Font: Avenir Weight: 200 Style: italic \x{679C}\x{57CE}\x{7684}\x{7F8E}\x{8B7D}\x{3002}\x{4E2D}\x{56FD}\x{53E4}"
      RenderBlock {DIV} at (0,6672) size 769x24
        RenderText {#text} at (0,3) size 388x18
          text run at (0,3) width 388: "Font: Avenir Weight: 300 Style: italic \x{679C}\x{57CE}\x{7684}\x{7F8E}\x{8B7D}\x{3002}\x{4E2D}\x{56FD}\x{53E4}"
      RenderBlock {DIV} at (0,6696) size 769x24
        RenderText {#text} at (0,3) size 388x18
          text run at (0,3) width 388: "Font: Avenir Weight: 400 Style: italic \x{679C}\x{57CE}\x{7684}\x{7F8E}\x{8B7D}\x{3002}\x{4E2D}\x{56FD}\x{53E4}"
      RenderBlock {DIV} at (0,6720) size 769x24
        RenderText {#text} at (0,3) size 388x18
          text run at (0,3) width 388: "Font: Avenir Weight: 500 Style: italic \x{679C}\x{57CE}\x{7684}\x{7F8E}\x{8B7D}\x{3002}\x{4E2D}\x{56FD}\x{53E4}"
      RenderBlock {DIV} at (0,6744) size 769x24
        RenderText {#text} at (0,3) size 395x18
          text run at (0,3) width 395: "Font: Avenir Weight: 600 Style: italic \x{679C}\x{57CE}\x{7684}\x{7F8E}\x{8B7D}\x{3002}\x{4E2D}\x{56FD}\x{53E4}"
      RenderBlock {DIV} at (0,6768) size 769x24
        RenderText {#text} at (0,3) size 395x18
          text run at (0,3) width 395: "Font: Avenir Weight: 700 Style: italic \x{679C}\x{57CE}\x{7684}\x{7F8E}\x{8B7D}\x{3002}\x{4E2D}\x{56FD}\x{53E4}"
      RenderBlock {DIV} at (0,6792) size 769x24
        RenderText {#text} at (0,3) size 395x18
          text run at (0,3) width 395: "Font: Avenir Weight: 800 Style: italic \x{679C}\x{57CE}\x{7684}\x{7F8E}\x{8B7D}\x{3002}\x{4E2D}\x{56FD}\x{53E4}"
      RenderBlock {DIV} at (0,6816) size 769x24
        RenderText {#text} at (0,3) size 395x18
          text run at (0,3) width 395: "Font: Avenir Weight: 900 Style: italic \x{679C}\x{57CE}\x{7684}\x{7F8E}\x{8B7D}\x{3002}\x{4E2D}\x{56FD}\x{53E4}"
      RenderBlock {DIV} at (0,6840) size 769x24
        RenderText {#text} at (0,3) size 427x18
          text run at (0,3) width 427: "Font: Avenir-Light Weight: 100 Style: italic \x{679C}\x{57CE}\x{7684}\x{7F8E}\x{8B7D}\x{3002}\x{4E2D}\x{56FD}\x{53E4}"
      RenderBlock {DIV} at (0,6864) size 769x24
        RenderText {#text} at (0,3) size 427x18
          text run at (0,3) width 427: "Font: Avenir-Light Weight: 200 Style: italic \x{679C}\x{57CE}\x{7684}\x{7F8E}\x{8B7D}\x{3002}\x{4E2D}\x{56FD}\x{53E4}"
      RenderBlock {DIV} at (0,6888) size 769x24
        RenderText {#text} at (0,3) size 427x18
          text run at (0,3) width 427: "Font: Avenir-Light Weight: 300 Style: italic \x{679C}\x{57CE}\x{7684}\x{7F8E}\x{8B7D}\x{3002}\x{4E2D}\x{56FD}\x{53E4}"
      RenderBlock {DIV} at (0,6912) size 769x24
        RenderText {#text} at (0,3) size 427x18
          text run at (0,3) width 427: "Font: Avenir-Light Weight: 400 Style: italic \x{679C}\x{57CE}\x{7684}\x{7F8E}\x{8B7D}\x{3002}\x{4E2D}\x{56FD}\x{53E4}"
      RenderBlock {DIV} at (0,6936) size 769x24
        RenderText {#text} at (0,3) size 427x18
          text run at (0,3) width 427: "Font: Avenir-Light Weight: 500 Style: italic \x{679C}\x{57CE}\x{7684}\x{7F8E}\x{8B7D}\x{3002}\x{4E2D}\x{56FD}\x{53E4}"
      RenderBlock {DIV} at (0,6960) size 769x24
        RenderText {#text} at (0,3) size 435x18
          text run at (0,3) width 435: "Font: Avenir-Light Weight: 600 Style: italic \x{679C}\x{57CE}\x{7684}\x{7F8E}\x{8B7D}\x{3002}\x{4E2D}\x{56FD}\x{53E4}"
      RenderBlock {DIV} at (0,6984) size 769x24
        RenderText {#text} at (0,3) size 435x18
          text run at (0,3) width 435: "Font: Avenir-Light Weight: 700 Style: italic \x{679C}\x{57CE}\x{7684}\x{7F8E}\x{8B7D}\x{3002}\x{4E2D}\x{56FD}\x{53E4}"
      RenderBlock {DIV} at (0,7008) size 769x24
        RenderText {#text} at (0,3) size 435x18
          text run at (0,3) width 435: "Font: Avenir-Light Weight: 800 Style: italic \x{679C}\x{57CE}\x{7684}\x{7F8E}\x{8B7D}\x{3002}\x{4E2D}\x{56FD}\x{53E4}"
      RenderBlock {DIV} at (0,7032) size 769x24
        RenderText {#text} at (0,3) size 435x18
          text run at (0,3) width 435: "Font: Avenir-Light Weight: 900 Style: italic \x{679C}\x{57CE}\x{7684}\x{7F8E}\x{8B7D}\x{3002}\x{4E2D}\x{56FD}\x{53E4}"
      RenderBlock {DIV} at (0,7056) size 769x24
        RenderText {#text} at (0,3) size 426x18
          text run at (0,3) width 426: "Font: Avenir-Book Weight: 100 Style: italic \x{679C}\x{57CE}\x{7684}\x{7F8E}\x{8B7D}\x{3002}\x{4E2D}\x{56FD}\x{53E4}"
      RenderBlock {DIV} at (0,7080) size 769x24
        RenderText {#text} at (0,3) size 426x18
          text run at (0,3) width 426: "Font: Avenir-Book Weight: 200 Style: italic \x{679C}\x{57CE}\x{7684}\x{7F8E}\x{8B7D}\x{3002}\x{4E2D}\x{56FD}\x{53E4}"
      RenderBlock {DIV} at (0,7104) size 769x24
        RenderText {#text} at (0,3) size 426x18
          text run at (0,3) width 426: "Font: Avenir-Book Weight: 300 Style: italic \x{679C}\x{57CE}\x{7684}\x{7F8E}\x{8B7D}\x{3002}\x{4E2D}\x{56FD}\x{53E4}"
      RenderBlock {DIV} at (0,7128) size 769x24
        RenderText {#text} at (0,3) size 426x18
          text run at (0,3) width 426: "Font: Avenir-Book Weight: 400 Style: italic \x{679C}\x{57CE}\x{7684}\x{7F8E}\x{8B7D}\x{3002}\x{4E2D}\x{56FD}\x{53E4}"
      RenderBlock {DIV} at (0,7152) size 769x24
        RenderText {#text} at (0,3) size 426x18
          text run at (0,3) width 426: "Font: Avenir-Book Weight: 500 Style: italic \x{679C}\x{57CE}\x{7684}\x{7F8E}\x{8B7D}\x{3002}\x{4E2D}\x{56FD}\x{53E4}"
      RenderBlock {DIV} at (0,7176) size 769x24
        RenderText {#text} at (0,3) size 435x18
          text run at (0,3) width 435: "Font: Avenir-Book Weight: 600 Style: italic \x{679C}\x{57CE}\x{7684}\x{7F8E}\x{8B7D}\x{3002}\x{4E2D}\x{56FD}\x{53E4}"
      RenderBlock {DIV} at (0,7200) size 769x24
        RenderText {#text} at (0,3) size 435x18
          text run at (0,3) width 435: "Font: Avenir-Book Weight: 700 Style: italic \x{679C}\x{57CE}\x{7684}\x{7F8E}\x{8B7D}\x{3002}\x{4E2D}\x{56FD}\x{53E4}"
      RenderBlock {DIV} at (0,7224) size 769x24
        RenderText {#text} at (0,3) size 435x18
          text run at (0,3) width 435: "Font: Avenir-Book Weight: 800 Style: italic \x{679C}\x{57CE}\x{7684}\x{7F8E}\x{8B7D}\x{3002}\x{4E2D}\x{56FD}\x{53E4}"
      RenderBlock {DIV} at (0,7248) size 769x24
        RenderText {#text} at (0,3) size 435x18
          text run at (0,3) width 435: "Font: Avenir-Book Weight: 900 Style: italic \x{679C}\x{57CE}\x{7684}\x{7F8E}\x{8B7D}\x{3002}\x{4E2D}\x{56FD}\x{53E4}"
      RenderBlock {DIV} at (0,7272) size 769x24
        RenderText {#text} at (0,3) size 446x18
          text run at (0,3) width 446: "Font: Avenir-Medium Weight: 100 Style: italic \x{679C}\x{57CE}\x{7684}\x{7F8E}\x{8B7D}\x{3002}\x{4E2D}\x{56FD}\x{53E4}"
      RenderBlock {DIV} at (0,7296) size 769x24
        RenderText {#text} at (0,3) size 446x18
          text run at (0,3) width 446: "Font: Avenir-Medium Weight: 200 Style: italic \x{679C}\x{57CE}\x{7684}\x{7F8E}\x{8B7D}\x{3002}\x{4E2D}\x{56FD}\x{53E4}"
      RenderBlock {DIV} at (0,7320) size 769x24
        RenderText {#text} at (0,3) size 446x18
          text run at (0,3) width 446: "Font: Avenir-Medium Weight: 300 Style: italic \x{679C}\x{57CE}\x{7684}\x{7F8E}\x{8B7D}\x{3002}\x{4E2D}\x{56FD}\x{53E4}"
      RenderBlock {DIV} at (0,7344) size 769x24
        RenderText {#text} at (0,3) size 446x18
          text run at (0,3) width 446: "Font: Avenir-Medium Weight: 400 Style: italic \x{679C}\x{57CE}\x{7684}\x{7F8E}\x{8B7D}\x{3002}\x{4E2D}\x{56FD}\x{53E4}"
      RenderBlock {DIV} at (0,7368) size 769x24
        RenderText {#text} at (0,3) size 446x18
          text run at (0,3) width 446: "Font: Avenir-Medium Weight: 500 Style: italic \x{679C}\x{57CE}\x{7684}\x{7F8E}\x{8B7D}\x{3002}\x{4E2D}\x{56FD}\x{53E4}"
      RenderBlock {DIV} at (0,7392) size 769x24
        RenderText {#text} at (0,3) size 455x18
          text run at (0,3) width 455: "Font: Avenir-Medium Weight: 600 Style: italic \x{679C}\x{57CE}\x{7684}\x{7F8E}\x{8B7D}\x{3002}\x{4E2D}\x{56FD}\x{53E4}"
      RenderBlock {DIV} at (0,7416) size 769x24
        RenderText {#text} at (0,3) size 455x18
          text run at (0,3) width 455: "Font: Avenir-Medium Weight: 700 Style: italic \x{679C}\x{57CE}\x{7684}\x{7F8E}\x{8B7D}\x{3002}\x{4E2D}\x{56FD}\x{53E4}"
      RenderBlock {DIV} at (0,7440) size 769x24
        RenderText {#text} at (0,3) size 455x18
          text run at (0,3) width 455: "Font: Avenir-Medium Weight: 800 Style: italic \x{679C}\x{57CE}\x{7684}\x{7F8E}\x{8B7D}\x{3002}\x{4E2D}\x{56FD}\x{53E4}"
      RenderBlock {DIV} at (0,7464) size 769x24
        RenderText {#text} at (0,3) size 455x18
          text run at (0,3) width 455: "Font: Avenir-Medium Weight: 900 Style: italic \x{679C}\x{57CE}\x{7684}\x{7F8E}\x{8B7D}\x{3002}\x{4E2D}\x{56FD}\x{53E4}"
      RenderBlock {DIV} at (0,7488) size 769x24
        RenderText {#text} at (0,3) size 430x18
          text run at (0,3) width 430: "Font: Avenir-Black Weight: 100 Style: italic \x{679C}\x{57CE}\x{7684}\x{7F8E}\x{8B7D}\x{3002}\x{4E2D}\x{56FD}\x{53E4}"
      RenderBlock {DIV} at (0,7512) size 769x24
        RenderText {#text} at (0,3) size 430x18
          text run at (0,3) width 430: "Font: Avenir-Black Weight: 200 Style: italic \x{679C}\x{57CE}\x{7684}\x{7F8E}\x{8B7D}\x{3002}\x{4E2D}\x{56FD}\x{53E4}"
      RenderBlock {DIV} at (0,7536) size 769x24
        RenderText {#text} at (0,3) size 430x18
          text run at (0,3) width 430: "Font: Avenir-Black Weight: 300 Style: italic \x{679C}\x{57CE}\x{7684}\x{7F8E}\x{8B7D}\x{3002}\x{4E2D}\x{56FD}\x{53E4}"
      RenderBlock {DIV} at (0,7560) size 769x24
        RenderText {#text} at (0,3) size 430x18
          text run at (0,3) width 430: "Font: Avenir-Black Weight: 400 Style: italic \x{679C}\x{57CE}\x{7684}\x{7F8E}\x{8B7D}\x{3002}\x{4E2D}\x{56FD}\x{53E4}"
      RenderBlock {DIV} at (0,7584) size 769x24
        RenderText {#text} at (0,3) size 430x18
          text run at (0,3) width 430: "Font: Avenir-Black Weight: 500 Style: italic \x{679C}\x{57CE}\x{7684}\x{7F8E}\x{8B7D}\x{3002}\x{4E2D}\x{56FD}\x{53E4}"
      RenderBlock {DIV} at (0,7608) size 769x24
        RenderText {#text} at (0,3) size 438x18
          text run at (0,3) width 438: "Font: Avenir-Black Weight: 600 Style: italic \x{679C}\x{57CE}\x{7684}\x{7F8E}\x{8B7D}\x{3002}\x{4E2D}\x{56FD}\x{53E4}"
      RenderBlock {DIV} at (0,7632) size 769x24
        RenderText {#text} at (0,3) size 438x18
          text run at (0,3) width 438: "Font: Avenir-Black Weight: 700 Style: italic \x{679C}\x{57CE}\x{7684}\x{7F8E}\x{8B7D}\x{3002}\x{4E2D}\x{56FD}\x{53E4}"
      RenderBlock {DIV} at (0,7656) size 769x24
        RenderText {#text} at (0,3) size 438x18
          text run at (0,3) width 438: "Font: Avenir-Black Weight: 800 Style: italic \x{679C}\x{57CE}\x{7684}\x{7F8E}\x{8B7D}\x{3002}\x{4E2D}\x{56FD}\x{53E4}"
      RenderBlock {DIV} at (0,7680) size 769x24
        RenderText {#text} at (0,3) size 438x18
          text run at (0,3) width 438: "Font: Avenir-Black Weight: 900 Style: italic \x{679C}\x{57CE}\x{7684}\x{7F8E}\x{8B7D}\x{3002}\x{4E2D}\x{56FD}\x{53E4}"
      RenderBlock {DIV} at (0,7704) size 769x24
        RenderText {#text} at (0,3) size 434x18
          text run at (0,3) width 434: "Font: Avenir-Heavy Weight: 100 Style: italic \x{679C}\x{57CE}\x{7684}\x{7F8E}\x{8B7D}\x{3002}\x{4E2D}\x{56FD}\x{53E4}"
      RenderBlock {DIV} at (0,7728) size 769x24
        RenderText {#text} at (0,3) size 434x18
          text run at (0,3) width 434: "Font: Avenir-Heavy Weight: 200 Style: italic \x{679C}\x{57CE}\x{7684}\x{7F8E}\x{8B7D}\x{3002}\x{4E2D}\x{56FD}\x{53E4}"
      RenderBlock {DIV} at (0,7752) size 769x24
        RenderText {#text} at (0,3) size 434x18
          text run at (0,3) width 434: "Font: Avenir-Heavy Weight: 300 Style: italic \x{679C}\x{57CE}\x{7684}\x{7F8E}\x{8B7D}\x{3002}\x{4E2D}\x{56FD}\x{53E4}"
      RenderBlock {DIV} at (0,7776) size 769x24
        RenderText {#text} at (0,3) size 434x18
          text run at (0,3) width 434: "Font: Avenir-Heavy Weight: 400 Style: italic \x{679C}\x{57CE}\x{7684}\x{7F8E}\x{8B7D}\x{3002}\x{4E2D}\x{56FD}\x{53E4}"
      RenderBlock {DIV} at (0,7800) size 769x24
        RenderText {#text} at (0,3) size 434x18
          text run at (0,3) width 434: "Font: Avenir-Heavy Weight: 500 Style: italic \x{679C}\x{57CE}\x{7684}\x{7F8E}\x{8B7D}\x{3002}\x{4E2D}\x{56FD}\x{53E4}"
      RenderBlock {DIV} at (0,7824) size 769x24
        RenderText {#text} at (0,3) size 442x18
          text run at (0,3) width 442: "Font: Avenir-Heavy Weight: 600 Style: italic \x{679C}\x{57CE}\x{7684}\x{7F8E}\x{8B7D}\x{3002}\x{4E2D}\x{56FD}\x{53E4}"
      RenderBlock {DIV} at (0,7848) size 769x24
        RenderText {#text} at (0,3) size 442x18
          text run at (0,3) width 442: "Font: Avenir-Heavy Weight: 700 Style: italic \x{679C}\x{57CE}\x{7684}\x{7F8E}\x{8B7D}\x{3002}\x{4E2D}\x{56FD}\x{53E4}"
      RenderBlock {DIV} at (0,7872) size 769x24
        RenderText {#text} at (0,3) size 442x18
          text run at (0,3) width 442: "Font: Avenir-Heavy Weight: 800 Style: italic \x{679C}\x{57CE}\x{7684}\x{7F8E}\x{8B7D}\x{3002}\x{4E2D}\x{56FD}\x{53E4}"
      RenderBlock {DIV} at (0,7896) size 769x24
        RenderText {#text} at (0,3) size 442x18
          text run at (0,3) width 442: "Font: Avenir-Heavy Weight: 900 Style: italic \x{679C}\x{57CE}\x{7684}\x{7F8E}\x{8B7D}\x{3002}\x{4E2D}\x{56FD}\x{53E4}"
      RenderBlock {DIV} at (0,7920) size 769x24
        RenderText {#text} at (0,3) size 479x18
          text run at (0,3) width 479: "Font: Avenir-LightOblique Weight: 100 Style: italic \x{679C}\x{57CE}\x{7684}\x{7F8E}\x{8B7D}\x{3002}\x{4E2D}\x{56FD}\x{53E4}"
      RenderBlock {DIV} at (0,7944) size 769x24
        RenderText {#text} at (0,3) size 479x18
          text run at (0,3) width 479: "Font: Avenir-LightOblique Weight: 200 Style: italic \x{679C}\x{57CE}\x{7684}\x{7F8E}\x{8B7D}\x{3002}\x{4E2D}\x{56FD}\x{53E4}"
      RenderBlock {DIV} at (0,7968) size 769x24
        RenderText {#text} at (0,3) size 479x18
          text run at (0,3) width 479: "Font: Avenir-LightOblique Weight: 300 Style: italic \x{679C}\x{57CE}\x{7684}\x{7F8E}\x{8B7D}\x{3002}\x{4E2D}\x{56FD}\x{53E4}"
      RenderBlock {DIV} at (0,7992) size 769x24
        RenderText {#text} at (0,3) size 479x18
          text run at (0,3) width 479: "Font: Avenir-LightOblique Weight: 400 Style: italic \x{679C}\x{57CE}\x{7684}\x{7F8E}\x{8B7D}\x{3002}\x{4E2D}\x{56FD}\x{53E4}"
      RenderBlock {DIV} at (0,8016) size 769x24
        RenderText {#text} at (0,3) size 479x18
          text run at (0,3) width 479: "Font: Avenir-LightOblique Weight: 500 Style: italic \x{679C}\x{57CE}\x{7684}\x{7F8E}\x{8B7D}\x{3002}\x{4E2D}\x{56FD}\x{53E4}"
      RenderBlock {DIV} at (0,8040) size 769x24
        RenderText {#text} at (0,3) size 488x18
          text run at (0,3) width 488: "Font: Avenir-LightOblique Weight: 600 Style: italic \x{679C}\x{57CE}\x{7684}\x{7F8E}\x{8B7D}\x{3002}\x{4E2D}\x{56FD}\x{53E4}"
      RenderBlock {DIV} at (0,8064) size 769x24
        RenderText {#text} at (0,3) size 488x18
          text run at (0,3) width 488: "Font: Avenir-LightOblique Weight: 700 Style: italic \x{679C}\x{57CE}\x{7684}\x{7F8E}\x{8B7D}\x{3002}\x{4E2D}\x{56FD}\x{53E4}"
      RenderBlock {DIV} at (0,8088) size 769x24
        RenderText {#text} at (0,3) size 488x18
          text run at (0,3) width 488: "Font: Avenir-LightOblique Weight: 800 Style: italic \x{679C}\x{57CE}\x{7684}\x{7F8E}\x{8B7D}\x{3002}\x{4E2D}\x{56FD}\x{53E4}"
      RenderBlock {DIV} at (0,8112) size 769x24
        RenderText {#text} at (0,3) size 488x18
          text run at (0,3) width 488: "Font: Avenir-LightOblique Weight: 900 Style: italic \x{679C}\x{57CE}\x{7684}\x{7F8E}\x{8B7D}\x{3002}\x{4E2D}\x{56FD}\x{53E4}"
      RenderBlock {DIV} at (0,8136) size 769x24
        RenderText {#text} at (0,3) size 478x18
          text run at (0,3) width 478: "Font: Avenir-BookOblique Weight: 100 Style: italic \x{679C}\x{57CE}\x{7684}\x{7F8E}\x{8B7D}\x{3002}\x{4E2D}\x{56FD}\x{53E4}"
      RenderBlock {DIV} at (0,8160) size 769x24
        RenderText {#text} at (0,3) size 478x18
          text run at (0,3) width 478: "Font: Avenir-BookOblique Weight: 200 Style: italic \x{679C}\x{57CE}\x{7684}\x{7F8E}\x{8B7D}\x{3002}\x{4E2D}\x{56FD}\x{53E4}"
      RenderBlock {DIV} at (0,8184) size 769x24
        RenderText {#text} at (0,3) size 478x18
          text run at (0,3) width 478: "Font: Avenir-BookOblique Weight: 300 Style: italic \x{679C}\x{57CE}\x{7684}\x{7F8E}\x{8B7D}\x{3002}\x{4E2D}\x{56FD}\x{53E4}"
      RenderBlock {DIV} at (0,8208) size 769x24
        RenderText {#text} at (0,3) size 478x18
          text run at (0,3) width 478: "Font: Avenir-BookOblique Weight: 400 Style: italic \x{679C}\x{57CE}\x{7684}\x{7F8E}\x{8B7D}\x{3002}\x{4E2D}\x{56FD}\x{53E4}"
      RenderBlock {DIV} at (0,8232) size 769x24
        RenderText {#text} at (0,3) size 478x18
          text run at (0,3) width 478: "Font: Avenir-BookOblique Weight: 500 Style: italic \x{679C}\x{57CE}\x{7684}\x{7F8E}\x{8B7D}\x{3002}\x{4E2D}\x{56FD}\x{53E4}"
      RenderBlock {DIV} at (0,8256) size 769x24
        RenderText {#text} at (0,3) size 487x18
          text run at (0,3) width 487: "Font: Avenir-BookOblique Weight: 600 Style: italic \x{679C}\x{57CE}\x{7684}\x{7F8E}\x{8B7D}\x{3002}\x{4E2D}\x{56FD}\x{53E4}"
      RenderBlock {DIV} at (0,8280) size 769x24
        RenderText {#text} at (0,3) size 487x18
          text run at (0,3) width 487: "Font: Avenir-BookOblique Weight: 700 Style: italic \x{679C}\x{57CE}\x{7684}\x{7F8E}\x{8B7D}\x{3002}\x{4E2D}\x{56FD}\x{53E4}"
      RenderBlock {DIV} at (0,8304) size 769x24
        RenderText {#text} at (0,3) size 487x18
          text run at (0,3) width 487: "Font: Avenir-BookOblique Weight: 800 Style: italic \x{679C}\x{57CE}\x{7684}\x{7F8E}\x{8B7D}\x{3002}\x{4E2D}\x{56FD}\x{53E4}"
      RenderBlock {DIV} at (0,8328) size 769x24
        RenderText {#text} at (0,3) size 487x18
          text run at (0,3) width 487: "Font: Avenir-BookOblique Weight: 900 Style: italic \x{679C}\x{57CE}\x{7684}\x{7F8E}\x{8B7D}\x{3002}\x{4E2D}\x{56FD}\x{53E4}"
      RenderBlock {DIV} at (0,8352) size 769x24
        RenderText {#text} at (0,3) size 497x18
          text run at (0,3) width 497: "Font: Avenir-MediumOblique Weight: 100 Style: italic \x{679C}\x{57CE}\x{7684}\x{7F8E}\x{8B7D}\x{3002}\x{4E2D}\x{56FD}\x{53E4}"
      RenderBlock {DIV} at (0,8376) size 769x24
        RenderText {#text} at (0,3) size 497x18
          text run at (0,3) width 497: "Font: Avenir-MediumOblique Weight: 200 Style: italic \x{679C}\x{57CE}\x{7684}\x{7F8E}\x{8B7D}\x{3002}\x{4E2D}\x{56FD}\x{53E4}"
      RenderBlock {DIV} at (0,8400) size 769x24
        RenderText {#text} at (0,3) size 497x18
          text run at (0,3) width 497: "Font: Avenir-MediumOblique Weight: 300 Style: italic \x{679C}\x{57CE}\x{7684}\x{7F8E}\x{8B7D}\x{3002}\x{4E2D}\x{56FD}\x{53E4}"
      RenderBlock {DIV} at (0,8424) size 769x24
        RenderText {#text} at (0,3) size 497x18
          text run at (0,3) width 497: "Font: Avenir-MediumOblique Weight: 400 Style: italic \x{679C}\x{57CE}\x{7684}\x{7F8E}\x{8B7D}\x{3002}\x{4E2D}\x{56FD}\x{53E4}"
      RenderBlock {DIV} at (0,8448) size 769x24
        RenderText {#text} at (0,3) size 497x18
          text run at (0,3) width 497: "Font: Avenir-MediumOblique Weight: 500 Style: italic \x{679C}\x{57CE}\x{7684}\x{7F8E}\x{8B7D}\x{3002}\x{4E2D}\x{56FD}\x{53E4}"
      RenderBlock {DIV} at (0,8472) size 769x24
        RenderText {#text} at (0,3) size 507x18
          text run at (0,3) width 507: "Font: Avenir-MediumOblique Weight: 600 Style: italic \x{679C}\x{57CE}\x{7684}\x{7F8E}\x{8B7D}\x{3002}\x{4E2D}\x{56FD}\x{53E4}"
      RenderBlock {DIV} at (0,8496) size 769x24
        RenderText {#text} at (0,3) size 507x18
          text run at (0,3) width 507: "Font: Avenir-MediumOblique Weight: 700 Style: italic \x{679C}\x{57CE}\x{7684}\x{7F8E}\x{8B7D}\x{3002}\x{4E2D}\x{56FD}\x{53E4}"
      RenderBlock {DIV} at (0,8520) size 769x24
        RenderText {#text} at (0,3) size 507x18
          text run at (0,3) width 507: "Font: Avenir-MediumOblique Weight: 800 Style: italic \x{679C}\x{57CE}\x{7684}\x{7F8E}\x{8B7D}\x{3002}\x{4E2D}\x{56FD}\x{53E4}"
      RenderBlock {DIV} at (0,8544) size 769x24
        RenderText {#text} at (0,3) size 507x18
          text run at (0,3) width 507: "Font: Avenir-MediumOblique Weight: 900 Style: italic \x{679C}\x{57CE}\x{7684}\x{7F8E}\x{8B7D}\x{3002}\x{4E2D}\x{56FD}\x{53E4}"
      RenderBlock {DIV} at (0,8568) size 769x24
        RenderText {#text} at (0,3) size 481x18
          text run at (0,3) width 481: "Font: Avenir-BlackOblique Weight: 100 Style: italic \x{679C}\x{57CE}\x{7684}\x{7F8E}\x{8B7D}\x{3002}\x{4E2D}\x{56FD}\x{53E4}"
      RenderBlock {DIV} at (0,8592) size 769x24
        RenderText {#text} at (0,3) size 481x18
          text run at (0,3) width 481: "Font: Avenir-BlackOblique Weight: 200 Style: italic \x{679C}\x{57CE}\x{7684}\x{7F8E}\x{8B7D}\x{3002}\x{4E2D}\x{56FD}\x{53E4}"
      RenderBlock {DIV} at (0,8616) size 769x24
        RenderText {#text} at (0,3) size 481x18
          text run at (0,3) width 481: "Font: Avenir-BlackOblique Weight: 300 Style: italic \x{679C}\x{57CE}\x{7684}\x{7F8E}\x{8B7D}\x{3002}\x{4E2D}\x{56FD}\x{53E4}"
      RenderBlock {DIV} at (0,8640) size 769x24
        RenderText {#text} at (0,3) size 481x18
          text run at (0,3) width 481: "Font: Avenir-BlackOblique Weight: 400 Style: italic \x{679C}\x{57CE}\x{7684}\x{7F8E}\x{8B7D}\x{3002}\x{4E2D}\x{56FD}\x{53E4}"
      RenderBlock {DIV} at (0,8664) size 769x24
        RenderText {#text} at (0,3) size 481x18
          text run at (0,3) width 481: "Font: Avenir-BlackOblique Weight: 500 Style: italic \x{679C}\x{57CE}\x{7684}\x{7F8E}\x{8B7D}\x{3002}\x{4E2D}\x{56FD}\x{53E4}"
      RenderBlock {DIV} at (0,8688) size 769x24
        RenderText {#text} at (0,3) size 491x18
          text run at (0,3) width 491: "Font: Avenir-BlackOblique Weight: 600 Style: italic \x{679C}\x{57CE}\x{7684}\x{7F8E}\x{8B7D}\x{3002}\x{4E2D}\x{56FD}\x{53E4}"
      RenderBlock {DIV} at (0,8712) size 769x24
        RenderText {#text} at (0,3) size 491x18
          text run at (0,3) width 491: "Font: Avenir-BlackOblique Weight: 700 Style: italic \x{679C}\x{57CE}\x{7684}\x{7F8E}\x{8B7D}\x{3002}\x{4E2D}\x{56FD}\x{53E4}"
      RenderBlock {DIV} at (0,8736) size 769x24
        RenderText {#text} at (0,3) size 491x18
          text run at (0,3) width 491: "Font: Avenir-BlackOblique Weight: 800 Style: italic \x{679C}\x{57CE}\x{7684}\x{7F8E}\x{8B7D}\x{3002}\x{4E2D}\x{56FD}\x{53E4}"
      RenderBlock {DIV} at (0,8760) size 769x24
        RenderText {#text} at (0,3) size 491x18
          text run at (0,3) width 491: "Font: Avenir-BlackOblique Weight: 900 Style: italic \x{679C}\x{57CE}\x{7684}\x{7F8E}\x{8B7D}\x{3002}\x{4E2D}\x{56FD}\x{53E4}"
      RenderBlock {DIV} at (0,8784) size 769x16
        RenderText {#text} at (0,0) size 445x16
          text run at (0,0) width 445: "Font: Heiti SC Weight: 100 Style: normal \x{679C}\x{57CE}\x{7684}\x{7F8E}\x{8B7D}\x{3002}\x{4E2D}\x{56FD}\x{53E4}"
      RenderBlock {DIV} at (0,8800) size 769x16
        RenderText {#text} at (0,0) size 445x16
          text run at (0,0) width 445: "Font: Heiti SC Weight: 200 Style: normal \x{679C}\x{57CE}\x{7684}\x{7F8E}\x{8B7D}\x{3002}\x{4E2D}\x{56FD}\x{53E4}"
      RenderBlock {DIV} at (0,8816) size 769x16
        RenderText {#text} at (0,0) size 445x16
          text run at (0,0) width 445: "Font: Heiti SC Weight: 300 Style: normal \x{679C}\x{57CE}\x{7684}\x{7F8E}\x{8B7D}\x{3002}\x{4E2D}\x{56FD}\x{53E4}"
      RenderBlock {DIV} at (0,8832) size 769x16
        RenderText {#text} at (0,0) size 445x16
          text run at (0,0) width 445: "Font: Heiti SC Weight: 400 Style: normal \x{679C}\x{57CE}\x{7684}\x{7F8E}\x{8B7D}\x{3002}\x{4E2D}\x{56FD}\x{53E4}"
      RenderBlock {DIV} at (0,8848) size 769x16
        RenderText {#text} at (0,0) size 445x16
          text run at (0,0) width 445: "Font: Heiti SC Weight: 500 Style: normal \x{679C}\x{57CE}\x{7684}\x{7F8E}\x{8B7D}\x{3002}\x{4E2D}\x{56FD}\x{53E4}"
      RenderBlock {DIV} at (0,8864) size 769x16
        RenderText {#text} at (0,0) size 445x16
          text run at (0,0) width 445: "Font: Heiti SC Weight: 600 Style: normal \x{679C}\x{57CE}\x{7684}\x{7F8E}\x{8B7D}\x{3002}\x{4E2D}\x{56FD}\x{53E4}"
      RenderBlock {DIV} at (0,8880) size 769x16
        RenderText {#text} at (0,0) size 445x16
          text run at (0,0) width 445: "Font: Heiti SC Weight: 700 Style: normal \x{679C}\x{57CE}\x{7684}\x{7F8E}\x{8B7D}\x{3002}\x{4E2D}\x{56FD}\x{53E4}"
      RenderBlock {DIV} at (0,8896) size 769x16
        RenderText {#text} at (0,0) size 445x16
          text run at (0,0) width 445: "Font: Heiti SC Weight: 800 Style: normal \x{679C}\x{57CE}\x{7684}\x{7F8E}\x{8B7D}\x{3002}\x{4E2D}\x{56FD}\x{53E4}"
      RenderBlock {DIV} at (0,8912) size 769x16
        RenderText {#text} at (0,0) size 445x16
          text run at (0,0) width 445: "Font: Heiti SC Weight: 900 Style: normal \x{679C}\x{57CE}\x{7684}\x{7F8E}\x{8B7D}\x{3002}\x{4E2D}\x{56FD}\x{53E4}"
      RenderBlock {DIV} at (0,8928) size 769x16
        RenderText {#text} at (0,0) size 497x16
          text run at (0,0) width 497: "Font: STHeitiSC-Light Weight: 100 Style: normal \x{679C}\x{57CE}\x{7684}\x{7F8E}\x{8B7D}\x{3002}\x{4E2D}\x{56FD}\x{53E4}"
      RenderBlock {DIV} at (0,8944) size 769x16
        RenderText {#text} at (0,0) size 497x16
          text run at (0,0) width 497: "Font: STHeitiSC-Light Weight: 200 Style: normal \x{679C}\x{57CE}\x{7684}\x{7F8E}\x{8B7D}\x{3002}\x{4E2D}\x{56FD}\x{53E4}"
      RenderBlock {DIV} at (0,8960) size 769x16
        RenderText {#text} at (0,0) size 497x16
          text run at (0,0) width 497: "Font: STHeitiSC-Light Weight: 300 Style: normal \x{679C}\x{57CE}\x{7684}\x{7F8E}\x{8B7D}\x{3002}\x{4E2D}\x{56FD}\x{53E4}"
      RenderBlock {DIV} at (0,8976) size 769x16
        RenderText {#text} at (0,0) size 497x16
          text run at (0,0) width 497: "Font: STHeitiSC-Light Weight: 400 Style: normal \x{679C}\x{57CE}\x{7684}\x{7F8E}\x{8B7D}\x{3002}\x{4E2D}\x{56FD}\x{53E4}"
      RenderBlock {DIV} at (0,8992) size 769x16
        RenderText {#text} at (0,0) size 497x16
          text run at (0,0) width 497: "Font: STHeitiSC-Light Weight: 500 Style: normal \x{679C}\x{57CE}\x{7684}\x{7F8E}\x{8B7D}\x{3002}\x{4E2D}\x{56FD}\x{53E4}"
      RenderBlock {DIV} at (0,9008) size 769x16
        RenderText {#text} at (0,0) size 497x16
          text run at (0,0) width 497: "Font: STHeitiSC-Light Weight: 600 Style: normal \x{679C}\x{57CE}\x{7684}\x{7F8E}\x{8B7D}\x{3002}\x{4E2D}\x{56FD}\x{53E4}"
      RenderBlock {DIV} at (0,9024) size 769x16
        RenderText {#text} at (0,0) size 497x16
          text run at (0,0) width 497: "Font: STHeitiSC-Light Weight: 700 Style: normal \x{679C}\x{57CE}\x{7684}\x{7F8E}\x{8B7D}\x{3002}\x{4E2D}\x{56FD}\x{53E4}"
      RenderBlock {DIV} at (0,9040) size 769x16
        RenderText {#text} at (0,0) size 497x16
          text run at (0,0) width 497: "Font: STHeitiSC-Light Weight: 800 Style: normal \x{679C}\x{57CE}\x{7684}\x{7F8E}\x{8B7D}\x{3002}\x{4E2D}\x{56FD}\x{53E4}"
      RenderBlock {DIV} at (0,9056) size 769x16
        RenderText {#text} at (0,0) size 497x16
          text run at (0,0) width 497: "Font: STHeitiSC-Light Weight: 900 Style: normal \x{679C}\x{57CE}\x{7684}\x{7F8E}\x{8B7D}\x{3002}\x{4E2D}\x{56FD}\x{53E4}"
      RenderBlock {DIV} at (0,9072) size 769x16
        RenderText {#text} at (0,0) size 525x16
          text run at (0,0) width 525: "Font: STHeitiSC-Medium Weight: 100 Style: normal \x{679C}\x{57CE}\x{7684}\x{7F8E}\x{8B7D}\x{3002}\x{4E2D}\x{56FD}\x{53E4}"
      RenderBlock {DIV} at (0,9088) size 769x16
        RenderText {#text} at (0,0) size 525x16
          text run at (0,0) width 525: "Font: STHeitiSC-Medium Weight: 200 Style: normal \x{679C}\x{57CE}\x{7684}\x{7F8E}\x{8B7D}\x{3002}\x{4E2D}\x{56FD}\x{53E4}"
      RenderBlock {DIV} at (0,9104) size 769x16
        RenderText {#text} at (0,0) size 525x16
          text run at (0,0) width 525: "Font: STHeitiSC-Medium Weight: 300 Style: normal \x{679C}\x{57CE}\x{7684}\x{7F8E}\x{8B7D}\x{3002}\x{4E2D}\x{56FD}\x{53E4}"
      RenderBlock {DIV} at (0,9120) size 769x16
        RenderText {#text} at (0,0) size 525x16
          text run at (0,0) width 525: "Font: STHeitiSC-Medium Weight: 400 Style: normal \x{679C}\x{57CE}\x{7684}\x{7F8E}\x{8B7D}\x{3002}\x{4E2D}\x{56FD}\x{53E4}"
      RenderBlock {DIV} at (0,9136) size 769x16
        RenderText {#text} at (0,0) size 525x16
          text run at (0,0) width 525: "Font: STHeitiSC-Medium Weight: 500 Style: normal \x{679C}\x{57CE}\x{7684}\x{7F8E}\x{8B7D}\x{3002}\x{4E2D}\x{56FD}\x{53E4}"
      RenderBlock {DIV} at (0,9152) size 769x16
        RenderText {#text} at (0,0) size 525x16
          text run at (0,0) width 525: "Font: STHeitiSC-Medium Weight: 600 Style: normal \x{679C}\x{57CE}\x{7684}\x{7F8E}\x{8B7D}\x{3002}\x{4E2D}\x{56FD}\x{53E4}"
      RenderBlock {DIV} at (0,9168) size 769x16
        RenderText {#text} at (0,0) size 525x16
          text run at (0,0) width 525: "Font: STHeitiSC-Medium Weight: 700 Style: normal \x{679C}\x{57CE}\x{7684}\x{7F8E}\x{8B7D}\x{3002}\x{4E2D}\x{56FD}\x{53E4}"
      RenderBlock {DIV} at (0,9184) size 769x16
        RenderText {#text} at (0,0) size 525x16
          text run at (0,0) width 525: "Font: STHeitiSC-Medium Weight: 800 Style: normal \x{679C}\x{57CE}\x{7684}\x{7F8E}\x{8B7D}\x{3002}\x{4E2D}\x{56FD}\x{53E4}"
      RenderBlock {DIV} at (0,9200) size 769x16
        RenderText {#text} at (0,0) size 525x16
          text run at (0,0) width 525: "Font: STHeitiSC-Medium Weight: 900 Style: normal \x{679C}\x{57CE}\x{7684}\x{7F8E}\x{8B7D}\x{3002}\x{4E2D}\x{56FD}\x{53E4}"
      RenderBlock {DIV} at (0,9216) size 769x16
        RenderText {#text} at (0,0) size 427x16
          text run at (0,0) width 427: "Font: Heiti SC Weight: 100 Style: italic \x{679C}\x{57CE}\x{7684}\x{7F8E}\x{8B7D}\x{3002}\x{4E2D}\x{56FD}\x{53E4}"
      RenderBlock {DIV} at (0,9232) size 769x16
        RenderText {#text} at (0,0) size 427x16
          text run at (0,0) width 427: "Font: Heiti SC Weight: 200 Style: italic \x{679C}\x{57CE}\x{7684}\x{7F8E}\x{8B7D}\x{3002}\x{4E2D}\x{56FD}\x{53E4}"
      RenderBlock {DIV} at (0,9248) size 769x16
        RenderText {#text} at (0,0) size 427x16
          text run at (0,0) width 427: "Font: Heiti SC Weight: 300 Style: italic \x{679C}\x{57CE}\x{7684}\x{7F8E}\x{8B7D}\x{3002}\x{4E2D}\x{56FD}\x{53E4}"
      RenderBlock {DIV} at (0,9264) size 769x16
        RenderText {#text} at (0,0) size 427x16
          text run at (0,0) width 427: "Font: Heiti SC Weight: 400 Style: italic \x{679C}\x{57CE}\x{7684}\x{7F8E}\x{8B7D}\x{3002}\x{4E2D}\x{56FD}\x{53E4}"
      RenderBlock {DIV} at (0,9280) size 769x16
        RenderText {#text} at (0,0) size 427x16
          text run at (0,0) width 427: "Font: Heiti SC Weight: 500 Style: italic \x{679C}\x{57CE}\x{7684}\x{7F8E}\x{8B7D}\x{3002}\x{4E2D}\x{56FD}\x{53E4}"
      RenderBlock {DIV} at (0,9296) size 769x16
        RenderText {#text} at (0,0) size 427x16
          text run at (0,0) width 427: "Font: Heiti SC Weight: 600 Style: italic \x{679C}\x{57CE}\x{7684}\x{7F8E}\x{8B7D}\x{3002}\x{4E2D}\x{56FD}\x{53E4}"
      RenderBlock {DIV} at (0,9312) size 769x16
        RenderText {#text} at (0,0) size 427x16
          text run at (0,0) width 427: "Font: Heiti SC Weight: 700 Style: italic \x{679C}\x{57CE}\x{7684}\x{7F8E}\x{8B7D}\x{3002}\x{4E2D}\x{56FD}\x{53E4}"
      RenderBlock {DIV} at (0,9328) size 769x16
        RenderText {#text} at (0,0) size 427x16
          text run at (0,0) width 427: "Font: Heiti SC Weight: 800 Style: italic \x{679C}\x{57CE}\x{7684}\x{7F8E}\x{8B7D}\x{3002}\x{4E2D}\x{56FD}\x{53E4}"
      RenderBlock {DIV} at (0,9344) size 769x16
        RenderText {#text} at (0,0) size 427x16
          text run at (0,0) width 427: "Font: Heiti SC Weight: 900 Style: italic \x{679C}\x{57CE}\x{7684}\x{7F8E}\x{8B7D}\x{3002}\x{4E2D}\x{56FD}\x{53E4}"
      RenderBlock {DIV} at (0,9360) size 769x16
        RenderText {#text} at (0,0) size 479x16
          text run at (0,0) width 479: "Font: STHeitiSC-Light Weight: 100 Style: italic \x{679C}\x{57CE}\x{7684}\x{7F8E}\x{8B7D}\x{3002}\x{4E2D}\x{56FD}\x{53E4}"
      RenderBlock {DIV} at (0,9376) size 769x16
        RenderText {#text} at (0,0) size 479x16
          text run at (0,0) width 479: "Font: STHeitiSC-Light Weight: 200 Style: italic \x{679C}\x{57CE}\x{7684}\x{7F8E}\x{8B7D}\x{3002}\x{4E2D}\x{56FD}\x{53E4}"
      RenderBlock {DIV} at (0,9392) size 769x16
        RenderText {#text} at (0,0) size 479x16
          text run at (0,0) width 479: "Font: STHeitiSC-Light Weight: 300 Style: italic \x{679C}\x{57CE}\x{7684}\x{7F8E}\x{8B7D}\x{3002}\x{4E2D}\x{56FD}\x{53E4}"
      RenderBlock {DIV} at (0,9408) size 769x16
        RenderText {#text} at (0,0) size 479x16
          text run at (0,0) width 479: "Font: STHeitiSC-Light Weight: 400 Style: italic \x{679C}\x{57CE}\x{7684}\x{7F8E}\x{8B7D}\x{3002}\x{4E2D}\x{56FD}\x{53E4}"
      RenderBlock {DIV} at (0,9424) size 769x16
        RenderText {#text} at (0,0) size 479x16
          text run at (0,0) width 479: "Font: STHeitiSC-Light Weight: 500 Style: italic \x{679C}\x{57CE}\x{7684}\x{7F8E}\x{8B7D}\x{3002}\x{4E2D}\x{56FD}\x{53E4}"
      RenderBlock {DIV} at (0,9440) size 769x16
        RenderText {#text} at (0,0) size 479x16
          text run at (0,0) width 479: "Font: STHeitiSC-Light Weight: 600 Style: italic \x{679C}\x{57CE}\x{7684}\x{7F8E}\x{8B7D}\x{3002}\x{4E2D}\x{56FD}\x{53E4}"
      RenderBlock {DIV} at (0,9456) size 769x16
        RenderText {#text} at (0,0) size 479x16
          text run at (0,0) width 479: "Font: STHeitiSC-Light Weight: 700 Style: italic \x{679C}\x{57CE}\x{7684}\x{7F8E}\x{8B7D}\x{3002}\x{4E2D}\x{56FD}\x{53E4}"
      RenderBlock {DIV} at (0,9472) size 769x16
        RenderText {#text} at (0,0) size 479x16
          text run at (0,0) width 479: "Font: STHeitiSC-Light Weight: 800 Style: italic \x{679C}\x{57CE}\x{7684}\x{7F8E}\x{8B7D}\x{3002}\x{4E2D}\x{56FD}\x{53E4}"
      RenderBlock {DIV} at (0,9488) size 769x16
        RenderText {#text} at (0,0) size 479x16
          text run at (0,0) width 479: "Font: STHeitiSC-Light Weight: 900 Style: italic \x{679C}\x{57CE}\x{7684}\x{7F8E}\x{8B7D}\x{3002}\x{4E2D}\x{56FD}\x{53E4}"
      RenderBlock {DIV} at (0,9504) size 769x16
        RenderText {#text} at (0,0) size 507x16
          text run at (0,0) width 507: "Font: STHeitiSC-Medium Weight: 100 Style: italic \x{679C}\x{57CE}\x{7684}\x{7F8E}\x{8B7D}\x{3002}\x{4E2D}\x{56FD}\x{53E4}"
      RenderBlock {DIV} at (0,9520) size 769x16
        RenderText {#text} at (0,0) size 507x16
          text run at (0,0) width 507: "Font: STHeitiSC-Medium Weight: 200 Style: italic \x{679C}\x{57CE}\x{7684}\x{7F8E}\x{8B7D}\x{3002}\x{4E2D}\x{56FD}\x{53E4}"
      RenderBlock {DIV} at (0,9536) size 769x16
        RenderText {#text} at (0,0) size 507x16
          text run at (0,0) width 507: "Font: STHeitiSC-Medium Weight: 300 Style: italic \x{679C}\x{57CE}\x{7684}\x{7F8E}\x{8B7D}\x{3002}\x{4E2D}\x{56FD}\x{53E4}"
      RenderBlock {DIV} at (0,9552) size 769x16
        RenderText {#text} at (0,0) size 507x16
          text run at (0,0) width 507: "Font: STHeitiSC-Medium Weight: 400 Style: italic \x{679C}\x{57CE}\x{7684}\x{7F8E}\x{8B7D}\x{3002}\x{4E2D}\x{56FD}\x{53E4}"
      RenderBlock {DIV} at (0,9568) size 769x16
        RenderText {#text} at (0,0) size 507x16
          text run at (0,0) width 507: "Font: STHeitiSC-Medium Weight: 500 Style: italic \x{679C}\x{57CE}\x{7684}\x{7F8E}\x{8B7D}\x{3002}\x{4E2D}\x{56FD}\x{53E4}"
      RenderBlock {DIV} at (0,9584) size 769x16
        RenderText {#text} at (0,0) size 507x16
          text run at (0,0) width 507: "Font: STHeitiSC-Medium Weight: 600 Style: italic \x{679C}\x{57CE}\x{7684}\x{7F8E}\x{8B7D}\x{3002}\x{4E2D}\x{56FD}\x{53E4}"
      RenderBlock {DIV} at (0,9600) size 769x16
        RenderText {#text} at (0,0) size 507x16
          text run at (0,0) width 507: "Font: STHeitiSC-Medium Weight: 700 Style: italic \x{679C}\x{57CE}\x{7684}\x{7F8E}\x{8B7D}\x{3002}\x{4E2D}\x{56FD}\x{53E4}"
      RenderBlock {DIV} at (0,9616) size 769x16
        RenderText {#text} at (0,0) size 507x16
          text run at (0,0) width 507: "Font: STHeitiSC-Medium Weight: 800 Style: italic \x{679C}\x{57CE}\x{7684}\x{7F8E}\x{8B7D}\x{3002}\x{4E2D}\x{56FD}\x{53E4}"
      RenderBlock {DIV} at (0,9632) size 769x16
        RenderText {#text} at (0,0) size 507x16
          text run at (0,0) width 507: "Font: STHeitiSC-Medium Weight: 900 Style: italic \x{679C}\x{57CE}\x{7684}\x{7F8E}\x{8B7D}\x{3002}\x{4E2D}\x{56FD}\x{53E4}"
      RenderBlock {DIV} at (0,9648) size 769x22
        RenderText {#text} at (0,0) size 421x22
          text run at (0,0) width 421: "Font: Songti SC Weight: 100 Style: normal \x{679C}\x{57CE}\x{7684}\x{7F8E}\x{8B7D}\x{3002}\x{4E2D}\x{56FD}\x{53E4}"
      RenderBlock {DIV} at (0,9670) size 769x22
        RenderText {#text} at (0,0) size 421x22
          text run at (0,0) width 421: "Font: Songti SC Weight: 200 Style: normal \x{679C}\x{57CE}\x{7684}\x{7F8E}\x{8B7D}\x{3002}\x{4E2D}\x{56FD}\x{53E4}"
      RenderBlock {DIV} at (0,9692) size 769x22
        RenderText {#text} at (0,0) size 421x22
          text run at (0,0) width 421: "Font: Songti SC Weight: 300 Style: normal \x{679C}\x{57CE}\x{7684}\x{7F8E}\x{8B7D}\x{3002}\x{4E2D}\x{56FD}\x{53E4}"
      RenderBlock {DIV} at (0,9714) size 769x22
        RenderText {#text} at (0,0) size 420x22
          text run at (0,0) width 420: "Font: Songti SC Weight: 400 Style: normal \x{679C}\x{57CE}\x{7684}\x{7F8E}\x{8B7D}\x{3002}\x{4E2D}\x{56FD}\x{53E4}"
      RenderBlock {DIV} at (0,9736) size 769x22
        RenderText {#text} at (0,0) size 420x22
          text run at (0,0) width 420: "Font: Songti SC Weight: 500 Style: normal \x{679C}\x{57CE}\x{7684}\x{7F8E}\x{8B7D}\x{3002}\x{4E2D}\x{56FD}\x{53E4}"
      RenderBlock {DIV} at (0,9758) size 769x22
        RenderText {#text} at (0,0) size 420x22
          text run at (0,0) width 420: "Font: Songti SC Weight: 600 Style: normal \x{679C}\x{57CE}\x{7684}\x{7F8E}\x{8B7D}\x{3002}\x{4E2D}\x{56FD}\x{53E4}"
      RenderBlock {DIV} at (0,9780) size 769x22
        RenderText {#text} at (0,0) size 420x22
          text run at (0,0) width 420: "Font: Songti SC Weight: 700 Style: normal \x{679C}\x{57CE}\x{7684}\x{7F8E}\x{8B7D}\x{3002}\x{4E2D}\x{56FD}\x{53E4}"
      RenderBlock {DIV} at (0,9802) size 769x24
        RenderText {#text} at (0,0) size 419x22
          text run at (0,0) width 419: "Font: Songti SC Weight: 800 Style: normal \x{679C}\x{57CE}\x{7684}\x{7F8E}\x{8B7D}\x{3002}\x{4E2D}\x{56FD}\x{53E4}"
      RenderBlock {DIV} at (0,9826) size 769x24
        RenderText {#text} at (0,0) size 419x22
          text run at (0,0) width 419: "Font: Songti SC Weight: 900 Style: normal \x{679C}\x{57CE}\x{7684}\x{7F8E}\x{8B7D}\x{3002}\x{4E2D}\x{56FD}\x{53E4}"
      RenderBlock {DIV} at (0,9850) size 769x22
        RenderText {#text} at (0,0) size 495x22
          text run at (0,0) width 495: "Font: STSongti-SC-Regular Weight: 100 Style: normal \x{679C}\x{57CE}\x{7684}\x{7F8E}\x{8B7D}\x{3002}\x{4E2D}\x{56FD}\x{53E4}"
      RenderBlock {DIV} at (0,9872) size 769x22
        RenderText {#text} at (0,0) size 495x22
          text run at (0,0) width 495: "Font: STSongti-SC-Regular Weight: 200 Style: normal \x{679C}\x{57CE}\x{7684}\x{7F8E}\x{8B7D}\x{3002}\x{4E2D}\x{56FD}\x{53E4}"
      RenderBlock {DIV} at (0,9894) size 769x22
        RenderText {#text} at (0,0) size 495x22
          text run at (0,0) width 495: "Font: STSongti-SC-Regular Weight: 300 Style: normal \x{679C}\x{57CE}\x{7684}\x{7F8E}\x{8B7D}\x{3002}\x{4E2D}\x{56FD}\x{53E4}"
      RenderBlock {DIV} at (0,9916) size 769x22
        RenderText {#text} at (0,0) size 495x22
          text run at (0,0) width 495: "Font: STSongti-SC-Regular Weight: 400 Style: normal \x{679C}\x{57CE}\x{7684}\x{7F8E}\x{8B7D}\x{3002}\x{4E2D}\x{56FD}\x{53E4}"
      RenderBlock {DIV} at (0,9938) size 769x22
        RenderText {#text} at (0,0) size 495x22
          text run at (0,0) width 495: "Font: STSongti-SC-Regular Weight: 500 Style: normal \x{679C}\x{57CE}\x{7684}\x{7F8E}\x{8B7D}\x{3002}\x{4E2D}\x{56FD}\x{53E4}"
      RenderBlock {DIV} at (0,9960) size 769x22
        RenderText {#text} at (0,0) size 494x22
          text run at (0,0) width 494: "Font: STSongti-SC-Regular Weight: 600 Style: normal \x{679C}\x{57CE}\x{7684}\x{7F8E}\x{8B7D}\x{3002}\x{4E2D}\x{56FD}\x{53E4}"
      RenderBlock {DIV} at (0,9982) size 769x22
        RenderText {#text} at (0,0) size 494x22
          text run at (0,0) width 494: "Font: STSongti-SC-Regular Weight: 700 Style: normal \x{679C}\x{57CE}\x{7684}\x{7F8E}\x{8B7D}\x{3002}\x{4E2D}\x{56FD}\x{53E4}"
      RenderBlock {DIV} at (0,10004) size 769x24
        RenderText {#text} at (0,0) size 494x22
          text run at (0,0) width 494: "Font: STSongti-SC-Regular Weight: 800 Style: normal \x{679C}\x{57CE}\x{7684}\x{7F8E}\x{8B7D}\x{3002}\x{4E2D}\x{56FD}\x{53E4}"
      RenderBlock {DIV} at (0,10028) size 769x24
        RenderText {#text} at (0,0) size 494x22
          text run at (0,0) width 494: "Font: STSongti-SC-Regular Weight: 900 Style: normal \x{679C}\x{57CE}\x{7684}\x{7F8E}\x{8B7D}\x{3002}\x{4E2D}\x{56FD}\x{53E4}"
      RenderBlock {DIV} at (0,10052) size 769x22
        RenderText {#text} at (0,0) size 479x22
          text run at (0,0) width 479: "Font: STSongti-SC-Light Weight: 100 Style: normal \x{679C}\x{57CE}\x{7684}\x{7F8E}\x{8B7D}\x{3002}\x{4E2D}\x{56FD}\x{53E4}"
      RenderBlock {DIV} at (0,10074) size 769x22
        RenderText {#text} at (0,0) size 479x22
          text run at (0,0) width 479: "Font: STSongti-SC-Light Weight: 200 Style: normal \x{679C}\x{57CE}\x{7684}\x{7F8E}\x{8B7D}\x{3002}\x{4E2D}\x{56FD}\x{53E4}"
      RenderBlock {DIV} at (0,10096) size 769x22
        RenderText {#text} at (0,0) size 479x22
          text run at (0,0) width 479: "Font: STSongti-SC-Light Weight: 300 Style: normal \x{679C}\x{57CE}\x{7684}\x{7F8E}\x{8B7D}\x{3002}\x{4E2D}\x{56FD}\x{53E4}"
      RenderBlock {DIV} at (0,10118) size 769x22
        RenderText {#text} at (0,0) size 479x22
          text run at (0,0) width 479: "Font: STSongti-SC-Light Weight: 400 Style: normal \x{679C}\x{57CE}\x{7684}\x{7F8E}\x{8B7D}\x{3002}\x{4E2D}\x{56FD}\x{53E4}"
      RenderBlock {DIV} at (0,10140) size 769x22
        RenderText {#text} at (0,0) size 479x22
          text run at (0,0) width 479: "Font: STSongti-SC-Light Weight: 500 Style: normal \x{679C}\x{57CE}\x{7684}\x{7F8E}\x{8B7D}\x{3002}\x{4E2D}\x{56FD}\x{53E4}"
      RenderBlock {DIV} at (0,10162) size 769x22
        RenderText {#text} at (0,0) size 478x22
          text run at (0,0) width 478: "Font: STSongti-SC-Light Weight: 600 Style: normal \x{679C}\x{57CE}\x{7684}\x{7F8E}\x{8B7D}\x{3002}\x{4E2D}\x{56FD}\x{53E4}"
      RenderBlock {DIV} at (0,10184) size 769x22
        RenderText {#text} at (0,0) size 478x22
          text run at (0,0) width 478: "Font: STSongti-SC-Light Weight: 700 Style: normal \x{679C}\x{57CE}\x{7684}\x{7F8E}\x{8B7D}\x{3002}\x{4E2D}\x{56FD}\x{53E4}"
      RenderBlock {DIV} at (0,10206) size 769x24
        RenderText {#text} at (0,0) size 477x22
          text run at (0,0) width 477: "Font: STSongti-SC-Light Weight: 800 Style: normal \x{679C}\x{57CE}\x{7684}\x{7F8E}\x{8B7D}\x{3002}\x{4E2D}\x{56FD}\x{53E4}"
      RenderBlock {DIV} at (0,10230) size 769x24
        RenderText {#text} at (0,0) size 477x22
          text run at (0,0) width 477: "Font: STSongti-SC-Light Weight: 900 Style: normal \x{679C}\x{57CE}\x{7684}\x{7F8E}\x{8B7D}\x{3002}\x{4E2D}\x{56FD}\x{53E4}"
      RenderBlock {DIV} at (0,10254) size 769x22
        RenderText {#text} at (0,0) size 474x22
          text run at (0,0) width 474: "Font: STSongti-SC-Bold Weight: 100 Style: normal \x{679C}\x{57CE}\x{7684}\x{7F8E}\x{8B7D}\x{3002}\x{4E2D}\x{56FD}\x{53E4}"
      RenderBlock {DIV} at (0,10276) size 769x22
        RenderText {#text} at (0,0) size 474x22
          text run at (0,0) width 474: "Font: STSongti-SC-Bold Weight: 200 Style: normal \x{679C}\x{57CE}\x{7684}\x{7F8E}\x{8B7D}\x{3002}\x{4E2D}\x{56FD}\x{53E4}"
      RenderBlock {DIV} at (0,10298) size 769x22
        RenderText {#text} at (0,0) size 474x22
          text run at (0,0) width 474: "Font: STSongti-SC-Bold Weight: 300 Style: normal \x{679C}\x{57CE}\x{7684}\x{7F8E}\x{8B7D}\x{3002}\x{4E2D}\x{56FD}\x{53E4}"
      RenderBlock {DIV} at (0,10320) size 769x22
        RenderText {#text} at (0,0) size 474x22
          text run at (0,0) width 474: "Font: STSongti-SC-Bold Weight: 400 Style: normal \x{679C}\x{57CE}\x{7684}\x{7F8E}\x{8B7D}\x{3002}\x{4E2D}\x{56FD}\x{53E4}"
      RenderBlock {DIV} at (0,10342) size 769x22
        RenderText {#text} at (0,0) size 474x22
          text run at (0,0) width 474: "Font: STSongti-SC-Bold Weight: 500 Style: normal \x{679C}\x{57CE}\x{7684}\x{7F8E}\x{8B7D}\x{3002}\x{4E2D}\x{56FD}\x{53E4}"
      RenderBlock {DIV} at (0,10364) size 769x22
        RenderText {#text} at (0,0) size 474x22
          text run at (0,0) width 474: "Font: STSongti-SC-Bold Weight: 600 Style: normal \x{679C}\x{57CE}\x{7684}\x{7F8E}\x{8B7D}\x{3002}\x{4E2D}\x{56FD}\x{53E4}"
      RenderBlock {DIV} at (0,10386) size 769x22
        RenderText {#text} at (0,0) size 474x22
          text run at (0,0) width 474: "Font: STSongti-SC-Bold Weight: 700 Style: normal \x{679C}\x{57CE}\x{7684}\x{7F8E}\x{8B7D}\x{3002}\x{4E2D}\x{56FD}\x{53E4}"
      RenderBlock {DIV} at (0,10408) size 769x22
        RenderText {#text} at (0,0) size 474x22
          text run at (0,0) width 474: "Font: STSongti-SC-Bold Weight: 800 Style: normal \x{679C}\x{57CE}\x{7684}\x{7F8E}\x{8B7D}\x{3002}\x{4E2D}\x{56FD}\x{53E4}"
      RenderBlock {DIV} at (0,10430) size 769x22
        RenderText {#text} at (0,0) size 474x22
          text run at (0,0) width 474: "Font: STSongti-SC-Bold Weight: 900 Style: normal \x{679C}\x{57CE}\x{7684}\x{7F8E}\x{8B7D}\x{3002}\x{4E2D}\x{56FD}\x{53E4}"
      RenderBlock {DIV} at (0,10452) size 769x24
        RenderText {#text} at (0,0) size 480x22
          text run at (0,0) width 480: "Font: STSongti-SC-Black Weight: 100 Style: normal \x{679C}\x{57CE}\x{7684}\x{7F8E}\x{8B7D}\x{3002}\x{4E2D}\x{56FD}\x{53E4}"
      RenderBlock {DIV} at (0,10476) size 769x24
        RenderText {#text} at (0,0) size 480x22
          text run at (0,0) width 480: "Font: STSongti-SC-Black Weight: 200 Style: normal \x{679C}\x{57CE}\x{7684}\x{7F8E}\x{8B7D}\x{3002}\x{4E2D}\x{56FD}\x{53E4}"
      RenderBlock {DIV} at (0,10500) size 769x24
        RenderText {#text} at (0,0) size 480x22
          text run at (0,0) width 480: "Font: STSongti-SC-Black Weight: 300 Style: normal \x{679C}\x{57CE}\x{7684}\x{7F8E}\x{8B7D}\x{3002}\x{4E2D}\x{56FD}\x{53E4}"
      RenderBlock {DIV} at (0,10524) size 769x24
        RenderText {#text} at (0,0) size 480x22
          text run at (0,0) width 480: "Font: STSongti-SC-Black Weight: 400 Style: normal \x{679C}\x{57CE}\x{7684}\x{7F8E}\x{8B7D}\x{3002}\x{4E2D}\x{56FD}\x{53E4}"
      RenderBlock {DIV} at (0,10548) size 769x24
        RenderText {#text} at (0,0) size 480x22
          text run at (0,0) width 480: "Font: STSongti-SC-Black Weight: 500 Style: normal \x{679C}\x{57CE}\x{7684}\x{7F8E}\x{8B7D}\x{3002}\x{4E2D}\x{56FD}\x{53E4}"
      RenderBlock {DIV} at (0,10572) size 769x24
        RenderText {#text} at (0,0) size 480x22
          text run at (0,0) width 480: "Font: STSongti-SC-Black Weight: 600 Style: normal \x{679C}\x{57CE}\x{7684}\x{7F8E}\x{8B7D}\x{3002}\x{4E2D}\x{56FD}\x{53E4}"
      RenderBlock {DIV} at (0,10596) size 769x24
        RenderText {#text} at (0,0) size 480x22
          text run at (0,0) width 480: "Font: STSongti-SC-Black Weight: 700 Style: normal \x{679C}\x{57CE}\x{7684}\x{7F8E}\x{8B7D}\x{3002}\x{4E2D}\x{56FD}\x{53E4}"
      RenderBlock {DIV} at (0,10620) size 769x24
        RenderText {#text} at (0,0) size 480x22
          text run at (0,0) width 480: "Font: STSongti-SC-Black Weight: 800 Style: normal \x{679C}\x{57CE}\x{7684}\x{7F8E}\x{8B7D}\x{3002}\x{4E2D}\x{56FD}\x{53E4}"
      RenderBlock {DIV} at (0,10644) size 769x24
        RenderText {#text} at (0,0) size 480x22
          text run at (0,0) width 480: "Font: STSongti-SC-Black Weight: 900 Style: normal \x{679C}\x{57CE}\x{7684}\x{7F8E}\x{8B7D}\x{3002}\x{4E2D}\x{56FD}\x{53E4}"
      RenderBlock {DIV} at (0,10668) size 769x22
        RenderText {#text} at (0,0) size 406x22
          text run at (0,0) width 406: "Font: Songti SC Weight: 100 Style: italic \x{679C}\x{57CE}\x{7684}\x{7F8E}\x{8B7D}\x{3002}\x{4E2D}\x{56FD}\x{53E4}"
      RenderBlock {DIV} at (0,10690) size 769x22
        RenderText {#text} at (0,0) size 406x22
          text run at (0,0) width 406: "Font: Songti SC Weight: 200 Style: italic \x{679C}\x{57CE}\x{7684}\x{7F8E}\x{8B7D}\x{3002}\x{4E2D}\x{56FD}\x{53E4}"
      RenderBlock {DIV} at (0,10712) size 769x22
        RenderText {#text} at (0,0) size 406x22
          text run at (0,0) width 406: "Font: Songti SC Weight: 300 Style: italic \x{679C}\x{57CE}\x{7684}\x{7F8E}\x{8B7D}\x{3002}\x{4E2D}\x{56FD}\x{53E4}"
      RenderBlock {DIV} at (0,10734) size 769x22
        RenderText {#text} at (0,0) size 406x22
          text run at (0,0) width 406: "Font: Songti SC Weight: 400 Style: italic \x{679C}\x{57CE}\x{7684}\x{7F8E}\x{8B7D}\x{3002}\x{4E2D}\x{56FD}\x{53E4}"
      RenderBlock {DIV} at (0,10756) size 769x22
        RenderText {#text} at (0,0) size 406x22
          text run at (0,0) width 406: "Font: Songti SC Weight: 500 Style: italic \x{679C}\x{57CE}\x{7684}\x{7F8E}\x{8B7D}\x{3002}\x{4E2D}\x{56FD}\x{53E4}"
      RenderBlock {DIV} at (0,10778) size 769x22
        RenderText {#text} at (0,0) size 405x22
          text run at (0,0) width 405: "Font: Songti SC Weight: 600 Style: italic \x{679C}\x{57CE}\x{7684}\x{7F8E}\x{8B7D}\x{3002}\x{4E2D}\x{56FD}\x{53E4}"
      RenderBlock {DIV} at (0,10800) size 769x22
        RenderText {#text} at (0,0) size 405x22
          text run at (0,0) width 405: "Font: Songti SC Weight: 700 Style: italic \x{679C}\x{57CE}\x{7684}\x{7F8E}\x{8B7D}\x{3002}\x{4E2D}\x{56FD}\x{53E4}"
      RenderBlock {DIV} at (0,10822) size 769x24
        RenderText {#text} at (0,0) size 405x22
          text run at (0,0) width 405: "Font: Songti SC Weight: 800 Style: italic \x{679C}\x{57CE}\x{7684}\x{7F8E}\x{8B7D}\x{3002}\x{4E2D}\x{56FD}\x{53E4}"
      RenderBlock {DIV} at (0,10846) size 769x24
        RenderText {#text} at (0,0) size 405x22
          text run at (0,0) width 405: "Font: Songti SC Weight: 900 Style: italic \x{679C}\x{57CE}\x{7684}\x{7F8E}\x{8B7D}\x{3002}\x{4E2D}\x{56FD}\x{53E4}"
      RenderBlock {DIV} at (0,10870) size 769x22
        RenderText {#text} at (0,0) size 481x22
          text run at (0,0) width 481: "Font: STSongti-SC-Regular Weight: 100 Style: italic \x{679C}\x{57CE}\x{7684}\x{7F8E}\x{8B7D}\x{3002}\x{4E2D}\x{56FD}\x{53E4}"
      RenderBlock {DIV} at (0,10892) size 769x22
        RenderText {#text} at (0,0) size 481x22
          text run at (0,0) width 481: "Font: STSongti-SC-Regular Weight: 200 Style: italic \x{679C}\x{57CE}\x{7684}\x{7F8E}\x{8B7D}\x{3002}\x{4E2D}\x{56FD}\x{53E4}"
      RenderBlock {DIV} at (0,10914) size 769x22
        RenderText {#text} at (0,0) size 481x22
          text run at (0,0) width 481: "Font: STSongti-SC-Regular Weight: 300 Style: italic \x{679C}\x{57CE}\x{7684}\x{7F8E}\x{8B7D}\x{3002}\x{4E2D}\x{56FD}\x{53E4}"
      RenderBlock {DIV} at (0,10936) size 769x22
        RenderText {#text} at (0,0) size 480x22
          text run at (0,0) width 480: "Font: STSongti-SC-Regular Weight: 400 Style: italic \x{679C}\x{57CE}\x{7684}\x{7F8E}\x{8B7D}\x{3002}\x{4E2D}\x{56FD}\x{53E4}"
      RenderBlock {DIV} at (0,10958) size 769x22
        RenderText {#text} at (0,0) size 480x22
          text run at (0,0) width 480: "Font: STSongti-SC-Regular Weight: 500 Style: italic \x{679C}\x{57CE}\x{7684}\x{7F8E}\x{8B7D}\x{3002}\x{4E2D}\x{56FD}\x{53E4}"
      RenderBlock {DIV} at (0,10980) size 769x22
        RenderText {#text} at (0,0) size 480x22
          text run at (0,0) width 480: "Font: STSongti-SC-Regular Weight: 600 Style: italic \x{679C}\x{57CE}\x{7684}\x{7F8E}\x{8B7D}\x{3002}\x{4E2D}\x{56FD}\x{53E4}"
      RenderBlock {DIV} at (0,11002) size 769x22
        RenderText {#text} at (0,0) size 480x22
          text run at (0,0) width 480: "Font: STSongti-SC-Regular Weight: 700 Style: italic \x{679C}\x{57CE}\x{7684}\x{7F8E}\x{8B7D}\x{3002}\x{4E2D}\x{56FD}\x{53E4}"
      RenderBlock {DIV} at (0,11024) size 769x24
        RenderText {#text} at (0,0) size 480x22
          text run at (0,0) width 480: "Font: STSongti-SC-Regular Weight: 800 Style: italic \x{679C}\x{57CE}\x{7684}\x{7F8E}\x{8B7D}\x{3002}\x{4E2D}\x{56FD}\x{53E4}"
      RenderBlock {DIV} at (0,11048) size 769x24
        RenderText {#text} at (0,0) size 480x22
          text run at (0,0) width 480: "Font: STSongti-SC-Regular Weight: 900 Style: italic \x{679C}\x{57CE}\x{7684}\x{7F8E}\x{8B7D}\x{3002}\x{4E2D}\x{56FD}\x{53E4}"
      RenderBlock {DIV} at (0,11072) size 769x22
        RenderText {#text} at (0,0) size 464x22
          text run at (0,0) width 464: "Font: STSongti-SC-Light Weight: 100 Style: italic \x{679C}\x{57CE}\x{7684}\x{7F8E}\x{8B7D}\x{3002}\x{4E2D}\x{56FD}\x{53E4}"
      RenderBlock {DIV} at (0,11094) size 769x22
        RenderText {#text} at (0,0) size 464x22
          text run at (0,0) width 464: "Font: STSongti-SC-Light Weight: 200 Style: italic \x{679C}\x{57CE}\x{7684}\x{7F8E}\x{8B7D}\x{3002}\x{4E2D}\x{56FD}\x{53E4}"
      RenderBlock {DIV} at (0,11116) size 769x22
        RenderText {#text} at (0,0) size 464x22
          text run at (0,0) width 464: "Font: STSongti-SC-Light Weight: 300 Style: italic \x{679C}\x{57CE}\x{7684}\x{7F8E}\x{8B7D}\x{3002}\x{4E2D}\x{56FD}\x{53E4}"
      RenderBlock {DIV} at (0,11138) size 769x22
        RenderText {#text} at (0,0) size 464x22
          text run at (0,0) width 464: "Font: STSongti-SC-Light Weight: 400 Style: italic \x{679C}\x{57CE}\x{7684}\x{7F8E}\x{8B7D}\x{3002}\x{4E2D}\x{56FD}\x{53E4}"
      RenderBlock {DIV} at (0,11160) size 769x22
        RenderText {#text} at (0,0) size 464x22
          text run at (0,0) width 464: "Font: STSongti-SC-Light Weight: 500 Style: italic \x{679C}\x{57CE}\x{7684}\x{7F8E}\x{8B7D}\x{3002}\x{4E2D}\x{56FD}\x{53E4}"
      RenderBlock {DIV} at (0,11182) size 769x22
        RenderText {#text} at (0,0) size 463x22
          text run at (0,0) width 463: "Font: STSongti-SC-Light Weight: 600 Style: italic \x{679C}\x{57CE}\x{7684}\x{7F8E}\x{8B7D}\x{3002}\x{4E2D}\x{56FD}\x{53E4}"
      RenderBlock {DIV} at (0,11204) size 769x22
        RenderText {#text} at (0,0) size 463x22
          text run at (0,0) width 463: "Font: STSongti-SC-Light Weight: 700 Style: italic \x{679C}\x{57CE}\x{7684}\x{7F8E}\x{8B7D}\x{3002}\x{4E2D}\x{56FD}\x{53E4}"
      RenderBlock {DIV} at (0,11226) size 769x24
        RenderText {#text} at (0,0) size 463x22
          text run at (0,0) width 463: "Font: STSongti-SC-Light Weight: 800 Style: italic \x{679C}\x{57CE}\x{7684}\x{7F8E}\x{8B7D}\x{3002}\x{4E2D}\x{56FD}\x{53E4}"
      RenderBlock {DIV} at (0,11250) size 769x24
        RenderText {#text} at (0,0) size 463x22
          text run at (0,0) width 463: "Font: STSongti-SC-Light Weight: 900 Style: italic \x{679C}\x{57CE}\x{7684}\x{7F8E}\x{8B7D}\x{3002}\x{4E2D}\x{56FD}\x{53E4}"
      RenderBlock {DIV} at (0,11274) size 769x22
        RenderText {#text} at (0,0) size 460x22
          text run at (0,0) width 460: "Font: STSongti-SC-Bold Weight: 100 Style: italic \x{679C}\x{57CE}\x{7684}\x{7F8E}\x{8B7D}\x{3002}\x{4E2D}\x{56FD}\x{53E4}"
      RenderBlock {DIV} at (0,11296) size 769x22
        RenderText {#text} at (0,0) size 460x22
          text run at (0,0) width 460: "Font: STSongti-SC-Bold Weight: 200 Style: italic \x{679C}\x{57CE}\x{7684}\x{7F8E}\x{8B7D}\x{3002}\x{4E2D}\x{56FD}\x{53E4}"
      RenderBlock {DIV} at (0,11318) size 769x22
        RenderText {#text} at (0,0) size 460x22
          text run at (0,0) width 460: "Font: STSongti-SC-Bold Weight: 300 Style: italic \x{679C}\x{57CE}\x{7684}\x{7F8E}\x{8B7D}\x{3002}\x{4E2D}\x{56FD}\x{53E4}"
      RenderBlock {DIV} at (0,11340) size 769x22
        RenderText {#text} at (0,0) size 460x22
          text run at (0,0) width 460: "Font: STSongti-SC-Bold Weight: 400 Style: italic \x{679C}\x{57CE}\x{7684}\x{7F8E}\x{8B7D}\x{3002}\x{4E2D}\x{56FD}\x{53E4}"
      RenderBlock {DIV} at (0,11362) size 769x22
        RenderText {#text} at (0,0) size 460x22
          text run at (0,0) width 460: "Font: STSongti-SC-Bold Weight: 500 Style: italic \x{679C}\x{57CE}\x{7684}\x{7F8E}\x{8B7D}\x{3002}\x{4E2D}\x{56FD}\x{53E4}"
      RenderBlock {DIV} at (0,11384) size 769x22
        RenderText {#text} at (0,0) size 459x22
          text run at (0,0) width 459: "Font: STSongti-SC-Bold Weight: 600 Style: italic \x{679C}\x{57CE}\x{7684}\x{7F8E}\x{8B7D}\x{3002}\x{4E2D}\x{56FD}\x{53E4}"
      RenderBlock {DIV} at (0,11406) size 769x22
        RenderText {#text} at (0,0) size 459x22
          text run at (0,0) width 459: "Font: STSongti-SC-Bold Weight: 700 Style: italic \x{679C}\x{57CE}\x{7684}\x{7F8E}\x{8B7D}\x{3002}\x{4E2D}\x{56FD}\x{53E4}"
      RenderBlock {DIV} at (0,11428) size 769x24
        RenderText {#text} at (0,0) size 459x22
          text run at (0,0) width 459: "Font: STSongti-SC-Bold Weight: 800 Style: italic \x{679C}\x{57CE}\x{7684}\x{7F8E}\x{8B7D}\x{3002}\x{4E2D}\x{56FD}\x{53E4}"
      RenderBlock {DIV} at (0,11452) size 769x24
        RenderText {#text} at (0,0) size 459x22
          text run at (0,0) width 459: "Font: STSongti-SC-Bold Weight: 900 Style: italic \x{679C}\x{57CE}\x{7684}\x{7F8E}\x{8B7D}\x{3002}\x{4E2D}\x{56FD}\x{53E4}"
      RenderBlock {DIV} at (0,11476) size 769x22
        RenderText {#text} at (0,0) size 466x22
          text run at (0,0) width 466: "Font: STSongti-SC-Black Weight: 100 Style: italic \x{679C}\x{57CE}\x{7684}\x{7F8E}\x{8B7D}\x{3002}\x{4E2D}\x{56FD}\x{53E4}"
      RenderBlock {DIV} at (0,11498) size 769x22
        RenderText {#text} at (0,0) size 466x22
          text run at (0,0) width 466: "Font: STSongti-SC-Black Weight: 200 Style: italic \x{679C}\x{57CE}\x{7684}\x{7F8E}\x{8B7D}\x{3002}\x{4E2D}\x{56FD}\x{53E4}"
      RenderBlock {DIV} at (0,11520) size 769x22
        RenderText {#text} at (0,0) size 466x22
          text run at (0,0) width 466: "Font: STSongti-SC-Black Weight: 300 Style: italic \x{679C}\x{57CE}\x{7684}\x{7F8E}\x{8B7D}\x{3002}\x{4E2D}\x{56FD}\x{53E4}"
      RenderBlock {DIV} at (0,11542) size 769x22
        RenderText {#text} at (0,0) size 466x22
          text run at (0,0) width 466: "Font: STSongti-SC-Black Weight: 400 Style: italic \x{679C}\x{57CE}\x{7684}\x{7F8E}\x{8B7D}\x{3002}\x{4E2D}\x{56FD}\x{53E4}"
      RenderBlock {DIV} at (0,11564) size 769x22
        RenderText {#text} at (0,0) size 466x22
          text run at (0,0) width 466: "Font: STSongti-SC-Black Weight: 500 Style: italic \x{679C}\x{57CE}\x{7684}\x{7F8E}\x{8B7D}\x{3002}\x{4E2D}\x{56FD}\x{53E4}"
      RenderBlock {DIV} at (0,11586) size 769x22
        RenderText {#text} at (0,0) size 466x22
          text run at (0,0) width 466: "Font: STSongti-SC-Black Weight: 600 Style: italic \x{679C}\x{57CE}\x{7684}\x{7F8E}\x{8B7D}\x{3002}\x{4E2D}\x{56FD}\x{53E4}"
      RenderBlock {DIV} at (0,11608) size 769x22
        RenderText {#text} at (0,0) size 466x22
          text run at (0,0) width 466: "Font: STSongti-SC-Black Weight: 700 Style: italic \x{679C}\x{57CE}\x{7684}\x{7F8E}\x{8B7D}\x{3002}\x{4E2D}\x{56FD}\x{53E4}"
      RenderBlock {DIV} at (0,11630) size 769x24
        RenderText {#text} at (0,0) size 466x22
          text run at (0,0) width 466: "Font: STSongti-SC-Black Weight: 800 Style: italic \x{679C}\x{57CE}\x{7684}\x{7F8E}\x{8B7D}\x{3002}\x{4E2D}\x{56FD}\x{53E4}"
      RenderBlock {DIV} at (0,11654) size 769x24
        RenderText {#text} at (0,0) size 466x22
          text run at (0,0) width 466: "Font: STSongti-SC-Black Weight: 900 Style: italic \x{679C}\x{57CE}\x{7684}\x{7F8E}\x{8B7D}\x{3002}\x{4E2D}\x{56FD}\x{53E4}"
      RenderBlock {DIV} at (0,11678) size 769x24
        RenderText {#text} at (0,3) size 618x17
          text run at (0,3) width 618: "Font: Hiragino Kaku Gothic ProN Weight: 100 Style: normal \x{679C}\x{57CE}\x{7684}\x{7F8E}\x{8B7D}\x{3002}\x{4E2D}\x{56FD}\x{53E4}"
      RenderBlock {DIV} at (0,11702) size 769x24
        RenderText {#text} at (0,3) size 618x17
          text run at (0,3) width 618: "Font: Hiragino Kaku Gothic ProN Weight: 200 Style: normal \x{679C}\x{57CE}\x{7684}\x{7F8E}\x{8B7D}\x{3002}\x{4E2D}\x{56FD}\x{53E4}"
      RenderBlock {DIV} at (0,11726) size 769x24
        RenderText {#text} at (0,3) size 618x17
          text run at (0,3) width 618: "Font: Hiragino Kaku Gothic ProN Weight: 300 Style: normal \x{679C}\x{57CE}\x{7684}\x{7F8E}\x{8B7D}\x{3002}\x{4E2D}\x{56FD}\x{53E4}"
      RenderBlock {DIV} at (0,11750) size 769x24
        RenderText {#text} at (0,3) size 618x17
          text run at (0,3) width 618: "Font: Hiragino Kaku Gothic ProN Weight: 400 Style: normal \x{679C}\x{57CE}\x{7684}\x{7F8E}\x{8B7D}\x{3002}\x{4E2D}\x{56FD}\x{53E4}"
      RenderBlock {DIV} at (0,11774) size 769x24
        RenderText {#text} at (0,3) size 618x17
          text run at (0,3) width 618: "Font: Hiragino Kaku Gothic ProN Weight: 500 Style: normal \x{679C}\x{57CE}\x{7684}\x{7F8E}\x{8B7D}\x{3002}\x{4E2D}\x{56FD}\x{53E4}"
      RenderBlock {DIV} at (0,11798) size 769x24
        RenderText {#text} at (0,3) size 656x17
          text run at (0,3) width 656: "Font: Hiragino Kaku Gothic ProN Weight: 600 Style: normal \x{679C}\x{57CE}\x{7684}\x{7F8E}\x{8B7D}\x{3002}\x{4E2D}\x{56FD}\x{53E4}"
      RenderBlock {DIV} at (0,11822) size 769x24
        RenderText {#text} at (0,3) size 656x17
          text run at (0,3) width 656: "Font: Hiragino Kaku Gothic ProN Weight: 700 Style: normal \x{679C}\x{57CE}\x{7684}\x{7F8E}\x{8B7D}\x{3002}\x{4E2D}\x{56FD}\x{53E4}"
      RenderBlock {DIV} at (0,11846) size 769x24
        RenderText {#text} at (0,3) size 656x17
          text run at (0,3) width 656: "Font: Hiragino Kaku Gothic ProN Weight: 800 Style: normal \x{679C}\x{57CE}\x{7684}\x{7F8E}\x{8B7D}\x{3002}\x{4E2D}\x{56FD}\x{53E4}"
      RenderBlock {DIV} at (0,11870) size 769x24
        RenderText {#text} at (0,3) size 656x17
          text run at (0,3) width 656: "Font: Hiragino Kaku Gothic ProN Weight: 900 Style: normal \x{679C}\x{57CE}\x{7684}\x{7F8E}\x{8B7D}\x{3002}\x{4E2D}\x{56FD}\x{53E4}"
      RenderBlock {DIV} at (0,11894) size 769x24
        RenderText {#text} at (0,3) size 549x17
          text run at (0,3) width 549: "Font: HiraKakuProN-W3 Weight: 100 Style: normal \x{679C}\x{57CE}\x{7684}\x{7F8E}\x{8B7D}\x{3002}\x{4E2D}\x{56FD}\x{53E4}"
      RenderBlock {DIV} at (0,11918) size 769x24
        RenderText {#text} at (0,3) size 549x17
          text run at (0,3) width 549: "Font: HiraKakuProN-W3 Weight: 200 Style: normal \x{679C}\x{57CE}\x{7684}\x{7F8E}\x{8B7D}\x{3002}\x{4E2D}\x{56FD}\x{53E4}"
      RenderBlock {DIV} at (0,11942) size 769x24
        RenderText {#text} at (0,3) size 549x17
          text run at (0,3) width 549: "Font: HiraKakuProN-W3 Weight: 300 Style: normal \x{679C}\x{57CE}\x{7684}\x{7F8E}\x{8B7D}\x{3002}\x{4E2D}\x{56FD}\x{53E4}"
      RenderBlock {DIV} at (0,11966) size 769x24
        RenderText {#text} at (0,3) size 549x17
          text run at (0,3) width 549: "Font: HiraKakuProN-W3 Weight: 400 Style: normal \x{679C}\x{57CE}\x{7684}\x{7F8E}\x{8B7D}\x{3002}\x{4E2D}\x{56FD}\x{53E4}"
      RenderBlock {DIV} at (0,11990) size 769x24
        RenderText {#text} at (0,3) size 549x17
          text run at (0,3) width 549: "Font: HiraKakuProN-W3 Weight: 500 Style: normal \x{679C}\x{57CE}\x{7684}\x{7F8E}\x{8B7D}\x{3002}\x{4E2D}\x{56FD}\x{53E4}"
      RenderBlock {DIV} at (0,12014) size 769x24
        RenderText {#text} at (0,3) size 583x17
          text run at (0,3) width 583: "Font: HiraKakuProN-W3 Weight: 600 Style: normal \x{679C}\x{57CE}\x{7684}\x{7F8E}\x{8B7D}\x{3002}\x{4E2D}\x{56FD}\x{53E4}"
      RenderBlock {DIV} at (0,12038) size 769x24
        RenderText {#text} at (0,3) size 583x17
          text run at (0,3) width 583: "Font: HiraKakuProN-W3 Weight: 700 Style: normal \x{679C}\x{57CE}\x{7684}\x{7F8E}\x{8B7D}\x{3002}\x{4E2D}\x{56FD}\x{53E4}"
      RenderBlock {DIV} at (0,12062) size 769x24
        RenderText {#text} at (0,3) size 583x17
          text run at (0,3) width 583: "Font: HiraKakuProN-W3 Weight: 800 Style: normal \x{679C}\x{57CE}\x{7684}\x{7F8E}\x{8B7D}\x{3002}\x{4E2D}\x{56FD}\x{53E4}"
      RenderBlock {DIV} at (0,12086) size 769x24
        RenderText {#text} at (0,3) size 583x17
          text run at (0,3) width 583: "Font: HiraKakuProN-W3 Weight: 900 Style: normal \x{679C}\x{57CE}\x{7684}\x{7F8E}\x{8B7D}\x{3002}\x{4E2D}\x{56FD}\x{53E4}"
      RenderBlock {DIV} at (0,12110) size 769x24
        RenderText {#text} at (0,3) size 583x17
          text run at (0,3) width 583: "Font: HiraKakuProN-W6 Weight: 100 Style: normal \x{679C}\x{57CE}\x{7684}\x{7F8E}\x{8B7D}\x{3002}\x{4E2D}\x{56FD}\x{53E4}"
      RenderBlock {DIV} at (0,12134) size 769x24
        RenderText {#text} at (0,3) size 583x17
          text run at (0,3) width 583: "Font: HiraKakuProN-W6 Weight: 200 Style: normal \x{679C}\x{57CE}\x{7684}\x{7F8E}\x{8B7D}\x{3002}\x{4E2D}\x{56FD}\x{53E4}"
      RenderBlock {DIV} at (0,12158) size 769x24
        RenderText {#text} at (0,3) size 583x17
          text run at (0,3) width 583: "Font: HiraKakuProN-W6 Weight: 300 Style: normal \x{679C}\x{57CE}\x{7684}\x{7F8E}\x{8B7D}\x{3002}\x{4E2D}\x{56FD}\x{53E4}"
      RenderBlock {DIV} at (0,12182) size 769x24
        RenderText {#text} at (0,3) size 583x17
          text run at (0,3) width 583: "Font: HiraKakuProN-W6 Weight: 400 Style: normal \x{679C}\x{57CE}\x{7684}\x{7F8E}\x{8B7D}\x{3002}\x{4E2D}\x{56FD}\x{53E4}"
      RenderBlock {DIV} at (0,12206) size 769x24
        RenderText {#text} at (0,3) size 583x17
          text run at (0,3) width 583: "Font: HiraKakuProN-W6 Weight: 500 Style: normal \x{679C}\x{57CE}\x{7684}\x{7F8E}\x{8B7D}\x{3002}\x{4E2D}\x{56FD}\x{53E4}"
      RenderBlock {DIV} at (0,12230) size 769x24
        RenderText {#text} at (0,3) size 583x17
          text run at (0,3) width 583: "Font: HiraKakuProN-W6 Weight: 600 Style: normal \x{679C}\x{57CE}\x{7684}\x{7F8E}\x{8B7D}\x{3002}\x{4E2D}\x{56FD}\x{53E4}"
      RenderBlock {DIV} at (0,12254) size 769x24
        RenderText {#text} at (0,3) size 583x17
          text run at (0,3) width 583: "Font: HiraKakuProN-W6 Weight: 700 Style: normal \x{679C}\x{57CE}\x{7684}\x{7F8E}\x{8B7D}\x{3002}\x{4E2D}\x{56FD}\x{53E4}"
      RenderBlock {DIV} at (0,12278) size 769x24
        RenderText {#text} at (0,3) size 583x17
          text run at (0,3) width 583: "Font: HiraKakuProN-W6 Weight: 800 Style: normal \x{679C}\x{57CE}\x{7684}\x{7F8E}\x{8B7D}\x{3002}\x{4E2D}\x{56FD}\x{53E4}"
      RenderBlock {DIV} at (0,12302) size 769x24
        RenderText {#text} at (0,3) size 583x17
          text run at (0,3) width 583: "Font: HiraKakuProN-W6 Weight: 900 Style: normal \x{679C}\x{57CE}\x{7684}\x{7F8E}\x{8B7D}\x{3002}\x{4E2D}\x{56FD}\x{53E4}"
      RenderBlock {DIV} at (0,12326) size 769x24
        RenderText {#text} at (0,3) size 599x17
          text run at (0,3) width 599: "Font: Hiragino Kaku Gothic ProN Weight: 100 Style: italic \x{679C}\x{57CE}\x{7684}\x{7F8E}\x{8B7D}\x{3002}\x{4E2D}\x{56FD}\x{53E4}"
      RenderBlock {DIV} at (0,12350) size 769x24
        RenderText {#text} at (0,3) size 599x17
          text run at (0,3) width 599: "Font: Hiragino Kaku Gothic ProN Weight: 200 Style: italic \x{679C}\x{57CE}\x{7684}\x{7F8E}\x{8B7D}\x{3002}\x{4E2D}\x{56FD}\x{53E4}"
      RenderBlock {DIV} at (0,12374) size 769x24
        RenderText {#text} at (0,3) size 599x17
          text run at (0,3) width 599: "Font: Hiragino Kaku Gothic ProN Weight: 300 Style: italic \x{679C}\x{57CE}\x{7684}\x{7F8E}\x{8B7D}\x{3002}\x{4E2D}\x{56FD}\x{53E4}"
      RenderBlock {DIV} at (0,12398) size 769x24
        RenderText {#text} at (0,3) size 599x17
          text run at (0,3) width 599: "Font: Hiragino Kaku Gothic ProN Weight: 400 Style: italic \x{679C}\x{57CE}\x{7684}\x{7F8E}\x{8B7D}\x{3002}\x{4E2D}\x{56FD}\x{53E4}"
      RenderBlock {DIV} at (0,12422) size 769x24
        RenderText {#text} at (0,3) size 599x17
          text run at (0,3) width 599: "Font: Hiragino Kaku Gothic ProN Weight: 500 Style: italic \x{679C}\x{57CE}\x{7684}\x{7F8E}\x{8B7D}\x{3002}\x{4E2D}\x{56FD}\x{53E4}"
      RenderBlock {DIV} at (0,12446) size 769x24
        RenderText {#text} at (0,3) size 636x17
          text run at (0,3) width 636: "Font: Hiragino Kaku Gothic ProN Weight: 600 Style: italic \x{679C}\x{57CE}\x{7684}\x{7F8E}\x{8B7D}\x{3002}\x{4E2D}\x{56FD}\x{53E4}"
      RenderBlock {DIV} at (0,12470) size 769x24
        RenderText {#text} at (0,3) size 636x17
          text run at (0,3) width 636: "Font: Hiragino Kaku Gothic ProN Weight: 700 Style: italic \x{679C}\x{57CE}\x{7684}\x{7F8E}\x{8B7D}\x{3002}\x{4E2D}\x{56FD}\x{53E4}"
      RenderBlock {DIV} at (0,12494) size 769x24
        RenderText {#text} at (0,3) size 636x17
          text run at (0,3) width 636: "Font: Hiragino Kaku Gothic ProN Weight: 800 Style: italic \x{679C}\x{57CE}\x{7684}\x{7F8E}\x{8B7D}\x{3002}\x{4E2D}\x{56FD}\x{53E4}"
      RenderBlock {DIV} at (0,12518) size 769x24
        RenderText {#text} at (0,3) size 636x17
          text run at (0,3) width 636: "Font: Hiragino Kaku Gothic ProN Weight: 900 Style: italic \x{679C}\x{57CE}\x{7684}\x{7F8E}\x{8B7D}\x{3002}\x{4E2D}\x{56FD}\x{53E4}"
      RenderBlock {DIV} at (0,12542) size 769x24
        RenderText {#text} at (0,3) size 530x17
          text run at (0,3) width 530: "Font: HiraKakuProN-W3 Weight: 100 Style: italic \x{679C}\x{57CE}\x{7684}\x{7F8E}\x{8B7D}\x{3002}\x{4E2D}\x{56FD}\x{53E4}"
      RenderBlock {DIV} at (0,12566) size 769x24
        RenderText {#text} at (0,3) size 530x17
          text run at (0,3) width 530: "Font: HiraKakuProN-W3 Weight: 200 Style: italic \x{679C}\x{57CE}\x{7684}\x{7F8E}\x{8B7D}\x{3002}\x{4E2D}\x{56FD}\x{53E4}"
      RenderBlock {DIV} at (0,12590) size 769x24
        RenderText {#text} at (0,3) size 530x17
          text run at (0,3) width 530: "Font: HiraKakuProN-W3 Weight: 300 Style: italic \x{679C}\x{57CE}\x{7684}\x{7F8E}\x{8B7D}\x{3002}\x{4E2D}\x{56FD}\x{53E4}"
      RenderBlock {DIV} at (0,12614) size 769x24
        RenderText {#text} at (0,3) size 530x17
          text run at (0,3) width 530: "Font: HiraKakuProN-W3 Weight: 400 Style: italic \x{679C}\x{57CE}\x{7684}\x{7F8E}\x{8B7D}\x{3002}\x{4E2D}\x{56FD}\x{53E4}"
      RenderBlock {DIV} at (0,12638) size 769x24
        RenderText {#text} at (0,3) size 530x17
          text run at (0,3) width 530: "Font: HiraKakuProN-W3 Weight: 500 Style: italic \x{679C}\x{57CE}\x{7684}\x{7F8E}\x{8B7D}\x{3002}\x{4E2D}\x{56FD}\x{53E4}"
      RenderBlock {DIV} at (0,12662) size 769x24
        RenderText {#text} at (0,3) size 563x17
          text run at (0,3) width 563: "Font: HiraKakuProN-W3 Weight: 600 Style: italic \x{679C}\x{57CE}\x{7684}\x{7F8E}\x{8B7D}\x{3002}\x{4E2D}\x{56FD}\x{53E4}"
      RenderBlock {DIV} at (0,12686) size 769x24
        RenderText {#text} at (0,3) size 563x17
          text run at (0,3) width 563: "Font: HiraKakuProN-W3 Weight: 700 Style: italic \x{679C}\x{57CE}\x{7684}\x{7F8E}\x{8B7D}\x{3002}\x{4E2D}\x{56FD}\x{53E4}"
      RenderBlock {DIV} at (0,12710) size 769x24
        RenderText {#text} at (0,3) size 563x17
          text run at (0,3) width 563: "Font: HiraKakuProN-W3 Weight: 800 Style: italic \x{679C}\x{57CE}\x{7684}\x{7F8E}\x{8B7D}\x{3002}\x{4E2D}\x{56FD}\x{53E4}"
      RenderBlock {DIV} at (0,12734) size 769x24
        RenderText {#text} at (0,3) size 563x17
          text run at (0,3) width 563: "Font: HiraKakuProN-W3 Weight: 900 Style: italic \x{679C}\x{57CE}\x{7684}\x{7F8E}\x{8B7D}\x{3002}\x{4E2D}\x{56FD}\x{53E4}"
      RenderBlock {DIV} at (0,12758) size 769x24
        RenderText {#text} at (0,3) size 530x17
          text run at (0,3) width 530: "Font: HiraKakuProN-W6 Weight: 100 Style: italic \x{679C}\x{57CE}\x{7684}\x{7F8E}\x{8B7D}\x{3002}\x{4E2D}\x{56FD}\x{53E4}"
      RenderBlock {DIV} at (0,12782) size 769x24
        RenderText {#text} at (0,3) size 530x17
          text run at (0,3) width 530: "Font: HiraKakuProN-W6 Weight: 200 Style: italic \x{679C}\x{57CE}\x{7684}\x{7F8E}\x{8B7D}\x{3002}\x{4E2D}\x{56FD}\x{53E4}"
      RenderBlock {DIV} at (0,12806) size 769x24
        RenderText {#text} at (0,3) size 530x17
          text run at (0,3) width 530: "Font: HiraKakuProN-W6 Weight: 300 Style: italic \x{679C}\x{57CE}\x{7684}\x{7F8E}\x{8B7D}\x{3002}\x{4E2D}\x{56FD}\x{53E4}"
      RenderBlock {DIV} at (0,12830) size 769x24
        RenderText {#text} at (0,3) size 530x17
          text run at (0,3) width 530: "Font: HiraKakuProN-W6 Weight: 400 Style: italic \x{679C}\x{57CE}\x{7684}\x{7F8E}\x{8B7D}\x{3002}\x{4E2D}\x{56FD}\x{53E4}"
      RenderBlock {DIV} at (0,12854) size 769x24
        RenderText {#text} at (0,3) size 530x17
          text run at (0,3) width 530: "Font: HiraKakuProN-W6 Weight: 500 Style: italic \x{679C}\x{57CE}\x{7684}\x{7F8E}\x{8B7D}\x{3002}\x{4E2D}\x{56FD}\x{53E4}"
      RenderBlock {DIV} at (0,12878) size 769x24
        RenderText {#text} at (0,3) size 563x17
          text run at (0,3) width 563: "Font: HiraKakuProN-W6 Weight: 600 Style: italic \x{679C}\x{57CE}\x{7684}\x{7F8E}\x{8B7D}\x{3002}\x{4E2D}\x{56FD}\x{53E4}"
      RenderBlock {DIV} at (0,12902) size 769x24
        RenderText {#text} at (0,3) size 563x17
          text run at (0,3) width 563: "Font: HiraKakuProN-W6 Weight: 700 Style: italic \x{679C}\x{57CE}\x{7684}\x{7F8E}\x{8B7D}\x{3002}\x{4E2D}\x{56FD}\x{53E4}"
      RenderBlock {DIV} at (0,12926) size 769x24
        RenderText {#text} at (0,3) size 563x17
          text run at (0,3) width 563: "Font: HiraKakuProN-W6 Weight: 800 Style: italic \x{679C}\x{57CE}\x{7684}\x{7F8E}\x{8B7D}\x{3002}\x{4E2D}\x{56FD}\x{53E4}"
      RenderBlock {DIV} at (0,12950) size 769x24
        RenderText {#text} at (0,3) size 563x17
          text run at (0,3) width 563: "Font: HiraKakuProN-W6 Weight: 900 Style: italic \x{679C}\x{57CE}\x{7684}\x{7F8E}\x{8B7D}\x{3002}\x{4E2D}\x{56FD}\x{53E4}"
      RenderBlock {DIV} at (0,12974) size 769x24
        RenderText {#text} at (0,3) size 501x18
          text run at (0,3) width 501: "Font: Apple SD Gothic Neo Weight: 100 Style: normal \x{679C}\x{57CE}\x{7684}\x{7F8E}\x{8B7D}\x{3002}\x{4E2D}\x{56FD}\x{53E4}"
      RenderBlock {DIV} at (0,12998) size 769x24
        RenderText {#text} at (0,3) size 501x18
          text run at (0,3) width 501: "Font: Apple SD Gothic Neo Weight: 200 Style: normal \x{679C}\x{57CE}\x{7684}\x{7F8E}\x{8B7D}\x{3002}\x{4E2D}\x{56FD}\x{53E4}"
      RenderBlock {DIV} at (0,13022) size 769x24
        RenderText {#text} at (0,3) size 501x18
          text run at (0,3) width 501: "Font: Apple SD Gothic Neo Weight: 300 Style: normal \x{679C}\x{57CE}\x{7684}\x{7F8E}\x{8B7D}\x{3002}\x{4E2D}\x{56FD}\x{53E4}"
      RenderBlock {DIV} at (0,13046) size 769x24
        RenderText {#text} at (0,3) size 501x18
          text run at (0,3) width 501: "Font: Apple SD Gothic Neo Weight: 400 Style: normal \x{679C}\x{57CE}\x{7684}\x{7F8E}\x{8B7D}\x{3002}\x{4E2D}\x{56FD}\x{53E4}"
      RenderBlock {DIV} at (0,13070) size 769x24
        RenderText {#text} at (0,3) size 501x18
          text run at (0,3) width 501: "Font: Apple SD Gothic Neo Weight: 500 Style: normal \x{679C}\x{57CE}\x{7684}\x{7F8E}\x{8B7D}\x{3002}\x{4E2D}\x{56FD}\x{53E4}"
      RenderBlock {DIV} at (0,13094) size 769x24
        RenderText {#text} at (0,3) size 519x18
          text run at (0,3) width 519: "Font: Apple SD Gothic Neo Weight: 600 Style: normal \x{679C}\x{57CE}\x{7684}\x{7F8E}\x{8B7D}\x{3002}\x{4E2D}\x{56FD}\x{53E4}"
      RenderBlock {DIV} at (0,13118) size 769x24
        RenderText {#text} at (0,3) size 519x18
          text run at (0,3) width 519: "Font: Apple SD Gothic Neo Weight: 700 Style: normal \x{679C}\x{57CE}\x{7684}\x{7F8E}\x{8B7D}\x{3002}\x{4E2D}\x{56FD}\x{53E4}"
      RenderBlock {DIV} at (0,13142) size 769x24
        RenderText {#text} at (0,3) size 519x18
          text run at (0,3) width 519: "Font: Apple SD Gothic Neo Weight: 800 Style: normal \x{679C}\x{57CE}\x{7684}\x{7F8E}\x{8B7D}\x{3002}\x{4E2D}\x{56FD}\x{53E4}"
      RenderBlock {DIV} at (0,13166) size 769x24
        RenderText {#text} at (0,3) size 519x18
          text run at (0,3) width 519: "Font: Apple SD Gothic Neo Weight: 900 Style: normal \x{679C}\x{57CE}\x{7684}\x{7F8E}\x{8B7D}\x{3002}\x{4E2D}\x{56FD}\x{53E4}"
      RenderBlock {DIV} at (0,13190) size 769x24
        RenderText {#text} at (0,3) size 545x18
          text run at (0,3) width 545: "Font: AppleSDGothicNeo-Regular Weight: 100 Style: normal \x{679C}\x{57CE}\x{7684}\x{7F8E}\x{8B7D}\x{3002}\x{4E2D}\x{56FD}\x{53E4}"
      RenderBlock {DIV} at (0,13214) size 769x24
        RenderText {#text} at (0,3) size 545x18
          text run at (0,3) width 545: "Font: AppleSDGothicNeo-Regular Weight: 200 Style: normal \x{679C}\x{57CE}\x{7684}\x{7F8E}\x{8B7D}\x{3002}\x{4E2D}\x{56FD}\x{53E4}"
      RenderBlock {DIV} at (0,13238) size 769x24
        RenderText {#text} at (0,3) size 545x18
          text run at (0,3) width 545: "Font: AppleSDGothicNeo-Regular Weight: 300 Style: normal \x{679C}\x{57CE}\x{7684}\x{7F8E}\x{8B7D}\x{3002}\x{4E2D}\x{56FD}\x{53E4}"
      RenderBlock {DIV} at (0,13262) size 769x24
        RenderText {#text} at (0,3) size 545x18
          text run at (0,3) width 545: "Font: AppleSDGothicNeo-Regular Weight: 400 Style: normal \x{679C}\x{57CE}\x{7684}\x{7F8E}\x{8B7D}\x{3002}\x{4E2D}\x{56FD}\x{53E4}"
      RenderBlock {DIV} at (0,13286) size 769x24
        RenderText {#text} at (0,3) size 545x18
          text run at (0,3) width 545: "Font: AppleSDGothicNeo-Regular Weight: 500 Style: normal \x{679C}\x{57CE}\x{7684}\x{7F8E}\x{8B7D}\x{3002}\x{4E2D}\x{56FD}\x{53E4}"
      RenderBlock {DIV} at (0,13310) size 769x24
        RenderText {#text} at (0,3) size 567x18
          text run at (0,3) width 567: "Font: AppleSDGothicNeo-Regular Weight: 600 Style: normal \x{679C}\x{57CE}\x{7684}\x{7F8E}\x{8B7D}\x{3002}\x{4E2D}\x{56FD}\x{53E4}"
      RenderBlock {DIV} at (0,13334) size 769x24
        RenderText {#text} at (0,3) size 567x18
          text run at (0,3) width 567: "Font: AppleSDGothicNeo-Regular Weight: 700 Style: normal \x{679C}\x{57CE}\x{7684}\x{7F8E}\x{8B7D}\x{3002}\x{4E2D}\x{56FD}\x{53E4}"
      RenderBlock {DIV} at (0,13358) size 769x24
        RenderText {#text} at (0,3) size 567x18
          text run at (0,3) width 567: "Font: AppleSDGothicNeo-Regular Weight: 800 Style: normal \x{679C}\x{57CE}\x{7684}\x{7F8E}\x{8B7D}\x{3002}\x{4E2D}\x{56FD}\x{53E4}"
      RenderBlock {DIV} at (0,13382) size 769x24
        RenderText {#text} at (0,3) size 567x18
          text run at (0,3) width 567: "Font: AppleSDGothicNeo-Regular Weight: 900 Style: normal \x{679C}\x{57CE}\x{7684}\x{7F8E}\x{8B7D}\x{3002}\x{4E2D}\x{56FD}\x{53E4}"
      RenderBlock {DIV} at (0,13406) size 769x24
        RenderText {#text} at (0,3) size 549x18
          text run at (0,3) width 549: "Font: AppleSDGothicNeo-Medium Weight: 100 Style: normal \x{679C}\x{57CE}\x{7684}\x{7F8E}\x{8B7D}\x{3002}\x{4E2D}\x{56FD}\x{53E4}"
      RenderBlock {DIV} at (0,13430) size 769x24
        RenderText {#text} at (0,3) size 549x18
          text run at (0,3) width 549: "Font: AppleSDGothicNeo-Medium Weight: 200 Style: normal \x{679C}\x{57CE}\x{7684}\x{7F8E}\x{8B7D}\x{3002}\x{4E2D}\x{56FD}\x{53E4}"
      RenderBlock {DIV} at (0,13454) size 769x24
        RenderText {#text} at (0,3) size 549x18
          text run at (0,3) width 549: "Font: AppleSDGothicNeo-Medium Weight: 300 Style: normal \x{679C}\x{57CE}\x{7684}\x{7F8E}\x{8B7D}\x{3002}\x{4E2D}\x{56FD}\x{53E4}"
      RenderBlock {DIV} at (0,13478) size 769x24
        RenderText {#text} at (0,3) size 549x18
          text run at (0,3) width 549: "Font: AppleSDGothicNeo-Medium Weight: 400 Style: normal \x{679C}\x{57CE}\x{7684}\x{7F8E}\x{8B7D}\x{3002}\x{4E2D}\x{56FD}\x{53E4}"
      RenderBlock {DIV} at (0,13502) size 769x24
        RenderText {#text} at (0,3) size 549x18
          text run at (0,3) width 549: "Font: AppleSDGothicNeo-Medium Weight: 500 Style: normal \x{679C}\x{57CE}\x{7684}\x{7F8E}\x{8B7D}\x{3002}\x{4E2D}\x{56FD}\x{53E4}"
      RenderBlock {DIV} at (0,13526) size 769x24
        RenderText {#text} at (0,3) size 570x18
          text run at (0,3) width 570: "Font: AppleSDGothicNeo-Medium Weight: 600 Style: normal \x{679C}\x{57CE}\x{7684}\x{7F8E}\x{8B7D}\x{3002}\x{4E2D}\x{56FD}\x{53E4}"
      RenderBlock {DIV} at (0,13550) size 769x24
        RenderText {#text} at (0,3) size 570x18
          text run at (0,3) width 570: "Font: AppleSDGothicNeo-Medium Weight: 700 Style: normal \x{679C}\x{57CE}\x{7684}\x{7F8E}\x{8B7D}\x{3002}\x{4E2D}\x{56FD}\x{53E4}"
      RenderBlock {DIV} at (0,13574) size 769x24
        RenderText {#text} at (0,3) size 570x18
          text run at (0,3) width 570: "Font: AppleSDGothicNeo-Medium Weight: 800 Style: normal \x{679C}\x{57CE}\x{7684}\x{7F8E}\x{8B7D}\x{3002}\x{4E2D}\x{56FD}\x{53E4}"
      RenderBlock {DIV} at (0,13598) size 769x24
        RenderText {#text} at (0,3) size 570x18
          text run at (0,3) width 570: "Font: AppleSDGothicNeo-Medium Weight: 900 Style: normal \x{679C}\x{57CE}\x{7684}\x{7F8E}\x{8B7D}\x{3002}\x{4E2D}\x{56FD}\x{53E4}"
      RenderBlock {DIV} at (0,13622) size 769x24
        RenderText {#text} at (0,3) size 529x18
          text run at (0,3) width 529: "Font: AppleSDGothicNeo-Light Weight: 100 Style: normal \x{679C}\x{57CE}\x{7684}\x{7F8E}\x{8B7D}\x{3002}\x{4E2D}\x{56FD}\x{53E4}"
      RenderBlock {DIV} at (0,13646) size 769x24
        RenderText {#text} at (0,3) size 529x18
          text run at (0,3) width 529: "Font: AppleSDGothicNeo-Light Weight: 200 Style: normal \x{679C}\x{57CE}\x{7684}\x{7F8E}\x{8B7D}\x{3002}\x{4E2D}\x{56FD}\x{53E4}"
      RenderBlock {DIV} at (0,13670) size 769x24
        RenderText {#text} at (0,3) size 529x18
          text run at (0,3) width 529: "Font: AppleSDGothicNeo-Light Weight: 300 Style: normal \x{679C}\x{57CE}\x{7684}\x{7F8E}\x{8B7D}\x{3002}\x{4E2D}\x{56FD}\x{53E4}"
      RenderBlock {DIV} at (0,13694) size 769x24
        RenderText {#text} at (0,3) size 529x18
          text run at (0,3) width 529: "Font: AppleSDGothicNeo-Light Weight: 400 Style: normal \x{679C}\x{57CE}\x{7684}\x{7F8E}\x{8B7D}\x{3002}\x{4E2D}\x{56FD}\x{53E4}"
      RenderBlock {DIV} at (0,13718) size 769x24
        RenderText {#text} at (0,3) size 529x18
          text run at (0,3) width 529: "Font: AppleSDGothicNeo-Light Weight: 500 Style: normal \x{679C}\x{57CE}\x{7684}\x{7F8E}\x{8B7D}\x{3002}\x{4E2D}\x{56FD}\x{53E4}"
      RenderBlock {DIV} at (0,13742) size 769x24
        RenderText {#text} at (0,3) size 550x18
          text run at (0,3) width 550: "Font: AppleSDGothicNeo-Light Weight: 600 Style: normal \x{679C}\x{57CE}\x{7684}\x{7F8E}\x{8B7D}\x{3002}\x{4E2D}\x{56FD}\x{53E4}"
      RenderBlock {DIV} at (0,13766) size 769x24
        RenderText {#text} at (0,3) size 550x18
          text run at (0,3) width 550: "Font: AppleSDGothicNeo-Light Weight: 700 Style: normal \x{679C}\x{57CE}\x{7684}\x{7F8E}\x{8B7D}\x{3002}\x{4E2D}\x{56FD}\x{53E4}"
      RenderBlock {DIV} at (0,13790) size 769x24
        RenderText {#text} at (0,3) size 550x18
          text run at (0,3) width 550: "Font: AppleSDGothicNeo-Light Weight: 800 Style: normal \x{679C}\x{57CE}\x{7684}\x{7F8E}\x{8B7D}\x{3002}\x{4E2D}\x{56FD}\x{53E4}"
      RenderBlock {DIV} at (0,13814) size 769x24
        RenderText {#text} at (0,3) size 550x18
          text run at (0,3) width 550: "Font: AppleSDGothicNeo-Light Weight: 900 Style: normal \x{679C}\x{57CE}\x{7684}\x{7F8E}\x{8B7D}\x{3002}\x{4E2D}\x{56FD}\x{53E4}"
      RenderBlock {DIV} at (0,13838) size 769x24
        RenderText {#text} at (0,3) size 562x18
          text run at (0,3) width 562: "Font: AppleSDGothicNeo-UltraLight Weight: 100 Style: normal \x{679C}\x{57CE}\x{7684}\x{7F8E}\x{8B7D}\x{3002}\x{4E2D}\x{56FD}\x{53E4}"
      RenderBlock {DIV} at (0,13862) size 769x24
        RenderText {#text} at (0,3) size 562x18
          text run at (0,3) width 562: "Font: AppleSDGothicNeo-UltraLight Weight: 200 Style: normal \x{679C}\x{57CE}\x{7684}\x{7F8E}\x{8B7D}\x{3002}\x{4E2D}\x{56FD}\x{53E4}"
      RenderBlock {DIV} at (0,13886) size 769x24
        RenderText {#text} at (0,3) size 562x18
          text run at (0,3) width 562: "Font: AppleSDGothicNeo-UltraLight Weight: 300 Style: normal \x{679C}\x{57CE}\x{7684}\x{7F8E}\x{8B7D}\x{3002}\x{4E2D}\x{56FD}\x{53E4}"
      RenderBlock {DIV} at (0,13910) size 769x24
        RenderText {#text} at (0,3) size 562x18
          text run at (0,3) width 562: "Font: AppleSDGothicNeo-UltraLight Weight: 400 Style: normal \x{679C}\x{57CE}\x{7684}\x{7F8E}\x{8B7D}\x{3002}\x{4E2D}\x{56FD}\x{53E4}"
      RenderBlock {DIV} at (0,13934) size 769x24
        RenderText {#text} at (0,3) size 562x18
          text run at (0,3) width 562: "Font: AppleSDGothicNeo-UltraLight Weight: 500 Style: normal \x{679C}\x{57CE}\x{7684}\x{7F8E}\x{8B7D}\x{3002}\x{4E2D}\x{56FD}\x{53E4}"
      RenderBlock {DIV} at (0,13958) size 769x24
        RenderText {#text} at (0,3) size 586x18
          text run at (0,3) width 586: "Font: AppleSDGothicNeo-UltraLight Weight: 600 Style: normal \x{679C}\x{57CE}\x{7684}\x{7F8E}\x{8B7D}\x{3002}\x{4E2D}\x{56FD}\x{53E4}"
      RenderBlock {DIV} at (0,13982) size 769x24
        RenderText {#text} at (0,3) size 586x18
          text run at (0,3) width 586: "Font: AppleSDGothicNeo-UltraLight Weight: 700 Style: normal \x{679C}\x{57CE}\x{7684}\x{7F8E}\x{8B7D}\x{3002}\x{4E2D}\x{56FD}\x{53E4}"
      RenderBlock {DIV} at (0,14006) size 769x24
        RenderText {#text} at (0,3) size 586x18
          text run at (0,3) width 586: "Font: AppleSDGothicNeo-UltraLight Weight: 800 Style: normal \x{679C}\x{57CE}\x{7684}\x{7F8E}\x{8B7D}\x{3002}\x{4E2D}\x{56FD}\x{53E4}"
      RenderBlock {DIV} at (0,14030) size 769x24
        RenderText {#text} at (0,3) size 586x18
          text run at (0,3) width 586: "Font: AppleSDGothicNeo-UltraLight Weight: 900 Style: normal \x{679C}\x{57CE}\x{7684}\x{7F8E}\x{8B7D}\x{3002}\x{4E2D}\x{56FD}\x{53E4}"
      RenderBlock {DIV} at (0,14054) size 769x24
        RenderText {#text} at (0,3) size 525x18
          text run at (0,3) width 525: "Font: AppleSDGothicNeo-Thin Weight: 100 Style: normal \x{679C}\x{57CE}\x{7684}\x{7F8E}\x{8B7D}\x{3002}\x{4E2D}\x{56FD}\x{53E4}"
      RenderBlock {DIV} at (0,14078) size 769x24
        RenderText {#text} at (0,3) size 525x18
          text run at (0,3) width 525: "Font: AppleSDGothicNeo-Thin Weight: 200 Style: normal \x{679C}\x{57CE}\x{7684}\x{7F8E}\x{8B7D}\x{3002}\x{4E2D}\x{56FD}\x{53E4}"
      RenderBlock {DIV} at (0,14102) size 769x24
        RenderText {#text} at (0,3) size 525x18
          text run at (0,3) width 525: "Font: AppleSDGothicNeo-Thin Weight: 300 Style: normal \x{679C}\x{57CE}\x{7684}\x{7F8E}\x{8B7D}\x{3002}\x{4E2D}\x{56FD}\x{53E4}"
      RenderBlock {DIV} at (0,14126) size 769x24
        RenderText {#text} at (0,3) size 525x18
          text run at (0,3) width 525: "Font: AppleSDGothicNeo-Thin Weight: 400 Style: normal \x{679C}\x{57CE}\x{7684}\x{7F8E}\x{8B7D}\x{3002}\x{4E2D}\x{56FD}\x{53E4}"
      RenderBlock {DIV} at (0,14150) size 769x24
        RenderText {#text} at (0,3) size 525x18
          text run at (0,3) width 525: "Font: AppleSDGothicNeo-Thin Weight: 500 Style: normal \x{679C}\x{57CE}\x{7684}\x{7F8E}\x{8B7D}\x{3002}\x{4E2D}\x{56FD}\x{53E4}"
      RenderBlock {DIV} at (0,14174) size 769x24
        RenderText {#text} at (0,3) size 545x18
          text run at (0,3) width 545: "Font: AppleSDGothicNeo-Thin Weight: 600 Style: normal \x{679C}\x{57CE}\x{7684}\x{7F8E}\x{8B7D}\x{3002}\x{4E2D}\x{56FD}\x{53E4}"
      RenderBlock {DIV} at (0,14198) size 769x24
        RenderText {#text} at (0,3) size 545x18
          text run at (0,3) width 545: "Font: AppleSDGothicNeo-Thin Weight: 700 Style: normal \x{679C}\x{57CE}\x{7684}\x{7F8E}\x{8B7D}\x{3002}\x{4E2D}\x{56FD}\x{53E4}"
      RenderBlock {DIV} at (0,14222) size 769x24
        RenderText {#text} at (0,3) size 545x18
          text run at (0,3) width 545: "Font: AppleSDGothicNeo-Thin Weight: 800 Style: normal \x{679C}\x{57CE}\x{7684}\x{7F8E}\x{8B7D}\x{3002}\x{4E2D}\x{56FD}\x{53E4}"
      RenderBlock {DIV} at (0,14246) size 769x24
        RenderText {#text} at (0,3) size 545x18
          text run at (0,3) width 545: "Font: AppleSDGothicNeo-Thin Weight: 900 Style: normal \x{679C}\x{57CE}\x{7684}\x{7F8E}\x{8B7D}\x{3002}\x{4E2D}\x{56FD}\x{53E4}"
      RenderBlock {DIV} at (0,14270) size 769x24
        RenderText {#text} at (0,3) size 558x18
          text run at (0,3) width 558: "Font: AppleSDGothicNeo-SemiBold Weight: 100 Style: normal \x{679C}\x{57CE}\x{7684}\x{7F8E}\x{8B7D}\x{3002}\x{4E2D}\x{56FD}\x{53E4}"
      RenderBlock {DIV} at (0,14294) size 769x24
        RenderText {#text} at (0,3) size 558x18
          text run at (0,3) width 558: "Font: AppleSDGothicNeo-SemiBold Weight: 200 Style: normal \x{679C}\x{57CE}\x{7684}\x{7F8E}\x{8B7D}\x{3002}\x{4E2D}\x{56FD}\x{53E4}"
      RenderBlock {DIV} at (0,14318) size 769x24
        RenderText {#text} at (0,3) size 558x18
          text run at (0,3) width 558: "Font: AppleSDGothicNeo-SemiBold Weight: 300 Style: normal \x{679C}\x{57CE}\x{7684}\x{7F8E}\x{8B7D}\x{3002}\x{4E2D}\x{56FD}\x{53E4}"
      RenderBlock {DIV} at (0,14342) size 769x24
        RenderText {#text} at (0,3) size 558x18
          text run at (0,3) width 558: "Font: AppleSDGothicNeo-SemiBold Weight: 400 Style: normal \x{679C}\x{57CE}\x{7684}\x{7F8E}\x{8B7D}\x{3002}\x{4E2D}\x{56FD}\x{53E4}"
      RenderBlock {DIV} at (0,14366) size 769x24
        RenderText {#text} at (0,3) size 558x18
          text run at (0,3) width 558: "Font: AppleSDGothicNeo-SemiBold Weight: 500 Style: normal \x{679C}\x{57CE}\x{7684}\x{7F8E}\x{8B7D}\x{3002}\x{4E2D}\x{56FD}\x{53E4}"
      RenderBlock {DIV} at (0,14390) size 769x24
        RenderText {#text} at (0,3) size 578x18
          text run at (0,3) width 578: "Font: AppleSDGothicNeo-SemiBold Weight: 600 Style: normal \x{679C}\x{57CE}\x{7684}\x{7F8E}\x{8B7D}\x{3002}\x{4E2D}\x{56FD}\x{53E4}"
      RenderBlock {DIV} at (0,14414) size 769x24
        RenderText {#text} at (0,3) size 578x18
          text run at (0,3) width 578: "Font: AppleSDGothicNeo-SemiBold Weight: 700 Style: normal \x{679C}\x{57CE}\x{7684}\x{7F8E}\x{8B7D}\x{3002}\x{4E2D}\x{56FD}\x{53E4}"
      RenderBlock {DIV} at (0,14438) size 769x24
        RenderText {#text} at (0,3) size 578x18
          text run at (0,3) width 578: "Font: AppleSDGothicNeo-SemiBold Weight: 800 Style: normal \x{679C}\x{57CE}\x{7684}\x{7F8E}\x{8B7D}\x{3002}\x{4E2D}\x{56FD}\x{53E4}"
      RenderBlock {DIV} at (0,14462) size 769x24
        RenderText {#text} at (0,3) size 578x18
          text run at (0,3) width 578: "Font: AppleSDGothicNeo-SemiBold Weight: 900 Style: normal \x{679C}\x{57CE}\x{7684}\x{7F8E}\x{8B7D}\x{3002}\x{4E2D}\x{56FD}\x{53E4}"
      RenderBlock {DIV} at (0,14486) size 769x24
        RenderText {#text} at (0,3) size 525x18
          text run at (0,3) width 525: "Font: AppleSDGothicNeo-Bold Weight: 100 Style: normal \x{679C}\x{57CE}\x{7684}\x{7F8E}\x{8B7D}\x{3002}\x{4E2D}\x{56FD}\x{53E4}"
      RenderBlock {DIV} at (0,14510) size 769x24
        RenderText {#text} at (0,3) size 525x18
          text run at (0,3) width 525: "Font: AppleSDGothicNeo-Bold Weight: 200 Style: normal \x{679C}\x{57CE}\x{7684}\x{7F8E}\x{8B7D}\x{3002}\x{4E2D}\x{56FD}\x{53E4}"
      RenderBlock {DIV} at (0,14534) size 769x24
        RenderText {#text} at (0,3) size 525x18
          text run at (0,3) width 525: "Font: AppleSDGothicNeo-Bold Weight: 300 Style: normal \x{679C}\x{57CE}\x{7684}\x{7F8E}\x{8B7D}\x{3002}\x{4E2D}\x{56FD}\x{53E4}"
      RenderBlock {DIV} at (0,14558) size 769x24
        RenderText {#text} at (0,3) size 525x18
          text run at (0,3) width 525: "Font: AppleSDGothicNeo-Bold Weight: 400 Style: normal \x{679C}\x{57CE}\x{7684}\x{7F8E}\x{8B7D}\x{3002}\x{4E2D}\x{56FD}\x{53E4}"
      RenderBlock {DIV} at (0,14582) size 769x24
        RenderText {#text} at (0,3) size 525x18
          text run at (0,3) width 525: "Font: AppleSDGothicNeo-Bold Weight: 500 Style: normal \x{679C}\x{57CE}\x{7684}\x{7F8E}\x{8B7D}\x{3002}\x{4E2D}\x{56FD}\x{53E4}"
      RenderBlock {DIV} at (0,14606) size 769x24
        RenderText {#text} at (0,3) size 544x18
          text run at (0,3) width 544: "Font: AppleSDGothicNeo-Bold Weight: 600 Style: normal \x{679C}\x{57CE}\x{7684}\x{7F8E}\x{8B7D}\x{3002}\x{4E2D}\x{56FD}\x{53E4}"
      RenderBlock {DIV} at (0,14630) size 769x24
        RenderText {#text} at (0,3) size 544x18
          text run at (0,3) width 544: "Font: AppleSDGothicNeo-Bold Weight: 700 Style: normal \x{679C}\x{57CE}\x{7684}\x{7F8E}\x{8B7D}\x{3002}\x{4E2D}\x{56FD}\x{53E4}"
      RenderBlock {DIV} at (0,14654) size 769x24
        RenderText {#text} at (0,3) size 544x18
          text run at (0,3) width 544: "Font: AppleSDGothicNeo-Bold Weight: 800 Style: normal \x{679C}\x{57CE}\x{7684}\x{7F8E}\x{8B7D}\x{3002}\x{4E2D}\x{56FD}\x{53E4}"
      RenderBlock {DIV} at (0,14678) size 769x24
        RenderText {#text} at (0,3) size 544x18
          text run at (0,3) width 544: "Font: AppleSDGothicNeo-Bold Weight: 900 Style: normal \x{679C}\x{57CE}\x{7684}\x{7F8E}\x{8B7D}\x{3002}\x{4E2D}\x{56FD}\x{53E4}"
      RenderBlock {DIV} at (0,14702) size 769x24
        RenderText {#text} at (0,3) size 560x18
          text run at (0,3) width 560: "Font: AppleSDGothicNeo-ExtraBold Weight: 100 Style: normal \x{679C}\x{57CE}\x{7684}\x{7F8E}\x{8B7D}\x{3002}\x{4E2D}\x{56FD}\x{53E4}"
      RenderBlock {DIV} at (0,14726) size 769x24
        RenderText {#text} at (0,3) size 560x18
          text run at (0,3) width 560: "Font: AppleSDGothicNeo-ExtraBold Weight: 200 Style: normal \x{679C}\x{57CE}\x{7684}\x{7F8E}\x{8B7D}\x{3002}\x{4E2D}\x{56FD}\x{53E4}"
      RenderBlock {DIV} at (0,14750) size 769x24
        RenderText {#text} at (0,3) size 560x18
          text run at (0,3) width 560: "Font: AppleSDGothicNeo-ExtraBold Weight: 300 Style: normal \x{679C}\x{57CE}\x{7684}\x{7F8E}\x{8B7D}\x{3002}\x{4E2D}\x{56FD}\x{53E4}"
      RenderBlock {DIV} at (0,14774) size 769x24
        RenderText {#text} at (0,3) size 560x18
          text run at (0,3) width 560: "Font: AppleSDGothicNeo-ExtraBold Weight: 400 Style: normal \x{679C}\x{57CE}\x{7684}\x{7F8E}\x{8B7D}\x{3002}\x{4E2D}\x{56FD}\x{53E4}"
      RenderBlock {DIV} at (0,14798) size 769x24
        RenderText {#text} at (0,3) size 560x18
          text run at (0,3) width 560: "Font: AppleSDGothicNeo-ExtraBold Weight: 500 Style: normal \x{679C}\x{57CE}\x{7684}\x{7F8E}\x{8B7D}\x{3002}\x{4E2D}\x{56FD}\x{53E4}"
      RenderBlock {DIV} at (0,14822) size 769x24
        RenderText {#text} at (0,3) size 584x18
          text run at (0,3) width 584: "Font: AppleSDGothicNeo-ExtraBold Weight: 600 Style: normal \x{679C}\x{57CE}\x{7684}\x{7F8E}\x{8B7D}\x{3002}\x{4E2D}\x{56FD}\x{53E4}"
      RenderBlock {DIV} at (0,14846) size 769x24
        RenderText {#text} at (0,3) size 584x18
          text run at (0,3) width 584: "Font: AppleSDGothicNeo-ExtraBold Weight: 700 Style: normal \x{679C}\x{57CE}\x{7684}\x{7F8E}\x{8B7D}\x{3002}\x{4E2D}\x{56FD}\x{53E4}"
      RenderBlock {DIV} at (0,14870) size 769x24
        RenderText {#text} at (0,3) size 584x18
          text run at (0,3) width 584: "Font: AppleSDGothicNeo-ExtraBold Weight: 800 Style: normal \x{679C}\x{57CE}\x{7684}\x{7F8E}\x{8B7D}\x{3002}\x{4E2D}\x{56FD}\x{53E4}"
      RenderBlock {DIV} at (0,14894) size 769x24
        RenderText {#text} at (0,3) size 584x18
          text run at (0,3) width 584: "Font: AppleSDGothicNeo-ExtraBold Weight: 900 Style: normal \x{679C}\x{57CE}\x{7684}\x{7F8E}\x{8B7D}\x{3002}\x{4E2D}\x{56FD}\x{53E4}"
      RenderBlock {DIV} at (0,14918) size 769x24
        RenderText {#text} at (0,3) size 536x18
          text run at (0,3) width 536: "Font: AppleSDGothicNeo-Heavy Weight: 100 Style: normal \x{679C}\x{57CE}\x{7684}\x{7F8E}\x{8B7D}\x{3002}\x{4E2D}\x{56FD}\x{53E4}"
      RenderBlock {DIV} at (0,14942) size 769x24
        RenderText {#text} at (0,3) size 536x18
          text run at (0,3) width 536: "Font: AppleSDGothicNeo-Heavy Weight: 200 Style: normal \x{679C}\x{57CE}\x{7684}\x{7F8E}\x{8B7D}\x{3002}\x{4E2D}\x{56FD}\x{53E4}"
      RenderBlock {DIV} at (0,14966) size 769x24
        RenderText {#text} at (0,3) size 536x18
          text run at (0,3) width 536: "Font: AppleSDGothicNeo-Heavy Weight: 300 Style: normal \x{679C}\x{57CE}\x{7684}\x{7F8E}\x{8B7D}\x{3002}\x{4E2D}\x{56FD}\x{53E4}"
      RenderBlock {DIV} at (0,14990) size 769x24
        RenderText {#text} at (0,3) size 536x18
          text run at (0,3) width 536: "Font: AppleSDGothicNeo-Heavy Weight: 400 Style: normal \x{679C}\x{57CE}\x{7684}\x{7F8E}\x{8B7D}\x{3002}\x{4E2D}\x{56FD}\x{53E4}"
      RenderBlock {DIV} at (0,15014) size 769x24
        RenderText {#text} at (0,3) size 536x18
          text run at (0,3) width 536: "Font: AppleSDGothicNeo-Heavy Weight: 500 Style: normal \x{679C}\x{57CE}\x{7684}\x{7F8E}\x{8B7D}\x{3002}\x{4E2D}\x{56FD}\x{53E4}"
      RenderBlock {DIV} at (0,15038) size 769x24
        RenderText {#text} at (0,3) size 556x18
          text run at (0,3) width 556: "Font: AppleSDGothicNeo-Heavy Weight: 600 Style: normal \x{679C}\x{57CE}\x{7684}\x{7F8E}\x{8B7D}\x{3002}\x{4E2D}\x{56FD}\x{53E4}"
      RenderBlock {DIV} at (0,15062) size 769x24
        RenderText {#text} at (0,3) size 556x18
          text run at (0,3) width 556: "Font: AppleSDGothicNeo-Heavy Weight: 700 Style: normal \x{679C}\x{57CE}\x{7684}\x{7F8E}\x{8B7D}\x{3002}\x{4E2D}\x{56FD}\x{53E4}"
      RenderBlock {DIV} at (0,15086) size 769x24
        RenderText {#text} at (0,3) size 556x18
          text run at (0,3) width 556: "Font: AppleSDGothicNeo-Heavy Weight: 800 Style: normal \x{679C}\x{57CE}\x{7684}\x{7F8E}\x{8B7D}\x{3002}\x{4E2D}\x{56FD}\x{53E4}"
      RenderBlock {DIV} at (0,15110) size 769x24
        RenderText {#text} at (0,3) size 556x18
          text run at (0,3) width 556: "Font: AppleSDGothicNeo-Heavy Weight: 900 Style: normal \x{679C}\x{57CE}\x{7684}\x{7F8E}\x{8B7D}\x{3002}\x{4E2D}\x{56FD}\x{53E4}"
      RenderBlock {DIV} at (0,15134) size 769x24
        RenderText {#text} at (0,3) size 485x18
          text run at (0,3) width 485: "Font: Apple SD Gothic Neo Weight: 100 Style: italic \x{679C}\x{57CE}\x{7684}\x{7F8E}\x{8B7D}\x{3002}\x{4E2D}\x{56FD}\x{53E4}"
      RenderBlock {DIV} at (0,15158) size 769x24
        RenderText {#text} at (0,3) size 485x18
          text run at (0,3) width 485: "Font: Apple SD Gothic Neo Weight: 200 Style: italic \x{679C}\x{57CE}\x{7684}\x{7F8E}\x{8B7D}\x{3002}\x{4E2D}\x{56FD}\x{53E4}"
      RenderBlock {DIV} at (0,15182) size 769x24
        RenderText {#text} at (0,3) size 485x18
          text run at (0,3) width 485: "Font: Apple SD Gothic Neo Weight: 300 Style: italic \x{679C}\x{57CE}\x{7684}\x{7F8E}\x{8B7D}\x{3002}\x{4E2D}\x{56FD}\x{53E4}"
      RenderBlock {DIV} at (0,15206) size 769x24
        RenderText {#text} at (0,3) size 485x18
          text run at (0,3) width 485: "Font: Apple SD Gothic Neo Weight: 400 Style: italic \x{679C}\x{57CE}\x{7684}\x{7F8E}\x{8B7D}\x{3002}\x{4E2D}\x{56FD}\x{53E4}"
      RenderBlock {DIV} at (0,15230) size 769x24
        RenderText {#text} at (0,3) size 485x18
          text run at (0,3) width 485: "Font: Apple SD Gothic Neo Weight: 500 Style: italic \x{679C}\x{57CE}\x{7684}\x{7F8E}\x{8B7D}\x{3002}\x{4E2D}\x{56FD}\x{53E4}"
      RenderBlock {DIV} at (0,15254) size 769x24
        RenderText {#text} at (0,3) size 493x18
          text run at (0,3) width 493: "Font: Apple SD Gothic Neo Weight: 600 Style: italic \x{679C}\x{57CE}\x{7684}\x{7F8E}\x{8B7D}\x{3002}\x{4E2D}\x{56FD}\x{53E4}"
      RenderBlock {DIV} at (0,15278) size 769x24
        RenderText {#text} at (0,3) size 493x18
          text run at (0,3) width 493: "Font: Apple SD Gothic Neo Weight: 700 Style: italic \x{679C}\x{57CE}\x{7684}\x{7F8E}\x{8B7D}\x{3002}\x{4E2D}\x{56FD}\x{53E4}"
      RenderBlock {DIV} at (0,15302) size 769x24
        RenderText {#text} at (0,3) size 493x18
          text run at (0,3) width 493: "Font: Apple SD Gothic Neo Weight: 800 Style: italic \x{679C}\x{57CE}\x{7684}\x{7F8E}\x{8B7D}\x{3002}\x{4E2D}\x{56FD}\x{53E4}"
      RenderBlock {DIV} at (0,15326) size 769x24
        RenderText {#text} at (0,3) size 493x18
          text run at (0,3) width 493: "Font: Apple SD Gothic Neo Weight: 900 Style: italic \x{679C}\x{57CE}\x{7684}\x{7F8E}\x{8B7D}\x{3002}\x{4E2D}\x{56FD}\x{53E4}"
      RenderBlock {DIV} at (0,15350) size 769x24
        RenderText {#text} at (0,3) size 530x18
          text run at (0,3) width 530: "Font: AppleSDGothicNeo-Regular Weight: 100 Style: italic \x{679C}\x{57CE}\x{7684}\x{7F8E}\x{8B7D}\x{3002}\x{4E2D}\x{56FD}\x{53E4}"
      RenderBlock {DIV} at (0,15374) size 769x24
        RenderText {#text} at (0,3) size 530x18
          text run at (0,3) width 530: "Font: AppleSDGothicNeo-Regular Weight: 200 Style: italic \x{679C}\x{57CE}\x{7684}\x{7F8E}\x{8B7D}\x{3002}\x{4E2D}\x{56FD}\x{53E4}"
      RenderBlock {DIV} at (0,15398) size 769x24
        RenderText {#text} at (0,3) size 530x18
          text run at (0,3) width 530: "Font: AppleSDGothicNeo-Regular Weight: 300 Style: italic \x{679C}\x{57CE}\x{7684}\x{7F8E}\x{8B7D}\x{3002}\x{4E2D}\x{56FD}\x{53E4}"
      RenderBlock {DIV} at (0,15422) size 769x24
        RenderText {#text} at (0,3) size 530x18
          text run at (0,3) width 530: "Font: AppleSDGothicNeo-Regular Weight: 400 Style: italic \x{679C}\x{57CE}\x{7684}\x{7F8E}\x{8B7D}\x{3002}\x{4E2D}\x{56FD}\x{53E4}"
      RenderBlock {DIV} at (0,15446) size 769x24
        RenderText {#text} at (0,3) size 530x18
          text run at (0,3) width 530: "Font: AppleSDGothicNeo-Regular Weight: 500 Style: italic \x{679C}\x{57CE}\x{7684}\x{7F8E}\x{8B7D}\x{3002}\x{4E2D}\x{56FD}\x{53E4}"
      RenderBlock {DIV} at (0,15470) size 769x24
        RenderText {#text} at (0,3) size 540x18
          text run at (0,3) width 540: "Font: AppleSDGothicNeo-Regular Weight: 600 Style: italic \x{679C}\x{57CE}\x{7684}\x{7F8E}\x{8B7D}\x{3002}\x{4E2D}\x{56FD}\x{53E4}"
      RenderBlock {DIV} at (0,15494) size 769x24
        RenderText {#text} at (0,3) size 540x18
          text run at (0,3) width 540: "Font: AppleSDGothicNeo-Regular Weight: 700 Style: italic \x{679C}\x{57CE}\x{7684}\x{7F8E}\x{8B7D}\x{3002}\x{4E2D}\x{56FD}\x{53E4}"
      RenderBlock {DIV} at (0,15518) size 769x24
        RenderText {#text} at (0,3) size 540x18
          text run at (0,3) width 540: "Font: AppleSDGothicNeo-Regular Weight: 800 Style: italic \x{679C}\x{57CE}\x{7684}\x{7F8E}\x{8B7D}\x{3002}\x{4E2D}\x{56FD}\x{53E4}"
      RenderBlock {DIV} at (0,15542) size 769x24
        RenderText {#text} at (0,3) size 540x18
          text run at (0,3) width 540: "Font: AppleSDGothicNeo-Regular Weight: 900 Style: italic \x{679C}\x{57CE}\x{7684}\x{7F8E}\x{8B7D}\x{3002}\x{4E2D}\x{56FD}\x{53E4}"
      RenderBlock {DIV} at (0,15566) size 769x24
        RenderText {#text} at (0,3) size 530x18
          text run at (0,3) width 530: "Font: AppleSDGothicNeo-Medium Weight: 100 Style: italic \x{679C}\x{57CE}\x{7684}\x{7F8E}\x{8B7D}\x{3002}\x{4E2D}\x{56FD}\x{53E4}"
      RenderBlock {DIV} at (0,15590) size 769x24
        RenderText {#text} at (0,3) size 530x18
          text run at (0,3) width 530: "Font: AppleSDGothicNeo-Medium Weight: 200 Style: italic \x{679C}\x{57CE}\x{7684}\x{7F8E}\x{8B7D}\x{3002}\x{4E2D}\x{56FD}\x{53E4}"
      RenderBlock {DIV} at (0,15614) size 769x24
        RenderText {#text} at (0,3) size 530x18
          text run at (0,3) width 530: "Font: AppleSDGothicNeo-Medium Weight: 300 Style: italic \x{679C}\x{57CE}\x{7684}\x{7F8E}\x{8B7D}\x{3002}\x{4E2D}\x{56FD}\x{53E4}"
      RenderBlock {DIV} at (0,15638) size 769x24
        RenderText {#text} at (0,3) size 530x18
          text run at (0,3) width 530: "Font: AppleSDGothicNeo-Medium Weight: 400 Style: italic \x{679C}\x{57CE}\x{7684}\x{7F8E}\x{8B7D}\x{3002}\x{4E2D}\x{56FD}\x{53E4}"
      RenderBlock {DIV} at (0,15662) size 769x24
        RenderText {#text} at (0,3) size 530x18
          text run at (0,3) width 530: "Font: AppleSDGothicNeo-Medium Weight: 500 Style: italic \x{679C}\x{57CE}\x{7684}\x{7F8E}\x{8B7D}\x{3002}\x{4E2D}\x{56FD}\x{53E4}"
      RenderBlock {DIV} at (0,15686) size 769x24
        RenderText {#text} at (0,3) size 542x18
          text run at (0,3) width 542: "Font: AppleSDGothicNeo-Medium Weight: 600 Style: italic \x{679C}\x{57CE}\x{7684}\x{7F8E}\x{8B7D}\x{3002}\x{4E2D}\x{56FD}\x{53E4}"
      RenderBlock {DIV} at (0,15710) size 769x24
        RenderText {#text} at (0,3) size 542x18
          text run at (0,3) width 542: "Font: AppleSDGothicNeo-Medium Weight: 700 Style: italic \x{679C}\x{57CE}\x{7684}\x{7F8E}\x{8B7D}\x{3002}\x{4E2D}\x{56FD}\x{53E4}"
      RenderBlock {DIV} at (0,15734) size 769x24
        RenderText {#text} at (0,3) size 542x18
          text run at (0,3) width 542: "Font: AppleSDGothicNeo-Medium Weight: 800 Style: italic \x{679C}\x{57CE}\x{7684}\x{7F8E}\x{8B7D}\x{3002}\x{4E2D}\x{56FD}\x{53E4}"
      RenderBlock {DIV} at (0,15758) size 769x24
        RenderText {#text} at (0,3) size 542x18
          text run at (0,3) width 542: "Font: AppleSDGothicNeo-Medium Weight: 900 Style: italic \x{679C}\x{57CE}\x{7684}\x{7F8E}\x{8B7D}\x{3002}\x{4E2D}\x{56FD}\x{53E4}"
      RenderBlock {DIV} at (0,15782) size 769x24
        RenderText {#text} at (0,3) size 512x18
          text run at (0,3) width 512: "Font: AppleSDGothicNeo-Light Weight: 100 Style: italic \x{679C}\x{57CE}\x{7684}\x{7F8E}\x{8B7D}\x{3002}\x{4E2D}\x{56FD}\x{53E4}"
      RenderBlock {DIV} at (0,15806) size 769x24
        RenderText {#text} at (0,3) size 512x18
          text run at (0,3) width 512: "Font: AppleSDGothicNeo-Light Weight: 200 Style: italic \x{679C}\x{57CE}\x{7684}\x{7F8E}\x{8B7D}\x{3002}\x{4E2D}\x{56FD}\x{53E4}"
      RenderBlock {DIV} at (0,15830) size 769x24
        RenderText {#text} at (0,3) size 512x18
          text run at (0,3) width 512: "Font: AppleSDGothicNeo-Light Weight: 300 Style: italic \x{679C}\x{57CE}\x{7684}\x{7F8E}\x{8B7D}\x{3002}\x{4E2D}\x{56FD}\x{53E4}"
      RenderBlock {DIV} at (0,15854) size 769x24
        RenderText {#text} at (0,3) size 512x18
          text run at (0,3) width 512: "Font: AppleSDGothicNeo-Light Weight: 400 Style: italic \x{679C}\x{57CE}\x{7684}\x{7F8E}\x{8B7D}\x{3002}\x{4E2D}\x{56FD}\x{53E4}"
      RenderBlock {DIV} at (0,15878) size 769x24
        RenderText {#text} at (0,3) size 512x18
          text run at (0,3) width 512: "Font: AppleSDGothicNeo-Light Weight: 500 Style: italic \x{679C}\x{57CE}\x{7684}\x{7F8E}\x{8B7D}\x{3002}\x{4E2D}\x{56FD}\x{53E4}"
      RenderBlock {DIV} at (0,15902) size 769x24
        RenderText {#text} at (0,3) size 522x18
          text run at (0,3) width 522: "Font: AppleSDGothicNeo-Light Weight: 600 Style: italic \x{679C}\x{57CE}\x{7684}\x{7F8E}\x{8B7D}\x{3002}\x{4E2D}\x{56FD}\x{53E4}"
      RenderBlock {DIV} at (0,15926) size 769x24
        RenderText {#text} at (0,3) size 522x18
          text run at (0,3) width 522: "Font: AppleSDGothicNeo-Light Weight: 700 Style: italic \x{679C}\x{57CE}\x{7684}\x{7F8E}\x{8B7D}\x{3002}\x{4E2D}\x{56FD}\x{53E4}"
      RenderBlock {DIV} at (0,15950) size 769x24
        RenderText {#text} at (0,3) size 522x18
          text run at (0,3) width 522: "Font: AppleSDGothicNeo-Light Weight: 800 Style: italic \x{679C}\x{57CE}\x{7684}\x{7F8E}\x{8B7D}\x{3002}\x{4E2D}\x{56FD}\x{53E4}"
      RenderBlock {DIV} at (0,15974) size 769x24
        RenderText {#text} at (0,3) size 522x18
          text run at (0,3) width 522: "Font: AppleSDGothicNeo-Light Weight: 900 Style: italic \x{679C}\x{57CE}\x{7684}\x{7F8E}\x{8B7D}\x{3002}\x{4E2D}\x{56FD}\x{53E4}"
      RenderBlock {DIV} at (0,15998) size 769x24
        RenderText {#text} at (0,3) size 547x18
          text run at (0,3) width 547: "Font: AppleSDGothicNeo-UltraLight Weight: 100 Style: italic \x{679C}\x{57CE}\x{7684}\x{7F8E}\x{8B7D}\x{3002}\x{4E2D}\x{56FD}\x{53E4}"
      RenderBlock {DIV} at (0,16022) size 769x24
        RenderText {#text} at (0,3) size 547x18
          text run at (0,3) width 547: "Font: AppleSDGothicNeo-UltraLight Weight: 200 Style: italic \x{679C}\x{57CE}\x{7684}\x{7F8E}\x{8B7D}\x{3002}\x{4E2D}\x{56FD}\x{53E4}"
      RenderBlock {DIV} at (0,16046) size 769x24
        RenderText {#text} at (0,3) size 547x18
          text run at (0,3) width 547: "Font: AppleSDGothicNeo-UltraLight Weight: 300 Style: italic \x{679C}\x{57CE}\x{7684}\x{7F8E}\x{8B7D}\x{3002}\x{4E2D}\x{56FD}\x{53E4}"
      RenderBlock {DIV} at (0,16070) size 769x24
        RenderText {#text} at (0,3) size 547x18
          text run at (0,3) width 547: "Font: AppleSDGothicNeo-UltraLight Weight: 400 Style: italic \x{679C}\x{57CE}\x{7684}\x{7F8E}\x{8B7D}\x{3002}\x{4E2D}\x{56FD}\x{53E4}"
      RenderBlock {DIV} at (0,16094) size 769x24
        RenderText {#text} at (0,3) size 547x18
          text run at (0,3) width 547: "Font: AppleSDGothicNeo-UltraLight Weight: 500 Style: italic \x{679C}\x{57CE}\x{7684}\x{7F8E}\x{8B7D}\x{3002}\x{4E2D}\x{56FD}\x{53E4}"
      RenderBlock {DIV} at (0,16118) size 769x24
        RenderText {#text} at (0,3) size 557x18
          text run at (0,3) width 557: "Font: AppleSDGothicNeo-UltraLight Weight: 600 Style: italic \x{679C}\x{57CE}\x{7684}\x{7F8E}\x{8B7D}\x{3002}\x{4E2D}\x{56FD}\x{53E4}"
      RenderBlock {DIV} at (0,16142) size 769x24
        RenderText {#text} at (0,3) size 557x18
          text run at (0,3) width 557: "Font: AppleSDGothicNeo-UltraLight Weight: 700 Style: italic \x{679C}\x{57CE}\x{7684}\x{7F8E}\x{8B7D}\x{3002}\x{4E2D}\x{56FD}\x{53E4}"
      RenderBlock {DIV} at (0,16166) size 769x24
        RenderText {#text} at (0,3) size 557x18
          text run at (0,3) width 557: "Font: AppleSDGothicNeo-UltraLight Weight: 800 Style: italic \x{679C}\x{57CE}\x{7684}\x{7F8E}\x{8B7D}\x{3002}\x{4E2D}\x{56FD}\x{53E4}"
      RenderBlock {DIV} at (0,16190) size 769x24
        RenderText {#text} at (0,3) size 557x18
          text run at (0,3) width 557: "Font: AppleSDGothicNeo-UltraLight Weight: 900 Style: italic \x{679C}\x{57CE}\x{7684}\x{7F8E}\x{8B7D}\x{3002}\x{4E2D}\x{56FD}\x{53E4}"
      RenderBlock {DIV} at (0,16214) size 769x24
        RenderText {#text} at (0,3) size 507x18
          text run at (0,3) width 507: "Font: AppleSDGothicNeo-Thin Weight: 100 Style: italic \x{679C}\x{57CE}\x{7684}\x{7F8E}\x{8B7D}\x{3002}\x{4E2D}\x{56FD}\x{53E4}"
      RenderBlock {DIV} at (0,16238) size 769x24
        RenderText {#text} at (0,3) size 507x18
          text run at (0,3) width 507: "Font: AppleSDGothicNeo-Thin Weight: 200 Style: italic \x{679C}\x{57CE}\x{7684}\x{7F8E}\x{8B7D}\x{3002}\x{4E2D}\x{56FD}\x{53E4}"
      RenderBlock {DIV} at (0,16262) size 769x24
        RenderText {#text} at (0,3) size 507x18
          text run at (0,3) width 507: "Font: AppleSDGothicNeo-Thin Weight: 300 Style: italic \x{679C}\x{57CE}\x{7684}\x{7F8E}\x{8B7D}\x{3002}\x{4E2D}\x{56FD}\x{53E4}"
      RenderBlock {DIV} at (0,16286) size 769x24
        RenderText {#text} at (0,3) size 507x18
          text run at (0,3) width 507: "Font: AppleSDGothicNeo-Thin Weight: 400 Style: italic \x{679C}\x{57CE}\x{7684}\x{7F8E}\x{8B7D}\x{3002}\x{4E2D}\x{56FD}\x{53E4}"
      RenderBlock {DIV} at (0,16310) size 769x24
        RenderText {#text} at (0,3) size 507x18
          text run at (0,3) width 507: "Font: AppleSDGothicNeo-Thin Weight: 500 Style: italic \x{679C}\x{57CE}\x{7684}\x{7F8E}\x{8B7D}\x{3002}\x{4E2D}\x{56FD}\x{53E4}"
      RenderBlock {DIV} at (0,16334) size 769x24
        RenderText {#text} at (0,3) size 518x18
          text run at (0,3) width 518: "Font: AppleSDGothicNeo-Thin Weight: 600 Style: italic \x{679C}\x{57CE}\x{7684}\x{7F8E}\x{8B7D}\x{3002}\x{4E2D}\x{56FD}\x{53E4}"
      RenderBlock {DIV} at (0,16358) size 769x24
        RenderText {#text} at (0,3) size 518x18
          text run at (0,3) width 518: "Font: AppleSDGothicNeo-Thin Weight: 700 Style: italic \x{679C}\x{57CE}\x{7684}\x{7F8E}\x{8B7D}\x{3002}\x{4E2D}\x{56FD}\x{53E4}"
      RenderBlock {DIV} at (0,16382) size 769x24
        RenderText {#text} at (0,3) size 518x18
          text run at (0,3) width 518: "Font: AppleSDGothicNeo-Thin Weight: 800 Style: italic \x{679C}\x{57CE}\x{7684}\x{7F8E}\x{8B7D}\x{3002}\x{4E2D}\x{56FD}\x{53E4}"
      RenderBlock {DIV} at (0,16406) size 769x24
        RenderText {#text} at (0,3) size 518x18
          text run at (0,3) width 518: "Font: AppleSDGothicNeo-Thin Weight: 900 Style: italic \x{679C}\x{57CE}\x{7684}\x{7F8E}\x{8B7D}\x{3002}\x{4E2D}\x{56FD}\x{53E4}"
      RenderBlock {DIV} at (0,16430) size 769x24
        RenderText {#text} at (0,3) size 539x18
          text run at (0,3) width 539: "Font: AppleSDGothicNeo-SemiBold Weight: 100 Style: italic \x{679C}\x{57CE}\x{7684}\x{7F8E}\x{8B7D}\x{3002}\x{4E2D}\x{56FD}\x{53E4}"
      RenderBlock {DIV} at (0,16454) size 769x24
        RenderText {#text} at (0,3) size 539x18
          text run at (0,3) width 539: "Font: AppleSDGothicNeo-SemiBold Weight: 200 Style: italic \x{679C}\x{57CE}\x{7684}\x{7F8E}\x{8B7D}\x{3002}\x{4E2D}\x{56FD}\x{53E4}"
      RenderBlock {DIV} at (0,16478) size 769x24
        RenderText {#text} at (0,3) size 539x18
          text run at (0,3) width 539: "Font: AppleSDGothicNeo-SemiBold Weight: 300 Style: italic \x{679C}\x{57CE}\x{7684}\x{7F8E}\x{8B7D}\x{3002}\x{4E2D}\x{56FD}\x{53E4}"
      RenderBlock {DIV} at (0,16502) size 769x24
        RenderText {#text} at (0,3) size 539x18
          text run at (0,3) width 539: "Font: AppleSDGothicNeo-SemiBold Weight: 400 Style: italic \x{679C}\x{57CE}\x{7684}\x{7F8E}\x{8B7D}\x{3002}\x{4E2D}\x{56FD}\x{53E4}"
      RenderBlock {DIV} at (0,16526) size 769x24
        RenderText {#text} at (0,3) size 539x18
          text run at (0,3) width 539: "Font: AppleSDGothicNeo-SemiBold Weight: 500 Style: italic \x{679C}\x{57CE}\x{7684}\x{7F8E}\x{8B7D}\x{3002}\x{4E2D}\x{56FD}\x{53E4}"
      RenderBlock {DIV} at (0,16550) size 769x24
        RenderText {#text} at (0,3) size 550x18
          text run at (0,3) width 550: "Font: AppleSDGothicNeo-SemiBold Weight: 600 Style: italic \x{679C}\x{57CE}\x{7684}\x{7F8E}\x{8B7D}\x{3002}\x{4E2D}\x{56FD}\x{53E4}"
      RenderBlock {DIV} at (0,16574) size 769x24
        RenderText {#text} at (0,3) size 550x18
          text run at (0,3) width 550: "Font: AppleSDGothicNeo-SemiBold Weight: 700 Style: italic \x{679C}\x{57CE}\x{7684}\x{7F8E}\x{8B7D}\x{3002}\x{4E2D}\x{56FD}\x{53E4}"
      RenderBlock {DIV} at (0,16598) size 769x24
        RenderText {#text} at (0,3) size 550x18
          text run at (0,3) width 550: "Font: AppleSDGothicNeo-SemiBold Weight: 800 Style: italic \x{679C}\x{57CE}\x{7684}\x{7F8E}\x{8B7D}\x{3002}\x{4E2D}\x{56FD}\x{53E4}"
      RenderBlock {DIV} at (0,16622) size 769x24
        RenderText {#text} at (0,3) size 550x18
          text run at (0,3) width 550: "Font: AppleSDGothicNeo-SemiBold Weight: 900 Style: italic \x{679C}\x{57CE}\x{7684}\x{7F8E}\x{8B7D}\x{3002}\x{4E2D}\x{56FD}\x{53E4}"
      RenderBlock {DIV} at (0,16646) size 769x24
        RenderText {#text} at (0,3) size 508x18
          text run at (0,3) width 508: "Font: AppleSDGothicNeo-Bold Weight: 100 Style: italic \x{679C}\x{57CE}\x{7684}\x{7F8E}\x{8B7D}\x{3002}\x{4E2D}\x{56FD}\x{53E4}"
      RenderBlock {DIV} at (0,16670) size 769x24
        RenderText {#text} at (0,3) size 508x18
          text run at (0,3) width 508: "Font: AppleSDGothicNeo-Bold Weight: 200 Style: italic \x{679C}\x{57CE}\x{7684}\x{7F8E}\x{8B7D}\x{3002}\x{4E2D}\x{56FD}\x{53E4}"
      RenderBlock {DIV} at (0,16694) size 769x24
        RenderText {#text} at (0,3) size 508x18
          text run at (0,3) width 508: "Font: AppleSDGothicNeo-Bold Weight: 300 Style: italic \x{679C}\x{57CE}\x{7684}\x{7F8E}\x{8B7D}\x{3002}\x{4E2D}\x{56FD}\x{53E4}"
      RenderBlock {DIV} at (0,16718) size 769x24
        RenderText {#text} at (0,3) size 508x18
          text run at (0,3) width 508: "Font: AppleSDGothicNeo-Bold Weight: 400 Style: italic \x{679C}\x{57CE}\x{7684}\x{7F8E}\x{8B7D}\x{3002}\x{4E2D}\x{56FD}\x{53E4}"
      RenderBlock {DIV} at (0,16742) size 769x24
        RenderText {#text} at (0,3) size 508x18
          text run at (0,3) width 508: "Font: AppleSDGothicNeo-Bold Weight: 500 Style: italic \x{679C}\x{57CE}\x{7684}\x{7F8E}\x{8B7D}\x{3002}\x{4E2D}\x{56FD}\x{53E4}"
      RenderBlock {DIV} at (0,16766) size 769x24
        RenderText {#text} at (0,3) size 518x18
          text run at (0,3) width 518: "Font: AppleSDGothicNeo-Bold Weight: 600 Style: italic \x{679C}\x{57CE}\x{7684}\x{7F8E}\x{8B7D}\x{3002}\x{4E2D}\x{56FD}\x{53E4}"
      RenderBlock {DIV} at (0,16790) size 769x24
        RenderText {#text} at (0,3) size 518x18
          text run at (0,3) width 518: "Font: AppleSDGothicNeo-Bold Weight: 700 Style: italic \x{679C}\x{57CE}\x{7684}\x{7F8E}\x{8B7D}\x{3002}\x{4E2D}\x{56FD}\x{53E4}"
      RenderBlock {DIV} at (0,16814) size 769x24
        RenderText {#text} at (0,3) size 518x18
          text run at (0,3) width 518: "Font: AppleSDGothicNeo-Bold Weight: 800 Style: italic \x{679C}\x{57CE}\x{7684}\x{7F8E}\x{8B7D}\x{3002}\x{4E2D}\x{56FD}\x{53E4}"
      RenderBlock {DIV} at (0,16838) size 769x24
        RenderText {#text} at (0,3) size 518x18
          text run at (0,3) width 518: "Font: AppleSDGothicNeo-Bold Weight: 900 Style: italic \x{679C}\x{57CE}\x{7684}\x{7F8E}\x{8B7D}\x{3002}\x{4E2D}\x{56FD}\x{53E4}"
      RenderBlock {DIV} at (0,16862) size 769x24
        RenderText {#text} at (0,3) size 544x18
          text run at (0,3) width 544: "Font: AppleSDGothicNeo-ExtraBold Weight: 100 Style: italic \x{679C}\x{57CE}\x{7684}\x{7F8E}\x{8B7D}\x{3002}\x{4E2D}\x{56FD}\x{53E4}"
      RenderBlock {DIV} at (0,16886) size 769x24
        RenderText {#text} at (0,3) size 544x18
          text run at (0,3) width 544: "Font: AppleSDGothicNeo-ExtraBold Weight: 200 Style: italic \x{679C}\x{57CE}\x{7684}\x{7F8E}\x{8B7D}\x{3002}\x{4E2D}\x{56FD}\x{53E4}"
      RenderBlock {DIV} at (0,16910) size 769x24
        RenderText {#text} at (0,3) size 544x18
          text run at (0,3) width 544: "Font: AppleSDGothicNeo-ExtraBold Weight: 300 Style: italic \x{679C}\x{57CE}\x{7684}\x{7F8E}\x{8B7D}\x{3002}\x{4E2D}\x{56FD}\x{53E4}"
      RenderBlock {DIV} at (0,16934) size 769x24
        RenderText {#text} at (0,3) size 544x18
          text run at (0,3) width 544: "Font: AppleSDGothicNeo-ExtraBold Weight: 400 Style: italic \x{679C}\x{57CE}\x{7684}\x{7F8E}\x{8B7D}\x{3002}\x{4E2D}\x{56FD}\x{53E4}"
      RenderBlock {DIV} at (0,16958) size 769x24
        RenderText {#text} at (0,3) size 544x18
          text run at (0,3) width 544: "Font: AppleSDGothicNeo-ExtraBold Weight: 500 Style: italic \x{679C}\x{57CE}\x{7684}\x{7F8E}\x{8B7D}\x{3002}\x{4E2D}\x{56FD}\x{53E4}"
      RenderBlock {DIV} at (0,16982) size 769x24
        RenderText {#text} at (0,3) size 555x18
          text run at (0,3) width 555: "Font: AppleSDGothicNeo-ExtraBold Weight: 600 Style: italic \x{679C}\x{57CE}\x{7684}\x{7F8E}\x{8B7D}\x{3002}\x{4E2D}\x{56FD}\x{53E4}"
      RenderBlock {DIV} at (0,17006) size 769x24
        RenderText {#text} at (0,3) size 555x18
          text run at (0,3) width 555: "Font: AppleSDGothicNeo-ExtraBold Weight: 700 Style: italic \x{679C}\x{57CE}\x{7684}\x{7F8E}\x{8B7D}\x{3002}\x{4E2D}\x{56FD}\x{53E4}"
      RenderBlock {DIV} at (0,17030) size 769x24
        RenderText {#text} at (0,3) size 555x18
          text run at (0,3) width 555: "Font: AppleSDGothicNeo-ExtraBold Weight: 800 Style: italic \x{679C}\x{57CE}\x{7684}\x{7F8E}\x{8B7D}\x{3002}\x{4E2D}\x{56FD}\x{53E4}"
      RenderBlock {DIV} at (0,17054) size 769x24
        RenderText {#text} at (0,3) size 555x18
          text run at (0,3) width 555: "Font: AppleSDGothicNeo-ExtraBold Weight: 900 Style: italic \x{679C}\x{57CE}\x{7684}\x{7F8E}\x{8B7D}\x{3002}\x{4E2D}\x{56FD}\x{53E4}"
      RenderBlock {DIV} at (0,17078) size 769x24
        RenderText {#text} at (0,3) size 519x18
          text run at (0,3) width 519: "Font: AppleSDGothicNeo-Heavy Weight: 100 Style: italic \x{679C}\x{57CE}\x{7684}\x{7F8E}\x{8B7D}\x{3002}\x{4E2D}\x{56FD}\x{53E4}"
      RenderBlock {DIV} at (0,17102) size 769x24
        RenderText {#text} at (0,3) size 519x18
          text run at (0,3) width 519: "Font: AppleSDGothicNeo-Heavy Weight: 200 Style: italic \x{679C}\x{57CE}\x{7684}\x{7F8E}\x{8B7D}\x{3002}\x{4E2D}\x{56FD}\x{53E4}"
      RenderBlock {DIV} at (0,17126) size 769x24
        RenderText {#text} at (0,3) size 519x18
          text run at (0,3) width 519: "Font: AppleSDGothicNeo-Heavy Weight: 300 Style: italic \x{679C}\x{57CE}\x{7684}\x{7F8E}\x{8B7D}\x{3002}\x{4E2D}\x{56FD}\x{53E4}"
      RenderBlock {DIV} at (0,17150) size 769x24
        RenderText {#text} at (0,3) size 519x18
          text run at (0,3) width 519: "Font: AppleSDGothicNeo-Heavy Weight: 400 Style: italic \x{679C}\x{57CE}\x{7684}\x{7F8E}\x{8B7D}\x{3002}\x{4E2D}\x{56FD}\x{53E4}"
      RenderBlock {DIV} at (0,17174) size 769x24
        RenderText {#text} at (0,3) size 519x18
          text run at (0,3) width 519: "Font: AppleSDGothicNeo-Heavy Weight: 500 Style: italic \x{679C}\x{57CE}\x{7684}\x{7F8E}\x{8B7D}\x{3002}\x{4E2D}\x{56FD}\x{53E4}"
      RenderBlock {DIV} at (0,17198) size 769x24
        RenderText {#text} at (0,3) size 528x18
          text run at (0,3) width 528: "Font: AppleSDGothicNeo-Heavy Weight: 600 Style: italic \x{679C}\x{57CE}\x{7684}\x{7F8E}\x{8B7D}\x{3002}\x{4E2D}\x{56FD}\x{53E4}"
      RenderBlock {DIV} at (0,17222) size 769x24
        RenderText {#text} at (0,3) size 528x18
          text run at (0,3) width 528: "Font: AppleSDGothicNeo-Heavy Weight: 700 Style: italic \x{679C}\x{57CE}\x{7684}\x{7F8E}\x{8B7D}\x{3002}\x{4E2D}\x{56FD}\x{53E4}"
      RenderBlock {DIV} at (0,17246) size 769x24
        RenderText {#text} at (0,3) size 528x18
          text run at (0,3) width 528: "Font: AppleSDGothicNeo-Heavy Weight: 800 Style: italic \x{679C}\x{57CE}\x{7684}\x{7F8E}\x{8B7D}\x{3002}\x{4E2D}\x{56FD}\x{53E4}"
      RenderBlock {DIV} at (0,17270) size 769x24
        RenderText {#text} at (0,3) size 528x18
          text run at (0,3) width 528: "Font: AppleSDGothicNeo-Heavy Weight: 900 Style: italic \x{679C}\x{57CE}\x{7684}\x{7F8E}\x{8B7D}\x{3002}\x{4E2D}\x{56FD}\x{53E4}"
