layer at (0,0) size 800x600
  RenderView at (0,0) size 800x600
layer at (0,0) size 800x81
  RenderBlock {HTML} at (0,0) size 800x81
    RenderBody {BODY} at (8,16) size 784x57
      RenderBlock {P} at (0,0) size 784x18
        RenderText {#text} at (0,0) size 757x18
          text run at (0,0) width 757: "This tests that the Strong Password AutoFill button renders in an auto-filled input. It can only be tested in the test tool."
      RenderBlock {DIV} at (0,34) size 784x23
        RenderTextControl {INPUT} at (2,2) size 137x19 [bgcolor=#FAFFBD] [border: (2px inset #000000)]
          RenderFlexibleBox {DIV} at (3,3) size 131x13
            RenderBlock {DIV} at (0,0) size 37x13
            RenderBlock {DIV} at (36,0) size 95x13
              RenderText {#text} at (6,0) size 89x13
                text run at (6,0) width 89: "strong password"
        RenderText {#text} at (140,2) size 5x18
          text run at (140,2) width 5: " "
        RenderTextControl {INPUT} at (146,2) size 137x19 [bgcolor=#FAFFBD] [border: (2px inset #000000)]
          RenderFlexibleBox {DIV} at (3,3) size 131x13
            RenderBlock {DIV} at (0,0) size 37x13
            RenderBlock {DIV} at (36,0) size 95x13
              RenderText {#text} at (6,0) size 89x13
                text run at (6,0) width 89: "strong password"
        RenderText {#text} at (284,2) size 5x18
          text run at (284,2) width 5: " "
        RenderTextControl {INPUT} at (288,2) size 307x19 [bgcolor=#FAFFBD] [border: (2px inset #000000)]
          RenderFlexibleBox {DIV} at (3,3) size 300x13
            RenderBlock {DIV} at (0,0) size 206x13
            RenderBlock {DIV} at (205,0) size 95x13
              RenderText {#text} at (6,0) size 89x13
                text run at (6,0) width 89: "strong password"
        RenderText {#text} at (594,2) size 5x18
          text run at (594,2) width 5: " "
        RenderTextControl {INPUT} at (600,2) size 138x19 [bgcolor=#FAFFBD] [border: (2px inset #000000)]
          RenderFlexibleBox {DIV} at (3,3) size 131x13
            RenderBlock {DIV} at (0,0) size 37x13
            RenderBlock {DIV} at (36,0) size 95x13
              RenderText {#text} at (6,0) size 89x13
                text run at (6,0) width 89: "strong password"
layer at (13,55) size 36x13 scrollWidth 236
  RenderBlock {DIV} at (0,0) size 37x13 [color=#00000099]
    RenderText {#text} at (0,0) size 236x13
      text run at (0,0) width 236: "A quick brown fox jumped over the lazy dog."
layer at (157,55) size 36x13 scrollWidth 236
  RenderBlock {DIV} at (0,0) size 37x13 [color=#00000099]
    RenderText {#text} at (0,0) size 236x13
      text run at (0,0) width 236: "A quick brown fox jumped over the lazy dog."
layer at (300,55) size 206x13 scrollWidth 236
  RenderBlock {DIV} at (0,0) size 206x13 [color=#00000099]
    RenderText {#text} at (0,0) size 236x13
      text run at (0,0) width 236: "A quick brown fox jumped over the lazy dog."
layer at (612,55) size 36x13
  RenderBlock {DIV} at (0,0) size 37x13 [color=#00000099]
