layer at (0,0) size 800x600
  RenderView at (0,0) size 800x600
layer at (0,0) size 800x260
  RenderBlock {HTML} at (0,0) size 800x260
    RenderBody {BODY} at (8,8) size 784x0
      RenderBlock (floating) {DIV} at (0,0) size 588x252 [color=#FFFFFF] [bgcolor=#000080]
        RenderBlock (floating) {DIV} at (277,0) size 294x72 [color=#00FFFF] [bgcolor=#008080]
          RenderBlock {P} at (0,0) size 294x72
            RenderText {#text} at (0,0) size 294x71
              text run at (0,0) width 294: "To the right of this teal box there should be a"
              text run at (0,18) width 94: "purple square, "
              text run at (94,18) width 200: "tightly squeezed in between the"
              text run at (0,36) width 194: "edge of the teal box and the "
              text run at (193,36) width 101: "outside edge of"
              text run at (0,54) width 110: "the blue block. \x{21E8}"
        RenderBlock {P} at (0,0) size 588x252
          RenderText {#text} at (0,0) size 277x35
            text run at (0,0) width 277: "Inside this blue block on the right there"
            text run at (0,18) width 161: "should be a teal box. \x{21E8} "
          RenderInline {SPAN} at (0,0) size 588x233 [color=#000080]
            RenderText {#text} at (160,18) size 588x233
              text run at (160,18) width 117: "FAIL FAIL FAIL"
              text run at (0,36) width 277: "FAIL FAIL FAIL FAIL FAIL FAIL FAIL"
              text run at (0,54) width 81: "FAIL FAIL "
              text run at (80,54) width 197: "FAIL FAIL FAIL FAIL FAIL"
              text run at (0,72) width 277: "FAIL FAIL FAIL FAIL FAIL FAIL FAIL "
              text run at (276,72) width 312: "FAIL FAIL FAIL FAIL FAIL FAIL FAIL FAIL"
              text run at (0,90) width 158: "FAIL FAIL FAIL FAIL "
              text run at (158,90) width 430: "FAIL FAIL FAIL FAIL FAIL FAIL FAIL FAIL FAIL FAIL FAIL"
              text run at (0,108) width 40: "FAIL "
              text run at (39,108) width 475: "FAIL FAIL FAIL FAIL FAIL FAIL FAIL FAIL FAIL FAIL FAIL FAIL "
              text run at (513,108) width 75: "FAIL FAIL"
              text run at (0,126) width 395: "FAIL FAIL FAIL FAIL FAIL FAIL FAIL FAIL FAIL FAIL "
              text run at (395,126) width 193: "FAIL FAIL FAIL FAIL FAIL"
              text run at (0,144) width 277: "FAIL FAIL FAIL FAIL FAIL FAIL FAIL "
              text run at (276,144) width 312: "FAIL FAIL FAIL FAIL FAIL FAIL FAIL FAIL"
              text run at (0,162) width 158: "FAIL FAIL FAIL FAIL "
              text run at (158,162) width 430: "FAIL FAIL FAIL FAIL FAIL FAIL FAIL FAIL FAIL FAIL FAIL"
              text run at (0,180) width 40: "FAIL "
              text run at (39,180) width 475: "FAIL FAIL FAIL FAIL FAIL FAIL FAIL FAIL FAIL FAIL FAIL FAIL "
              text run at (513,180) width 75: "FAIL FAIL"
              text run at (0,198) width 395: "FAIL FAIL FAIL FAIL FAIL FAIL FAIL FAIL FAIL FAIL "
              text run at (395,198) width 193: "FAIL FAIL FAIL FAIL FAIL"
              text run at (0,216) width 277: "FAIL FAIL FAIL FAIL FAIL FAIL FAIL "
              text run at (276,216) width 312: "FAIL FAIL FAIL FAIL FAIL FAIL FAIL FAIL"
              text run at (0,234) width 152: "FAIL FAIL FAIL FAIL"
          RenderText {#text} at (0,0) size 0x0
