layer at (0,0) size 800x1820
  RenderView at (0,0) size 800x600
layer at (0,0) size 800x1820
  RenderBlock {HTML} at (0,0) size 800x1820
    RenderBody {BODY} at (8,8) size 784x1804 [bgcolor=#CCCCCC]
      RenderBlock {P} at (0,0) size 784x20
        RenderText {#text} at (0,0) size 363x19
          text run at (0,0) width 363: "The style declarations which apply to the text below are:"
      RenderBlock {PRE} at (0,36) size 784x135
        RenderText {#text} at (0,0) size 406x135
          text run at (0,0) width 398: ".zero {background-color: silver; margin-bottom: 0;}"
          text run at (397,0) width 1: " "
          text run at (0,15) width 406: ".one {margin-bottom: 0.5in; background-color: aqua;}"
          text run at (405,15) width 1: " "
          text run at (0,30) width 398: ".two {margin-bottom: 25px; background-color: aqua;}"
          text run at (397,30) width 1: " "
          text run at (0,45) width 406: ".three {margin-bottom: 5em; background-color: aqua;}"
          text run at (405,45) width 1: " "
          text run at (0,60) width 398: ".four {margin-bottom: 25%; background-color: aqua;}"
          text run at (397,60) width 1: " "
          text run at (0,75) width 219: ".five {margin-bottom: 25px;}"
          text run at (218,75) width 1: " "
          text run at (0,90) width 406: ".six {margin-bottom: -10px; background-color: aqua;}"
          text run at (405,90) width 1: " "
          text run at (0,105) width 172: "P, UL {margin-top: 0;}"
          text run at (171,105) width 1: " "
          text run at (0,120) width 0: " "
      RenderBlock {HR} at (0,184) size 784x2 [border: (1px inset #000000)]
      RenderBlock {P} at (0,194) size 784x20 [bgcolor=#C0C0C0]
        RenderText {#text} at (0,0) size 208x19
          text run at (0,0) width 208: "This element has a class of zero."
      RenderBlock {P} at (0,214) size 784x40 [bgcolor=#00FFFF]
        RenderText {#text} at (0,0) size 756x39
          text run at (0,0) width 756: "This sentence should have a bottom margin of half an inch, which will require extra text in order to make sure that the"
          text run at (0,20) width 209: "margin isn't applied to each line."
      RenderBlock {P} at (0,302) size 784x40 [bgcolor=#00FFFF]
        RenderText {#text} at (0,0) size 739x39
          text run at (0,0) width 739: "This sentence should have a bottom margin of 25 pixels, which will require extra text in order to make sure that the"
          text run at (0,20) width 209: "margin isn't applied to each line."
      RenderBlock {P} at (0,367) size 784x40 [bgcolor=#00FFFF]
        RenderText {#text} at (0,0) size 762x39
          text run at (0,0) width 762: "This sentence should have a bottom margin of 5 em, which will require extra text in order to make sure that the margin"
          text run at (0,20) width 159: "isn't applied to each line."
      RenderBlock {P} at (0,487) size 784x40 [bgcolor=#00FFFF]
        RenderText {#text} at (0,0) size 755x39
          text run at (0,0) width 755: "This element should have a bottom margin of 25%, which will require extra text in order to make sure that the margin"
          text run at (0,20) width 159: "isn't applied to each line."
      RenderBlock {P} at (0,723) size 784x20 [bgcolor=#C0C0C0]
        RenderText {#text} at (0,0) size 208x19
          text run at (0,0) width 208: "This element has a class of zero."
      RenderBlock {P} at (0,743) size 784x20 [bgcolor=#C0C0C0]
        RenderText {#text} at (0,0) size 238x19
          text run at (0,0) width 238: "This element also has a class of zero."
      RenderBlock {UL} at (0,763) size 784x105 [bgcolor=#00FFFF]
        RenderListItem {LI} at (40,0) size 744x20
          RenderListMarker at (-18,0) size 7x19: bullet
          RenderText {#text} at (0,0) size 433x19
            text run at (0,0) width 433: "This list has a margin-bottom of 25px, and a light blue background."
        RenderListItem {LI} at (40,20) size 744x20
          RenderListMarker at (-18,0) size 7x19: bullet
          RenderText {#text} at (0,0) size 269x19
            text run at (0,0) width 269: "Therefore, it ought to have such a margin."
        RenderListItem {LI} at (40,40) size 744x20
          RenderListMarker at (-18,0) size 7x19: bullet
          RenderText {#text} at (0,0) size 605x19
            text run at (0,0) width 605: "This list item has a bottom margin of 25px, which should cause it to be offset in some fashion."
        RenderListItem {LI} at (40,85) size 744x20
          RenderListMarker at (-18,0) size 7x19: bullet
          RenderText {#text} at (0,0) size 304x19
            text run at (0,0) width 304: "This list item has no special styles applied to it."
      RenderBlock {P} at (0,893) size 784x60 [bgcolor=#00FFFF]
        RenderText {#text} at (0,0) size 776x59
          text run at (0,0) width 761: "This paragraph has a bottom margin of -10px, which should cause elements after it to be shifted \"upward\" on the page,"
          text run at (0,20) width 125: "and no top margin. "
          text run at (124,20) width 499: "No other styles have been applied to it besides a light blue background color. "
          text run at (622,20) width 154: "In all other respects, the"
          text run at (0,40) width 170: "element should be normal."
      RenderBlock {P} at (0,943) size 784x20 [bgcolor=#C0C0C0]
        RenderText {#text} at (0,0) size 208x19
          text run at (0,0) width 208: "This element has a class of zero."
      RenderBlock {P} at (0,963) size 784x20 [bgcolor=#C0C0C0]
        RenderText {#text} at (0,0) size 238x19
          text run at (0,0) width 238: "This element also has a class of zero."
      RenderTable {TABLE} at (0,983) size 784x821 [border: (1px outset #808080)]
        RenderTableSection {TBODY} at (1,1) size 782x819
          RenderTableRow {TR} at (0,0) size 782x28
            RenderTableCell {TD} at (0,0) size 782x28 [bgcolor=#C0C0C0] [border: (1px inset #808080)] [r=0 c=0 rs=1 cs=2]
              RenderInline {STRONG} at (0,0) size 163x19
                RenderText {#text} at (4,4) size 163x19
                  text run at (4,4) width 163: "TABLE Testing Section"
          RenderTableRow {TR} at (0,28) size 782x791
            RenderTableCell {TD} at (0,409) size 12x28 [bgcolor=#C0C0C0] [border: (1px inset #808080)] [r=1 c=0 rs=1 cs=1]
              RenderText {#text} at (4,4) size 4x19
                text run at (4,4) width 4: " "
            RenderTableCell {TD} at (12,28) size 770x791 [border: (1px inset #808080)] [r=1 c=1 rs=1 cs=1]
              RenderBlock {P} at (4,4) size 762x20 [bgcolor=#C0C0C0]
                RenderText {#text} at (0,0) size 208x19
                  text run at (0,0) width 208: "This element has a class of zero."
              RenderBlock {P} at (4,24) size 762x40 [bgcolor=#00FFFF]
                RenderText {#text} at (0,0) size 756x39
                  text run at (0,0) width 756: "This sentence should have a bottom margin of half an inch, which will require extra text in order to make sure that the"
                  text run at (0,20) width 209: "margin isn't applied to each line."
              RenderBlock {P} at (4,112) size 762x40 [bgcolor=#00FFFF]
                RenderText {#text} at (0,0) size 739x39
                  text run at (0,0) width 739: "This sentence should have a bottom margin of 25 pixels, which will require extra text in order to make sure that the"
                  text run at (0,20) width 209: "margin isn't applied to each line."
              RenderBlock {P} at (4,177) size 762x40 [bgcolor=#00FFFF]
                RenderText {#text} at (0,0) size 762x39
                  text run at (0,0) width 762: "This sentence should have a bottom margin of 5 em, which will require extra text in order to make sure that the margin"
                  text run at (0,20) width 159: "isn't applied to each line."
              RenderBlock {P} at (4,297) size 762x40 [bgcolor=#00FFFF]
                RenderText {#text} at (0,0) size 755x39
                  text run at (0,0) width 755: "This element should have a bottom margin of 25%, which will require extra text in order to make sure that the margin"
                  text run at (0,20) width 159: "isn't applied to each line."
              RenderBlock {P} at (4,527) size 762x20 [bgcolor=#C0C0C0]
                RenderText {#text} at (0,0) size 208x19
                  text run at (0,0) width 208: "This element has a class of zero."
              RenderBlock {P} at (4,547) size 762x20 [bgcolor=#C0C0C0]
                RenderText {#text} at (0,0) size 238x19
                  text run at (0,0) width 238: "This element also has a class of zero."
              RenderBlock {UL} at (4,567) size 762x105 [bgcolor=#00FFFF]
                RenderListItem {LI} at (40,0) size 722x20
                  RenderListMarker at (-18,0) size 7x19: bullet
                  RenderText {#text} at (0,0) size 433x19
                    text run at (0,0) width 433: "This list has a margin-bottom of 25px, and a light blue background."
                RenderListItem {LI} at (40,20) size 722x20
                  RenderListMarker at (-18,0) size 7x19: bullet
                  RenderText {#text} at (0,0) size 269x19
                    text run at (0,0) width 269: "Therefore, it ought to have such a margin."
                RenderListItem {LI} at (40,40) size 722x20
                  RenderListMarker at (-18,0) size 7x19: bullet
                  RenderText {#text} at (0,0) size 605x19
                    text run at (0,0) width 605: "This list item has a bottom margin of 25px, which should cause it to be offset in some fashion."
                RenderListItem {LI} at (40,85) size 722x20
                  RenderListMarker at (-18,0) size 7x19: bullet
                  RenderText {#text} at (0,0) size 304x19
                    text run at (0,0) width 304: "This list item has no special styles applied to it."
              RenderBlock {P} at (4,697) size 762x60 [bgcolor=#00FFFF]
                RenderText {#text} at (0,0) size 761x59
                  text run at (0,0) width 761: "This paragraph has a bottom margin of -10px, which should cause elements after it to be shifted \"upward\" on the page,"
                  text run at (0,20) width 125: "and no top margin. "
                  text run at (124,20) width 499: "No other styles have been applied to it besides a light blue background color. "
                  text run at (622,20) width 130: "In all other respects,"
                  text run at (0,40) width 194: "the element should be normal."
              RenderBlock {P} at (4,747) size 762x20 [bgcolor=#C0C0C0]
                RenderText {#text} at (0,0) size 208x19
                  text run at (0,0) width 208: "This element has a class of zero."
              RenderBlock {P} at (4,767) size 762x20 [bgcolor=#C0C0C0]
                RenderText {#text} at (0,0) size 238x19
                  text run at (0,0) width 238: "This element also has a class of zero."
