layer at (0,0) size 800x1722
  RenderView at (0,0) size 800x600
layer at (0,0) size 800x1722
  RenderBlock {HTML} at (0,0) size 800x1722
    RenderBody {BODY} at (8,8) size 784x1706 [bgcolor=#CCCCCC]
      RenderBlock {P} at (0,0) size 784x20
        RenderText {#text} at (0,0) size 363x19
          text run at (0,0) width 363: "The style declarations which apply to the text below are:"
      RenderBlock {PRE} at (0,33) size 784x120
        RenderText {#text} at (0,0) size 383x120
          text run at (0,0) width 375: ".zero {background-color: silver; margin-top: 0;}"
          text run at (374,0) width 1: " "
          text run at (0,15) width 383: ".one {margin-top: 0.5in; background-color: aqua;}"
          text run at (382,15) width 1: " "
          text run at (0,30) width 375: ".two {margin-top: 25px; background-color: aqua;}"
          text run at (374,30) width 1: " "
          text run at (0,45) width 383: ".three {margin-top: 5em; background-color: aqua;}"
          text run at (382,45) width 1: " "
          text run at (0,60) width 375: ".four {margin-top: 25%; background-color: aqua;}"
          text run at (374,60) width 1: " "
          text run at (0,75) width 196: ".five {margin-top: 25px;}"
          text run at (195,75) width 1: " "
          text run at (0,90) width 383: ".six {margin-top: -10px; background-color: aqua;}"
          text run at (382,90) width 1: " "
          text run at (0,105) width 196: "P, UL {margin-bottom: 0;}"
          text run at (195,105) width 1: " "
      RenderBlock {HR} at (0,166) size 784x2 [border: (1px inset #000000)]
      RenderBlock {P} at (0,176) size 784x20 [bgcolor=#C0C0C0]
        RenderText {#text} at (0,0) size 208x19
          text run at (0,0) width 208: "This element has a class of zero."
      RenderBlock {P} at (0,196) size 784x20 [bgcolor=#C0C0C0]
        RenderText {#text} at (0,0) size 238x19
          text run at (0,0) width 238: "This element also has a class of zero."
      RenderBlock {P} at (0,264) size 784x40 [bgcolor=#00FFFF]
        RenderText {#text} at (0,0) size 776x39
          text run at (0,0) width 776: "This element should have a top margin of half an inch, which will require extra text in order to make sure that the margin"
          text run at (0,20) width 159: "isn't applied to each line."
      RenderBlock {P} at (0,329) size 784x40 [bgcolor=#00FFFF]
        RenderText {#text} at (0,0) size 759x39
          text run at (0,0) width 759: "This element should have a top margin of 25 pixels, which will require extra text in order to make sure that the margin"
          text run at (0,20) width 159: "isn't applied to each line."
      RenderBlock {P} at (0,449) size 784x40 [bgcolor=#00FFFF]
        RenderText {#text} at (0,0) size 762x39
          text run at (0,0) width 762: "This element should have a top margin of 5 em, which will require extra text in order to make sure that the margin isn't"
          text run at (0,20) width 129: "applied to each line."
      RenderBlock {P} at (0,685) size 784x40 [bgcolor=#00FFFF]
        RenderText {#text} at (0,0) size 769x39
          text run at (0,0) width 740: "This element should have a top margin of 25%, which is calculated with respect to the width of the parent element. "
          text run at (739,0) width 30: "This"
          text run at (0,20) width 240: "will require extra text in order to test."
      RenderBlock {UL} at (0,750) size 784x105 [bgcolor=#00FFFF]
        RenderListItem {LI} at (40,0) size 744x20
          RenderListMarker at (-18,0) size 7x19: bullet
          RenderText {#text} at (0,0) size 408x19
            text run at (0,0) width 408: "This list has a margin-top of 25px, and a light blue background."
        RenderListItem {LI} at (40,20) size 744x20
          RenderListMarker at (-18,0) size 7x19: bullet
          RenderText {#text} at (0,0) size 269x19
            text run at (0,0) width 269: "Therefore, it ought to have such a margin."
        RenderListItem {LI} at (40,65) size 744x20
          RenderListMarker at (-18,0) size 7x19: bullet
          RenderText {#text} at (0,0) size 580x19
            text run at (0,0) width 580: "This list item has a top margin of 25px, which should cause it to be offset in some fashion."
        RenderListItem {LI} at (40,85) size 744x20
          RenderListMarker at (-18,0) size 7x19: bullet
          RenderText {#text} at (0,0) size 304x19
            text run at (0,0) width 304: "This list item has no special styles applied to it."
      RenderBlock {P} at (0,855) size 784x20 [bgcolor=#C0C0C0]
        RenderText {#text} at (0,0) size 208x19
          text run at (0,0) width 208: "This element has a class of zero."
      RenderBlock {P} at (0,865) size 784x60 [bgcolor=#00FFFF]
        RenderText {#text} at (0,0) size 778x59
          text run at (0,0) width 778: "This element has a top margin of -10px, which should cause it to be shifted \"upward\" on the page, and no bottom margin."
          text run at (0,20) width 498: "No other styles have been applied to it besides a light blue background color. "
          text run at (497,20) width 274: "In all other respects, the element should be"
          text run at (0,40) width 50: "normal."
      RenderTable {TABLE} at (0,925) size 784x781 [border: (1px outset #808080)]
        RenderTableSection {TBODY} at (1,1) size 782x779
          RenderTableRow {TR} at (0,0) size 782x28
            RenderTableCell {TD} at (0,0) size 782x28 [bgcolor=#C0C0C0] [border: (1px inset #808080)] [r=0 c=0 rs=1 cs=2]
              RenderInline {STRONG} at (0,0) size 163x19
                RenderText {#text} at (4,4) size 163x19
                  text run at (4,4) width 163: "TABLE Testing Section"
          RenderTableRow {TR} at (0,28) size 782x751
            RenderTableCell {TD} at (0,389) size 12x28 [bgcolor=#C0C0C0] [border: (1px inset #808080)] [r=1 c=0 rs=1 cs=1]
              RenderText {#text} at (4,4) size 4x19
                text run at (4,4) width 4: " "
            RenderTableCell {TD} at (12,28) size 770x751 [border: (1px inset #808080)] [r=1 c=1 rs=1 cs=1]
              RenderBlock {P} at (4,4) size 762x20 [bgcolor=#C0C0C0]
                RenderText {#text} at (0,0) size 208x19
                  text run at (0,0) width 208: "This element has a class of zero."
              RenderBlock {P} at (4,24) size 762x20 [bgcolor=#C0C0C0]
                RenderText {#text} at (0,0) size 238x19
                  text run at (0,0) width 238: "This element also has a class of zero."
              RenderBlock {P} at (4,92) size 762x40 [bgcolor=#00FFFF]
                RenderText {#text} at (0,0) size 727x39
                  text run at (0,0) width 727: "This element should have a top margin of half an inch, which will require extra text in order to make sure that the"
                  text run at (0,20) width 209: "margin isn't applied to each line."
              RenderBlock {P} at (4,157) size 762x40 [bgcolor=#00FFFF]
                RenderText {#text} at (0,0) size 759x39
                  text run at (0,0) width 759: "This element should have a top margin of 25 pixels, which will require extra text in order to make sure that the margin"
                  text run at (0,20) width 159: "isn't applied to each line."
              RenderBlock {P} at (4,277) size 762x40 [bgcolor=#00FFFF]
                RenderText {#text} at (0,0) size 762x39
                  text run at (0,0) width 762: "This element should have a top margin of 5 em, which will require extra text in order to make sure that the margin isn't"
                  text run at (0,20) width 129: "applied to each line."
              RenderBlock {P} at (4,507) size 762x40 [bgcolor=#00FFFF]
                RenderText {#text} at (0,0) size 736x39
                  text run at (0,0) width 736: "This element should have a top margin of 25%, which is calculated with respect to the width of the parent element."
                  text run at (0,20) width 272: "This will require extra text in order to test."
              RenderBlock {UL} at (4,572) size 762x105 [bgcolor=#00FFFF]
                RenderListItem {LI} at (40,0) size 722x20
                  RenderListMarker at (-18,0) size 7x19: bullet
                  RenderText {#text} at (0,0) size 408x19
                    text run at (0,0) width 408: "This list has a margin-top of 25px, and a light blue background."
                RenderListItem {LI} at (40,20) size 722x20
                  RenderListMarker at (-18,0) size 7x19: bullet
                  RenderText {#text} at (0,0) size 269x19
                    text run at (0,0) width 269: "Therefore, it ought to have such a margin."
                RenderListItem {LI} at (40,65) size 722x20
                  RenderListMarker at (-18,0) size 7x19: bullet
                  RenderText {#text} at (0,0) size 580x19
                    text run at (0,0) width 580: "This list item has a top margin of 25px, which should cause it to be offset in some fashion."
                RenderListItem {LI} at (40,85) size 722x20
                  RenderListMarker at (-18,0) size 7x19: bullet
                  RenderText {#text} at (0,0) size 304x19
                    text run at (0,0) width 304: "This list item has no special styles applied to it."
              RenderBlock {P} at (4,677) size 762x20 [bgcolor=#C0C0C0]
                RenderText {#text} at (0,0) size 208x19
                  text run at (0,0) width 208: "This element has a class of zero."
              RenderBlock {P} at (4,687) size 762x60 [bgcolor=#00FFFF]
                RenderText {#text} at (0,0) size 759x59
                  text run at (0,0) width 725: "This element has a top margin of -10px, which should cause it to be shifted \"upward\" on the page, and no bottom"
                  text run at (0,20) width 54: "margin. "
                  text run at (53,20) width 498: "No other styles have been applied to it besides a light blue background color. "
                  text run at (550,20) width 209: "In all other respects, the element"
                  text run at (0,40) width 116: "should be normal."
