layer at (0,0) size 800x600
  RenderView at (0,0) size 800x600
layer at (0,0) size 800x600
  RenderBlock {HTML} at (0,0) size 800x600
    RenderBody {BODY} at (8,8) size 784x584
      RenderBlock {P} at (0,0) size 784x18
        RenderText {#text} at (0,0) size 52x17
          text run at (0,0) width 52: "Test for "
        RenderInline {I} at (0,0) size 604x17
          RenderInline {A} at (0,0) size 347x17 [color=#0000EE]
            RenderText {#text} at (52,0) size 347x17
              text run at (52,0) width 347: "http://bugzilla.opendarwin.org/show_bug.cgi?id=6795"
          RenderText {#text} at (399,0) size 257x17
            text run at (399,0) width 4: " "
            text run at (403,0) width 253: "Slow image load causes render problem"
        RenderText {#text} at (656,0) size 4x17
          text run at (656,0) width 4: "."
      RenderBlock {P} at (0,34) size 784x18
        RenderText {#text} at (0,0) size 284x17
          text run at (0,0) width 284: "There should be only one blue square below:"
      RenderBlock {DIV} at (0,68) size 784x140
        RenderBlock (anonymous) at (0,0) size 784x120
          RenderBlock (floating) {DIV} at (0,0) size 100x100 [bgcolor=#87CEEB]
          RenderBlock {DIV} at (100,0) size 50x120
          RenderText {#text} at (0,0) size 0x0
        RenderBlock {DIV} at (0,120) size 784x20
