layer at (0,0) size 800x600
  RenderView at (0,0) size 800x600
layer at (0,0) size 800x600
  RenderBlock {HTML} at (0,0) size 800x600
    RenderBody {BODY} at (8,8) size 784x584
      RenderBlock (anonymous) at (0,0) size 784x36
        RenderText {#text} at (0,0) size 598x17
          text run at (0,0) width 598: "This table uses a COLSPAN attribute in the TD tag. The COLSPAN attribute has a value of 6."
        RenderBR {BR} at (598,14) size 0x0
        RenderBR {BR} at (0,18) size 0x17
      RenderTable {TABLE} at (0,36) size 343x52 [border: (1px outset #808080)]
        RenderTableSection {TBODY} at (1,1) size 341x50
          RenderTableRow {TR} at (0,2) size 341x22
            RenderTableCell {TD} at (2,2) size 337x22 [border: (1px inset #808080)] [r=0 c=0 rs=1 cs=6]
              RenderText {#text} at (2,2) size 256x17
                text run at (2,2) width 256: "Netscape Communicator 4.0.6 Platforms"
          RenderTableRow {TR} at (0,26) size 341x22
            RenderTableCell {TD} at (2,26) size 60x22 [border: (1px inset #808080)] [r=1 c=0 rs=1 cs=1]
              RenderText {#text} at (2,2) size 56x17
                text run at (2,2) width 56: "Mac 68k"
            RenderTableCell {TD} at (64,26) size 77x22 [border: (1px inset #808080)] [r=1 c=1 rs=1 cs=1]
              RenderText {#text} at (2,2) size 73x17
                text run at (2,2) width 73: "Power Mac"
            RenderTableCell {TD} at (143,26) size 54x22 [border: (1px inset #808080)] [r=1 c=2 rs=1 cs=1]
              RenderText {#text} at (2,2) size 50x17
                text run at (2,2) width 50: "Win 3.1"
            RenderTableCell {TD} at (199,26) size 50x22 [border: (1px inset #808080)] [r=1 c=3 rs=1 cs=1]
              RenderText {#text} at (2,2) size 46x17
                text run at (2,2) width 46: "Win 95"
            RenderTableCell {TD} at (251,26) size 50x22 [border: (1px inset #808080)] [r=1 c=4 rs=1 cs=1]
              RenderText {#text} at (2,2) size 46x17
                text run at (2,2) width 46: "Win 98"
            RenderTableCell {TD} at (303,26) size 36x22 [border: (1px inset #808080)] [r=1 c=5 rs=1 cs=1]
              RenderText {#text} at (2,2) size 32x17
                text run at (2,2) width 32: "Unix"
