layer at (0,0) size 800x600
  RenderView at (0,0) size 800x600
layer at (0,0) size 800x600
  RenderBlock {HTML} at (0,0) size 800x600
    RenderBody {BODY} at (8,8) size 784x584
      RenderMenuList {SELECT} at (2,2) size 85x24 [bgcolor=#FFFFFF]
        RenderBlock (anonymous) at (4,2) size 60x20
          RenderText at (8,2) size 29x15
            text run at (8,2) width 29: "Hello"
      RenderText {#text} at (89,4) size 4x18
        text run at (89,4) width 4: " "
      RenderMenuList {SELECT} at (95,2) size 108x24 [bgcolor=#FFFFFF]
        RenderBlock (anonymous) at (4,2) size 83x20
          RenderText at (8,2) size 52x15
            text run at (8,2) width 52: "Goodbye"
      RenderText {#text} at (0,0) size 0x0
