layer at (0,0) size 800x600
  RenderView at (0,0) size 800x600
layer at (0,0) size 800x600
  RenderBlock {HTML} at (0,0) size 800x600
    RenderBody {BODY} at (8,8) size 784x584
      RenderMenuList {SELECT} at (2,2) size 92x24 [color=#6D6D6D] [bgcolor=#FFFFFF]
        RenderBlock (anonymous) at (4,2) size 67x20
          RenderText at (8,2) size 36x15
            text run at (8,2) width 36: "PASS"
      RenderBR {BR} at (96,18) size 0x0
      RenderMenuList {SELECT} at (2,30) size 92x24 [color=#6D6D6D] [bgcolor=#FFFFFF]
        RenderBlock (anonymous) at (4,2) size 67x20
          RenderText at (8,2) size 36x15
            text run at (8,2) width 36: "PASS"
      RenderBR {BR} at (96,46) size 0x0
      RenderMenuList {SELECT} at (2,58) size 92x24 [bgcolor=#FFFFFF]
        RenderBlock (anonymous) at (4,2) size 67x20
          RenderText at (8,2) size 36x15
            text run at (8,2) width 36: "PASS"
      RenderBR {BR} at (96,74) size 0x0
      RenderMenuList {SELECT} at (2,86) size 92x24 [bgcolor=#FFFFFF]
        RenderBlock (anonymous) at (4,2) size 67x20
          RenderText at (8,2) size 36x15
            text run at (8,2) width 36: "PASS"
      RenderBR {BR} at (96,102) size 0x0
      RenderListBox {SELECT} at (2,114) size 57x65 [color=#6D6D6D] [bgcolor=#FFFFFF] [border: (1px inset #808080)]
      RenderBR {BR} at (61,174) size 0x0
      RenderListBox {SELECT} at (2,183) size 57x65 [color=#6D6D6D] [bgcolor=#FFFFFF] [border: (1px inset #808080)]
      RenderBR {BR} at (61,243) size 0x0
      RenderListBox {SELECT} at (2,252) size 57x65 [bgcolor=#FFFFFF] [border: (1px inset #808080)]
      RenderBR {BR} at (61,312) size 0x0
      RenderListBox {SELECT} at (2,321) size 57x65 [bgcolor=#FFFFFF] [border: (1px inset #808080)]
      RenderBR {BR} at (61,381) size 0x0
      RenderText {#text} at (0,388) size 486x18
        text run at (0,388) width 486: "PASS: sel1 correctly set to selectedIndex 1 by sel1.options[1].selected = true."
      RenderBR {BR} at (486,402) size 0x0
      RenderText {#text} at (0,406) size 438x18
        text run at (0,406) width 438: "PASS: sel2 correctly set to selectedIndex 1 by sel2.selectedIndex = 1."
      RenderBR {BR} at (438,420) size 0x0
      RenderText {#text} at (0,424) size 486x18
        text run at (0,424) width 486: "PASS: sel3 correctly set to selectedIndex 1 by sel3.options[1].selected = true."
      RenderBR {BR} at (486,438) size 0x0
      RenderText {#text} at (0,442) size 438x18
        text run at (0,442) width 438: "PASS: sel4 correctly set to selectedIndex 1 by sel4.selectedIndex = 1."
      RenderBR {BR} at (438,456) size 0x0
      RenderText {#text} at (0,460) size 486x18
        text run at (0,460) width 486: "PASS: sel5 correctly set to selectedIndex 1 by sel5.options[1].selected = true."
      RenderBR {BR} at (486,474) size 0x0
      RenderText {#text} at (0,478) size 438x18
        text run at (0,478) width 438: "PASS: sel6 correctly set to selectedIndex 1 by sel6.selectedIndex = 1."
      RenderBR {BR} at (438,492) size 0x0
      RenderText {#text} at (0,496) size 486x18
        text run at (0,496) width 486: "PASS: sel7 correctly set to selectedIndex 1 by sel7.options[1].selected = true."
      RenderBR {BR} at (486,510) size 0x0
      RenderText {#text} at (0,514) size 438x18
        text run at (0,514) width 438: "PASS: sel8 correctly set to selectedIndex 1 by sel8.selectedIndex = 1."
      RenderBR {BR} at (438,528) size 0x0
