layer at (0,0) size 800x600
  RenderView at (0,0) size 800x600
layer at (0,0) size 800x600
  RenderBlock {HTML} at (0,0) size 800x600
    RenderBody {BODY} at (8,8) size 784x576
      RenderBlock (anonymous) at (0,0) size 784x18
        RenderText {#text} at (0,0) size 762x18
          text run at (0,0) width 762: "This tests the height attribute of form elements. The only element that should honour this value is the Image type of input."
      RenderBlock {FORM} at (0,18) size 784x276
        RenderText {#text} at (0,3) size 36x18
          text run at (0,3) width 36: "input "
        RenderTextControl {INPUT} at (38,2) size 149x21 [bgcolor=#FFFFFF] [border: (2px inset #000000)]
        RenderText {#text} at (189,3) size 4x18
          text run at (189,3) width 4: " "
        RenderBR {BR} at (193,17) size 0x0
        RenderText {#text} at (0,28) size 27x18
          text run at (0,28) width 27: "text "
        RenderTextControl {INPUT} at (29,27) size 149x21 [bgcolor=#FFFFFF] [border: (2px inset #000000)]
        RenderText {#text} at (180,28) size 4x18
          text run at (180,28) width 4: " "
        RenderBR {BR} at (184,42) size 0x0
        RenderText {#text} at (0,50) size 65x18
          text run at (0,50) width 65: "checkbox "
        RenderBlock {INPUT} at (69,53) size 13x13
        RenderText {#text} at (85,50) size 4x18
          text run at (85,50) width 4: " "
        RenderBR {BR} at (89,64) size 0x0
        RenderText {#text} at (0,72) size 24x18
          text run at (0,72) width 24: "file "
        RenderFileUploadControl {INPUT} at (26,71) size 238x21 "no file selected"
          RenderButton {INPUT} at (0,0) size 84x21 [bgcolor=#F0F0F0] [border: (2px outset #F0F0F0)]
            RenderBlock (anonymous) at (8,3) size 68x15
              RenderText at (0,0) size 68x15
                text run at (0,0) width 68: "Choose File"
        RenderText {#text} at (266,72) size 4x18
          text run at (266,72) width 4: " "
        RenderBR {BR} at (270,86) size 0x0
        RenderText {#text} at (0,94) size 42x18
          text run at (0,94) width 42: "image "
        RenderImage {INPUT} at (42,107) size 10x1
        RenderText {#text} at (52,94) size 4x18
          text run at (52,94) width 4: " "
        RenderBR {BR} at (56,108) size 0x0
        RenderText {#text} at (0,112) size 36x18
          text run at (0,112) width 36: "radio "
        RenderBlock {INPUT} at (41,115) size 13x13
        RenderText {#text} at (57,112) size 4x18
          text run at (57,112) width 4: " "
        RenderBR {BR} at (61,126) size 0x0
        RenderText {#text} at (0,133) size 39x18
          text run at (0,133) width 39: "range "
        RenderSlider {INPUT} at (41,132) size 129x15 [color=#C4C4C4] [bgcolor=#FFFFFF]
          RenderFlexibleBox {DIV} at (0,0) size 129x15
            RenderBlock {DIV} at (0,0) size 129x15
              RenderBlock {DIV} at (57,0) size 15x15
        RenderText {#text} at (172,133) size 4x18
          text run at (172,133) width 4: " "
        RenderBR {BR} at (176,147) size 0x0
        RenderText {#text} at (0,154) size 33x18
          text run at (0,154) width 33: "reset "
        RenderButton {INPUT} at (35,153) size 50x21 [bgcolor=#F0F0F0] [border: (2px outset #F0F0F0)]
          RenderBlock (anonymous) at (8,3) size 34x15
            RenderText at (0,0) size 34x15
              text run at (0,0) width 34: "Reset"
        RenderText {#text} at (87,154) size 4x18
          text run at (87,154) width 4: " "
        RenderBR {BR} at (91,168) size 0x0
        RenderText {#text} at (0,179) size 46x18
          text run at (0,179) width 46: "submit "
        RenderButton {INPUT} at (48,178) size 57x21 [bgcolor=#F0F0F0] [border: (2px outset #F0F0F0)]
          RenderBlock (anonymous) at (8,3) size 41x15
            RenderText at (0,0) size 41x15
              text run at (0,0) width 41: "Submit"
        RenderText {#text} at (107,179) size 4x18
          text run at (107,179) width 4: " "
        RenderBR {BR} at (111,193) size 0x0
        RenderText {#text} at (0,204) size 49x18
          text run at (0,204) width 49: "isindex "
        RenderTextControl {INPUT} at (51,203) size 151x21 [bgcolor=#FFFFFF] [border: (2px inset #000000)]
        RenderText {#text} at (204,204) size 4x18
          text run at (204,204) width 4: " "
        RenderBR {BR} at (208,218) size 0x0
        RenderText {#text} at (0,229) size 64x18
          text run at (0,229) width 64: "password "
        RenderTextControl {INPUT} at (66,228) size 149x21 [bgcolor=#FFFFFF] [border: (2px inset #000000)]
        RenderText {#text} at (217,229) size 4x18
          text run at (217,229) width 4: " "
        RenderBR {BR} at (221,243) size 0x0
        RenderText {#text} at (0,254) size 44x18
          text run at (0,254) width 44: "search "
        RenderTextControl {INPUT} at (46,253) size 161x21 [bgcolor=#FFFFFF] [border: (2px inset #000000)]
          RenderFlexibleBox {DIV} at (3,3) size 155x15
            RenderBlock {DIV} at (0,2) size 1x11
            RenderBlock {DIV} at (1,0) size 142x15
            RenderBlock {DIV} at (143,3) size 9x9
        RenderText {#text} at (0,0) size 0x0
layer at (48,31) size 145x15
  RenderBlock {DIV} at (2,3) size 145x15
layer at (39,56) size 145x15
  RenderBlock {DIV} at (2,3) size 145x15
layer at (62,232) size 145x15
  RenderBlock {DIV} at (3,3) size 145x15
layer at (76,257) size 145x15
  RenderBlock {DIV} at (2,3) size 145x15
layer at (58,282) size 142x15
  RenderBlock {DIV} at (0,0) size 142x15
