layer at (0,0) size 800x600
  RenderView at (0,0) size 800x600
layer at (0,0) size 800x44
  RenderBlock {HTML} at (0,0) size 800x44
    RenderBody {BODY} at (8,8) size 784x28 [bgcolor=#666666]
      RenderMenuList {SELECT} at (2,2) size 67x24 [border: (1px solid #000000)]
        RenderBlock (anonymous) at (5,3) size 40x18
          RenderText at (8,1) size 7x15
            text run at (8,1) width 7: "1"
      RenderText {#text} at (0,0) size 0x0
