layer at (0,0) size 800x600
  RenderView at (0,0) size 800x600
layer at (0,0) size 800x96
  RenderBlock {HTML} at (0,0) size 800x96
    RenderBody {BODY} at (8,8) size 784x72
      RenderTable {TABLE} at (0,0) size 92x38 [border: (1px outset #808080)]
        RenderTableSection {TBODY} at (1,1) size 90x36
          RenderTableRow {TR} at (0,2) size 90x32
            RenderTableCell {TD} at (2,2) size 86x32 [border: (1px inset #808080)] [r=0 c=0 rs=1 cs=1]
              RenderMenuList {SELECT} at (4,4) size 78x24 [bgcolor=#FFFFFF]
                RenderBlock (anonymous) at (4,2) size 53x20
                  RenderText at (8,2) size 22x15
                    text run at (8,2) width 22: "test"
      RenderBlock {P} at (0,54) size 784x18
        RenderText {#text} at (0,0) size 447x18
          text run at (0,0) width 447: "The select element in the table above must not spill outside of the table."
