layer at (0,0) size 800x600
  RenderView at (0,0) size 800x600
layer at (0,0) size 800x600
  RenderBlock {HTML} at (0,0) size 800x600
    RenderBody {BODY} at (8,8) size 784x584
      RenderText {#text} at (0,0) size 462x18
        text run at (0,0) width 462: "This tests that empty select controls and buttons have the correct baseline."
      RenderBR {BR} at (462,14) size 0x0
      RenderMenuList {SELECT} at (2,20) size 65x24 [bgcolor=#FFFFFF]
        RenderBlock (anonymous) at (4,2) size 40x20
          RenderText at (8,2) size 0x15
            text run at (8,2) width 0: " "
      RenderText {#text} at (69,22) size 29x18
        text run at (69,22) width 29: " test "
      RenderMenuList {SELECT} at (100,20) size 78x24 [bgcolor=#FFFFFF]
        RenderBlock (anonymous) at (4,2) size 53x20
          RenderText at (8,2) size 22x15
            text run at (8,2) width 22: "test"
      RenderText {#text} at (180,22) size 4x18
        text run at (180,22) width 4: " "
      RenderMenuList {SELECT} at (186,20) size 67x24 [color=#00008B] [bgcolor=#ADD8E6] [border: (1px solid #00008B)]
        RenderBlock (anonymous) at (5,3) size 40x18
          RenderText at (8,1) size 0x15
            text run at (8,1) width 0: " "
      RenderText {#text} at (255,22) size 29x18
        text run at (255,22) width 29: " test "
      RenderMenuList {SELECT} at (286,20) size 80x24 [color=#00008B] [bgcolor=#ADD8E6] [border: (1px solid #00008B)]
        RenderBlock (anonymous) at (5,3) size 53x18
          RenderText at (8,1) size 22x15
            text run at (8,1) width 22: "test"
      RenderText {#text} at (368,22) size 4x18
        text run at (368,22) width 4: " "
      RenderButton {BUTTON} at (374,33) size 16x6 [bgcolor=#F0F0F0] [border: (2px outset #F0F0F0)]
      RenderText {#text} at (392,22) size 4x18
        text run at (392,22) width 4: " "
      RenderButton {BUTTON} at (398,21) size 38x21 [bgcolor=#F0F0F0] [border: (2px outset #F0F0F0)]
        RenderBlock (anonymous) at (8,3) size 22x15
          RenderText {#text} at (0,0) size 22x15
            text run at (0,0) width 22: "test"
      RenderText {#text} at (438,22) size 4x18
        text run at (438,22) width 4: " "
      RenderButton {BUTTON} at (444,33) size 16x6 [color=#00008B] [bgcolor=#ADD8E6] [border: (2px outset #F0F0F0)]
      RenderText {#text} at (462,22) size 4x18
        text run at (462,22) width 4: " "
      RenderButton {BUTTON} at (468,21) size 38x21 [color=#00008B] [bgcolor=#ADD8E6] [border: (2px outset #F0F0F0)]
        RenderBlock (anonymous) at (8,3) size 22x15
          RenderText {#text} at (0,0) size 22x15
            text run at (0,0) width 22: "test"
      RenderText {#text} at (0,0) size 0x0
