layer at (0,0) size 800x600
  RenderView at (0,0) size 800x600
layer at (0,0) size 800x600
  RenderBlock {HTML} at (0,0) size 800x600
    RenderBody {BODY} at (8,8) size 784x584
      RenderText {#text} at (0,0) size 93x18
        text run at (0,0) width 93: "initial selected:"
      RenderBR {BR} at (93,14) size 0x0
      RenderListBox {SELECT} at (2,20) size 152x65 [bgcolor=#FFFFFF] [border: (1px inset #808080)]
      RenderText {#text} at (156,66) size 4x18
        text run at (156,66) width 4: " "
      RenderBR {BR} at (160,80) size 0x0
      RenderText {#text} at (0,87) size 161x18
        text run at (0,87) width 161: "dynamic selected change:"
      RenderBR {BR} at (161,101) size 0x0
      RenderListBox {SELECT} at (2,107) size 152x65 [bgcolor=#FFFFFF] [border: (1px inset #808080)]
      RenderText {#text} at (156,153) size 4x18
        text run at (156,153) width 4: " "
      RenderText {#text} at (0,0) size 0x0
      RenderBR {BR} at (0,0) size 0x0
      RenderText {#text} at (0,174) size 211x18
        text run at (0,174) width 211: "dynamic insert of selected option:"
      RenderBR {BR} at (211,188) size 0x0
      RenderListBox {SELECT} at (2,194) size 152x65 [bgcolor=#FFFFFF] [border: (1px inset #808080)]
      RenderText {#text} at (156,240) size 4x18
        text run at (156,240) width 4: " "
      RenderBR {BR} at (160,254) size 0x0
      RenderText {#text} at (0,261) size 93x18
        text run at (0,261) width 93: "initial selected:"
      RenderBR {BR} at (93,275) size 0x0
      RenderMenuList {SELECT} at (2,281) size 187x24 [bgcolor=#FFFFFF]
        RenderBlock (anonymous) at (4,2) size 162x20
          RenderText at (8,2) size 131x15
            text run at (8,2) width 131: "this should be selected"
      RenderText {#text} at (191,283) size 4x18
        text run at (191,283) width 4: " "
      RenderBR {BR} at (195,297) size 0x0
      RenderText {#text} at (0,307) size 161x18
        text run at (0,307) width 161: "dynamic selected change:"
      RenderBR {BR} at (161,321) size 0x0
      RenderMenuList {SELECT} at (2,327) size 187x24 [bgcolor=#FFFFFF]
        RenderBlock (anonymous) at (4,2) size 162x20
          RenderText at (8,2) size 131x15
            text run at (8,2) width 131: "this should be selected"
      RenderText {#text} at (191,329) size 4x18
        text run at (191,329) width 4: " "
      RenderText {#text} at (0,0) size 0x0
      RenderBR {BR} at (0,0) size 0x0
      RenderText {#text} at (0,353) size 211x18
        text run at (0,353) width 211: "dynamic insert of selected option:"
      RenderBR {BR} at (211,367) size 0x0
      RenderMenuList {SELECT} at (2,373) size 187x24 [bgcolor=#FFFFFF]
        RenderBlock (anonymous) at (4,2) size 162x20
          RenderText at (8,2) size 131x15
            text run at (8,2) width 131: "this should be selected"
      RenderText {#text} at (0,0) size 0x0
