layer at (0,0) size 800x600
  RenderView at (0,0) size 800x600
layer at (0,0) size 800x600
  RenderBlock {HTML} at (0,0) size 800x600
    RenderBody {BODY} at (8,8) size 784x576
      RenderBlock (anonymous) at (0,0) size 784x36
        RenderText {#text} at (0,0) size 780x35
          text run at (0,0) width 576: "The following tests text iteration over RTL text embedded with LTR text. "
          text run at (576,0) width 204: "TextIterators are used for"
          text run at (0,18) width 246: "find, spellcheck, and .innerText"
      RenderBlock {HR} at (0,44) size 784x2 [border: (1px inset #000000)]
      RenderBlock (anonymous) at (0,54) size 784x18
        RenderText {#text} at (0,0) size 169x17
          text run at (0,0) width 169: "Embedded Numbers:"
      RenderBlock {DIV} at (0,72) size 784x18 [color=#0000FF]
        RenderText {#text} at (0,0) size 131x17
          text run at (0,0) width 66: "Testing ("
          text run at (66,0) width 15 RTL: "\x{5DF}\x{5DE}"
          text run at (81,0) width 10: "3"
          text run at (91,0) width 34 RTL: "\x{5D7}\x{5D5}\x{5D3}\x{5D0}"
          text run at (125,0) width 6: ")"
      RenderBlock (anonymous) at (0,90) size 784x18
        RenderText {#text} at (0,0) size 124x17
          text run at (0,0) width 124: "Embedded LTR:"
      RenderBlock {DIV} at (0,108) size 784x18 [color=#0000FF]
        RenderText {#text} at (0,0) size 159x17
          text run at (0,0) width 66: "Testing ("
          text run at (66,0) width 34 RTL: "\x{5D7}\x{5D5}\x{5D3}\x{5D0}"
          text run at (100,0) width 38: "hello"
          text run at (138,0) width 15 RTL: "\x{5DF}\x{5DE}"
          text run at (153,0) width 6: ")"
      RenderBlock (anonymous) at (0,126) size 784x18
        RenderText {#text} at (0,0) size 232x17
          text run at (0,0) width 232: "Embedded Numbers and LTR"
      RenderBlock {DIV} at (0,144) size 784x18 [color=#0000FF]
        RenderText {#text} at (0,0) size 158x17
          text run at (0,0) width 66: "Testing ("
          text run at (66,0) width 31 RTL: "\x{5E7}\x{5E7}\x{5E8}"
          text run at (97,0) width 10: "3"
          text run at (107,0) width 35 RTL: "\x{5D9}\x{5E7}\x{5DD}\x{5DC}"
          text run at (142,0) width 16: "h)"
      RenderBlock (anonymous) at (0,162) size 784x18
        RenderText {#text} at (0,0) size 273x17
          text run at (0,0) width 273: "Embedded Numbers with spacing:"
      RenderBlock {DIV} at (0,180) size 784x18 [color=#0000FF]
        RenderText {#text} at (0,0) size 288x17
          text run at (0,0) width 66: "Testing ("
          text run at (66,0) width 39 RTL: " \x{5D7}\x{5D5}\x{5D3}\x{5D0}"
          text run at (105,0) width 30: "300"
          text run at (135,0) width 54 RTL: "\x{5D7}\x{5D5}\x{5D3}\x{5D0}\x{5DF}\x{5DE} "
          text run at (189,0) width 50: "34023"
          text run at (239,0) width 43 RTL: "\x{5D9}\x{5E7}\x{5DA}\x{5DA}\x{5DD}"
          text run at (282,0) width 6: ")"
      RenderBlock (anonymous) at (0,198) size 784x18
        RenderText {#text} at (0,0) size 76x17
          text run at (0,0) width 76: "Plain LTR:"
      RenderBlock {DIV} at (0,216) size 784x18 [color=#0000FF]
        RenderText {#text} at (0,0) size 110x17
          text run at (0,0) width 110: "Testing (hello)"
      RenderBlock (anonymous) at (0,234) size 784x18
        RenderText {#text} at (0,0) size 228x17
          text run at (0,0) width 228: "Embedded LTR with spacing:"
      RenderBlock {DIV} at (0,252) size 784x18 [color=#0000FF]
        RenderText {#text} at (0,0) size 206x17
          text run at (0,0) width 66: "Testing ("
          text run at (66,0) width 67 RTL: "\x{5D7}\x{5D5}\x{5D3}\x{5D9}\x{5E7}\x{5DA}\x{5DA}\x{5DD}"
          text run at (133,0) width 48: " hello "
          text run at (181,0) width 19 RTL: "\x{5DF}\x{5DE}\x{5D9}"
          text run at (200,0) width 6: ")"
      RenderBlock (anonymous) at (0,270) size 784x18
        RenderText {#text} at (0,0) size 205x17
          text run at (0,0) width 205: "Mixed but not embedded:"
      RenderBlock {DIV} at (0,288) size 784x18 [color=#0000FF]
        RenderText {#text} at (0,0) size 149x17
          text run at (0,0) width 104: "Testing (hello"
          text run at (104,0) width 39 RTL: "\x{5D7}\x{5D5}\x{5D3}\x{5DF}\x{5DE}"
          text run at (143,0) width 6: ")"
      RenderBlock (anonymous) at (0,306) size 784x18
        RenderText {#text} at (0,0) size 205x17
          text run at (0,0) width 205: "Mixed but not embedded:"
      RenderBlock {DIV} at (0,324) size 784x18 [color=#0000FF]
        RenderText {#text} at (0,0) size 149x17
          text run at (0,0) width 66: "Testing ("
          text run at (66,0) width 39 RTL: "\x{5D7}\x{5D5}\x{5D3}\x{5DF}\x{5DE}"
          text run at (105,0) width 44: "hello)"
      RenderBlock {OL} at (0,358) size 784x0
