layer at (0,0) size 785x658
  RenderView at (0,0) size 785x600
layer at (0,0) size 785x658
  RenderBlock {HTML} at (0,0) size 785x658
    RenderBody {BODY} at (8,8) size 769x642
      RenderBlock {P} at (0,0) size 769x18
        RenderText {#text} at (0,0) size 551x17
          text run at (0,0) width 551: "This page has a few tables within form elements within divs with various display styles."
      RenderBlock {P} at (0,34) size 769x18
        RenderText {#text} at (0,0) size 27x17
          text run at (0,0) width 27: "See "
        RenderInline {A} at (0,0) size 120x17 [color=#0000EE]
          RenderText {#text} at (27,0) size 120x17
            text run at (27,0) width 120: "Bugzilla Bug 4977"
        RenderText {#text} at (147,0) size 4x17
          text run at (147,0) width 4: "."
      RenderBlock {DIV} at (0,68) size 769x24
        RenderBlock (anonymous) at (0,0) size 769x0
          RenderInline {DIV} at (0,0) size 0x0
        RenderBlock (anonymous) at (0,0) size 769x24
          RenderBlock {FORM} at (0,0) size 769x24
            RenderTable {TABLE} at (0,0) size 95x24
              RenderTableSection {TBODY} at (0,0) size 95x24
                RenderTableRow {TR} at (0,2) size 95x20
                  RenderTableCell {TD} at (2,2) size 91x20 [r=0 c=0 rs=1 cs=1]
                    RenderText {#text} at (1,1) size 88x17
                      text run at (1,1) width 88: "display: inline"
        RenderBlock (anonymous) at (0,40) size 769x0
          RenderInline {DIV} at (0,0) size 0x0
      RenderBlock {DIV} at (0,108) size 769x24
        RenderBlock {DIV} at (0,0) size 769x24
          RenderBlock {FORM} at (0,0) size 769x24
            RenderTable {TABLE} at (0,0) size 95x24
              RenderTableSection {TBODY} at (0,0) size 95x24
                RenderTableRow {TR} at (0,2) size 95x20
                  RenderTableCell {TD} at (2,2) size 91x20 [r=0 c=0 rs=1 cs=1]
                    RenderText {#text} at (1,1) size 88x17
                      text run at (1,1) width 88: "display: block"
      RenderBlock {DIV} at (0,148) size 769x42
        RenderListItem {DIV} at (0,0) size 769x42
          RenderBlock (anonymous) at (0,0) size 769x18
            RenderListMarker at (-17,0) size 7x17: bullet
          RenderBlock {FORM} at (0,18) size 769x24
            RenderTable {TABLE} at (0,0) size 110x24
              RenderTableSection {TBODY} at (0,0) size 110x24
                RenderTableRow {TR} at (0,2) size 110x20
                  RenderTableCell {TD} at (2,2) size 106x20 [r=0 c=0 rs=1 cs=1]
                    RenderText {#text} at (1,1) size 103x17
                      text run at (1,1) width 103: "display: list-item"
      RenderBlock {DIV} at (0,206) size 769x24
        RenderBlock {DIV} at (0,0) size 769x24
          RenderBlock {FORM} at (0,0) size 769x24
            RenderTable {TABLE} at (0,0) size 113x24
              RenderTableSection {TBODY} at (0,0) size 113x24
                RenderTableRow {TR} at (0,2) size 113x20
                  RenderTableCell {TD} at (2,2) size 109x20 [r=0 c=0 rs=1 cs=1]
                    RenderText {#text} at (1,1) size 106x17
                      text run at (1,1) width 106: "display: compact"
      RenderBlock {DIV} at (0,246) size 769x40
        RenderBlock {DIV} at (0,0) size 135x40
          RenderBlock {FORM} at (0,0) size 135x24
            RenderTable {TABLE} at (0,0) size 135x24
              RenderTableSection {TBODY} at (0,0) size 135x24
                RenderTableRow {TR} at (0,2) size 135x20
                  RenderTableCell {TD} at (2,2) size 131x20 [r=0 c=0 rs=1 cs=1]
                    RenderText {#text} at (1,1) size 128x17
                      text run at (1,1) width 128: "display: inline-block"
      RenderBlock {DIV} at (0,286) size 769x40
        RenderTable {DIV} at (0,0) size 90x40
          RenderTableSection (anonymous) at (0,0) size 90x40
            RenderTableRow (anonymous) at (0,0) size 90x40
              RenderTableCell (anonymous) at (0,0) size 90x40 [r=0 c=0 rs=1 cs=1]
                RenderBlock {FORM} at (0,0) size 90x24
                  RenderTable {TABLE} at (0,0) size 90x24
                    RenderTableSection {TBODY} at (0,0) size 90x24
                      RenderTableRow {TR} at (0,2) size 90x20
                        RenderTableCell {TD} at (2,2) size 86x20 [r=0 c=0 rs=1 cs=1]
                          RenderText {#text} at (1,1) size 83x17
                            text run at (1,1) width 83: "display: table"
      RenderBlock {DIV} at (0,326) size 769x40
        RenderTable {DIV} at (0,0) size 130x40
          RenderTableSection (anonymous) at (0,0) size 130x40
            RenderTableRow (anonymous) at (0,0) size 130x40
              RenderTableCell (anonymous) at (0,0) size 130x40 [r=0 c=0 rs=1 cs=1]
                RenderBlock {FORM} at (0,0) size 130x24
                  RenderTable {TABLE} at (0,0) size 130x24
                    RenderTableSection {TBODY} at (0,0) size 130x24
                      RenderTableRow {TR} at (0,2) size 130x20
                        RenderTableCell {TD} at (2,2) size 126x20 [r=0 c=0 rs=1 cs=1]
                          RenderText {#text} at (1,1) size 123x17
                            text run at (1,1) width 123: "display: inline-table"
      RenderBlock {DIV} at (0,366) size 769x40
        RenderTable at (0,0) size 162x40
          RenderTableSection {DIV} at (0,0) size 162x40
            RenderTableRow (anonymous) at (0,0) size 162x40
              RenderTableCell (anonymous) at (0,0) size 162x40 [r=0 c=0 rs=1 cs=1]
                RenderBlock {FORM} at (0,0) size 162x24
                  RenderTable {TABLE} at (0,0) size 162x24
                    RenderTableSection {TBODY} at (0,0) size 162x24
                      RenderTableRow {TR} at (0,2) size 162x20
                        RenderTableCell {TD} at (2,2) size 158x20 [r=0 c=0 rs=1 cs=1]
                          RenderText {#text} at (1,1) size 155x17
                            text run at (1,1) width 155: "display: table-row-group"
      RenderBlock {DIV} at (0,406) size 769x40
        RenderTable at (0,0) size 179x40
          RenderTableSection {DIV} at (0,0) size 179x40
            RenderTableRow (anonymous) at (0,0) size 179x40
              RenderTableCell (anonymous) at (0,0) size 179x40 [r=0 c=0 rs=1 cs=1]
                RenderBlock {FORM} at (0,0) size 179x24
                  RenderTable {TABLE} at (0,0) size 179x24
                    RenderTableSection {TBODY} at (0,0) size 179x24
                      RenderTableRow {TR} at (0,2) size 179x20
                        RenderTableCell {TD} at (2,2) size 175x20 [r=0 c=0 rs=1 cs=1]
                          RenderText {#text} at (1,1) size 172x17
                            text run at (1,1) width 172: "display: table-header-group"
      RenderBlock {DIV} at (0,446) size 769x40
        RenderTable at (0,0) size 174x40
          RenderTableSection {DIV} at (0,0) size 174x40
            RenderTableRow (anonymous) at (0,0) size 174x40
              RenderTableCell (anonymous) at (0,0) size 174x40 [r=0 c=0 rs=1 cs=1]
                RenderBlock {FORM} at (0,0) size 174x24
                  RenderTable {TABLE} at (0,0) size 174x24
                    RenderTableSection {TBODY} at (0,0) size 174x24
                      RenderTableRow {TR} at (0,2) size 174x20
                        RenderTableCell {TD} at (2,2) size 170x20 [r=0 c=0 rs=1 cs=1]
                          RenderText {#text} at (1,1) size 167x17
                            text run at (1,1) width 167: "display: table-footer-group"
      RenderBlock {DIV} at (0,486) size 769x40
        RenderTable at (0,0) size 120x40
          RenderTableSection (anonymous) at (0,0) size 120x40
            RenderTableRow {DIV} at (0,0) size 120x40
              RenderTableCell (anonymous) at (0,0) size 120x40 [r=0 c=0 rs=1 cs=1]
                RenderBlock {FORM} at (0,0) size 120x24
                  RenderTable {TABLE} at (0,0) size 120x24
                    RenderTableSection {TBODY} at (0,0) size 120x24
                      RenderTableRow {TR} at (0,2) size 120x20
                        RenderTableCell {TD} at (2,2) size 116x20 [r=0 c=0 rs=1 cs=1]
                          RenderText {#text} at (1,1) size 113x17
                            text run at (1,1) width 113: "display: table-row"
      RenderBlock {DIV} at (0,526) size 769x0
        RenderTable at (0,0) size 0x0
          RenderTableCol {DIV} at (0,0) size 0x0
      RenderBlock {DIV} at (0,526) size 769x0
        RenderTable at (0,0) size 0x0
          RenderTableCol {DIV} at (0,0) size 0x0
      RenderBlock {DIV} at (0,526) size 769x40
        RenderTable at (0,0) size 117x40
          RenderTableSection (anonymous) at (0,0) size 117x40
            RenderTableRow (anonymous) at (0,0) size 117x40
              RenderTableCell {DIV} at (0,0) size 117x40 [r=0 c=0 rs=1 cs=1]
                RenderBlock {FORM} at (0,0) size 117x24
                  RenderTable {TABLE} at (0,0) size 117x24
                    RenderTableSection {TBODY} at (0,0) size 117x24
                      RenderTableRow {TR} at (0,2) size 117x20
                        RenderTableCell {TD} at (2,2) size 113x20 [r=0 c=0 rs=1 cs=1]
                          RenderText {#text} at (1,1) size 110x17
                            text run at (1,1) width 110: "display: table-cell"
      RenderBlock {DIV} at (0,566) size 769x76
        RenderTable at (0,0) size 56x76
          RenderBlock {DIV} at (0,0) size 56x76
            RenderBlock {FORM} at (0,0) size 56x60
              RenderTable {TABLE} at (0,0) size 56x60
                RenderTableSection {TBODY} at (0,0) size 56x60
                  RenderTableRow {TR} at (0,2) size 56x56
                    RenderTableCell {TD} at (2,2) size 52x56 [r=0 c=0 rs=1 cs=1]
                      RenderText {#text} at (1,1) size 49x53
                        text run at (1,1) width 49: "display:"
                        text run at (1,19) width 35: "table-"
                        text run at (1,37) width 46: "caption"
