layer at (0,0) size 785x768
  RenderView at (0,0) size 785x600
layer at (0,0) size 785x768
  RenderBlock {HTML} at (0,0) size 785x768
    RenderBody {BODY} at (8,8) size 769x752
      RenderBlock (anonymous) at (0,0) size 769x18
        RenderText {#text} at (0,0) size 246x17
          text run at (0,0) width 246: "This tests minMaxWidth for text fields."
      RenderBlock {P} at (0,34) size 769x18
        RenderText {#text} at (0,0) size 70x17
          text run at (0,0) width 70: "Test case 1"
      RenderTable {TABLE} at (0,68) size 119x50 [border: (3px solid #0000FF)]
        RenderTableSection {TBODY} at (3,3) size 113x44
          RenderTableRow {TR} at (0,2) size 113x40
            RenderTableCell {TD} at (2,2) size 109x40 [border: (3px solid #FF0000)] [r=0 c=0 rs=1 cs=1]
              RenderTextControl {INPUT} at (4,6) size 100x28 [bgcolor=#FFFFFF]
      RenderBlock {P} at (0,134) size 769x18
        RenderText {#text} at (0,0) size 70x17
          text run at (0,0) width 70: "Test case 2"
      RenderTable {TABLE} at (0,168) size 167x92 [border: (3px solid #0000FF)]
        RenderTableSection {TBODY} at (3,3) size 161x86
          RenderTableRow {TR} at (0,2) size 161x40
            RenderTableCell {TD} at (2,12) size 47x20 [r=0 c=0 rs=1 cs=1]
              RenderText {#text} at (1,1) size 24x17
                text run at (1,1) width 24: "first"
            RenderTableCell {TD} at (50,2) size 109x40 [border: (3px solid #FF0000)] [r=0 c=1 rs=1 cs=1]
              RenderTextControl {INPUT} at (4,6) size 100x28 [bgcolor=#FFFFFF]
          RenderTableRow {TR} at (0,44) size 161x40
            RenderTableCell {TD} at (2,54) size 47x20 [r=1 c=0 rs=1 cs=1]
              RenderText {#text} at (1,1) size 44x17
                text run at (1,1) width 44: "second"
            RenderTableCell {TD} at (50,44) size 109x40 [border: (3px solid #FF0000)] [r=1 c=1 rs=1 cs=1]
              RenderTextControl {INPUT} at (4,6) size 101x28 [bgcolor=#FFFFFF]
      RenderBlock {P} at (0,276) size 769x18
        RenderText {#text} at (0,0) size 70x17
          text run at (0,0) width 70: "Test case 3"
      RenderTable {TABLE} at (0,310) size 55x86 [border: (3px solid #0000FF)]
        RenderTableSection {TBODY} at (3,3) size 49x80
          RenderTableRow {TR} at (0,2) size 49x76
            RenderTableCell {TD} at (2,2) size 45x76 [border: (3px solid #FF0000)] [r=0 c=0 rs=1 cs=1]
              RenderText {#text} at (4,4) size 36x35
                text run at (4,4) width 36: "width"
                text run at (4,22) width 32: "30px"
              RenderTextControl {INPUT} at (4,42) size 30x28 [bgcolor=#FFFFFF]
      RenderBlock {P} at (0,412) size 769x18
        RenderText {#text} at (0,0) size 70x17
          text run at (0,0) width 70: "Test case 4"
      RenderTable {TABLE} at (0,446) size 219x78 [border: (3px solid #0000FF)]
        RenderTableSection {TBODY} at (3,3) size 213x72
          RenderTableRow {TR} at (0,2) size 213x40
            RenderTableCell {TD} at (2,2) size 209x40 [border: (3px solid #FF0000)] [r=0 c=0 rs=1 cs=1]
              RenderTextControl {INPUT} at (4,6) size 201x28 [bgcolor=#FFFFFF]
          RenderTableRow {TR} at (0,44) size 213x26
            RenderTableCell {TD} at (2,44) size 209x26 [border: (3px solid #FF0000)] [r=1 c=0 rs=1 cs=1]
              RenderBlock {DIV} at (4,4) size 200x18
                RenderText {#text} at (0,0) size 40x17
                  text run at (0,0) width 40: "200px"
      RenderBlock {P} at (0,540) size 769x18
        RenderText {#text} at (0,0) size 70x17
          text run at (0,0) width 70: "Test case 5"
      RenderTable {TABLE} at (0,574) size 93x50 [border: (3px solid #0000FF)]
        RenderTableSection {TBODY} at (3,3) size 87x44
          RenderTableRow {TR} at (0,2) size 87x40
            RenderTableCell {TD} at (2,2) size 83x40 [border: (3px solid #FF0000)] [r=0 c=0 rs=1 cs=1]
              RenderTextControl {INPUT} at (6,6) size 70x28 [bgcolor=#FFFFFF]
      RenderBlock {P} at (0,640) size 769x18
        RenderText {#text} at (0,0) size 70x17
          text run at (0,0) width 70: "Test case 6"
      RenderTable {TABLE} at (0,674) size 215x78 [border: (3px solid #0000FF)]
        RenderTableSection {TBODY} at (3,3) size 209x72
          RenderTableRow {TR} at (0,2) size 209x40
            RenderTableCell {TD} at (2,2) size 205x40 [border: (3px solid #FF0000)] [r=0 c=0 rs=1 cs=1]
              RenderTextControl {INPUT} at (6,6) size 192x28 [bgcolor=#FFFFFF]
          RenderTableRow {TR} at (0,44) size 209x26
            RenderTableCell {TD} at (2,44) size 205x26 [border: (3px solid #FF0000)] [r=1 c=0 rs=1 cs=1]
              RenderBlock {DIV} at (4,4) size 70x18
                RenderText {#text} at (0,0) size 32x17
                  text run at (0,0) width 32: "70px"
layer at (21,93) size 93x18
  RenderBlock {DIV} at (4,6) size 93x18
layer at (69,193) size 93x18
  RenderBlock {DIV} at (4,6) size 93x18
layer at (69,235) size 93x18
  RenderBlock {DIV} at (4,6) size 93x18
layer at (21,371) size 23x18
  RenderBlock {DIV} at (4,6) size 23x18
layer at (21,471) size 193x18
  RenderBlock {DIV} at (4,6) size 194x18
    RenderText {#text} at (0,0) size 83x17
      text run at (0,0) width 83: "width 100%"
layer at (23,599) size 63x18 scrollWidth 70
  RenderBlock {DIV} at (4,6) size 63x18
    RenderText {#text} at (0,0) size 69x17
      text run at (0,0) width 69: "max 70px"
layer at (23,699) size 185x18
  RenderBlock {DIV} at (4,6) size 185x18
    RenderText {#text} at (0,0) size 117x17
      text run at (0,0) width 117: "min-width 100px"
