layer at (0,0) size 785x638
  RenderView at (0,0) size 785x600
layer at (0,0) size 785x638
  RenderBlock {HTML} at (0,0) size 785x638
    RenderBody {BODY} at (8,8) size 769x622
      RenderBlock {P} at (0,0) size 769x18
        RenderText {#text} at (0,0) size 241x17
          text run at (0,0) width 241: "Test appearances of outer-spin-button."
      RenderBlock {DIV} at (0,34) size 769x0
      RenderBlock {DIV} at (0,34) size 769x588
        RenderTable {TABLE} at (0,0) size 475x588
          RenderTableSection {TBODY} at (0,0) size 475x588
            RenderTableRow {TR} at (0,2) size 475x584
              RenderTableCell {TD} at (2,86) size 184x416 [r=0 c=0 rs=1 cs=1]
                RenderBlock {DIV} at (1,1) size 182x39
                  RenderTextControl {INPUT} at (0,1) size 90x19 [bgcolor=#FFFFFF]
                  RenderText {#text} at (90,0) size 4x17
                    text run at (90,0) width 4: " "
                  RenderBR {BR} at (94,14) size 0x0
                  RenderTextControl {INPUT} at (0,20) size 90x19 [bgcolor=#FFFFFF]
                    RenderFlexibleBox {DIV} at (4,6) size 83x9
                      RenderBlock {DIV} at (0,0) size 66x9
                RenderBlock {DIV} at (1,40) size 182x40
                  RenderTextControl {INPUT} at (0,0) size 110x20 [bgcolor=#FFFFFF]
                  RenderText {#text} at (110,0) size 4x17
                    text run at (110,0) width 4: " "
                  RenderBR {BR} at (114,14) size 0x0
                  RenderTextControl {INPUT} at (0,20) size 110x20 [bgcolor=#FFFFFF]
                    RenderFlexibleBox {DIV} at (4,6) size 103x10
                      RenderBlock {DIV} at (0,0) size 86x10
                RenderBlock {DIV} at (1,80) size 182x44
                  RenderTextControl {INPUT} at (0,0) size 130x22 [bgcolor=#FFFFFF]
                  RenderText {#text} at (130,1) size 4x17
                    text run at (130,1) width 4: " "
                  RenderBR {BR} at (134,15) size 0x0
                  RenderTextControl {INPUT} at (0,22) size 130x22 [bgcolor=#FFFFFF]
                    RenderFlexibleBox {DIV} at (4,6) size 123x12
                      RenderBlock {DIV} at (0,0) size 106x12
                RenderBlock {DIV} at (1,124) size 182x54
                  RenderTextControl {INPUT} at (2,2) size 131x23 [bgcolor=#FFFFFF]
                  RenderText {#text} at (135,4) size 4x17
                    text run at (135,4) width 4: " "
                  RenderBR {BR} at (139,18) size 0x0
                  RenderTextControl {INPUT} at (2,29) size 131x23 [bgcolor=#FFFFFF]
                    RenderFlexibleBox {DIV} at (4,6) size 124x13
                      RenderBlock {DIV} at (0,0) size 107x13
                RenderBlock {DIV} at (1,178) size 182x56
                  RenderTextControl {INPUT} at (2,2) size 151x24 [bgcolor=#FFFFFF]
                  RenderText {#text} at (155,5) size 4x17
                    text run at (155,5) width 4: " "
                  RenderBR {BR} at (159,19) size 0x0
                  RenderTextControl {INPUT} at (2,30) size 151x24 [bgcolor=#FFFFFF]
                    RenderFlexibleBox {DIV} at (4,6) size 144x14
                      RenderBlock {DIV} at (0,0) size 127x14
                RenderBlock {DIV} at (1,234) size 182x58
                  RenderTextControl {INPUT} at (2,2) size 152x25 [bgcolor=#FFFFFF]
                  RenderText {#text} at (156,6) size 4x17
                    text run at (156,6) width 4: " "
                  RenderBR {BR} at (160,20) size 0x0
                  RenderTextControl {INPUT} at (2,31) size 152x25 [bgcolor=#FFFFFF]
                    RenderFlexibleBox {DIV} at (4,6) size 145x15
                      RenderBlock {DIV} at (0,0) size 128x15
                RenderBlock {DIV} at (1,292) size 182x60
                  RenderTextControl {INPUT} at (2,2) size 172x26 [bgcolor=#FFFFFF]
                  RenderText {#text} at (176,7) size 4x17
                    text run at (176,7) width 4: " "
                  RenderBR {BR} at (180,21) size 0x0
                  RenderTextControl {INPUT} at (2,32) size 172x26 [bgcolor=#FFFFFF]
                    RenderFlexibleBox {DIV} at (4,6) size 165x16
                      RenderBlock {DIV} at (0,0) size 148x16
                RenderBlock {DIV} at (1,352) size 182x62
                  RenderTextControl {INPUT} at (2,2) size 173x27 [bgcolor=#FFFFFF]
                  RenderText {#text} at (177,8) size 4x17
                    text run at (177,8) width 4: " "
                  RenderBR {BR} at (181,22) size 0x0
                  RenderTextControl {INPUT} at (2,33) size 173x27 [bgcolor=#FFFFFF]
                    RenderFlexibleBox {DIV} at (4,6) size 166x17
                      RenderBlock {DIV} at (0,0) size 149x17
              RenderTableCell {TD} at (187,2) size 286x584 [r=0 c=1 rs=1 cs=1]
                RenderBlock {DIV} at (1,1) size 284x64
                  RenderTextControl {INPUT} at (2,2) size 192x28 [bgcolor=#FFFFFF]
                  RenderText {#text} at (196,8) size 4x17
                    text run at (196,8) width 4: " "
                  RenderBR {BR} at (200,22) size 0x0
                  RenderTextControl {INPUT} at (2,34) size 192x28 [bgcolor=#FFFFFF]
                    RenderFlexibleBox {DIV} at (4,6) size 185x18
                      RenderBlock {DIV} at (0,0) size 168x18
                RenderBlock {DIV} at (1,65) size 284x68
                  RenderTextControl {INPUT} at (2,2) size 193x30 [bgcolor=#FFFFFF]
                  RenderText {#text} at (197,9) size 4x17
                    text run at (197,9) width 4: " "
                  RenderBR {BR} at (201,23) size 0x0
                  RenderTextControl {INPUT} at (2,36) size 193x30 [bgcolor=#FFFFFF]
                    RenderFlexibleBox {DIV} at (4,6) size 186x20
                      RenderBlock {DIV} at (0,0) size 169x20
                RenderBlock {DIV} at (1,133) size 284x70
                  RenderTextControl {INPUT} at (2,2) size 213x31 [bgcolor=#FFFFFF]
                  RenderText {#text} at (217,10) size 4x17
                    text run at (217,10) width 4: " "
                  RenderBR {BR} at (221,24) size 0x0
                  RenderTextControl {INPUT} at (2,37) size 213x31 [bgcolor=#FFFFFF]
                    RenderFlexibleBox {DIV} at (4,6) size 206x21
                      RenderBlock {DIV} at (0,0) size 189x21
                RenderBlock {DIV} at (1,203) size 284x72
                  RenderTextControl {INPUT} at (2,2) size 233x32 [bgcolor=#FFFFFF]
                  RenderText {#text} at (237,11) size 4x17
                    text run at (237,11) width 4: " "
                  RenderBR {BR} at (241,25) size 0x0
                  RenderTextControl {INPUT} at (2,38) size 233x32 [bgcolor=#FFFFFF]
                    RenderFlexibleBox {DIV} at (4,6) size 226x22
                      RenderBlock {DIV} at (0,0) size 209x22
                RenderBlock {DIV} at (1,275) size 284x74
                  RenderTextControl {INPUT} at (2,2) size 234x33 [bgcolor=#FFFFFF]
                  RenderText {#text} at (238,12) size 4x17
                    text run at (238,12) width 4: " "
                  RenderBR {BR} at (242,26) size 0x0
                  RenderTextControl {INPUT} at (2,39) size 234x33 [bgcolor=#FFFFFF]
                    RenderFlexibleBox {DIV} at (4,6) size 227x23
                      RenderBlock {DIV} at (0,0) size 210x23
                RenderBlock {DIV} at (1,349) size 284x76
                  RenderTextControl {INPUT} at (2,2) size 254x34 [bgcolor=#FFFFFF]
                  RenderText {#text} at (258,13) size 4x17
                    text run at (258,13) width 4: " "
                  RenderBR {BR} at (262,27) size 0x0
                  RenderTextControl {INPUT} at (2,40) size 254x34 [bgcolor=#FFFFFF]
                    RenderFlexibleBox {DIV} at (4,6) size 247x24
                      RenderBlock {DIV} at (0,0) size 230x24
                RenderBlock {DIV} at (1,425) size 284x78
                  RenderTextControl {INPUT} at (2,2) size 255x35 [bgcolor=#FFFFFF]
                  RenderText {#text} at (259,14) size 4x17
                    text run at (259,14) width 4: " "
                  RenderBR {BR} at (263,28) size 0x0
                  RenderTextControl {INPUT} at (2,41) size 255x35 [bgcolor=#FFFFFF]
                    RenderFlexibleBox {DIV} at (4,6) size 248x25
                      RenderBlock {DIV} at (0,0) size 231x25
                RenderBlock {DIV} at (1,503) size 284x80
                  RenderTextControl {INPUT} at (2,2) size 275x36 [bgcolor=#FFFFFF]
                  RenderText {#text} at (279,15) size 4x17
                    text run at (279,15) width 4: " "
                  RenderBR {BR} at (283,29) size 0x0
                  RenderTextControl {INPUT} at (2,42) size 275x36 [bgcolor=#FFFFFF]
                    RenderFlexibleBox {DIV} at (4,6) size 268x26
                      RenderBlock {DIV} at (0,0) size 251x26
layer at (15,137) size 83x9
  RenderBlock {DIV} at (4,6) size 83x9
layer at (15,156) size 66x9
  RenderBlock {DIV} at (0,0) size 66x9
layer at (15,175) size 103x10
  RenderBlock {DIV} at (4,6) size 103x10
layer at (15,195) size 86x10
  RenderBlock {DIV} at (0,0) size 86x10
layer at (15,215) size 123x12
  RenderBlock {DIV} at (4,6) size 123x12
layer at (15,237) size 106x12
  RenderBlock {DIV} at (0,0) size 106x12
layer at (17,261) size 124x13
  RenderBlock {DIV} at (4,6) size 124x13
layer at (17,288) size 107x13
  RenderBlock {DIV} at (0,0) size 107x13
layer at (17,315) size 144x14
  RenderBlock {DIV} at (4,6) size 144x14
layer at (17,343) size 127x14
  RenderBlock {DIV} at (0,0) size 127x14
layer at (17,371) size 145x15
  RenderBlock {DIV} at (4,6) size 145x15
layer at (17,400) size 128x15
  RenderBlock {DIV} at (0,0) size 128x15
layer at (17,429) size 165x16
  RenderBlock {DIV} at (4,6) size 165x16
layer at (17,459) size 148x16
  RenderBlock {DIV} at (0,0) size 148x16
layer at (17,489) size 166x17
  RenderBlock {DIV} at (4,6) size 166x17
layer at (17,520) size 149x17
  RenderBlock {DIV} at (0,0) size 149x17
layer at (202,53) size 185x18
  RenderBlock {DIV} at (4,6) size 185x18
layer at (202,85) size 168x18
  RenderBlock {DIV} at (0,0) size 168x18
layer at (202,117) size 186x20
  RenderBlock {DIV} at (4,6) size 186x20
layer at (202,151) size 169x20
  RenderBlock {DIV} at (0,0) size 169x20
layer at (202,185) size 206x21
  RenderBlock {DIV} at (4,6) size 206x21
layer at (202,220) size 189x21
  RenderBlock {DIV} at (0,0) size 189x21
layer at (202,255) size 226x22
  RenderBlock {DIV} at (4,6) size 226x22
layer at (202,291) size 209x22
  RenderBlock {DIV} at (0,0) size 209x22
layer at (202,327) size 227x23
  RenderBlock {DIV} at (4,6) size 227x23
layer at (202,364) size 210x23
  RenderBlock {DIV} at (0,0) size 210x23
layer at (202,401) size 247x24
  RenderBlock {DIV} at (4,6) size 247x24
layer at (202,439) size 230x24
  RenderBlock {DIV} at (0,0) size 230x24
layer at (202,477) size 248x25
  RenderBlock {DIV} at (4,6) size 248x25
layer at (202,516) size 231x25
  RenderBlock {DIV} at (0,0) size 231x25
layer at (202,555) size 268x26
  RenderBlock {DIV} at (4,6) size 268x26
layer at (202,595) size 251x26
  RenderBlock {DIV} at (0,0) size 251x26
layer at (84,150) size 17x19
  RenderBlock (relative positioned) {DIV} at (69,-6) size 17x19
layer at (104,189) size 17x20
  RenderBlock (relative positioned) {DIV} at (89,-6) size 17x20
layer at (124,231) size 17x22
  RenderBlock (relative positioned) {DIV} at (109,-6) size 17x22
layer at (127,282) size 17x23
  RenderBlock (relative positioned) {DIV} at (110,-6) size 17x23
layer at (147,337) size 17x24
  RenderBlock (relative positioned) {DIV} at (130,-6) size 17x24
layer at (148,394) size 17x25
  RenderBlock (relative positioned) {DIV} at (131,-6) size 17x25
layer at (168,453) size 17x26
  RenderBlock (relative positioned) {DIV} at (151,-6) size 17x26
layer at (169,514) size 17x27
  RenderBlock (relative positioned) {DIV} at (152,-6) size 17x27
layer at (373,79) size 17x28
  RenderBlock (relative positioned) {DIV} at (171,-6) size 17x28
layer at (374,145) size 17x30
  RenderBlock (relative positioned) {DIV} at (172,-6) size 17x30
layer at (394,214) size 17x31
  RenderBlock (relative positioned) {DIV} at (192,-6) size 17x31
layer at (414,285) size 17x32
  RenderBlock (relative positioned) {DIV} at (212,-6) size 17x32
layer at (415,358) size 17x33
  RenderBlock (relative positioned) {DIV} at (213,-6) size 17x33
layer at (435,433) size 17x34
  RenderBlock (relative positioned) {DIV} at (233,-6) size 17x34
layer at (436,510) size 17x35
  RenderBlock (relative positioned) {DIV} at (234,-6) size 17x35
layer at (456,589) size 17x36
  RenderBlock (relative positioned) {DIV} at (254,-6) size 17x36
