layer at (0,0) size 534x400
  RenderView at (0,0) size 534x400
layer at (0,0) size 534x400
  RenderBlock {HTML} at (0,0) size 534x400
    RenderBody {BODY} at (8,8) size 518x376
      RenderBlock {P} at (0,0) size 518x20
        RenderText {#text} at (0,0) size 51x19
          text run at (0,0) width 51: "Test for "
        RenderInline {A} at (0,0) size 66x19 [color=#0000EE]
          RenderText {#text} at (51,0) size 66x19
            text run at (51,0) width 66: "bug 11141"
        RenderText {#text} at (117,0) size 330x19
          text run at (117,0) width 7: ": "
          text run at (124,0) width 323: "CSS '@import' doesn't respect HTML Base element."
      RenderBlock {P} at (0,36) size 518x20 [color=#008000]
        RenderText {#text} at (0,0) size 154x19
          text run at (0,0) width 154: "This text should be green."
      RenderBlock {P} at (0,72) size 518x80
        RenderText {#text} at (0,0) size 510x79
          text run at (0,0) width 364: "If it is red, the css has been loaded relative to the document. "
          text run at (364,0) width 93: "If it is black, no"
          text run at (0,20) width 315: "stylesheet has been rendered, if it is rendered green, "
          text run at (315,20) width 195: "the stylesheet has been rendered"
          text run at (0,40) width 245: "correctly from the HREF attribute of the "
          text run at (245,40) width 248: "Base element in the HEAD section of this"
          text run at (0,60) width 63: "document."
      RenderBlock {P} at (0,168) size 518x20 [color=#008000]
        RenderText {#text} at (0,0) size 182x19
          text run at (0,0) width 182: "This text should also be green."
