layer at (0,0) size 800x600
  RenderView at (0,0) size 800x600
layer at (0,0) size 800x600
  RenderBlock {HTML} at (0,0) size 800x600
    RenderBody {BODY} at (8,8) size 784x584
      RenderBlock (anonymous) at (0,0) size 784x20
        RenderText {#text} at (0,0) size 351x19
          text run at (0,0) width 351: "This tests that buttons don't honor table display styles. "
        RenderBR {BR} at (350,15) size 1x0
      RenderButton {INPUT} at (2,22) size 89x20 [bgcolor=#FFFFFF02] [border: (1px solid #4C4C4C)]
        RenderBlock (anonymous) at (12,3) size 65x14
          RenderText at (0,0) size 65x14
            text run at (0,0) width 65: "display: table"
      RenderButton {INPUT} at (2,44) size 89x20 [bgcolor=#FFFFFF02] [border: (1px solid #4C4C4C)]
        RenderBlock (anonymous) at (12,3) size 65x14
          RenderText at (0,0) size 65x14
            text run at (0,0) width 65: "display: table"
      RenderBlock (anonymous) at (0,66) size 784x416
        RenderBR {BR} at (0,0) size 0x19
        RenderBR {BR} at (0,20) size 0x19
        RenderButton {INPUT} at (2,42) size 118x20 [bgcolor=#FFFFFF02] [border: (1px solid #4C4C4C)]
          RenderBlock (anonymous) at (12,3) size 94x14
            RenderText at (0,0) size 94x14
              text run at (0,0) width 94: "display: inline-table"
        RenderText {#text} at (122,41) size 4x19
          text run at (122,41) width 4: " "
        RenderButton {INPUT} at (128,42) size 118x20 [bgcolor=#FFFFFF02] [border: (1px solid #4C4C4C)]
          RenderBlock (anonymous) at (12,3) size 94x14
            RenderText at (0,0) size 94x14
              text run at (0,0) width 94: "display: inline-table"
        RenderText {#text} at (248,41) size 4x19
          text run at (248,41) width 4: " "
        RenderBR {BR} at (252,56) size 0x0
        RenderBR {BR} at (0,64) size 0x19
        RenderButton {INPUT} at (2,86) size 142x20 [bgcolor=#FFFFFF02] [border: (1px solid #4C4C4C)]
          RenderBlock (anonymous) at (12,3) size 118x14
            RenderText at (0,0) size 118x14
              text run at (0,0) width 118: "display: table-row-group"
        RenderText {#text} at (146,85) size 4x19
          text run at (146,85) width 4: " "
        RenderButton {INPUT} at (152,86) size 142x20 [bgcolor=#FFFFFF02] [border: (1px solid #4C4C4C)]
          RenderBlock (anonymous) at (12,3) size 118x14
            RenderText at (0,0) size 118x14
              text run at (0,0) width 118: "display: table-row-group"
        RenderText {#text} at (296,85) size 4x19
          text run at (296,85) width 4: " "
        RenderBR {BR} at (300,100) size 0x0
        RenderBR {BR} at (0,108) size 0x19
        RenderButton {INPUT} at (2,130) size 158x20 [bgcolor=#FFFFFF02] [border: (1px solid #4C4C4C)]
          RenderBlock (anonymous) at (12,3) size 134x14
            RenderText at (0,0) size 134x14
              text run at (0,0) width 134: "display: table-header-group"
        RenderText {#text} at (162,129) size 4x19
          text run at (162,129) width 4: " "
        RenderButton {INPUT} at (168,130) size 158x20 [bgcolor=#FFFFFF02] [border: (1px solid #4C4C4C)]
          RenderBlock (anonymous) at (12,3) size 134x14
            RenderText at (0,0) size 134x14
              text run at (0,0) width 134: "display: table-header-group"
        RenderText {#text} at (328,129) size 4x19
          text run at (328,129) width 4: " "
        RenderBR {BR} at (332,144) size 0x0
        RenderBR {BR} at (0,152) size 0x19
        RenderButton {INPUT} at (2,174) size 152x20 [bgcolor=#FFFFFF02] [border: (1px solid #4C4C4C)]
          RenderBlock (anonymous) at (12,3) size 128x14
            RenderText at (0,0) size 128x14
              text run at (0,0) width 128: "display: table-footer-group"
        RenderText {#text} at (156,173) size 4x19
          text run at (156,173) width 4: " "
        RenderButton {INPUT} at (162,174) size 152x20 [bgcolor=#FFFFFF02] [border: (1px solid #4C4C4C)]
          RenderBlock (anonymous) at (12,3) size 128x14
            RenderText at (0,0) size 128x14
              text run at (0,0) width 128: "display: table-footer-group"
        RenderText {#text} at (316,173) size 4x19
          text run at (316,173) width 4: " "
        RenderBR {BR} at (320,188) size 0x0
        RenderBR {BR} at (0,196) size 0x19
        RenderButton {INPUT} at (2,218) size 110x20 [bgcolor=#FFFFFF02] [border: (1px solid #4C4C4C)]
          RenderBlock (anonymous) at (12,3) size 86x14
            RenderText at (0,0) size 86x14
              text run at (0,0) width 86: "display: table-row"
        RenderText {#text} at (114,217) size 4x19
          text run at (114,217) width 4: " "
        RenderButton {INPUT} at (120,218) size 110x20 [bgcolor=#FFFFFF02] [border: (1px solid #4C4C4C)]
          RenderBlock (anonymous) at (12,3) size 86x14
            RenderText at (0,0) size 86x14
              text run at (0,0) width 86: "display: table-row"
        RenderText {#text} at (232,217) size 4x19
          text run at (232,217) width 4: " "
        RenderBR {BR} at (236,232) size 0x0
        RenderBR {BR} at (0,240) size 0x19
        RenderButton {INPUT} at (2,262) size 160x20 [bgcolor=#FFFFFF02] [border: (1px solid #4C4C4C)]
          RenderBlock (anonymous) at (12,3) size 136x14
            RenderText at (0,0) size 136x14
              text run at (0,0) width 136: "display: table-column-group"
        RenderText {#text} at (164,261) size 4x19
          text run at (164,261) width 4: " "
        RenderButton {INPUT} at (170,262) size 160x20 [bgcolor=#FFFFFF02] [border: (1px solid #4C4C4C)]
          RenderBlock (anonymous) at (12,3) size 136x14
            RenderText at (0,0) size 136x14
              text run at (0,0) width 136: "display: table-column-group"
        RenderText {#text} at (332,261) size 4x19
          text run at (332,261) width 4: " "
        RenderBR {BR} at (336,276) size 0x0
        RenderBR {BR} at (0,284) size 0x19
        RenderButton {INPUT} at (2,306) size 128x20 [bgcolor=#FFFFFF02] [border: (1px solid #4C4C4C)]
          RenderBlock (anonymous) at (12,3) size 104x14
            RenderText at (0,0) size 104x14
              text run at (0,0) width 104: "display: table-column"
        RenderText {#text} at (132,305) size 4x19
          text run at (132,305) width 4: " "
        RenderButton {INPUT} at (138,306) size 128x20 [bgcolor=#FFFFFF02] [border: (1px solid #4C4C4C)]
          RenderBlock (anonymous) at (12,3) size 104x14
            RenderText at (0,0) size 104x14
              text run at (0,0) width 104: "display: table-column"
        RenderText {#text} at (268,305) size 4x19
          text run at (268,305) width 4: " "
        RenderBR {BR} at (272,320) size 0x0
        RenderBR {BR} at (0,328) size 0x19
        RenderButton {INPUT} at (2,350) size 109x20 [bgcolor=#FFFFFF02] [border: (1px solid #4C4C4C)]
          RenderBlock (anonymous) at (12,3) size 85x14
            RenderText at (0,0) size 85x14
              text run at (0,0) width 85: "display: table-cell"
        RenderText {#text} at (113,349) size 4x19
          text run at (113,349) width 4: " "
        RenderButton {INPUT} at (119,350) size 109x20 [bgcolor=#FFFFFF02] [border: (1px solid #4C4C4C)]
          RenderBlock (anonymous) at (12,3) size 85x14
            RenderText at (0,0) size 85x14
              text run at (0,0) width 85: "display: table-cell"
        RenderText {#text} at (230,349) size 4x19
          text run at (230,349) width 4: " "
        RenderBR {BR} at (234,364) size 0x0
        RenderBR {BR} at (0,372) size 0x19
        RenderButton {INPUT} at (2,394) size 128x20 [bgcolor=#FFFFFF02] [border: (1px solid #4C4C4C)]
          RenderBlock (anonymous) at (12,3) size 104x14
            RenderText at (0,0) size 104x14
              text run at (0,0) width 104: "display: table-caption"
        RenderText {#text} at (132,393) size 4x19
          text run at (132,393) width 4: " "
        RenderButton {INPUT} at (138,394) size 128x20 [bgcolor=#FFFFFF02] [border: (1px solid #4C4C4C)]
          RenderBlock (anonymous) at (12,3) size 104x14
            RenderText at (0,0) size 104x14
              text run at (0,0) width 104: "display: table-caption"
        RenderText {#text} at (0,0) size 0x0
