layer at (0,0) size 800x600
  RenderView at (0,0) size 800x600
layer at (0,0) size 800x600
  RenderBlock {HTML} at (0,0) size 800x600
    RenderBody {BODY} at (8,8) size 784x584
      RenderBlock {P} at (0,0) size 784x20
        RenderText {#text} at (0,0) size 576x19
          text run at (0,0) width 576: "The following 5 inputs should be all be rendered exactly the same, aligned to the left side."
      RenderBlock (anonymous) at (0,36) size 784x100
        RenderTextControl {INPUT} at (2,2) size 135x21 [bgcolor=#FFFFFF] [border: (1px solid #4C4C4C)]
        RenderText {#text} at (139,1) size 4x19
          text run at (139,1) width 4: " "
        RenderBR {BR} at (0,0) size 0x0
        RenderTextControl {INPUT} at (2,27) size 135x21 [bgcolor=#FFFFFF] [border: (1px solid #4C4C4C)]
        RenderText {#text} at (139,26) size 4x19
          text run at (139,26) width 4: " "
        RenderBR {BR} at (0,0) size 0x0
        RenderTextControl {INPUT} at (2,52) size 135x21 [bgcolor=#FFFFFF] [border: (1px solid #4C4C4C)]
        RenderText {#text} at (139,51) size 4x19
          text run at (139,51) width 4: " "
        RenderBR {BR} at (0,0) size 0x0
        RenderTextControl {INPUT} at (2,77) size 135x21 [bgcolor=#FFFFFF] [border: (1px solid #4C4C4C)]
        RenderText {#text} at (139,76) size 4x19
          text run at (139,76) width 4: " "
        RenderBR {BR} at (0,0) size 0x0
      RenderBlock {DIV} at (0,136) size 784x25
        RenderTextControl {INPUT} at (2,2) size 135x21 [bgcolor=#FFFFFF] [border: (1px solid #4C4C4C)]
layer at (16,49) size 123x14
  RenderBlock {DIV} at (6,3) size 123x14
    RenderText {#text} at (0,0) size 90x14
      text run at (0,0) width 90: "The quick brown..."
layer at (16,74) size 123x14
  RenderBlock {DIV} at (6,3) size 123x14
    RenderText {#text} at (0,0) size 90x14
      text run at (0,0) width 90: "The quick brown..."
layer at (16,99) size 123x14
  RenderBlock {DIV} at (6,3) size 123x14
    RenderText {#text} at (0,0) size 90x14
      text run at (0,0) width 90: "The quick brown..."
layer at (16,124) size 123x14
  RenderBlock {DIV} at (6,3) size 123x14
    RenderText {#text} at (0,0) size 90x14
      text run at (0,0) width 90: "The quick brown..."
layer at (16,149) size 123x14
  RenderBlock {DIV} at (6,3) size 123x14
    RenderText {#text} at (0,0) size 90x14
      text run at (0,0) width 90: "The quick brown..."
