layer at (0,0) size 800x600
  RenderView at (0,0) size 800x600
layer at (0,0) size 800x600
  RenderBlock {HTML} at (0,0) size 800x600
    RenderBody {BODY} at (8,8) size 784x584
      RenderButton {INPUT} at (0,13) size 38x9 [bgcolor=#FFFFFF02] [border: (1px solid #4C4C4C)]
        RenderBlock (anonymous) at (6,1) size 26x7
          RenderText at (0,0) size 26x7
            text run at (0,0) width 26: "Test Button"
      RenderText {#text} at (38,4) size 4x19
        text run at (38,4) width 4: " "
      RenderButton {INPUT} at (42,12) size 45x10 [bgcolor=#FFFFFF02] [border: (1px solid #4C4C4C)]
        RenderBlock (anonymous) at (7,1) size 31x8
          RenderText at (0,0) size 31x8
            text run at (0,0) width 31: "Test Button"
      RenderText {#text} at (87,4) size 4x19
        text run at (87,4) width 4: " "
      RenderButton {INPUT} at (91,10) size 52x12 [bgcolor=#FFFFFF02] [border: (1px solid #4C4C4C)]
        RenderBlock (anonymous) at (8,1) size 36x10
          RenderText at (0,0) size 36x10
            text run at (0,0) width 36: "Test Button"
      RenderText {#text} at (143,4) size 4x19
        text run at (143,4) width 4: " "
      RenderButton {INPUT} at (147,9) size 59x14 [bgcolor=#FFFFFF02] [border: (1px solid #4C4C4C)]
        RenderBlock (anonymous) at (9,1) size 41x11
          RenderText at (0,0) size 41x11
            text run at (0,0) width 41: "Test Button"
      RenderText {#text} at (206,4) size 4x19
        text run at (206,4) width 4: " "
      RenderButton {INPUT} at (210,8) size 67x16 [bgcolor=#FFFFFF02] [border: (1px solid #4C4C4C)]
        RenderBlock (anonymous) at (10,2) size 47x12
          RenderText at (0,0) size 47x12
            text run at (0,0) width 47: "Test Button"
      RenderText {#text} at (277,4) size 4x19
        text run at (277,4) width 4: " "
      RenderButton {INPUT} at (281,7) size 74x18 [bgcolor=#FFFFFF02] [border: (1px solid #4C4C4C)]
        RenderBlock (anonymous) at (11,2) size 52x13
          RenderText at (0,0) size 52x13
            text run at (0,0) width 52: "Test Button"
      RenderText {#text} at (355,4) size 4x19
        text run at (355,4) width 4: " "
      RenderButton {INPUT} at (361,5) size 81x20 [bgcolor=#FFFFFF02] [border: (1px solid #4C4C4C)]
        RenderBlock (anonymous) at (12,3) size 57x14
          RenderText at (0,0) size 57x14
            text run at (0,0) width 57: "Test Button"
      RenderText {#text} at (444,4) size 4x19
        text run at (444,4) width 4: " "
      RenderButton {INPUT} at (450,4) size 88x21 [bgcolor=#FFFFFF02] [border: (1px solid #4C4C4C)]
        RenderBlock (anonymous) at (13,3) size 62x15
          RenderText at (0,0) size 62x15
            text run at (0,0) width 62: "Test Button"
      RenderText {#text} at (540,4) size 4x19
        text run at (540,4) width 4: " "
      RenderButton {INPUT} at (546,3) size 95x23 [bgcolor=#FFFFFF02] [border: (1px solid #4C4C4C)]
        RenderBlock (anonymous) at (14,3) size 67x16
          RenderText at (0,0) size 67x16
            text run at (0,0) width 67: "Test Button"
      RenderText {#text} at (643,4) size 4x19
        text run at (643,4) width 4: " "
      RenderButton {INPUT} at (649,2) size 102x25 [bgcolor=#FFFFFF02] [border: (1px solid #4C4C4C)]
        RenderBlock (anonymous) at (15,3) size 72x18
          RenderText at (0,0) size 72x18
            text run at (0,0) width 72: "Test Button"
      RenderText {#text} at (753,4) size 4x19
        text run at (753,4) width 4: " "
      RenderButton {INPUT} at (2,35) size 109x27 [bgcolor=#FFFFFF02] [border: (1px solid #4C4C4C)]
        RenderBlock (anonymous) at (16,4) size 77x19
          RenderText at (0,0) size 77x19
            text run at (0,0) width 77: "Test Button"
      RenderText {#text} at (113,39) size 4x19
        text run at (113,39) width 4: " "
      RenderButton {INPUT} at (119,34) size 116x29 [bgcolor=#FFFFFF02] [border: (1px solid #4C4C4C)]
        RenderBlock (anonymous) at (17,4) size 82x20
          RenderText at (0,0) size 82x20
            text run at (0,0) width 82: "Test Button"
      RenderText {#text} at (237,39) size 4x19
        text run at (237,39) width 4: " "
      RenderButton {INPUT} at (243,33) size 123x30 [bgcolor=#FFFFFF02] [border: (1px solid #4C4C4C)]
        RenderBlock (anonymous) at (18,4) size 87x21
          RenderText at (0,0) size 87x21
            text run at (0,0) width 87: "Test Button"
      RenderText {#text} at (368,39) size 4x19
        text run at (368,39) width 4: " "
      RenderButton {INPUT} at (374,32) size 131x32 [bgcolor=#FFFFFF02] [border: (1px solid #4C4C4C)]
        RenderBlock (anonymous) at (19,5) size 93x22
          RenderText at (0,0) size 93x22
            text run at (0,0) width 93: "Test Button"
      RenderText {#text} at (507,39) size 4x19
        text run at (507,39) width 4: " "
      RenderButton {INPUT} at (513,31) size 138x34 [bgcolor=#FFFFFF02] [border: (1px solid #4C4C4C)]
        RenderBlock (anonymous) at (20,5) size 98x23
          RenderText at (0,0) size 98x23
            text run at (0,0) width 98: "Test Button"
      RenderText {#text} at (653,39) size 4x19
        text run at (653,39) width 4: " "
      RenderButton {INPUT} at (2,71) size 145x36 [bgcolor=#FFFFFF02] [border: (1px solid #4C4C4C)]
        RenderBlock (anonymous) at (21,6) size 103x24
          RenderText at (0,0) size 103x24
            text run at (0,0) width 103: "Test Button"
      RenderText {#text} at (149,81) size 4x19
        text run at (149,81) width 4: " "
      RenderButton {INPUT} at (155,69) size 152x38 [bgcolor=#FFFFFF02] [border: (1px solid #4C4C4C)]
        RenderBlock (anonymous) at (22,6) size 108x26
          RenderText at (0,0) size 108x26
            text run at (0,0) width 108: "Test Button"
      RenderText {#text} at (0,0) size 0x0
