layer at (0,0) size 800x600
  RenderView at (0,0) size 800x600
layer at (0,0) size 800x600
  RenderBlock {HTML} at (0,0) size 800x600
    RenderBody {BODY} at (8,8) size 784x584
      RenderTextControl {INPUT} at (2,2) size 135x21 [bgcolor=#FFFFFF] [border: (1px solid #4C4C4C)]
        RenderDeprecatedFlexibleBox {DIV} at (6,3) size 123x14
          RenderBlock {DIV} at (0,7) size 0x0
          RenderBlock {DIV} at (0,0) size 123x14
          RenderBlock {DIV} at (123,7) size 0x0
      RenderBR {BR} at (139,16) size 0x0
      RenderTextControl {INPUT} at (2,27) size 135x21 [bgcolor=#FFFFFF] [border: (1px solid #4C4C4C)]
      RenderBR {BR} at (139,41) size 0x0
      RenderTextControl {INPUT} at (2,52) size 135x21 [bgcolor=#FFFFFF] [border: (1px solid #4C4C4C)]
        RenderDeprecatedFlexibleBox {DIV} at (6,3) size 123x14
          RenderBlock {DIV} at (0,7) size 0x0
          RenderBlock {DIV} at (0,0) size 123x14
          RenderBlock {DIV} at (123,7) size 0x0
      RenderBR {BR} at (139,66) size 0x0
      RenderTextControl {INPUT} at (2,77) size 135x21 [bgcolor=#FFFFFF] [border: (1px solid #4C4C4C)]
        RenderDeprecatedFlexibleBox {DIV} at (6,3) size 123x14
          RenderBlock {DIV} at (0,7) size 0x0
          RenderBlock {DIV} at (0,0) size 123x14
          RenderBlock {DIV} at (123,7) size 0x0
      RenderBR {BR} at (139,91) size 0x0
      RenderBR {BR} at (154,138) size 0x0
      RenderTextControl {INPUT} at (2,140) size 135x33 [bgcolor=#FFFFFF] [border: (1px solid #4C4C4C)]
      RenderBR {BR} at (139,154) size 0x0
      RenderBR {BR} at (154,226) size 0x0
      RenderTextControl {INPUT} at (5,231) size 191x36 [bgcolor=#FFFFFF] [border: (5px solid #000000)]
      RenderBR {BR} at (201,254) size 0x0
      RenderTextControl {INPUT} at (2,274) size 135x32 [bgcolor=#FFFFFF] [border: (1px solid #4C4C4C)]
      RenderText {#text} at (139,278) size 4x19
        text run at (139,278) width 4: " "
      RenderTextControl {INPUT} at (145,274) size 135x32 [bgcolor=#FFFFFF] [border: (1px solid #4C4C4C)]
      RenderText {#text} at (282,278) size 4x19
        text run at (282,278) width 4: " "
      RenderBR {BR} at (286,293) size 0x0
      RenderTextControl {INPUT} at (2,310) size 135x21 [bgcolor=#FFFFFF] [border: (1px solid #4C4C4C)]
      RenderText {#text} at (139,309) size 4x19
        text run at (139,309) width 4: " "
      RenderTextControl {INPUT} at (145,310) size 135x21 [bgcolor=#FFFFFF] [border: (1px solid #4C4C4C)]
      RenderText {#text} at (282,309) size 4x19
        text run at (282,309) width 4: " "
      RenderTextControl {INPUT} at (288,310) size 135x21 [bgcolor=#FFFFFF] [border: (1px solid #4C4C4C)]
      RenderText {#text} at (425,309) size 4x19
        text run at (425,309) width 4: " "
      RenderBR {BR} at (429,324) size 0x0
      RenderBR {BR} at (139,362) size 0x0
layer at (16,13) size 123x14
  RenderBlock {DIV} at (6,3) size 123x14 [color=#A9A9A9]
    RenderText {#text} at (0,0) size 57x14
      text run at (0,0) width 57: "placeholder"
layer at (16,13) size 123x14
  RenderBlock {DIV} at (0,0) size 123x14
layer at (16,38) size 123x14
  RenderBlock {DIV} at (6,3) size 123x14 [color=#A9A9A9]
    RenderText {#text} at (0,0) size 57x14
      text run at (0,0) width 57: "placeholder"
layer at (16,38) size 123x14
  RenderBlock {DIV} at (6,3) size 123x14
layer at (16,63) size 123x14
  RenderBlock {DIV} at (6,3) size 123x14 [color=#A9A9A9]
    RenderText {#text} at (66,0) size 57x14
      text run at (66,0) width 57: "placeholder"
layer at (16,63) size 123x14
  RenderBlock {DIV} at (0,0) size 123x14
layer at (16,88) size 123x14
  RenderBlock {DIV} at (6,3) size 123x14 [color=#A9A9A9]
    RenderText {#text} at (0,0) size 57x14
      text run at (0,0) width 57: "placeholder"
layer at (16,88) size 123x14
  RenderBlock {DIV} at (0,0) size 123x14
layer at (10,110) size 150x34 clip at (11,111) size 148x32
  RenderTextControl {TEXTAREA} at (2,102) size 150x34 [bgcolor=#FFFFFF] [border: (1px solid #4C4C4C)]
    RenderBlock {DIV} at (3,3) size 144x14 [color=#A9A9A9]
      RenderText {#text} at (2,0) size 57x14
        text run at (2,0) width 57: "placeholder"
    RenderBlock {DIV} at (3,3) size 144x14
layer at (16,151) size 123x14
  RenderBlock {DIV} at (6,3) size 123x14 [color=#A9A9A9]
    RenderText {#text} at (0,0) size 57x14
      text run at (0,0) width 57: "placeholder"
layer at (16,151) size 123x14
  RenderBlock {DIV} at (6,3) size 123x14
layer at (10,185) size 150x47 clip at (11,186) size 148x45
  RenderTextControl {TEXTAREA} at (2,177) size 150x47 [bgcolor=#FFFFFF] [border: (1px solid #4C4C4C)]
    RenderBlock {DIV} at (3,16) size 144x14 [color=#A9A9A9]
      RenderText {#text} at (2,0) size 57x14
        text run at (2,0) width 57: "placeholder"
    RenderBlock {DIV} at (3,16) size 144x14
layer at (25,247) size 167x19
  RenderBlock {DIV} at (12,8) size 167x19 [color=#A9A9A9]
    RenderText {#text} at (0,0) size 78x19
      text run at (0,0) width 78: "placeholder"
layer at (25,247) size 167x19
  RenderBlock {DIV} at (12,8) size 167x19
layer at (16,285) size 123x25
  RenderBlock {DIV} at (6,3) size 123x25
    RenderText {#text} at (0,5) size 29x14
      text run at (0,5) width 29: "Value"
layer at (159,285) size 123x25
  RenderBlock {DIV} at (6,3) size 123x25 [color=#A9A9A9]
    RenderText {#text} at (0,5) size 57x14
      text run at (0,5) width 57: "placeholder"
layer at (159,285) size 123x25
  RenderBlock {DIV} at (6,3) size 123x25
layer at (16,321) size 123x14
  RenderBlock {DIV} at (6,3) size 123x14
    RenderText {#text} at (47,0) size 29x14
      text run at (47,0) width 29: "Value"
layer at (159,321) size 123x14
  RenderBlock {DIV} at (6,3) size 123x14 [color=#A9A9A9]
    RenderText {#text} at (33,0) size 57x14
      text run at (33,0) width 57: "placeholder"
layer at (159,321) size 123x14
  RenderBlock {DIV} at (6,3) size 123x14
layer at (302,321) size 123x14
  RenderBlock {DIV} at (6,3) size 123x14 [color=#A9A9A9]
    RenderText {#text} at (33,0) size 57x14
      text run at (33,0) width 57: "placeholder"
layer at (302,321) size 123x14
  RenderBlock {DIV} at (6,3) size 123x14
layer at (10,343) size 135x34
  RenderTextControl {INPUT} at (2,335) size 135x34 [bgcolor=#FFFFFF] [border: (1px solid #4C4C4C)]
layer at (16,359) size 123x14
  RenderBlock {DIV} at (6,16) size 123x14 [color=#A9A9A9]
    RenderText {#text} at (0,0) size 57x14
      text run at (0,0) width 57: "placeholder"
layer at (16,359) size 123x14
  RenderBlock {DIV} at (6,16) size 123x14
