layer at (0,0) size 800x600
  RenderView at (0,0) size 800x600
layer at (0,0) size 800x158
  RenderBlock {HTML} at (0,0) size 800x158
    RenderBody {BODY} at (8,16) size 784x134
      RenderBlock {P} at (0,0) size 784x18
        RenderText {#text} at (0,0) size 388x17
          text run at (0,0) width 388: "Test passes if the bottom of the \"Filler Text\" below is aligned."
      RenderTable {TABLE} at (0,34) size 352x100
        RenderTableSection {TBODY} at (0,0) size 352x100
          RenderTableRow {TR} at (0,2) size 352x96
            RenderTableCell {TD} at (2,27) size 58x18 [r=0 c=0 rs=1 cs=1]
              RenderBlock {DIV} at (1,1) size 56x16
                RenderText {#text} at (0,0) size 56x15
                  text run at (0,0) width 56: "Filler Text"
            RenderTableCell {TD} at (62,15) size 118x33 [r=0 c=1 rs=1 cs=1]
              RenderBlock {DIV} at (1,1) size 116x31
                RenderText {#text} at (0,0) size 116x30
                  text run at (0,0) width 116: "Filler Text"
            RenderTableCell {TD} at (182,2) size 168x49 [r=0 c=2 rs=1 cs=1]
              RenderBlock {DIV} at (1,1) size 166x47
                RenderText {#text} at (0,1) size 166x45
                  text run at (0,1) width 166: "Filler Text"
