layer at (0,0) size 800x600
  RenderView at (0,0) size 800x600
layer at (0,0) size 800x65
  RenderBlock {HTML} at (0,0) size 800x65
    RenderBody {BODY} at (8,16) size 784x33
      RenderBlock {P} at (0,0) size 784x33
        RenderMathMLMath {math} at (0,8) size 50x15 [padding: 0 1 0 1]
          RenderMathMLRow {mstyle} at (1,0) size 48x15
            RenderMathMLUnderOver {mover} at (0,0) size 48x15
              RenderMathMLOperator {mo} at (0,2) size 48x13
                RenderMathMLBlock (anonymous, flex) at (0,0) size 48x13
                  RenderBlock (anonymous) at (0,0) size 16x13
                    RenderText at (0,0) size 16x17
                      text run at (0,0) width 16: "\x{23DE}"
              RenderMathMLSpace {mspace} at (0,0) size 48x2 [bgcolor=#FF0000]
        RenderText {#text} at (50,7) size 4x19
          text run at (50,7) width 4: " "
        RenderMathMLMath {math} at (54,10) size 66x12 [padding: 0 1 0 1]
          RenderMathMLRow {mstyle} at (1,0) size 64x12
            RenderMathMLUnderOver {mover} at (0,0) size 64x12
              RenderMathMLSpace {mspace} at (0,10) size 64x2 [bgcolor=#FF0000]
              RenderMathMLOperator {mo} at (0,0) size 64x10
                RenderMathMLBlock (anonymous, flex) at (0,0) size 64x10
                  RenderBlock (anonymous) at (0,0) size 12x10
                    RenderText at (0,0) size 12x13
                      text run at (0,0) width 12: "\x{23DE}"
        RenderText {#text} at (120,7) size 4x19
          text run at (120,7) width 4: " "
        RenderMathMLMath {math} at (124,10) size 50x15 [padding: 0 1 0 1]
          RenderMathMLRow {mstyle} at (1,0) size 48x15
            RenderMathMLUnderOver {munder} at (0,0) size 48x15
              RenderMathMLOperator {mo} at (0,0) size 48x13
                RenderMathMLBlock (anonymous, flex) at (0,0) size 48x13
                  RenderBlock (anonymous) at (0,0) size 16x13
                    RenderText at (0,0) size 16x17
                      text run at (0,0) width 16: "\x{23DE}"
              RenderMathMLSpace {mspace} at (0,13) size 48x2 [bgcolor=#FF0000]
        RenderText {#text} at (174,7) size 4x19
          text run at (174,7) width 4: " "
        RenderMathMLMath {math} at (178,10) size 66x22 [padding: 0 1 0 1]
          RenderMathMLRow {mstyle} at (1,0) size 64x22
            RenderMathMLUnderOver {munderover} at (0,0) size 64x22
              RenderMathMLSpace {mspace} at (0,10) size 64x2 [bgcolor=#FF0000]
              RenderMathMLOperator {mo} at (0,12) size 64x10
                RenderMathMLBlock (anonymous, flex) at (0,0) size 64x10
                  RenderBlock (anonymous) at (0,0) size 12x10
                    RenderText at (0,0) size 12x13
                      text run at (0,0) width 12: "\x{23DE}"
              RenderMathMLOperator {mo} at (0,0) size 64x10
                RenderMathMLBlock (anonymous, flex) at (0,0) size 64x10
                  RenderBlock (anonymous) at (0,0) size 12x10
                    RenderText at (0,0) size 12x13
                      text run at (0,0) width 12: "\x{23DE}"
        RenderText {#text} at (244,7) size 4x19
          text run at (244,7) width 4: " "
        RenderMathMLMath {math} at (248,0) size 50x25 [padding: 0 1 0 1]
          RenderMathMLRow {mstyle} at (1,0) size 48x25
            RenderMathMLUnderOver {munderover} at (0,0) size 48x25
              RenderMathMLOperator {mo} at (0,10) size 48x13
                RenderMathMLBlock (anonymous, flex) at (0,0) size 48x13
                  RenderBlock (anonymous) at (0,0) size 16x13
                    RenderText at (0,0) size 16x17
                      text run at (0,0) width 16: "\x{23DE}"
              RenderMathMLSpace {mspace} at (0,23) size 48x2 [bgcolor=#FF0000]
              RenderMathMLOperator {mo} at (0,0) size 48x10
                RenderMathMLBlock (anonymous, flex) at (0,0) size 48x10
                  RenderBlock (anonymous) at (0,0) size 12x10
                    RenderText at (0,0) size 12x13
                      text run at (0,0) width 12: "\x{23DE}"
        RenderText {#text} at (298,7) size 4x19
          text run at (298,7) width 4: " "
        RenderMathMLMath {math} at (302,8) size 50x25 [padding: 0 1 0 1]
          RenderMathMLRow {mstyle} at (1,0) size 48x25
            RenderMathMLUnderOver {munderover} at (0,0) size 48x25
              RenderMathMLOperator {mo} at (0,2) size 48x13
                RenderMathMLBlock (anonymous, flex) at (0,0) size 48x13
                  RenderBlock (anonymous) at (0,0) size 16x13
                    RenderText at (0,0) size 16x17
                      text run at (0,0) width 16: "\x{23DE}"
              RenderMathMLOperator {mo} at (0,15) size 48x10
                RenderMathMLBlock (anonymous, flex) at (0,0) size 48x10
                  RenderBlock (anonymous) at (0,0) size 12x10
                    RenderText at (0,0) size 12x13
                      text run at (0,0) width 12: "\x{23DE}"
              RenderMathMLSpace {mspace} at (0,0) size 48x2 [bgcolor=#FF0000]
        RenderText {#text} at (352,7) size 4x19
          text run at (352,7) width 4: " "
        RenderMathMLMath {math} at (356,8) size 50x25 [padding: 0 1 0 1]
          RenderMathMLRow {mstyle} at (1,0) size 48x25
            RenderMathMLUnderOver {munder} at (0,0) size 48x25
              RenderMathMLUnderOver {mover} at (0,0) size 48x15
                RenderMathMLOperator {mo} at (0,2) size 48x13
                  RenderMathMLBlock (anonymous, flex) at (0,0) size 48x13
                    RenderBlock (anonymous) at (0,0) size 16x13
                      RenderText at (0,0) size 16x17
                        text run at (0,0) width 16: "\x{23DE}"
                RenderMathMLSpace {mspace} at (0,0) size 48x2 [bgcolor=#FF0000]
              RenderMathMLOperator {mo} at (0,15) size 48x10
                RenderMathMLBlock (anonymous, flex) at (0,0) size 48x10
                  RenderBlock (anonymous) at (0,0) size 12x10
                    RenderText at (0,0) size 12x13
                      text run at (0,0) width 12: "\x{23DE}"
        RenderText {#text} at (0,0) size 0x0
