layer at (0,0) size 800x600
  RenderView at (0,0) size 800x600
layer at (0,0) size 800x41
  RenderBlock {HTML} at (0,0) size 800x41
    RenderBody {BODY} at (8,8) size 784x17
      RenderMathMLMath {math} at (0,0) size 784x17 [padding: 0 1 0 1]
        RenderMathMLOperator {mo} at (275,1) size 15x16
          RenderMathMLBlock (anonymous, flex) at (0,0) size 13x16
            RenderBlock (anonymous) at (0,0) size 12x16
              RenderText at (0,0) size 12x17
                text run at (0,0) width 12: "\x{2211}"
        RenderMathMLOperator {mo} at (289,0) size 7x16
          RenderMathMLBlock (anonymous, flex) at (0,0) size 5x16
            RenderBlock (anonymous) at (0,0) size 5x16
              RenderText at (0,1) size 5x17
                text run at (0,1) width 5: "\x{222B}"
        RenderMathMLOperator {mo} at (295,2) size 12x15
          RenderMathMLBlock (anonymous, flex) at (0,0) size 11x15
            RenderBlock (anonymous) at (0,0) size 11x15
              RenderText at (0,-1) size 11x17
                text run at (0,-1) width 11: "\x{222C}"
        RenderMathMLOperator {mo} at (306,2) size 15x15
          RenderMathMLBlock (anonymous, flex) at (0,0) size 14x15
            RenderBlock (anonymous) at (0,0) size 14x15
              RenderText at (0,-1) size 14x17
                text run at (0,-1) width 14: "\x{222D}"
        RenderMathMLOperator {mo} at (320,1) size 18x13
          RenderMathMLBlock (anonymous, flex) at (0,0) size 16x13
            RenderBlock (anonymous) at (0,0) size 16x13
              RenderText at (0,0) size 16x17
                text run at (0,0) width 16: "\x{2A0C}"
        RenderMathMLOperator {mo} at (337,1) size 20x13
          RenderMathMLBlock (anonymous, flex) at (0,0) size 17x13
            RenderBlock (anonymous) at (0,0) size 16x13
              RenderText at (0,0) size 16x17
                text run at (0,0) width 16: "\x{2A01}"
        RenderMathMLOperator {mo} at (356,2) size 8x15
          RenderMathMLBlock (anonymous, flex) at (0,0) size 7x15
            RenderBlock (anonymous) at (0,0) size 7x15
              RenderText at (0,-1) size 7x17
                text run at (0,-1) width 7: "\x{222E}"
        RenderMathMLOperator {mo} at (363,0) size 14x17
          RenderMathMLBlock (anonymous, flex) at (0,0) size 13x17
            RenderBlock (anonymous) at (0,0) size 13x17
              RenderText at (0,1) size 13x17
                text run at (0,1) width 13: "\x{222F}"
        RenderMathMLOperator {mo} at (377,0) size 18x17
          RenderMathMLBlock (anonymous, flex) at (0,0) size 17x17
            RenderBlock (anonymous) at (0,0) size 17x17
              RenderText at (0,1) size 17x17
                text run at (0,1) width 17: "\x{2230}"
        RenderMathMLOperator {mo} at (394,1) size 17x16
          RenderMathMLBlock (anonymous, flex) at (0,0) size 14x16
            RenderBlock (anonymous) at (0,0) size 14x16
              RenderText at (0,0) size 14x17
                text run at (0,0) width 14: "\x{22C3}"
        RenderMathMLOperator {mo} at (410,1) size 17x16
          RenderMathMLBlock (anonymous, flex) at (0,0) size 14x16
            RenderBlock (anonymous) at (0,0) size 14x16
              RenderText at (0,0) size 14x17
                text run at (0,0) width 14: "\x{22C0}"
        RenderMathMLOperator {mo} at (426,1) size 17x16
          RenderMathMLBlock (anonymous, flex) at (0,0) size 14x16
            RenderBlock (anonymous) at (0,0) size 14x16
              RenderText at (0,0) size 14x17
                text run at (0,0) width 14: "\x{22C1}"
        RenderMathMLOperator {mo} at (442,1) size 16x16
          RenderMathMLBlock (anonymous, flex) at (0,0) size 14x16
            RenderBlock (anonymous) at (0,0) size 14x16
              RenderText at (0,0) size 14x17
                text run at (0,0) width 14: "\x{22C2}"
        RenderMathMLOperator {mo} at (457,1) size 20x13
          RenderMathMLBlock (anonymous, flex) at (0,0) size 17x13
            RenderBlock (anonymous) at (0,0) size 16x13
              RenderText at (0,0) size 16x17
                text run at (0,0) width 16: "\x{2A02}"
        RenderMathMLOperator {mo} at (476,1) size 17x16
          RenderMathMLBlock (anonymous, flex) at (0,0) size 15x16
            RenderBlock (anonymous) at (0,0) size 14x16
              RenderText at (0,0) size 14x17
                text run at (0,0) width 14: "\x{220F}"
        RenderMathMLOperator {mo} at (492,1) size 17x15
          RenderMathMLBlock (anonymous, flex) at (0,0) size 15x15
            RenderBlock (anonymous) at (0,0) size 14x15
              RenderText at (0,0) size 14x17
                text run at (0,0) width 14: "\x{2210}"
