layer at (0,0) size 800x600
  RenderView at (0,0) size 800x600
layer at (0,0) size 800x353
  RenderBlock {HTML} at (0,0) size 800x353
    RenderBody {BODY} at (8,16) size 784x321
      RenderBlock {P} at (0,0) size 784x20
        RenderMathMLMath {math} at (0,2) size 139x18 [padding: 0 1 0 1]
          RenderMathMLOperator {mo} at (1,1) size 7x16
            RenderMathMLBlock (anonymous, flex) at (0,0) size 7x16
              RenderBlock (anonymous) at (0,0) size 6x16
                RenderText at (0,0) size 6x17
                  text run at (0,0) width 6: "["
          RenderMathMLOperator {mo} at (7,1) size 7x16
            RenderMathMLBlock (anonymous, flex) at (0,0) size 7x16
              RenderBlock (anonymous) at (0,0) size 6x16
                RenderText at (0,0) size 6x17
                  text run at (0,0) width 6: "]"
          RenderMathMLOperator {mo} at (13,0) size 9x17
            RenderMathMLBlock (anonymous, flex) at (0,0) size 8x17
              RenderBlock (anonymous) at (0,0) size 8x17
                RenderText at (0,1) size 8x17
                  text run at (0,1) width 8: "{"
          RenderMathMLOperator {mo} at (21,0) size 9x17
            RenderMathMLBlock (anonymous, flex) at (0,0) size 8x17
              RenderBlock (anonymous) at (0,0) size 8x17
                RenderText at (0,1) size 8x17
                  text run at (0,1) width 8: "}"
          RenderMathMLOperator {mo} at (29,1) size 7x16
            RenderMathMLBlock (anonymous, flex) at (0,0) size 7x16
              RenderBlock (anonymous) at (0,0) size 6x16
                RenderText at (0,0) size 6x17
                  text run at (0,0) width 6: "("
          RenderMathMLOperator {mo} at (35,1) size 7x16
            RenderMathMLBlock (anonymous, flex) at (0,0) size 7x16
              RenderBlock (anonymous) at (0,0) size 6x16
                RenderText at (0,0) size 6x17
                  text run at (0,0) width 6: ")"
          RenderMathMLOperator {mo} at (41,0) size 8x18
            RenderMathMLBlock (anonymous, flex) at (1,0) size 4x18
              RenderBlock (anonymous) at (0,0) size 4x18
                RenderText at (0,1) size 4x17
                  text run at (0,1) width 4: "|"
          RenderMathMLOperator {mo} at (48,0) size 7x16
            RenderMathMLBlock (anonymous, flex) at (0,0) size 7x16
              RenderBlock (anonymous) at (0,0) size 7x16
                RenderText at (0,1) size 7x17
                  text run at (0,1) width 7: "\x{2308}"
          RenderMathMLOperator {mo} at (54,0) size 7x16
            RenderMathMLBlock (anonymous, flex) at (0,0) size 7x16
              RenderBlock (anonymous) at (0,0) size 7x16
                RenderText at (0,1) size 7x17
                  text run at (0,1) width 7: "\x{2309}"
          RenderMathMLOperator {mo} at (60,0) size 7x16
            RenderMathMLBlock (anonymous, flex) at (0,0) size 7x16
              RenderBlock (anonymous) at (0,0) size 7x16
                RenderText at (0,1) size 7x17
                  text run at (0,1) width 7: "\x{230A}"
          RenderMathMLOperator {mo} at (66,0) size 8x16
            RenderMathMLBlock (anonymous, flex) at (0,0) size 7x16
              RenderBlock (anonymous) at (0,0) size 7x16
                RenderText at (0,1) size 7x17
                  text run at (0,1) width 7: "\x{230B}"
          RenderMathMLOperator {mo} at (73,1) size 17x13
            RenderMathMLBlock (anonymous, flex) at (0,0) size 16x13
              RenderBlock (anonymous) at (0,0) size 16x13
                RenderText at (0,0) size 16x17
                  text run at (0,0) width 16: "\x{27E6}"
          RenderMathMLOperator {mo} at (89,1) size 17x13
            RenderMathMLBlock (anonymous, flex) at (0,0) size 16x13
              RenderBlock (anonymous) at (0,0) size 16x13
                RenderText at (0,0) size 16x17
                  text run at (0,0) width 16: "\x{27E7}"
          RenderMathMLOperator {mo} at (105,1) size 17x13
            RenderMathMLBlock (anonymous, flex) at (0,0) size 16x13
              RenderBlock (anonymous) at (0,0) size 16x13
                RenderText at (0,0) size 16x17
                  text run at (0,0) width 16: "\x{27E8}"
          RenderMathMLOperator {mo} at (121,1) size 17x13
            RenderMathMLBlock (anonymous, flex) at (0,0) size 16x13
              RenderBlock (anonymous) at (0,0) size 16x13
                RenderText at (0,0) size 16x17
                  text run at (0,0) width 16: "\x{27E9}"
          RenderMathMLSpace {mspace} at (137,5) size 0x8
        RenderText {#text} at (0,0) size 0x0
      RenderBlock {P} at (0,36) size 784x21
        RenderMathMLMath {math} at (0,0) size 139x21 [padding: 0 1 0 1]
          RenderMathMLOperator {mo} at (1,4) size 7x16
            RenderMathMLBlock (anonymous, flex) at (0,0) size 7x16
              RenderBlock (anonymous) at (0,0) size 6x16
                RenderText at (0,0) size 6x17
                  text run at (0,0) width 6: "["
          RenderMathMLOperator {mo} at (7,4) size 7x16
            RenderMathMLBlock (anonymous, flex) at (0,0) size 7x16
              RenderBlock (anonymous) at (0,0) size 6x16
                RenderText at (0,0) size 6x17
                  text run at (0,0) width 6: "]"
          RenderMathMLOperator {mo} at (13,3) size 9x17
            RenderMathMLBlock (anonymous, flex) at (0,0) size 8x17
              RenderBlock (anonymous) at (0,0) size 8x17
                RenderText at (0,1) size 8x17
                  text run at (0,1) width 8: "{"
          RenderMathMLOperator {mo} at (21,3) size 9x17
            RenderMathMLBlock (anonymous, flex) at (0,0) size 8x17
              RenderBlock (anonymous) at (0,0) size 8x17
                RenderText at (0,1) size 8x17
                  text run at (0,1) width 8: "}"
          RenderMathMLOperator {mo} at (29,4) size 7x16
            RenderMathMLBlock (anonymous, flex) at (0,0) size 7x16
              RenderBlock (anonymous) at (0,0) size 6x16
                RenderText at (0,0) size 6x17
                  text run at (0,0) width 6: "("
          RenderMathMLOperator {mo} at (35,4) size 7x16
            RenderMathMLBlock (anonymous, flex) at (0,0) size 7x16
              RenderBlock (anonymous) at (0,0) size 6x16
                RenderText at (0,0) size 6x17
                  text run at (0,0) width 6: ")"
          RenderMathMLOperator {mo} at (41,3) size 8x18
            RenderMathMLBlock (anonymous, flex) at (1,0) size 4x18
              RenderBlock (anonymous) at (0,0) size 4x18
                RenderText at (0,1) size 4x17
                  text run at (0,1) width 4: "|"
          RenderMathMLOperator {mo} at (48,3) size 7x16
            RenderMathMLBlock (anonymous, flex) at (0,0) size 7x16
              RenderBlock (anonymous) at (0,0) size 7x16
                RenderText at (0,1) size 7x17
                  text run at (0,1) width 7: "\x{2308}"
          RenderMathMLOperator {mo} at (54,3) size 7x16
            RenderMathMLBlock (anonymous, flex) at (0,0) size 7x16
              RenderBlock (anonymous) at (0,0) size 7x16
                RenderText at (0,1) size 7x17
                  text run at (0,1) width 7: "\x{2309}"
          RenderMathMLOperator {mo} at (60,3) size 7x16
            RenderMathMLBlock (anonymous, flex) at (0,0) size 7x16
              RenderBlock (anonymous) at (0,0) size 7x16
                RenderText at (0,1) size 7x17
                  text run at (0,1) width 7: "\x{230A}"
          RenderMathMLOperator {mo} at (66,3) size 8x16
            RenderMathMLBlock (anonymous, flex) at (0,0) size 7x16
              RenderBlock (anonymous) at (0,0) size 7x16
                RenderText at (0,1) size 7x17
                  text run at (0,1) width 7: "\x{230B}"
          RenderMathMLOperator {mo} at (73,4) size 17x13
            RenderMathMLBlock (anonymous, flex) at (0,0) size 16x13
              RenderBlock (anonymous) at (0,0) size 16x13
                RenderText at (0,0) size 16x17
                  text run at (0,0) width 16: "\x{27E6}"
          RenderMathMLOperator {mo} at (89,4) size 17x13
            RenderMathMLBlock (anonymous, flex) at (0,0) size 16x13
              RenderBlock (anonymous) at (0,0) size 16x13
                RenderText at (0,0) size 16x17
                  text run at (0,0) width 16: "\x{27E7}"
          RenderMathMLOperator {mo} at (105,4) size 17x13
            RenderMathMLBlock (anonymous, flex) at (0,0) size 16x13
              RenderBlock (anonymous) at (0,0) size 16x13
                RenderText at (0,0) size 16x17
                  text run at (0,0) width 16: "\x{27E8}"
          RenderMathMLOperator {mo} at (121,4) size 17x13
            RenderMathMLBlock (anonymous, flex) at (0,0) size 16x13
              RenderBlock (anonymous) at (0,0) size 16x13
                RenderText at (0,0) size 16x17
                  text run at (0,0) width 16: "\x{27E9}"
          RenderMathMLSpace {mspace} at (137,0) size 0x16
        RenderText {#text} at (138,1) size 5x19
          text run at (138,1) width 5: " "
        RenderMathMLMath {math} at (142,0) size 249x20 [padding: 0 1 0 1]
          RenderMathMLOperator {mo} at (1,4) size 19x15
            RenderMathMLBlock (anonymous, flex) at (4,0) size 11x15
              RenderBlock (anonymous) at (0,0) size 10x15
                RenderText at (0,0) size 10x17
                  text run at (0,0) width 10: "\x{2191}"
          RenderMathMLOperator {mo} at (19,4) size 20x15
            RenderMathMLBlock (anonymous, flex) at (4,0) size 11x15
              RenderBlock (anonymous) at (0,0) size 10x15
                RenderText at (0,0) size 10x17
                  text run at (0,0) width 10: "\x{2193}"
          RenderMathMLOperator {mo} at (38,4) size 17x16
            RenderMathMLBlock (anonymous, flex) at (4,0) size 9x16
              RenderBlock (anonymous) at (0,0) size 8x16
                RenderText at (0,0) size 8x17
                  text run at (0,0) width 8: "\x{2195}"
          RenderMathMLOperator {mo} at (54,4) size 24x13
            RenderMathMLBlock (anonymous, flex) at (4,0) size 14x13
              RenderBlock (anonymous) at (0,0) size 14x13
                RenderText at (0,0) size 14x17
                  text run at (0,0) width 14: "\x{21A5}"
          RenderMathMLOperator {mo} at (77,4) size 23x13
            RenderMathMLBlock (anonymous, flex) at (4,0) size 14x13
              RenderBlock (anonymous) at (0,0) size 14x13
                RenderText at (0,0) size 14x17
                  text run at (0,0) width 14: "\x{21A7}"
          RenderMathMLOperator {mo} at (99,4) size 23x13
            RenderMathMLBlock (anonymous, flex) at (4,0) size 14x13
              RenderBlock (anonymous) at (0,0) size 14x13
                RenderText at (0,0) size 14x17
                  text run at (0,0) width 14: "\x{21BE}"
          RenderMathMLOperator {mo} at (121,4) size 24x13
            RenderMathMLBlock (anonymous, flex) at (4,0) size 14x13
              RenderBlock (anonymous) at (0,0) size 14x13
                RenderText at (0,0) size 14x17
                  text run at (0,0) width 14: "\x{21C2}"
          RenderMathMLOperator {mo} at (144,4) size 23x13
            RenderMathMLBlock (anonymous, flex) at (4,0) size 14x13
              RenderBlock (anonymous) at (0,0) size 14x13
                RenderText at (0,0) size 14x17
                  text run at (0,0) width 14: "\x{21BF}"
          RenderMathMLOperator {mo} at (166,4) size 23x13
            RenderMathMLBlock (anonymous, flex) at (4,0) size 14x13
              RenderBlock (anonymous) at (0,0) size 14x13
                RenderText at (0,0) size 14x17
                  text run at (0,0) width 14: "\x{21C3}"
          RenderMathMLOperator {mo} at (188,4) size 20x16
            RenderMathMLBlock (anonymous, flex) at (4,0) size 11x16
              RenderBlock (anonymous) at (0,0) size 10x16
                RenderText at (0,0) size 10x17
                  text run at (0,0) width 10: "\x{21D1}"
          RenderMathMLOperator {mo} at (207,4) size 19x16
            RenderMathMLBlock (anonymous, flex) at (4,0) size 11x16
              RenderBlock (anonymous) at (0,0) size 10x16
                RenderText at (0,0) size 10x17
                  text run at (0,0) width 10: "\x{21D3}"
          RenderMathMLOperator {mo} at (225,4) size 23x13
            RenderMathMLBlock (anonymous, flex) at (4,0) size 14x13
              RenderBlock (anonymous) at (0,0) size 14x13
                RenderText at (0,0) size 14x17
                  text run at (0,0) width 14: "\x{21D5}"
          RenderMathMLSpace {mspace} at (247,0) size 0x16
        RenderText {#text} at (0,0) size 0x0
      RenderBlock {P} at (0,73) size 784x40
        RenderMathMLMath {math} at (0,0) size 139x41 [padding: 0 1 0 1]
          RenderMathMLOperator {mo} at (1,0) size 7x41
            RenderMathMLBlock (anonymous, flex) at (0,0) size 7x16
              RenderBlock (anonymous) at (0,0) size 6x16
                RenderText at (0,0) size 6x17
                  text run at (0,0) width 6: "["
          RenderMathMLOperator {mo} at (7,0) size 7x41
            RenderMathMLBlock (anonymous, flex) at (0,0) size 7x16
              RenderBlock (anonymous) at (0,0) size 6x16
                RenderText at (0,0) size 6x17
                  text run at (0,0) width 6: "]"
          RenderMathMLOperator {mo} at (13,11) size 9x17
            RenderMathMLBlock (anonymous, flex) at (0,0) size 8x17
              RenderBlock (anonymous) at (0,0) size 8x17
                RenderText at (0,1) size 8x17
                  text run at (0,1) width 8: "{"
          RenderMathMLOperator {mo} at (21,11) size 9x17
            RenderMathMLBlock (anonymous, flex) at (0,0) size 8x17
              RenderBlock (anonymous) at (0,0) size 8x17
                RenderText at (0,1) size 8x17
                  text run at (0,1) width 8: "}"
          RenderMathMLOperator {mo} at (29,0) size 7x41
            RenderMathMLBlock (anonymous, flex) at (0,0) size 7x16
              RenderBlock (anonymous) at (0,0) size 6x16
                RenderText at (0,0) size 6x17
                  text run at (0,0) width 6: "("
          RenderMathMLOperator {mo} at (35,0) size 7x41
            RenderMathMLBlock (anonymous, flex) at (0,0) size 7x16
              RenderBlock (anonymous) at (0,0) size 6x16
                RenderText at (0,0) size 6x17
                  text run at (0,0) width 6: ")"
          RenderMathMLOperator {mo} at (41,0) size 8x41
            RenderMathMLBlock (anonymous, flex) at (1,0) size 4x18
              RenderBlock (anonymous) at (0,0) size 4x18
                RenderText at (0,1) size 4x17
                  text run at (0,1) width 4: "|"
          RenderMathMLOperator {mo} at (48,0) size 7x41
            RenderMathMLBlock (anonymous, flex) at (0,0) size 7x16
              RenderBlock (anonymous) at (0,0) size 7x16
                RenderText at (0,1) size 7x17
                  text run at (0,1) width 7: "\x{2308}"
          RenderMathMLOperator {mo} at (54,0) size 7x41
            RenderMathMLBlock (anonymous, flex) at (0,0) size 7x16
              RenderBlock (anonymous) at (0,0) size 7x16
                RenderText at (0,1) size 7x17
                  text run at (0,1) width 7: "\x{2309}"
          RenderMathMLOperator {mo} at (60,0) size 7x41
            RenderMathMLBlock (anonymous, flex) at (0,0) size 7x16
              RenderBlock (anonymous) at (0,0) size 7x16
                RenderText at (0,1) size 7x17
                  text run at (0,1) width 7: "\x{230A}"
          RenderMathMLOperator {mo} at (66,0) size 8x41
            RenderMathMLBlock (anonymous, flex) at (0,0) size 7x16
              RenderBlock (anonymous) at (0,0) size 7x16
                RenderText at (0,1) size 7x17
                  text run at (0,1) width 7: "\x{230B}"
          RenderMathMLOperator {mo} at (73,12) size 17x13
            RenderMathMLBlock (anonymous, flex) at (0,0) size 16x13
              RenderBlock (anonymous) at (0,0) size 16x13
                RenderText at (0,0) size 16x17
                  text run at (0,0) width 16: "\x{27E6}"
          RenderMathMLOperator {mo} at (89,12) size 17x13
            RenderMathMLBlock (anonymous, flex) at (0,0) size 16x13
              RenderBlock (anonymous) at (0,0) size 16x13
                RenderText at (0,0) size 16x17
                  text run at (0,0) width 16: "\x{27E7}"
          RenderMathMLOperator {mo} at (105,12) size 17x13
            RenderMathMLBlock (anonymous, flex) at (0,0) size 16x13
              RenderBlock (anonymous) at (0,0) size 16x13
                RenderText at (0,0) size 16x17
                  text run at (0,0) width 16: "\x{27E8}"
          RenderMathMLOperator {mo} at (121,12) size 17x13
            RenderMathMLBlock (anonymous, flex) at (0,0) size 16x13
              RenderBlock (anonymous) at (0,0) size 16x13
                RenderText at (0,0) size 16x17
                  text run at (0,0) width 16: "\x{27E9}"
          RenderMathMLSpace {mspace} at (137,0) size 0x24
        RenderText {#text} at (0,0) size 0x0
      RenderBlock {P} at (0,129) size 784x56
        RenderMathMLMath {math} at (0,0) size 139x57 [padding: 0 1 0 1]
          RenderMathMLOperator {mo} at (1,0) size 7x57
            RenderMathMLBlock (anonymous, flex) at (0,0) size 7x16
              RenderBlock (anonymous) at (0,0) size 6x16
                RenderText at (0,0) size 6x17
                  text run at (0,0) width 6: "["
          RenderMathMLOperator {mo} at (7,0) size 7x57
            RenderMathMLBlock (anonymous, flex) at (0,0) size 7x16
              RenderBlock (anonymous) at (0,0) size 6x16
                RenderText at (0,0) size 6x17
                  text run at (0,0) width 6: "]"
          RenderMathMLOperator {mo} at (13,0) size 9x57
            RenderMathMLBlock (anonymous, flex) at (0,0) size 8x17
              RenderBlock (anonymous) at (0,0) size 8x17
                RenderText at (0,1) size 8x17
                  text run at (0,1) width 8: "{"
          RenderMathMLOperator {mo} at (21,0) size 9x57
            RenderMathMLBlock (anonymous, flex) at (0,0) size 8x17
              RenderBlock (anonymous) at (0,0) size 8x17
                RenderText at (0,1) size 8x17
                  text run at (0,1) width 8: "}"
          RenderMathMLOperator {mo} at (29,0) size 7x57
            RenderMathMLBlock (anonymous, flex) at (0,0) size 7x16
              RenderBlock (anonymous) at (0,0) size 6x16
                RenderText at (0,0) size 6x17
                  text run at (0,0) width 6: "("
          RenderMathMLOperator {mo} at (35,0) size 7x57
            RenderMathMLBlock (anonymous, flex) at (0,0) size 7x16
              RenderBlock (anonymous) at (0,0) size 6x16
                RenderText at (0,0) size 6x17
                  text run at (0,0) width 6: ")"
          RenderMathMLOperator {mo} at (41,0) size 8x57
            RenderMathMLBlock (anonymous, flex) at (1,0) size 4x18
              RenderBlock (anonymous) at (0,0) size 4x18
                RenderText at (0,1) size 4x17
                  text run at (0,1) width 4: "|"
          RenderMathMLOperator {mo} at (48,0) size 7x57
            RenderMathMLBlock (anonymous, flex) at (0,0) size 7x16
              RenderBlock (anonymous) at (0,0) size 7x16
                RenderText at (0,1) size 7x17
                  text run at (0,1) width 7: "\x{2308}"
          RenderMathMLOperator {mo} at (54,0) size 7x57
            RenderMathMLBlock (anonymous, flex) at (0,0) size 7x16
              RenderBlock (anonymous) at (0,0) size 7x16
                RenderText at (0,1) size 7x17
                  text run at (0,1) width 7: "\x{2309}"
          RenderMathMLOperator {mo} at (60,0) size 7x57
            RenderMathMLBlock (anonymous, flex) at (0,0) size 7x16
              RenderBlock (anonymous) at (0,0) size 7x16
                RenderText at (0,1) size 7x17
                  text run at (0,1) width 7: "\x{230A}"
          RenderMathMLOperator {mo} at (66,0) size 8x57
            RenderMathMLBlock (anonymous, flex) at (0,0) size 7x16
              RenderBlock (anonymous) at (0,0) size 7x16
                RenderText at (0,1) size 7x17
                  text run at (0,1) width 7: "\x{230B}"
          RenderMathMLOperator {mo} at (73,20) size 17x13
            RenderMathMLBlock (anonymous, flex) at (0,0) size 16x13
              RenderBlock (anonymous) at (0,0) size 16x13
                RenderText at (0,0) size 16x17
                  text run at (0,0) width 16: "\x{27E6}"
          RenderMathMLOperator {mo} at (89,20) size 17x13
            RenderMathMLBlock (anonymous, flex) at (0,0) size 16x13
              RenderBlock (anonymous) at (0,0) size 16x13
                RenderText at (0,0) size 16x17
                  text run at (0,0) width 16: "\x{27E7}"
          RenderMathMLOperator {mo} at (105,20) size 17x13
            RenderMathMLBlock (anonymous, flex) at (0,0) size 16x13
              RenderBlock (anonymous) at (0,0) size 16x13
                RenderText at (0,0) size 16x17
                  text run at (0,0) width 16: "\x{27E8}"
          RenderMathMLOperator {mo} at (121,20) size 17x13
            RenderMathMLBlock (anonymous, flex) at (0,0) size 16x13
              RenderBlock (anonymous) at (0,0) size 16x13
                RenderText at (0,0) size 16x17
                  text run at (0,0) width 16: "\x{27E9}"
          RenderMathMLSpace {mspace} at (137,0) size 0x32
        RenderText {#text} at (138,17) size 5x19
          text run at (138,17) width 5: " "
        RenderMathMLMath {math} at (142,0) size 249x36 [padding: 0 1 0 1]
          RenderMathMLOperator {mo} at (1,20) size 19x15
            RenderMathMLBlock (anonymous, flex) at (4,0) size 11x15
              RenderBlock (anonymous) at (0,0) size 10x15
                RenderText at (0,0) size 10x17
                  text run at (0,0) width 10: "\x{2191}"
          RenderMathMLOperator {mo} at (19,20) size 20x15
            RenderMathMLBlock (anonymous, flex) at (4,0) size 11x15
              RenderBlock (anonymous) at (0,0) size 10x15
                RenderText at (0,0) size 10x17
                  text run at (0,0) width 10: "\x{2193}"
          RenderMathMLOperator {mo} at (38,20) size 17x16
            RenderMathMLBlock (anonymous, flex) at (4,0) size 9x16
              RenderBlock (anonymous) at (0,0) size 8x16
                RenderText at (0,0) size 8x17
                  text run at (0,0) width 8: "\x{2195}"
          RenderMathMLOperator {mo} at (54,20) size 24x13
            RenderMathMLBlock (anonymous, flex) at (4,0) size 14x13
              RenderBlock (anonymous) at (0,0) size 14x13
                RenderText at (0,0) size 14x17
                  text run at (0,0) width 14: "\x{21A5}"
          RenderMathMLOperator {mo} at (77,20) size 23x13
            RenderMathMLBlock (anonymous, flex) at (4,0) size 14x13
              RenderBlock (anonymous) at (0,0) size 14x13
                RenderText at (0,0) size 14x17
                  text run at (0,0) width 14: "\x{21A7}"
          RenderMathMLOperator {mo} at (99,20) size 23x13
            RenderMathMLBlock (anonymous, flex) at (4,0) size 14x13
              RenderBlock (anonymous) at (0,0) size 14x13
                RenderText at (0,0) size 14x17
                  text run at (0,0) width 14: "\x{21BE}"
          RenderMathMLOperator {mo} at (121,20) size 24x13
            RenderMathMLBlock (anonymous, flex) at (4,0) size 14x13
              RenderBlock (anonymous) at (0,0) size 14x13
                RenderText at (0,0) size 14x17
                  text run at (0,0) width 14: "\x{21C2}"
          RenderMathMLOperator {mo} at (144,20) size 23x13
            RenderMathMLBlock (anonymous, flex) at (4,0) size 14x13
              RenderBlock (anonymous) at (0,0) size 14x13
                RenderText at (0,0) size 14x17
                  text run at (0,0) width 14: "\x{21BF}"
          RenderMathMLOperator {mo} at (166,20) size 23x13
            RenderMathMLBlock (anonymous, flex) at (4,0) size 14x13
              RenderBlock (anonymous) at (0,0) size 14x13
                RenderText at (0,0) size 14x17
                  text run at (0,0) width 14: "\x{21C3}"
          RenderMathMLOperator {mo} at (188,20) size 20x16
            RenderMathMLBlock (anonymous, flex) at (4,0) size 11x16
              RenderBlock (anonymous) at (0,0) size 10x16
                RenderText at (0,0) size 10x17
                  text run at (0,0) width 10: "\x{21D1}"
          RenderMathMLOperator {mo} at (207,20) size 19x16
            RenderMathMLBlock (anonymous, flex) at (4,0) size 11x16
              RenderBlock (anonymous) at (0,0) size 10x16
                RenderText at (0,0) size 10x17
                  text run at (0,0) width 10: "\x{21D3}"
          RenderMathMLOperator {mo} at (225,20) size 23x13
            RenderMathMLBlock (anonymous, flex) at (4,0) size 14x13
              RenderBlock (anonymous) at (0,0) size 14x13
                RenderText at (0,0) size 14x17
                  text run at (0,0) width 14: "\x{21D5}"
          RenderMathMLSpace {mspace} at (247,0) size 0x32
        RenderText {#text} at (0,0) size 0x0
      RenderBlock {P} at (0,201) size 784x120
        RenderMathMLMath {math} at (0,0) size 139x121 [padding: 0 1 0 1]
          RenderMathMLOperator {mo} at (1,0) size 7x121
            RenderMathMLBlock (anonymous, flex) at (0,0) size 7x16
              RenderBlock (anonymous) at (0,0) size 6x16
                RenderText at (0,0) size 6x17
                  text run at (0,0) width 6: "["
          RenderMathMLOperator {mo} at (7,0) size 7x121
            RenderMathMLBlock (anonymous, flex) at (0,0) size 7x16
              RenderBlock (anonymous) at (0,0) size 6x16
                RenderText at (0,0) size 6x17
                  text run at (0,0) width 6: "]"
          RenderMathMLOperator {mo} at (13,0) size 9x121
            RenderMathMLBlock (anonymous, flex) at (0,0) size 8x17
              RenderBlock (anonymous) at (0,0) size 8x17
                RenderText at (0,1) size 8x17
                  text run at (0,1) width 8: "{"
          RenderMathMLOperator {mo} at (21,0) size 9x121
            RenderMathMLBlock (anonymous, flex) at (0,0) size 8x17
              RenderBlock (anonymous) at (0,0) size 8x17
                RenderText at (0,1) size 8x17
                  text run at (0,1) width 8: "}"
          RenderMathMLOperator {mo} at (29,0) size 7x121
            RenderMathMLBlock (anonymous, flex) at (0,0) size 7x16
              RenderBlock (anonymous) at (0,0) size 6x16
                RenderText at (0,0) size 6x17
                  text run at (0,0) width 6: "("
          RenderMathMLOperator {mo} at (35,0) size 7x121
            RenderMathMLBlock (anonymous, flex) at (0,0) size 7x16
              RenderBlock (anonymous) at (0,0) size 6x16
                RenderText at (0,0) size 6x17
                  text run at (0,0) width 6: ")"
          RenderMathMLOperator {mo} at (41,0) size 8x121
            RenderMathMLBlock (anonymous, flex) at (1,0) size 4x18
              RenderBlock (anonymous) at (0,0) size 4x18
                RenderText at (0,1) size 4x17
                  text run at (0,1) width 4: "|"
          RenderMathMLOperator {mo} at (48,0) size 7x121
            RenderMathMLBlock (anonymous, flex) at (0,0) size 7x16
              RenderBlock (anonymous) at (0,0) size 7x16
                RenderText at (0,1) size 7x17
                  text run at (0,1) width 7: "\x{2308}"
          RenderMathMLOperator {mo} at (54,0) size 7x121
            RenderMathMLBlock (anonymous, flex) at (0,0) size 7x16
              RenderBlock (anonymous) at (0,0) size 7x16
                RenderText at (0,1) size 7x17
                  text run at (0,1) width 7: "\x{2309}"
          RenderMathMLOperator {mo} at (60,0) size 7x121
            RenderMathMLBlock (anonymous, flex) at (0,0) size 7x16
              RenderBlock (anonymous) at (0,0) size 7x16
                RenderText at (0,1) size 7x17
                  text run at (0,1) width 7: "\x{230A}"
          RenderMathMLOperator {mo} at (66,0) size 8x121
            RenderMathMLBlock (anonymous, flex) at (0,0) size 7x16
              RenderBlock (anonymous) at (0,0) size 7x16
                RenderText at (0,1) size 7x17
                  text run at (0,1) width 7: "\x{230B}"
          RenderMathMLOperator {mo} at (73,52) size 17x13
            RenderMathMLBlock (anonymous, flex) at (0,0) size 16x13
              RenderBlock (anonymous) at (0,0) size 16x13
                RenderText at (0,0) size 16x17
                  text run at (0,0) width 16: "\x{27E6}"
          RenderMathMLOperator {mo} at (89,52) size 17x13
            RenderMathMLBlock (anonymous, flex) at (0,0) size 16x13
              RenderBlock (anonymous) at (0,0) size 16x13
                RenderText at (0,0) size 16x17
                  text run at (0,0) width 16: "\x{27E7}"
          RenderMathMLOperator {mo} at (105,52) size 17x13
            RenderMathMLBlock (anonymous, flex) at (0,0) size 16x13
              RenderBlock (anonymous) at (0,0) size 16x13
                RenderText at (0,0) size 16x17
                  text run at (0,0) width 16: "\x{27E8}"
          RenderMathMLOperator {mo} at (121,52) size 17x13
            RenderMathMLBlock (anonymous, flex) at (0,0) size 16x13
              RenderBlock (anonymous) at (0,0) size 16x13
                RenderText at (0,0) size 16x17
                  text run at (0,0) width 16: "\x{27E9}"
          RenderMathMLSpace {mspace} at (137,0) size 0x64
        RenderText {#text} at (138,49) size 5x19
          text run at (138,49) width 5: " "
        RenderMathMLMath {math} at (142,0) size 249x68 [padding: 0 1 0 1]
          RenderMathMLOperator {mo} at (1,52) size 19x15
            RenderMathMLBlock (anonymous, flex) at (4,0) size 11x15
              RenderBlock (anonymous) at (0,0) size 10x15
                RenderText at (0,0) size 10x17
                  text run at (0,0) width 10: "\x{2191}"
          RenderMathMLOperator {mo} at (19,52) size 20x15
            RenderMathMLBlock (anonymous, flex) at (4,0) size 11x15
              RenderBlock (anonymous) at (0,0) size 10x15
                RenderText at (0,0) size 10x17
                  text run at (0,0) width 10: "\x{2193}"
          RenderMathMLOperator {mo} at (38,52) size 17x16
            RenderMathMLBlock (anonymous, flex) at (4,0) size 9x16
              RenderBlock (anonymous) at (0,0) size 8x16
                RenderText at (0,0) size 8x17
                  text run at (0,0) width 8: "\x{2195}"
          RenderMathMLOperator {mo} at (54,52) size 24x13
            RenderMathMLBlock (anonymous, flex) at (4,0) size 14x13
              RenderBlock (anonymous) at (0,0) size 14x13
                RenderText at (0,0) size 14x17
                  text run at (0,0) width 14: "\x{21A5}"
          RenderMathMLOperator {mo} at (77,52) size 23x13
            RenderMathMLBlock (anonymous, flex) at (4,0) size 14x13
              RenderBlock (anonymous) at (0,0) size 14x13
                RenderText at (0,0) size 14x17
                  text run at (0,0) width 14: "\x{21A7}"
          RenderMathMLOperator {mo} at (99,52) size 23x13
            RenderMathMLBlock (anonymous, flex) at (4,0) size 14x13
              RenderBlock (anonymous) at (0,0) size 14x13
                RenderText at (0,0) size 14x17
                  text run at (0,0) width 14: "\x{21BE}"
          RenderMathMLOperator {mo} at (121,52) size 24x13
            RenderMathMLBlock (anonymous, flex) at (4,0) size 14x13
              RenderBlock (anonymous) at (0,0) size 14x13
                RenderText at (0,0) size 14x17
                  text run at (0,0) width 14: "\x{21C2}"
          RenderMathMLOperator {mo} at (144,52) size 23x13
            RenderMathMLBlock (anonymous, flex) at (4,0) size 14x13
              RenderBlock (anonymous) at (0,0) size 14x13
                RenderText at (0,0) size 14x17
                  text run at (0,0) width 14: "\x{21BF}"
          RenderMathMLOperator {mo} at (166,52) size 23x13
            RenderMathMLBlock (anonymous, flex) at (4,0) size 14x13
              RenderBlock (anonymous) at (0,0) size 14x13
                RenderText at (0,0) size 14x17
                  text run at (0,0) width 14: "\x{21C3}"
          RenderMathMLOperator {mo} at (188,52) size 20x16
            RenderMathMLBlock (anonymous, flex) at (4,0) size 11x16
              RenderBlock (anonymous) at (0,0) size 10x16
                RenderText at (0,0) size 10x17
                  text run at (0,0) width 10: "\x{21D1}"
          RenderMathMLOperator {mo} at (207,52) size 19x16
            RenderMathMLBlock (anonymous, flex) at (4,0) size 11x16
              RenderBlock (anonymous) at (0,0) size 10x16
                RenderText at (0,0) size 10x17
                  text run at (0,0) width 10: "\x{21D3}"
          RenderMathMLOperator {mo} at (225,52) size 23x13
            RenderMathMLBlock (anonymous, flex) at (4,0) size 14x13
              RenderBlock (anonymous) at (0,0) size 14x13
                RenderText at (0,0) size 14x17
                  text run at (0,0) width 14: "\x{21D5}"
          RenderMathMLSpace {mspace} at (247,0) size 0x64
        RenderText {#text} at (0,0) size 0x0
