layer at (0,0) size 800x1494
  RenderView at (0,0) size 800x600
layer at (0,0) size 800x1494
  RenderBlock {HTML} at (0,0) size 800x1494
    RenderBody {BODY} at (8,8) size 784x1478
      RenderBlock {P} at (0,0) size 784x40
        RenderText {#text} at (0,0) size 55x19
          text run at (0,0) width 55: "Test for "
        RenderInline {I} at (0,0) size 781x39
          RenderInline {A} at (0,0) size 312x19 [color=#0000EE]
            RenderText {#text} at (54,0) size 312x19
              text run at (54,0) width 312: "https://bugs.webkit.org/show_bug.cgi?id=19519"
          RenderText {#text} at (365,0) size 781x39
            text run at (365,0) width 416: " DOM modification causes stack exhaustion (BUTTON OBJECT"
            text run at (0,20) width 91: "COLGROUP)"
        RenderText {#text} at (90,20) size 5x19
          text run at (90,20) width 5: "."
      RenderBlock {PRE} at (0,56) size 784x15
        RenderText {#text} at (0,0) size 242x15
          text run at (0,0) width 242: "Prepending block to table-cell:"
      RenderBlock {DIV} at (0,84) size 784x0
        RenderBlock {DIV} at (0,0) size 784x0
        RenderTable at (0,0) size 1x0
          RenderTableSection (anonymous) at (0,0) size 1x0
            RenderTableRow (anonymous) at (0,0) size 1x0
              RenderTableCell {DIV} at (0,0) size 0x0 [r=0 c=0 rs=1 cs=1]
      RenderBlock {DIV} at (0,84) size 784x0
        RenderBlock {DIV} at (0,0) size 784x0
        RenderTable at (0,0) size 1x0
          RenderTableSection (anonymous) at (0,0) size 1x0
            RenderTableRow (anonymous) at (0,0) size 1x0
              RenderTableCell {DIV} at (0,0) size 0x0 [r=0 c=0 rs=1 cs=1]
      RenderBlock {PRE} at (0,97) size 784x15
        RenderText {#text} at (0,0) size 250x15
          text run at (0,0) width 250: "Prepending inline to table-cell:"
      RenderBlock {DIV} at (0,125) size 784x0
        RenderBlock (anonymous) at (0,0) size 784x0
          RenderInline {DIV} at (0,0) size 0x0
        RenderTable at (0,0) size 1x0
          RenderTableSection (anonymous) at (0,0) size 1x0
            RenderTableRow (anonymous) at (0,0) size 1x0
              RenderTableCell {DIV} at (0,0) size 0x0 [r=0 c=0 rs=1 cs=1]
      RenderBlock {DIV} at (0,125) size 784x0
        RenderBlock (anonymous) at (0,0) size 784x0
          RenderInline {DIV} at (0,0) size 0x0
        RenderTable at (0,0) size 1x0
          RenderTableSection (anonymous) at (0,0) size 1x0
            RenderTableRow (anonymous) at (0,0) size 1x0
              RenderTableCell {DIV} at (0,0) size 0x0 [r=0 c=0 rs=1 cs=1]
      RenderBlock {PRE} at (0,138) size 784x15
        RenderText {#text} at (0,0) size 281x15
          text run at (0,0) width 281: "Prepending table-cell to table-cell:"
      RenderBlock {DIV} at (0,166) size 784x0
        RenderTable at (0,0) size 2x0
          RenderTableSection (anonymous) at (0,0) size 2x0
            RenderTableRow (anonymous) at (0,0) size 2x0
              RenderTableCell {DIV} at (0,0) size 0x0 [r=0 c=0 rs=1 cs=1]
              RenderTableCell {DIV} at (0,0) size 0x0 [r=0 c=1 rs=1 cs=1]
      RenderBlock {DIV} at (0,166) size 784x0
        RenderTable at (0,0) size 2x0
          RenderTableSection (anonymous) at (0,0) size 2x0
            RenderTableRow (anonymous) at (0,0) size 2x0
              RenderTableCell {DIV} at (0,0) size 0x0 [r=0 c=0 rs=1 cs=1]
              RenderTableCell {DIV} at (0,0) size 0x0 [r=0 c=1 rs=1 cs=1]
      RenderBlock {PRE} at (0,179) size 784x15
        RenderText {#text} at (0,0) size 274x15
          text run at (0,0) width 274: "Prepending table-row to table-cell:"
      RenderBlock {DIV} at (0,207) size 784x0
        RenderTable at (0,0) size 1x0
          RenderTableSection (anonymous) at (0,0) size 1x0
            RenderTableRow {DIV} at (0,0) size 1x0
            RenderTableRow (anonymous) at (0,0) size 1x0
              RenderTableCell {DIV} at (0,0) size 0x0 [r=1 c=0 rs=1 cs=1]
      RenderBlock {DIV} at (0,207) size 784x0
        RenderTable at (0,0) size 1x0
          RenderTableSection (anonymous) at (0,0) size 1x0
            RenderTableRow {DIV} at (0,0) size 1x0
            RenderTableRow (anonymous) at (0,0) size 1x0
              RenderTableCell {DIV} at (0,0) size 0x0 [r=1 c=0 rs=1 cs=1]
      RenderBlock {PRE} at (0,220) size 784x15
        RenderText {#text} at (0,0) size 320x15
          text run at (0,0) width 320: "Prepending table-row-group to table-cell:"
      RenderBlock {DIV} at (0,248) size 784x0
        RenderTable at (0,0) size 1x0
          RenderTableSection {DIV} at (0,0) size 1x0
          RenderTableSection (anonymous) at (0,0) size 1x0
            RenderTableRow (anonymous) at (0,0) size 1x0
              RenderTableCell {DIV} at (0,0) size 0x0 [r=0 c=0 rs=1 cs=1]
      RenderBlock {DIV} at (0,248) size 784x0
        RenderTable at (0,0) size 1x0
          RenderTableSection {DIV} at (0,0) size 1x0
          RenderTableSection (anonymous) at (0,0) size 1x0
            RenderTableRow (anonymous) at (0,0) size 1x0
              RenderTableCell {DIV} at (0,0) size 0x0 [r=0 c=0 rs=1 cs=1]
      RenderBlock {PRE} at (0,261) size 784x15
        RenderText {#text} at (0,0) size 344x15
          text run at (0,0) width 344: "Prepending table-column-group to table-cell:"
      RenderBlock {DIV} at (0,289) size 784x0
        RenderTable at (0,0) size 1x0
          RenderTableCol {DIV} at (0,0) size 0x0
          RenderTableSection (anonymous) at (0,0) size 1x0
            RenderTableRow (anonymous) at (0,0) size 1x0
              RenderTableCell {DIV} at (0,0) size 0x0 [r=0 c=0 rs=1 cs=1]
      RenderBlock {DIV} at (0,289) size 784x0
        RenderTable at (0,0) size 1x0
          RenderTableCol {DIV} at (0,0) size 0x0
          RenderTableSection (anonymous) at (0,0) size 1x0
            RenderTableRow (anonymous) at (0,0) size 1x0
              RenderTableCell {DIV} at (0,0) size 0x0 [r=0 c=0 rs=1 cs=1]
      RenderBlock {PRE} at (0,302) size 784x15
        RenderText {#text} at (0,0) size 305x15
          text run at (0,0) width 305: "Prepending table-caption to table-cell:"
      RenderBlock {DIV} at (0,330) size 784x0
        RenderTable at (0,0) size 1x0
          RenderBlock {DIV} at (0,0) size 1x0
          RenderTableSection (anonymous) at (0,0) size 1x0
            RenderTableRow (anonymous) at (0,0) size 1x0
              RenderTableCell {DIV} at (0,0) size 0x0 [r=0 c=0 rs=1 cs=1]
      RenderBlock {DIV} at (0,330) size 784x0
        RenderTable at (0,0) size 1x0
          RenderBlock {DIV} at (0,0) size 1x0
          RenderTableSection (anonymous) at (0,0) size 1x0
            RenderTableRow (anonymous) at (0,0) size 1x0
              RenderTableCell {DIV} at (0,0) size 0x0 [r=0 c=0 rs=1 cs=1]
      RenderBlock {PRE} at (0,343) size 784x15
        RenderText {#text} at (0,0) size 235x15
          text run at (0,0) width 235: "Prepending block to table-row:"
      RenderBlock {DIV} at (0,371) size 784x0
        RenderBlock {DIV} at (0,0) size 784x0
        RenderTable at (0,0) size 0x0
          RenderTableSection (anonymous) at (0,0) size 0x0
            RenderTableRow {DIV} at (0,0) size 0x0
      RenderBlock {DIV} at (0,371) size 784x0
        RenderBlock {DIV} at (0,0) size 784x0
        RenderTable at (0,0) size 0x0
          RenderTableSection (anonymous) at (0,0) size 0x0
            RenderTableRow {DIV} at (0,0) size 0x0
      RenderBlock {PRE} at (0,384) size 784x15
        RenderText {#text} at (0,0) size 242x15
          text run at (0,0) width 242: "Prepending inline to table-row:"
      RenderBlock {DIV} at (0,412) size 784x0
        RenderBlock (anonymous) at (0,0) size 784x0
          RenderInline {DIV} at (0,0) size 0x0
        RenderTable at (0,0) size 0x0
          RenderTableSection (anonymous) at (0,0) size 0x0
            RenderTableRow {DIV} at (0,0) size 0x0
      RenderBlock {DIV} at (0,412) size 784x0
        RenderBlock (anonymous) at (0,0) size 784x0
          RenderInline {DIV} at (0,0) size 0x0
        RenderTable at (0,0) size 0x0
          RenderTableSection (anonymous) at (0,0) size 0x0
            RenderTableRow {DIV} at (0,0) size 0x0
      RenderBlock {PRE} at (0,425) size 784x15
        RenderText {#text} at (0,0) size 274x15
          text run at (0,0) width 274: "Prepending table-cell to table-row:"
      RenderBlock {DIV} at (0,453) size 784x0
        RenderTable at (0,0) size 1x0
          RenderTableSection (anonymous) at (0,0) size 1x0
            RenderTableRow (anonymous) at (0,0) size 1x0
              RenderTableCell {DIV} at (0,0) size 0x0 [r=0 c=0 rs=1 cs=1]
            RenderTableRow {DIV} at (0,0) size 1x0
      RenderBlock {DIV} at (0,453) size 784x0
        RenderTable at (0,0) size 1x0
          RenderTableSection (anonymous) at (0,0) size 1x0
            RenderTableRow (anonymous) at (0,0) size 1x0
              RenderTableCell {DIV} at (0,0) size 0x0 [r=0 c=0 rs=1 cs=1]
            RenderTableRow {DIV} at (0,0) size 1x0
      RenderBlock {PRE} at (0,466) size 784x15
        RenderText {#text} at (0,0) size 266x15
          text run at (0,0) width 266: "Prepending table-row to table-row:"
      RenderBlock {DIV} at (0,494) size 784x0
        RenderTable at (0,0) size 0x0
          RenderTableSection (anonymous) at (0,0) size 0x0
            RenderTableRow {DIV} at (0,0) size 0x0
            RenderTableRow {DIV} at (0,0) size 0x0
      RenderBlock {DIV} at (0,494) size 784x0
        RenderTable at (0,0) size 0x0
          RenderTableSection (anonymous) at (0,0) size 0x0
            RenderTableRow {DIV} at (0,0) size 0x0
            RenderTableRow {DIV} at (0,0) size 0x0
      RenderBlock {PRE} at (0,507) size 784x15
        RenderText {#text} at (0,0) size 313x15
          text run at (0,0) width 313: "Prepending table-row-group to table-row:"
      RenderBlock {DIV} at (0,535) size 784x0
        RenderTable at (0,0) size 0x0
          RenderTableSection {DIV} at (0,0) size 0x0
          RenderTableSection (anonymous) at (0,0) size 0x0
            RenderTableRow {DIV} at (0,0) size 0x0
      RenderBlock {DIV} at (0,535) size 784x0
        RenderTable at (0,0) size 0x0
          RenderTableSection {DIV} at (0,0) size 0x0
          RenderTableSection (anonymous) at (0,0) size 0x0
            RenderTableRow {DIV} at (0,0) size 0x0
      RenderBlock {PRE} at (0,548) size 784x15
        RenderText {#text} at (0,0) size 336x15
          text run at (0,0) width 336: "Prepending table-column-group to table-row:"
      RenderBlock {DIV} at (0,576) size 784x0
        RenderTable at (0,0) size 0x0
          RenderTableCol {DIV} at (0,0) size 0x0
          RenderTableSection (anonymous) at (0,0) size 0x0
            RenderTableRow {DIV} at (0,0) size 0x0
      RenderBlock {DIV} at (0,576) size 784x0
        RenderTable at (0,0) size 0x0
          RenderTableCol {DIV} at (0,0) size 0x0
          RenderTableSection (anonymous) at (0,0) size 0x0
            RenderTableRow {DIV} at (0,0) size 0x0
      RenderBlock {PRE} at (0,589) size 784x15
        RenderText {#text} at (0,0) size 297x15
          text run at (0,0) width 297: "Prepending table-caption to table-row:"
      RenderBlock {DIV} at (0,617) size 784x0
        RenderTable at (0,0) size 0x0
          RenderBlock {DIV} at (0,0) size 0x0
          RenderTableSection (anonymous) at (0,0) size 0x0
            RenderTableRow {DIV} at (0,0) size 0x0
      RenderBlock {DIV} at (0,617) size 784x0
        RenderTable at (0,0) size 0x0
          RenderBlock {DIV} at (0,0) size 0x0
          RenderTableSection (anonymous) at (0,0) size 0x0
            RenderTableRow {DIV} at (0,0) size 0x0
      RenderBlock {PRE} at (0,630) size 784x15
        RenderText {#text} at (0,0) size 281x15
          text run at (0,0) width 281: "Prepending block to table-row-group:"
      RenderBlock {DIV} at (0,658) size 784x0
        RenderBlock {DIV} at (0,0) size 784x0
        RenderTable at (0,0) size 0x0
          RenderTableSection {DIV} at (0,0) size 0x0
      RenderBlock {DIV} at (0,658) size 784x0
        RenderBlock {DIV} at (0,0) size 784x0
        RenderTable at (0,0) size 0x0
          RenderTableSection {DIV} at (0,0) size 0x0
      RenderBlock {PRE} at (0,671) size 784x15
        RenderText {#text} at (0,0) size 289x15
          text run at (0,0) width 289: "Prepending inline to table-row-group:"
      RenderBlock {DIV} at (0,699) size 784x0
        RenderBlock (anonymous) at (0,0) size 784x0
          RenderInline {DIV} at (0,0) size 0x0
        RenderTable at (0,0) size 0x0
          RenderTableSection {DIV} at (0,0) size 0x0
      RenderBlock {DIV} at (0,699) size 784x0
        RenderBlock (anonymous) at (0,0) size 784x0
          RenderInline {DIV} at (0,0) size 0x0
        RenderTable at (0,0) size 0x0
          RenderTableSection {DIV} at (0,0) size 0x0
      RenderBlock {PRE} at (0,712) size 784x15
        RenderText {#text} at (0,0) size 320x15
          text run at (0,0) width 320: "Prepending table-cell to table-row-group:"
      RenderBlock {DIV} at (0,740) size 784x0
        RenderTable at (0,0) size 1x0
          RenderTableSection (anonymous) at (0,0) size 1x0
            RenderTableRow (anonymous) at (0,0) size 1x0
              RenderTableCell {DIV} at (0,0) size 0x0 [r=0 c=0 rs=1 cs=1]
          RenderTableSection {DIV} at (0,0) size 1x0
      RenderBlock {DIV} at (0,740) size 784x0
        RenderTable at (0,0) size 1x0
          RenderTableSection (anonymous) at (0,0) size 1x0
            RenderTableRow (anonymous) at (0,0) size 1x0
              RenderTableCell {DIV} at (0,0) size 0x0 [r=0 c=0 rs=1 cs=1]
          RenderTableSection {DIV} at (0,0) size 1x0
      RenderBlock {PRE} at (0,753) size 784x15
        RenderText {#text} at (0,0) size 313x15
          text run at (0,0) width 313: "Prepending table-row to table-row-group:"
      RenderBlock {DIV} at (0,781) size 784x0
        RenderTable at (0,0) size 0x0
          RenderTableSection (anonymous) at (0,0) size 0x0
            RenderTableRow {DIV} at (0,0) size 0x0
          RenderTableSection {DIV} at (0,0) size 0x0
      RenderBlock {DIV} at (0,781) size 784x0
        RenderTable at (0,0) size 0x0
          RenderTableSection (anonymous) at (0,0) size 0x0
            RenderTableRow {DIV} at (0,0) size 0x0
          RenderTableSection {DIV} at (0,0) size 0x0
      RenderBlock {PRE} at (0,794) size 784x15
        RenderText {#text} at (0,0) size 359x15
          text run at (0,0) width 359: "Prepending table-row-group to table-row-group:"
      RenderBlock {DIV} at (0,822) size 784x0
        RenderTable at (0,0) size 0x0
          RenderTableSection {DIV} at (0,0) size 0x0
          RenderTableSection {DIV} at (0,0) size 0x0
      RenderBlock {DIV} at (0,822) size 784x0
        RenderTable at (0,0) size 0x0
          RenderTableSection {DIV} at (0,0) size 0x0
          RenderTableSection {DIV} at (0,0) size 0x0
      RenderBlock {PRE} at (0,835) size 784x15
        RenderText {#text} at (0,0) size 383x15
          text run at (0,0) width 383: "Prepending table-column-group to table-row-group:"
      RenderBlock {DIV} at (0,863) size 784x0
        RenderTable at (0,0) size 0x0
          RenderTableCol {DIV} at (0,0) size 0x0
          RenderTableSection {DIV} at (0,0) size 0x0
      RenderBlock {DIV} at (0,863) size 784x0
        RenderTable at (0,0) size 0x0
          RenderTableCol {DIV} at (0,0) size 0x0
          RenderTableSection {DIV} at (0,0) size 0x0
      RenderBlock {PRE} at (0,876) size 784x15
        RenderText {#text} at (0,0) size 344x15
          text run at (0,0) width 344: "Prepending table-caption to table-row-group:"
      RenderBlock {DIV} at (0,904) size 784x0
        RenderTable at (0,0) size 0x0
          RenderBlock {DIV} at (0,0) size 0x0
          RenderTableSection {DIV} at (0,0) size 0x0
      RenderBlock {DIV} at (0,904) size 784x0
        RenderTable at (0,0) size 0x0
          RenderBlock {DIV} at (0,0) size 0x0
          RenderTableSection {DIV} at (0,0) size 0x0
      RenderBlock {PRE} at (0,917) size 784x15
        RenderText {#text} at (0,0) size 305x15
          text run at (0,0) width 305: "Prepending block to table-column-group:"
      RenderBlock {DIV} at (0,945) size 784x0
        RenderBlock {DIV} at (0,0) size 784x0
        RenderTable at (0,0) size 0x0
          RenderTableCol {DIV} at (0,0) size 0x0
      RenderBlock {DIV} at (0,945) size 784x0
        RenderBlock {DIV} at (0,0) size 784x0
        RenderTable at (0,0) size 0x0
          RenderTableCol {DIV} at (0,0) size 0x0
      RenderBlock {PRE} at (0,958) size 784x15
        RenderText {#text} at (0,0) size 313x15
          text run at (0,0) width 313: "Prepending inline to table-column-group:"
      RenderBlock {DIV} at (0,986) size 784x0
        RenderBlock (anonymous) at (0,0) size 784x0
          RenderInline {DIV} at (0,0) size 0x0
        RenderTable at (0,0) size 0x0
          RenderTableCol {DIV} at (0,0) size 0x0
      RenderBlock {DIV} at (0,986) size 784x0
        RenderBlock (anonymous) at (0,0) size 784x0
          RenderInline {DIV} at (0,0) size 0x0
        RenderTable at (0,0) size 0x0
          RenderTableCol {DIV} at (0,0) size 0x0
      RenderBlock {PRE} at (0,999) size 784x15
        RenderText {#text} at (0,0) size 344x15
          text run at (0,0) width 344: "Prepending table-cell to table-column-group:"
      RenderBlock {DIV} at (0,1027) size 784x0
        RenderTable at (0,0) size 1x0
          RenderTableSection (anonymous) at (0,0) size 1x0
            RenderTableRow (anonymous) at (0,0) size 1x0
              RenderTableCell {DIV} at (0,0) size 0x0 [r=0 c=0 rs=1 cs=1]
          RenderTableCol {DIV} at (0,0) size 0x0
      RenderBlock {DIV} at (0,1027) size 784x0
        RenderTable at (0,0) size 1x0
          RenderTableSection (anonymous) at (0,0) size 1x0
            RenderTableRow (anonymous) at (0,0) size 1x0
              RenderTableCell {DIV} at (0,0) size 0x0 [r=0 c=0 rs=1 cs=1]
          RenderTableCol {DIV} at (0,0) size 0x0
      RenderBlock {PRE} at (0,1040) size 784x15
        RenderText {#text} at (0,0) size 336x15
          text run at (0,0) width 336: "Prepending table-row to table-column-group:"
      RenderBlock {DIV} at (0,1068) size 784x0
        RenderTable at (0,0) size 0x0
          RenderTableSection (anonymous) at (0,0) size 0x0
            RenderTableRow {DIV} at (0,0) size 0x0
          RenderTableCol {DIV} at (0,0) size 0x0
      RenderBlock {DIV} at (0,1068) size 784x0
        RenderTable at (0,0) size 0x0
          RenderTableSection (anonymous) at (0,0) size 0x0
            RenderTableRow {DIV} at (0,0) size 0x0
          RenderTableCol {DIV} at (0,0) size 0x0
      RenderBlock {PRE} at (0,1081) size 784x15
        RenderText {#text} at (0,0) size 383x15
          text run at (0,0) width 383: "Prepending table-row-group to table-column-group:"
      RenderBlock {DIV} at (0,1109) size 784x0
        RenderTable at (0,0) size 0x0
          RenderTableSection {DIV} at (0,0) size 0x0
          RenderTableCol {DIV} at (0,0) size 0x0
      RenderBlock {DIV} at (0,1109) size 784x0
        RenderTable at (0,0) size 0x0
          RenderTableSection {DIV} at (0,0) size 0x0
          RenderTableCol {DIV} at (0,0) size 0x0
      RenderBlock {PRE} at (0,1122) size 784x15
        RenderText {#text} at (0,0) size 406x15
          text run at (0,0) width 406: "Prepending table-column-group to table-column-group:"
      RenderBlock {DIV} at (0,1150) size 784x0
        RenderTable at (0,0) size 0x0
          RenderTableCol {DIV} at (0,0) size 0x0
          RenderTableCol {DIV} at (0,0) size 0x0
      RenderBlock {DIV} at (0,1150) size 784x0
        RenderTable at (0,0) size 0x0
          RenderTableCol {DIV} at (0,0) size 0x0
          RenderTableCol {DIV} at (0,0) size 0x0
      RenderBlock {PRE} at (0,1163) size 784x15
        RenderText {#text} at (0,0) size 367x15
          text run at (0,0) width 367: "Prepending table-caption to table-column-group:"
      RenderBlock {DIV} at (0,1191) size 784x0
        RenderTable at (0,0) size 0x0
          RenderBlock {DIV} at (0,0) size 0x0
          RenderTableCol {DIV} at (0,0) size 0x0
      RenderBlock {DIV} at (0,1191) size 784x0
        RenderTable at (0,0) size 0x0
          RenderBlock {DIV} at (0,0) size 0x0
          RenderTableCol {DIV} at (0,0) size 0x0
      RenderBlock {PRE} at (0,1204) size 784x15
        RenderText {#text} at (0,0) size 266x15
          text run at (0,0) width 266: "Prepending block to table-caption:"
      RenderBlock {DIV} at (0,1232) size 784x0
        RenderBlock {DIV} at (0,0) size 784x0
        RenderTable at (0,0) size 0x0
          RenderBlock {DIV} at (0,0) size 0x0
      RenderBlock {DIV} at (0,1232) size 784x0
        RenderBlock {DIV} at (0,0) size 784x0
        RenderTable at (0,0) size 0x0
          RenderBlock {DIV} at (0,0) size 0x0
      RenderBlock {PRE} at (0,1245) size 784x15
        RenderText {#text} at (0,0) size 274x15
          text run at (0,0) width 274: "Prepending inline to table-caption:"
      RenderBlock {DIV} at (0,1273) size 784x0
        RenderBlock (anonymous) at (0,0) size 784x0
          RenderInline {DIV} at (0,0) size 0x0
        RenderTable at (0,0) size 0x0
          RenderBlock {DIV} at (0,0) size 0x0
      RenderBlock {DIV} at (0,1273) size 784x0
        RenderBlock (anonymous) at (0,0) size 784x0
          RenderInline {DIV} at (0,0) size 0x0
        RenderTable at (0,0) size 0x0
          RenderBlock {DIV} at (0,0) size 0x0
      RenderBlock {PRE} at (0,1286) size 784x15
        RenderText {#text} at (0,0) size 305x15
          text run at (0,0) width 305: "Prepending table-cell to table-caption:"
      RenderBlock {DIV} at (0,1314) size 784x0
        RenderTable at (0,0) size 1x0
          RenderTableSection (anonymous) at (0,0) size 1x0
            RenderTableRow (anonymous) at (0,0) size 1x0
              RenderTableCell {DIV} at (0,0) size 0x0 [r=0 c=0 rs=1 cs=1]
          RenderBlock {DIV} at (0,0) size 1x0
      RenderBlock {DIV} at (0,1314) size 784x0
        RenderTable at (0,0) size 1x0
          RenderTableSection (anonymous) at (0,0) size 1x0
            RenderTableRow (anonymous) at (0,0) size 1x0
              RenderTableCell {DIV} at (0,0) size 0x0 [r=0 c=0 rs=1 cs=1]
          RenderBlock {DIV} at (0,0) size 1x0
      RenderBlock {PRE} at (0,1327) size 784x15
        RenderText {#text} at (0,0) size 297x15
          text run at (0,0) width 297: "Prepending table-row to table-caption:"
      RenderBlock {DIV} at (0,1355) size 784x0
        RenderTable at (0,0) size 0x0
          RenderTableSection (anonymous) at (0,0) size 0x0
            RenderTableRow {DIV} at (0,0) size 0x0
          RenderBlock {DIV} at (0,0) size 0x0
      RenderBlock {DIV} at (0,1355) size 784x0
        RenderTable at (0,0) size 0x0
          RenderTableSection (anonymous) at (0,0) size 0x0
            RenderTableRow {DIV} at (0,0) size 0x0
          RenderBlock {DIV} at (0,0) size 0x0
      RenderBlock {PRE} at (0,1368) size 784x15
        RenderText {#text} at (0,0) size 344x15
          text run at (0,0) width 344: "Prepending table-row-group to table-caption:"
      RenderBlock {DIV} at (0,1396) size 784x0
        RenderTable at (0,0) size 0x0
          RenderTableSection {DIV} at (0,0) size 0x0
          RenderBlock {DIV} at (0,0) size 0x0
      RenderBlock {DIV} at (0,1396) size 784x0
        RenderTable at (0,0) size 0x0
          RenderTableSection {DIV} at (0,0) size 0x0
          RenderBlock {DIV} at (0,0) size 0x0
      RenderBlock {PRE} at (0,1409) size 784x15
        RenderText {#text} at (0,0) size 367x15
          text run at (0,0) width 367: "Prepending table-column-group to table-caption:"
      RenderBlock {DIV} at (0,1437) size 784x0
        RenderTable at (0,0) size 0x0
          RenderTableCol {DIV} at (0,0) size 0x0
          RenderBlock {DIV} at (0,0) size 0x0
      RenderBlock {DIV} at (0,1437) size 784x0
        RenderTable at (0,0) size 0x0
          RenderTableCol {DIV} at (0,0) size 0x0
          RenderBlock {DIV} at (0,0) size 0x0
      RenderBlock {PRE} at (0,1450) size 784x15
        RenderText {#text} at (0,0) size 328x15
          text run at (0,0) width 328: "Prepending table-caption to table-caption:"
      RenderBlock {DIV} at (0,1478) size 784x0
        RenderTable at (0,0) size 0x0
          RenderBlock {DIV} at (0,0) size 0x0
          RenderBlock {DIV} at (0,0) size 0x0
      RenderBlock {DIV} at (0,1478) size 784x0
        RenderTable at (0,0) size 0x0
          RenderBlock {DIV} at (0,0) size 0x0
          RenderBlock {DIV} at (0,0) size 0x0
