layer at (0,0) size 800x600
  RenderView at (0,0) size 800x600
layer at (0,0) size 800x160
  RenderBlock {HTML} at (0,0) size 800x160
    RenderBody {BODY} at (8,16) size 784x136
      RenderBlock {P} at (0,0) size 784x17
        RenderText {#text} at (0,0) size 321x17
          text run at (0,0) width 321: "This test passes if four green squares are displayed:"
      RenderBlock (anonymous) at (0,33) size 784x103
        RenderSVGRoot {svg} at (8,49) size 100x100
          RenderSVGContainer {switch} at (8,49) size 100x100
            RenderSVGForeignObject {foreignObject} at (0,0) size 100x100
              RenderBlock {SPAN} at (0,0) size 100x100 [bgcolor=#008000]
              RenderText {#text} at (0,0) size 0x0
        RenderText {#text} at (100,86) size 4x17
          text run at (100,86) width 4: " "
        RenderText {#text} at (0,0) size 0x0
        RenderSVGRoot {svg} at (112,49) size 100x100
          RenderSVGContainer {switch} at (112,49) size 100x100
            RenderSVGForeignObject {foreignObject} at (0,0) size 100x100
              RenderMathMLMath {math} at (0,0) size 102x100 [padding: 0 1 0 1]
                RenderMathMLSpace {mspace} at (1,0) size 100x100 [bgcolor=#008000]
              RenderText {#text} at (0,0) size 0x0
        RenderText {#text} at (204,86) size 4x17
          text run at (204,86) width 4: " "
        RenderText {#text} at (0,0) size 0x0
        RenderSVGRoot {svg} at (216,49) size 100x100
          RenderSVGContainer {switch} at (216,49) size 100x100
            RenderSVGForeignObject {foreignObject} at (0,0) size 100x100
              RenderBlock {SPAN} at (0,0) size 100x100
                RenderMathMLMath {math} at (0,0) size 102x100 [padding: 0 1 0 1]
                  RenderMathMLSpace {mspace} at (1,0) size 100x100 [bgcolor=#008000]
                RenderText {#text} at (0,0) size 0x0
              RenderText {#text} at (0,0) size 0x0
        RenderText {#text} at (308,86) size 4x17
          text run at (308,86) width 4: " "
        RenderText {#text} at (0,0) size 0x0
        RenderSVGRoot {svg} at (320,49) size 100x100
          RenderSVGContainer {switch} at (320,49) size 100x100
            RenderSVGRect {rect} at (320,49) size 100x100 [fill={[type=SOLID] [color=#008000]}] [x=0.00] [y=0.00] [width=100.00] [height=100.00]
        RenderText {#text} at (0,0) size 0x0
