layer at (0,0) size 800x600
  RenderView at (0,0) size 800x600
layer at (0,0) size 800x600
  RenderBlock {HTML} at (0,0) size 800x600
    RenderBody {BODY} at (8,8) size 784x576
      RenderBlock {P} at (0,0) size 784x75
        RenderText {#text} at (0,0) size 280x56
          text run at (0,0) width 280: "BigAndGreen"
        RenderBR {BR} at (280,45) size 0x0
        RenderText {#text} at (0,57) size 101x17
          text run at (0,57) width 101: "SmallAndBlack"
