layer at (0,0) size 800x600
  RenderView at (0,0) size 800x600
layer at (0,0) size 800x600
  RenderBlock {HTML} at (0,0) size 800x600
    RenderBody {BODY} at (8,8) size 784x584
      RenderTable {TABLE} at (0,0) size 146x70 [border: (1px outset #808080)]
        RenderTableSection {TBODY} at (1,1) size 144x68
          RenderTableRow {TR} at (0,2) size 144x22
            RenderTableCell {TD} at (2,2) size 140x22 [border: (1px inset #808080)] [r=0 c=0 rs=1 cs=1]
              RenderText {#text} at (2,2) size 109x17
                text run at (2,2) width 109: "cell of outer table"
          RenderTableRow {TR} at (0,26) size 144x40
            RenderTableCell {TD} at (2,26) size 140x40 [border: (1px inset #808080)] [r=1 c=0 rs=1 cs=1]
              RenderTable {TABLE} at (2,2) size 136x36 [border: (5px outset #808080)]
                RenderTableSection {TBODY} at (5,5) size 126x26
                  RenderTableRow {TR} at (0,2) size 126x22
                    RenderTableCell {TD} at (2,2) size 122x22 [border: (1px inset #808080)] [r=0 c=0 rs=1 cs=1]
                      RenderText {#text} at (2,2) size 117x17
                        text run at (2,2) width 117: "cell of nested table"
      RenderBlock (anonymous) at (0,70) size 784x18
        RenderBR {BR} at (0,0) size 0x17
      RenderBlock {HR} at (0,96) size 202x2 [border: (1px inset #000000)]
      RenderBlock (anonymous) at (0,106) size 784x18
        RenderText {#text} at (0,0) size 215x17
          text run at (0,0) width 215: "nested table width includes border"
      RenderTable {TABLE} at (0,124) size 205x50 [border: (1px outset #808080)]
        RenderTableSection {TBODY} at (1,1) size 203x48
          RenderTableRow {TR} at (0,0) size 203x48
            RenderTableCell {TD} at (0,0) size 203x48 [border: (1px inset #808080)] [r=0 c=0 rs=1 cs=1]
              RenderTable {TABLE} at (1,1) size 200x46 [border: (10px outset #808080)]
                RenderTableSection {TBODY} at (10,10) size 180x26
                  RenderTableRow {TR} at (0,2) size 180x22
                    RenderTableCell {TD} at (2,2) size 176x22 [border: (1px inset #808080)] [r=0 c=0 rs=1 cs=1]
                      RenderText {#text} at (2,2) size 102x17
                        text run at (2,2) width 102: "200 nested table"
      RenderBlock (anonymous) at (0,174) size 784x36
        RenderBR {BR} at (0,0) size 0x17
        RenderText {#text} at (0,18) size 215x17
          text run at (0,18) width 215: "nested table width includes border"
      RenderTable {TABLE} at (0,210) size 138x50 [border: (1px outset #808080)]
        RenderTableSection {TBODY} at (1,1) size 136x48
          RenderTableRow {TR} at (0,0) size 136x48
            RenderTableCell {TD} at (0,0) size 136x48 [border: (1px inset #808080)] [r=0 c=0 rs=1 cs=1]
              RenderTable {TABLE} at (1,1) size 134x46 [border: (10px outset #808080)]
                RenderTableSection {TBODY} at (10,10) size 114x26
                  RenderTableRow {TR} at (0,2) size 114x22
                    RenderTableCell {TD} at (2,2) size 110x22 [border: (1px inset #808080)] [r=0 c=0 rs=1 cs=1]
                      RenderText {#text} at (2,2) size 105x17
                        text run at (2,2) width 105: "auto nested table"
      RenderBlock (anonymous) at (0,260) size 784x36
        RenderBR {BR} at (0,0) size 0x17
        RenderText {#text} at (0,18) size 215x17
          text run at (0,18) width 215: "nested table width includes border"
      RenderTable {TABLE} at (0,296) size 784x30 [border: (5px outset #808080)]
        RenderTableSection {TBODY} at (5,5) size 774x20
          RenderTableRow {TR} at (0,0) size 774x20
            RenderTableCell {TD} at (0,0) size 774x20 [border: (1px inset #808080)] [r=0 c=0 rs=1 cs=1]
              RenderText {#text} at (1,1) size 111x17
                text run at (1,1) width 111: "100% width table"
      RenderBlock (anonymous) at (0,326) size 784x36
        RenderBR {BR} at (0,0) size 0x17
        RenderText {#text} at (0,18) size 215x17
          text run at (0,18) width 215: "nested table width includes border"
      RenderTable {TABLE} at (0,362) size 148x50 [border: (1px outset #808080)]
        RenderTableSection {TBODY} at (1,1) size 146x48
          RenderTableRow {TR} at (0,0) size 146x48
            RenderTableCell {TD} at (0,0) size 146x48 [border: (1px inset #808080)] [r=0 c=0 rs=1 cs=1]
              RenderTable {TABLE} at (1,1) size 144x46 [border: (10px outset #808080)]
                RenderTableSection {TBODY} at (10,10) size 124x26
                  RenderTableRow {TR} at (0,2) size 124x22
                    RenderTableCell {TD} at (2,2) size 120x22 [border: (1px inset #808080)] [r=0 c=0 rs=1 cs=1]
                      RenderText {#text} at (2,2) size 115x17
                        text run at (2,2) width 115: "100% nested table"
