layer at (0,0) size 800x600
  RenderView at (0,0) size 800x600
layer at (0,0) size 800x600
  RenderBlock {HTML} at (0,0) size 800x600
    RenderBody {BODY} at (8,8) size 784x584
      RenderTable {TABLE} at (0,0) size 200x118 [border: (1px outset #808080)]
        RenderBlock {CAPTION} at (0,0) size 200x18
          RenderInline {EM} at (0,0) size 186x17
            RenderText {#text} at (7,0) size 186x17
              text run at (7,0) width 186: "A test table with merged cells"
        RenderTableSection {TBODY} at (1,19) size 198x98
          RenderTableRow {TR} at (0,2) size 198x22
            RenderTableCell {TH} at (136,23) size 60x4 [border: (1px inset #808080)] [r=0 c=0 rs=2 cs=1]
            RenderTableCell {TH} at (37,2) size 98x22 [border: (1px inset #808080)] [r=0 c=1 rs=1 cs=2]
              RenderText {#text} at (20,2) size 58x17
                text run at (20,2) width 58: "Average"
            RenderTableCell {TH} at (2,5) size 34x40 [border: (1px inset #808080)] [r=0 c=3 rs=2 cs=1]
              RenderText {#text} at (2,2) size 29x17
                text run at (2,2) width 29: "Red"
              RenderBR {BR} at (2,16) size 1x0
              RenderText {#text} at (2,20) size 29x17
                text run at (2,20) width 29: "eyes"
          RenderTableRow {TR} at (0,26) size 198x22
            RenderTableCell {TH} at (88,26) size 47x22 [border: (1px inset #808080)] [r=1 c=1 rs=1 cs=1]
              RenderText {#text} at (2,2) size 43x17
                text run at (2,2) width 43: "height"
            RenderTableCell {TH} at (37,26) size 50x22 [border: (1px inset #808080)] [r=1 c=2 rs=1 cs=1]
              RenderText {#text} at (2,2) size 46x17
                text run at (2,2) width 46: "weight"
          RenderTableRow {TR} at (0,50) size 198x22
            RenderTableCell {TH} at (136,50) size 60x22 [border: (1px inset #808080)] [r=2 c=0 rs=1 cs=1]
              RenderText {#text} at (9,2) size 41x17
                text run at (9,2) width 41: "Males"
            RenderTableCell {TD} at (88,50) size 47x22 [border: (1px inset #808080)] [r=2 c=1 rs=1 cs=1]
              RenderText {#text} at (24,2) size 21x17
                text run at (24,2) width 21: "1.9"
            RenderTableCell {TD} at (37,50) size 50x22 [border: (1px inset #808080)] [r=2 c=2 rs=1 cs=1]
              RenderText {#text} at (11,2) size 37x17
                text run at (11,2) width 37: "0.003"
            RenderTableCell {TD} at (2,50) size 34x22 [border: (1px inset #808080)] [r=2 c=3 rs=1 cs=1]
              RenderText {#text} at (2,2) size 30x17
                text run at (2,2) width 30: "40%"
          RenderTableRow {TR} at (0,74) size 198x22
            RenderTableCell {TH} at (136,74) size 60x22 [border: (1px inset #808080)] [r=3 c=0 rs=1 cs=1]
              RenderText {#text} at (2,2) size 56x17
                text run at (2,2) width 56: "Females"
            RenderTableCell {TD} at (88,74) size 47x22 [border: (1px inset #808080)] [r=3 c=1 rs=1 cs=1]
              RenderText {#text} at (24,2) size 21x17
                text run at (24,2) width 21: "1.7"
            RenderTableCell {TD} at (37,74) size 50x22 [border: (1px inset #808080)] [r=3 c=2 rs=1 cs=1]
              RenderText {#text} at (11,2) size 37x17
                text run at (11,2) width 37: "0.002"
            RenderTableCell {TD} at (2,74) size 34x22 [border: (1px inset #808080)] [r=3 c=3 rs=1 cs=1]
              RenderText {#text} at (2,2) size 30x17
                text run at (2,2) width 30: "43%"
