layer at (0,0) size 1110x585
  RenderView at (0,0) size 800x585
layer at (0,0) size 800x585
  RenderBlock {HTML} at (0,0) size 800x585
    RenderBody {BODY} at (8,8) size 784x569
      RenderTable {TABLE} at (0,0) size 1103x158 [border: (2px solid #0000FF)]
        RenderTableSection {TBODY} at (2,2) size 1099x154
          RenderTableRow {TR} at (0,2) size 1099x150
            RenderTableCell {TD} at (2,2) size 319x150 [border: (1px solid #C0C0C0)] [r=0 c=0 rs=1 cs=1]
              RenderTable {TABLE} at (2,2) size 315x146 [border: (2px solid #008000)]
                RenderTableSection {TBODY} at (2,2) size 311x142
                  RenderTableRow {TR} at (0,2) size 311x78
                    RenderTableCell {TD} at (2,2) size 307x78 [border: (1px solid #C0C0C0)] [r=0 c=0 rs=1 cs=1]
                      RenderTable {TABLE} at (2,2) size 209x44 [border: (2px solid #FF0000)]
                        RenderTableSection {TBODY} at (2,2) size 205x40
                          RenderTableRow {TR} at (0,2) size 205x36
                            RenderTableCell {TD} at (2,2) size 201x36 [border: (1px solid #C0C0C0)] [r=0 c=0 rs=1 cs=1]
                              RenderTextControl {INPUT} at (4,4) size 192x28 [bgcolor=#FFFFFF]
                              RenderText {#text} at (0,0) size 0x0
                      RenderTable {TABLE} at (2,46) size 303x30 [border: (2px solid #FF0000)]
                        RenderTableSection {TBODY} at (2,2) size 299x26
                          RenderTableRow {TR} at (0,2) size 299x22
                            RenderTableCell {TD} at (2,2) size 295x22 [border: (1px solid #C0C0C0)] [r=0 c=0 rs=1 cs=1]
                              RenderText {#text} at (2,2) size 248x17
                                text run at (2,2) width 248: "THIS TABLE NEEDS TO BE HERE"
                  RenderTableRow {TR} at (0,82) size 311x58
                    RenderTableCell {TD} at (2,82) size 307x58 [border: (1px solid #C0C0C0)] [r=1 c=0 rs=1 cs=1]
                      RenderTable {TABLE} at (2,2) size 303x54 [border: (2px solid #FF0000)]
                        RenderTableSection {TBODY} at (2,2) size 299x50
                          RenderTableRow {TR} at (0,2) size 299x46
                            RenderTableCell {TD} at (2,2) size 295x46 [border: (1px solid #C0C0C0)] [r=0 c=0 rs=1 cs=1]
                              RenderMenuList {SELECT} at (4,4) size 286x38 [bgcolor=#FFFFFF]
                                RenderBlock (anonymous) at (15,10) size 230x18
                                  RenderText at (0,0) size 230x17
                                    text run at (0,0) width 230: "USE THIS JAVASCRIPT HERE"
                              RenderText {#text} at (0,0) size 0x0
            RenderTableCell {TD} at (322,2) size 775x40 [border: (1px solid #C0C0C0)] [r=0 c=1 rs=1 cs=1]
              RenderText {#text} at (2,2) size 770x35
                text run at (2,2) width 770: "KEEPoTHEoTEXToHEREoASoLONGoASoPOSSIBLEooKEEPoTHEoTEXToHEREoASoLONGoASoPOSSIBLE"
                text run at (2,20) width 618: "THIS SIMULATES THE PROBLEM ON THE WWW.MAPBLAST.COM/ \"CREATE MAP\""
layer at (32,34) size 185x18 scrollWidth 198
  RenderBlock {DIV} at (4,6) size 185x18
    RenderText {#text} at (0,0) size 197x17
      text run at (0,0) width 197: "THIS NEEDS THIS VALUE"
