layer at (0,0) size 785x2496
  RenderView at (0,0) size 785x600
layer at (0,0) size 785x2496
  RenderBlock {HTML} at (0,0) size 785x2496
    RenderBody {BODY} at (8,8) size 769x2472 [bgcolor=#FFFFFF]
      RenderBlock {P} at (0,0) size 769x36
        RenderBlock (anonymous) at (0,0) size 769x18
          RenderText {#text} at (0,0) size 356x18
            text run at (0,0) width 356: "this table should be about 6 (12 in NavQuirks) pixels tall"
        RenderTable {TABLE} at (0,18) size 100x0 [bgcolor=#FFA500]
          RenderTableSection {TBODY} at (0,0) size 100x0
            RenderTableRow {TR} at (0,0) size 100x0
              RenderTableCell {TD} at (0,0) size 1x0 [r=0 c=0 rs=1 cs=1]
            RenderTableRow {TR} at (0,0) size 100x0
              RenderTableCell {TD} at (0,0) size 1x0 [r=1 c=0 rs=1 cs=1]
            RenderTableRow {TR} at (0,0) size 100x0
              RenderTableCell {TD} at (0,0) size 1x0 [r=2 c=0 rs=1 cs=1]
            RenderTableRow {TR} at (0,0) size 100x0
              RenderTableCell {TD} at (0,0) size 1x0 [r=3 c=0 rs=1 cs=1]
            RenderTableRow {TR} at (0,0) size 100x0
              RenderTableCell {TD} at (0,0) size 1x0 [r=4 c=0 rs=1 cs=1]
            RenderTableRow {TR} at (0,0) size 100x0
              RenderTableCell {TD} at (0,0) size 1x0 [r=5 c=0 rs=1 cs=1]
        RenderBlock (anonymous) at (0,18) size 769x18
          RenderBR {BR} at (0,0) size 0x18
      RenderBlock {P} at (0,52) size 769x50
        RenderBlock (anonymous) at (0,0) size 769x18
          RenderText {#text} at (0,0) size 356x18
            text run at (0,0) width 356: "this table should be about 8 (14 in NavQuirks) pixels tall"
        RenderTable {TABLE} at (0,18) size 100x14 [bgcolor=#FFA500] [border: (1px outset #808080)]
          RenderTableSection {TBODY} at (1,1) size 98x12
            RenderTableRow {TR} at (0,0) size 98x2
              RenderTableCell {TD} at (0,0) size 98x2 [border: (1px inset #808080)] [r=0 c=0 rs=1 cs=1]
            RenderTableRow {TR} at (0,2) size 98x2
              RenderTableCell {TD} at (0,2) size 98x2 [border: (1px inset #808080)] [r=1 c=0 rs=1 cs=1]
            RenderTableRow {TR} at (0,4) size 98x2
              RenderTableCell {TD} at (0,4) size 98x2 [border: (1px inset #808080)] [r=2 c=0 rs=1 cs=1]
            RenderTableRow {TR} at (0,6) size 98x2
              RenderTableCell {TD} at (0,6) size 98x2 [border: (1px inset #808080)] [r=3 c=0 rs=1 cs=1]
            RenderTableRow {TR} at (0,8) size 98x2
              RenderTableCell {TD} at (0,8) size 98x2 [border: (1px inset #808080)] [r=4 c=0 rs=1 cs=1]
            RenderTableRow {TR} at (0,10) size 98x2
              RenderTableCell {TD} at (0,10) size 98x2 [border: (1px inset #808080)] [r=5 c=0 rs=1 cs=1]
        RenderBlock (anonymous) at (0,32) size 769x18
          RenderBR {BR} at (0,0) size 0x18
      RenderBlock {P} at (0,118) size 769x48
        RenderBlock (anonymous) at (0,0) size 769x18
          RenderText {#text} at (0,0) size 244x18
            text run at (0,0) width 244: "this table should be about 12 pixels tall"
        RenderTable {TABLE} at (0,18) size 100x12 [bgcolor=#FFA500]
          RenderTableSection {TBODY} at (0,0) size 100x12
            RenderTableRow {TR} at (0,0) size 100x2
              RenderTableCell {TD} at (0,1) size 1x0 [r=0 c=0 rs=1 cs=1]
            RenderTableRow {TR} at (0,2) size 100x2
              RenderTableCell {TD} at (0,3) size 1x0 [r=1 c=0 rs=1 cs=1]
            RenderTableRow {TR} at (0,4) size 100x2
              RenderTableCell {TD} at (0,5) size 1x0 [r=2 c=0 rs=1 cs=1]
            RenderTableRow {TR} at (0,6) size 100x2
              RenderTableCell {TD} at (0,7) size 1x0 [r=3 c=0 rs=1 cs=1]
            RenderTableRow {TR} at (0,8) size 100x2
              RenderTableCell {TD} at (0,9) size 1x0 [r=4 c=0 rs=1 cs=1]
            RenderTableRow {TR} at (0,10) size 100x2
              RenderTableCell {TD} at (0,11) size 1x0 [r=5 c=0 rs=1 cs=1]
        RenderBlock (anonymous) at (0,30) size 769x18
          RenderBR {BR} at (0,0) size 0x18
      RenderBlock {P} at (0,182) size 769x50
        RenderBlock (anonymous) at (0,0) size 769x18
          RenderText {#text} at (0,0) size 244x18
            text run at (0,0) width 244: "this table should be about 14 pixels tall"
        RenderTable {TABLE} at (0,18) size 100x14 [bgcolor=#FFA500] [border: (1px outset #808080)]
          RenderTableSection {TBODY} at (1,1) size 98x12
            RenderTableRow {TR} at (0,0) size 98x2
              RenderTableCell {TD} at (0,0) size 98x2 [border: (1px inset #808080)] [r=0 c=0 rs=1 cs=1]
            RenderTableRow {TR} at (0,2) size 98x2
              RenderTableCell {TD} at (0,2) size 98x2 [border: (1px inset #808080)] [r=1 c=0 rs=1 cs=1]
            RenderTableRow {TR} at (0,4) size 98x2
              RenderTableCell {TD} at (0,4) size 98x2 [border: (1px inset #808080)] [r=2 c=0 rs=1 cs=1]
            RenderTableRow {TR} at (0,6) size 98x2
              RenderTableCell {TD} at (0,6) size 98x2 [border: (1px inset #808080)] [r=3 c=0 rs=1 cs=1]
            RenderTableRow {TR} at (0,8) size 98x2
              RenderTableCell {TD} at (0,8) size 98x2 [border: (1px inset #808080)] [r=4 c=0 rs=1 cs=1]
            RenderTableRow {TR} at (0,10) size 98x2
              RenderTableCell {TD} at (0,10) size 98x2 [border: (1px inset #808080)] [r=5 c=0 rs=1 cs=1]
        RenderBlock (anonymous) at (0,32) size 769x18
          RenderBR {BR} at (0,0) size 0x18
      RenderBlock {P} at (0,248) size 769x40
        RenderBlock (anonymous) at (0,0) size 769x18
          RenderText {#text} at (0,0) size 346x18
            text run at (0,0) width 346: "this table should be about 5 (3 in Standard) pixels wide"
        RenderTable {TABLE} at (0,18) size 5x4 [bgcolor=#FFA500] [border: (1px outset #808080)]
          RenderTableSection {TBODY} at (1,1) size 3x2
            RenderTableRow {TR} at (0,0) size 3x2
              RenderTableCell {TD} at (0,0) size 3x2 [border: (1px inset #808080)] [r=0 c=0 rs=1 cs=1]
        RenderBlock (anonymous) at (0,22) size 769x18
          RenderBR {BR} at (0,0) size 0x18
      RenderBlock {P} at (0,304) size 769x40
        RenderBlock (anonymous) at (0,0) size 769x18
          RenderText {#text} at (0,0) size 346x18
            text run at (0,0) width 346: "this table should be about 8 (4 in Standard) pixels wide"
        RenderTable {TABLE} at (0,18) size 7x4 [bgcolor=#FFA500] [border: (1px outset #808080)]
          RenderTableSection {TBODY} at (1,1) size 5x2
            RenderTableRow {TR} at (0,0) size 5x2
              RenderTableCell {TD} at (0,0) size 3x2 [border: (1px inset #808080)] [r=0 c=0 rs=1 cs=1]
              RenderTableCell {TD} at (2,0) size 3x2 [border: (1px inset #808080)] [r=0 c=1 rs=1 cs=1]
        RenderBlock (anonymous) at (0,22) size 769x18
          RenderBR {BR} at (0,0) size 0x18
      RenderBlock {P} at (0,360) size 769x40
        RenderBlock (anonymous) at (0,0) size 769x18
          RenderText {#text} at (0,0) size 354x18
            text run at (0,0) width 354: "this table should be about 20 (8 in Standard) pixels wide"
        RenderTable {TABLE} at (0,18) size 15x4 [bgcolor=#FFA500] [border: (1px outset #808080)]
          RenderTableSection {TBODY} at (1,1) size 13x2
            RenderTableRow {TR} at (0,0) size 13x2
              RenderTableCell {TD} at (0,0) size 3x2 [border: (1px inset #808080)] [r=0 c=0 rs=1 cs=1]
              RenderTableCell {TD} at (2,0) size 3x2 [border: (1px inset #808080)] [r=0 c=1 rs=1 cs=1]
              RenderTableCell {TD} at (4,0) size 3x2 [border: (1px inset #808080)] [r=0 c=2 rs=1 cs=1]
              RenderTableCell {TD} at (6,0) size 3x2 [border: (1px inset #808080)] [r=0 c=3 rs=1 cs=1]
              RenderTableCell {TD} at (8,0) size 3x2 [border: (1px inset #808080)] [r=0 c=4 rs=1 cs=1]
              RenderTableCell {TD} at (10,0) size 3x2 [border: (1px inset #808080)] [r=0 c=5 rs=1 cs=1]
        RenderBlock (anonymous) at (0,22) size 769x18
          RenderBR {BR} at (0,0) size 0x18
      RenderBlock {P} at (0,416) size 769x40
        RenderBlock (anonymous) at (0,0) size 769x18
          RenderText {#text} at (0,0) size 438x18
            text run at (0,0) width 438: "this table should be about 272 pixels wide, but can shrink to 92 pixels"
        RenderTable {TABLE} at (0,18) size 184x4 [bgcolor=#FFA500] [border: (1px outset #808080)]
          RenderTableSection {TBODY} at (1,1) size 182x2
            RenderTableRow {TR} at (0,0) size 182x2
              RenderTableCell {TD} at (0,0) size 3x2 [border: (1px inset #808080)] [r=0 c=0 rs=1 cs=1]
              RenderTableCell {TD} at (2,0) size 3x2 [border: (1px inset #808080)] [r=0 c=1 rs=1 cs=1]
              RenderTableCell {TD} at (4,0) size 3x2 [border: (1px inset #808080)] [r=0 c=2 rs=1 cs=1]
              RenderTableCell {TD} at (6,0) size 3x2 [border: (1px inset #808080)] [r=0 c=3 rs=1 cs=1]
              RenderTableCell {TD} at (8,0) size 3x2 [border: (1px inset #808080)] [r=0 c=4 rs=1 cs=1]
              RenderTableCell {TD} at (10,0) size 3x2 [border: (1px inset #808080)] [r=0 c=5 rs=1 cs=1]
              RenderTableCell {TD} at (12,0) size 3x2 [border: (1px inset #808080)] [r=0 c=6 rs=1 cs=1]
              RenderTableCell {TD} at (14,0) size 3x2 [border: (1px inset #808080)] [r=0 c=7 rs=1 cs=1]
              RenderTableCell {TD} at (16,0) size 3x2 [border: (1px inset #808080)] [r=0 c=8 rs=1 cs=1]
              RenderTableCell {TD} at (18,0) size 3x2 [border: (1px inset #808080)] [r=0 c=9 rs=1 cs=1]
              RenderTableCell {TD} at (20,0) size 3x2 [border: (1px inset #808080)] [r=0 c=10 rs=1 cs=1]
              RenderTableCell {TD} at (22,0) size 3x2 [border: (1px inset #808080)] [r=0 c=11 rs=1 cs=1]
              RenderTableCell {TD} at (24,0) size 3x2 [border: (1px inset #808080)] [r=0 c=12 rs=1 cs=1]
              RenderTableCell {TD} at (26,0) size 3x2 [border: (1px inset #808080)] [r=0 c=13 rs=1 cs=1]
              RenderTableCell {TD} at (28,0) size 3x2 [border: (1px inset #808080)] [r=0 c=14 rs=1 cs=1]
              RenderTableCell {TD} at (30,0) size 3x2 [border: (1px inset #808080)] [r=0 c=15 rs=1 cs=1]
              RenderTableCell {TD} at (32,0) size 3x2 [border: (1px inset #808080)] [r=0 c=16 rs=1 cs=1]
              RenderTableCell {TD} at (34,0) size 3x2 [border: (1px inset #808080)] [r=0 c=17 rs=1 cs=1]
              RenderTableCell {TD} at (36,0) size 3x2 [border: (1px inset #808080)] [r=0 c=18 rs=1 cs=1]
              RenderTableCell {TD} at (38,0) size 3x2 [border: (1px inset #808080)] [r=0 c=19 rs=1 cs=1]
              RenderTableCell {TD} at (40,0) size 3x2 [border: (1px inset #808080)] [r=0 c=20 rs=1 cs=1]
              RenderTableCell {TD} at (42,0) size 3x2 [border: (1px inset #808080)] [r=0 c=21 rs=1 cs=1]
              RenderTableCell {TD} at (44,0) size 3x2 [border: (1px inset #808080)] [r=0 c=22 rs=1 cs=1]
              RenderTableCell {TD} at (46,0) size 3x2 [border: (1px inset #808080)] [r=0 c=23 rs=1 cs=1]
              RenderTableCell {TD} at (48,0) size 3x2 [border: (1px inset #808080)] [r=0 c=24 rs=1 cs=1]
              RenderTableCell {TD} at (50,0) size 3x2 [border: (1px inset #808080)] [r=0 c=25 rs=1 cs=1]
              RenderTableCell {TD} at (52,0) size 3x2 [border: (1px inset #808080)] [r=0 c=26 rs=1 cs=1]
              RenderTableCell {TD} at (54,0) size 3x2 [border: (1px inset #808080)] [r=0 c=27 rs=1 cs=1]
              RenderTableCell {TD} at (56,0) size 3x2 [border: (1px inset #808080)] [r=0 c=28 rs=1 cs=1]
              RenderTableCell {TD} at (58,0) size 3x2 [border: (1px inset #808080)] [r=0 c=29 rs=1 cs=1]
              RenderTableCell {TD} at (60,0) size 3x2 [border: (1px inset #808080)] [r=0 c=30 rs=1 cs=1]
              RenderTableCell {TD} at (62,0) size 3x2 [border: (1px inset #808080)] [r=0 c=31 rs=1 cs=1]
              RenderTableCell {TD} at (64,0) size 3x2 [border: (1px inset #808080)] [r=0 c=32 rs=1 cs=1]
              RenderTableCell {TD} at (66,0) size 3x2 [border: (1px inset #808080)] [r=0 c=33 rs=1 cs=1]
              RenderTableCell {TD} at (68,0) size 3x2 [border: (1px inset #808080)] [r=0 c=34 rs=1 cs=1]
              RenderTableCell {TD} at (70,0) size 3x2 [border: (1px inset #808080)] [r=0 c=35 rs=1 cs=1]
              RenderTableCell {TD} at (72,0) size 3x2 [border: (1px inset #808080)] [r=0 c=36 rs=1 cs=1]
              RenderTableCell {TD} at (74,0) size 3x2 [border: (1px inset #808080)] [r=0 c=37 rs=1 cs=1]
              RenderTableCell {TD} at (76,0) size 3x2 [border: (1px inset #808080)] [r=0 c=38 rs=1 cs=1]
              RenderTableCell {TD} at (78,0) size 3x2 [border: (1px inset #808080)] [r=0 c=39 rs=1 cs=1]
              RenderTableCell {TD} at (80,0) size 3x2 [border: (1px inset #808080)] [r=0 c=40 rs=1 cs=1]
              RenderTableCell {TD} at (82,0) size 3x2 [border: (1px inset #808080)] [r=0 c=41 rs=1 cs=1]
              RenderTableCell {TD} at (84,0) size 3x2 [border: (1px inset #808080)] [r=0 c=42 rs=1 cs=1]
              RenderTableCell {TD} at (86,0) size 3x2 [border: (1px inset #808080)] [r=0 c=43 rs=1 cs=1]
              RenderTableCell {TD} at (88,0) size 3x2 [border: (1px inset #808080)] [r=0 c=44 rs=1 cs=1]
              RenderTableCell {TD} at (90,0) size 3x2 [border: (1px inset #808080)] [r=0 c=45 rs=1 cs=1]
              RenderTableCell {TD} at (92,0) size 3x2 [border: (1px inset #808080)] [r=0 c=46 rs=1 cs=1]
              RenderTableCell {TD} at (94,0) size 3x2 [border: (1px inset #808080)] [r=0 c=47 rs=1 cs=1]
              RenderTableCell {TD} at (96,0) size 3x2 [border: (1px inset #808080)] [r=0 c=48 rs=1 cs=1]
              RenderTableCell {TD} at (98,0) size 3x2 [border: (1px inset #808080)] [r=0 c=49 rs=1 cs=1]
              RenderTableCell {TD} at (100,0) size 3x2 [border: (1px inset #808080)] [r=0 c=50 rs=1 cs=1]
              RenderTableCell {TD} at (102,0) size 3x2 [border: (1px inset #808080)] [r=0 c=51 rs=1 cs=1]
              RenderTableCell {TD} at (104,0) size 3x2 [border: (1px inset #808080)] [r=0 c=52 rs=1 cs=1]
              RenderTableCell {TD} at (106,0) size 3x2 [border: (1px inset #808080)] [r=0 c=53 rs=1 cs=1]
              RenderTableCell {TD} at (108,0) size 3x2 [border: (1px inset #808080)] [r=0 c=54 rs=1 cs=1]
              RenderTableCell {TD} at (110,0) size 3x2 [border: (1px inset #808080)] [r=0 c=55 rs=1 cs=1]
              RenderTableCell {TD} at (112,0) size 3x2 [border: (1px inset #808080)] [r=0 c=56 rs=1 cs=1]
              RenderTableCell {TD} at (114,0) size 3x2 [border: (1px inset #808080)] [r=0 c=57 rs=1 cs=1]
              RenderTableCell {TD} at (116,0) size 3x2 [border: (1px inset #808080)] [r=0 c=58 rs=1 cs=1]
              RenderTableCell {TD} at (118,0) size 3x2 [border: (1px inset #808080)] [r=0 c=59 rs=1 cs=1]
              RenderTableCell {TD} at (120,0) size 3x2 [border: (1px inset #808080)] [r=0 c=60 rs=1 cs=1]
              RenderTableCell {TD} at (122,0) size 3x2 [border: (1px inset #808080)] [r=0 c=61 rs=1 cs=1]
              RenderTableCell {TD} at (124,0) size 3x2 [border: (1px inset #808080)] [r=0 c=62 rs=1 cs=1]
              RenderTableCell {TD} at (126,0) size 3x2 [border: (1px inset #808080)] [r=0 c=63 rs=1 cs=1]
              RenderTableCell {TD} at (129,0) size 3x2 [border: (1px inset #808080)] [r=0 c=64 rs=1 cs=1]
              RenderTableCell {TD} at (131,0) size 3x2 [border: (1px inset #808080)] [r=0 c=65 rs=1 cs=1]
              RenderTableCell {TD} at (133,0) size 3x2 [border: (1px inset #808080)] [r=0 c=66 rs=1 cs=1]
              RenderTableCell {TD} at (135,0) size 3x2 [border: (1px inset #808080)] [r=0 c=67 rs=1 cs=1]
              RenderTableCell {TD} at (137,0) size 3x2 [border: (1px inset #808080)] [r=0 c=68 rs=1 cs=1]
              RenderTableCell {TD} at (139,0) size 3x2 [border: (1px inset #808080)] [r=0 c=69 rs=1 cs=1]
              RenderTableCell {TD} at (141,0) size 3x2 [border: (1px inset #808080)] [r=0 c=70 rs=1 cs=1]
              RenderTableCell {TD} at (143,0) size 3x2 [border: (1px inset #808080)] [r=0 c=71 rs=1 cs=1]
              RenderTableCell {TD} at (145,0) size 3x2 [border: (1px inset #808080)] [r=0 c=72 rs=1 cs=1]
              RenderTableCell {TD} at (147,0) size 3x2 [border: (1px inset #808080)] [r=0 c=73 rs=1 cs=1]
              RenderTableCell {TD} at (149,0) size 3x2 [border: (1px inset #808080)] [r=0 c=74 rs=1 cs=1]
              RenderTableCell {TD} at (151,0) size 3x2 [border: (1px inset #808080)] [r=0 c=75 rs=1 cs=1]
              RenderTableCell {TD} at (153,0) size 3x2 [border: (1px inset #808080)] [r=0 c=76 rs=1 cs=1]
              RenderTableCell {TD} at (155,0) size 3x2 [border: (1px inset #808080)] [r=0 c=77 rs=1 cs=1]
              RenderTableCell {TD} at (157,0) size 3x2 [border: (1px inset #808080)] [r=0 c=78 rs=1 cs=1]
              RenderTableCell {TD} at (159,0) size 3x2 [border: (1px inset #808080)] [r=0 c=79 rs=1 cs=1]
              RenderTableCell {TD} at (161,0) size 3x2 [border: (1px inset #808080)] [r=0 c=80 rs=1 cs=1]
              RenderTableCell {TD} at (163,0) size 3x2 [border: (1px inset #808080)] [r=0 c=81 rs=1 cs=1]
              RenderTableCell {TD} at (165,0) size 3x2 [border: (1px inset #808080)] [r=0 c=82 rs=1 cs=1]
              RenderTableCell {TD} at (167,0) size 3x2 [border: (1px inset #808080)] [r=0 c=83 rs=1 cs=1]
              RenderTableCell {TD} at (169,0) size 3x2 [border: (1px inset #808080)] [r=0 c=84 rs=1 cs=1]
              RenderTableCell {TD} at (171,0) size 3x2 [border: (1px inset #808080)] [r=0 c=85 rs=1 cs=1]
              RenderTableCell {TD} at (173,0) size 3x2 [border: (1px inset #808080)] [r=0 c=86 rs=1 cs=1]
              RenderTableCell {TD} at (175,0) size 3x2 [border: (1px inset #808080)] [r=0 c=87 rs=1 cs=1]
              RenderTableCell {TD} at (177,0) size 3x2 [border: (1px inset #808080)] [r=0 c=88 rs=1 cs=1]
              RenderTableCell {TD} at (179,0) size 3x2 [border: (1px inset #808080)] [r=0 c=89 rs=1 cs=1]
        RenderBlock (anonymous) at (0,22) size 769x18
          RenderBR {BR} at (0,0) size 0x18
      RenderBlock {P} at (0,472) size 769x40
        RenderBlock (anonymous) at (0,0) size 769x18
          RenderText {#text} at (0,0) size 399x18
            text run at (0,0) width 399: "this table should be about 8 pixels wide (nested without border)"
        RenderTable {TABLE} at (0,18) size 11x4 [border: (1px outset #808080)]
          RenderTableSection {TBODY} at (1,1) size 9x2
            RenderTableRow {TR} at (0,0) size 9x2
              RenderTableCell {TD} at (0,0) size 9x2 [border: (1px inset #808080)] [r=0 c=0 rs=1 cs=1]
                RenderTable {TABLE} at (1,1) size 6x0 [bgcolor=#FFA500]
                  RenderTableSection {TBODY} at (0,0) size 6x0
                    RenderTableRow {TR} at (0,0) size 6x0
                      RenderTableCell {TD} at (0,0) size 1x0 [r=0 c=0 rs=1 cs=1]
                      RenderTableCell {TD} at (0,0) size 1x0 [r=0 c=1 rs=1 cs=1]
                      RenderTableCell {TD} at (0,0) size 1x0 [r=0 c=2 rs=1 cs=1]
                      RenderTableCell {TD} at (0,0) size 1x0 [r=0 c=3 rs=1 cs=1]
                      RenderTableCell {TD} at (0,0) size 1x0 [r=0 c=4 rs=1 cs=1]
                      RenderTableCell {TD} at (0,0) size 1x0 [r=0 c=5 rs=1 cs=1]
        RenderBlock (anonymous) at (0,22) size 769x18
          RenderBR {BR} at (0,0) size 0x18
      RenderBlock {P} at (0,528) size 769x18
        RenderText {#text} at (0,0) size 484x18
          text run at (0,0) width 484: "this table should be about 122 pixels wide (nested, width=10 without border)"
      RenderBlock {HR} at (0,562) size 124x2 [border: (1px inset #000000)]
      RenderTable {TABLE} at (0,572) size 125x4 [border: (1px outset #808080)]
        RenderTableSection {TBODY} at (1,1) size 123x2
          RenderTableRow {TR} at (0,0) size 123x2
            RenderTableCell {TD} at (0,0) size 123x2 [border: (1px inset #808080)] [r=0 c=0 rs=1 cs=1]
              RenderTable {TABLE} at (1,1) size 121x0 [bgcolor=#FFA500]
                RenderTableSection {TBODY} at (0,0) size 121x0
                  RenderTableRow {TR} at (0,0) size 121x0
                    RenderTableCell {TD} at (0,0) size 11x0 [r=0 c=0 rs=1 cs=1]
                    RenderTableCell {TD} at (10,0) size 11x0 [r=0 c=1 rs=1 cs=1]
                    RenderTableCell {TD} at (20,0) size 11x0 [r=0 c=2 rs=1 cs=1]
                    RenderTableCell {TD} at (30,0) size 11x0 [r=0 c=3 rs=1 cs=1]
                    RenderTableCell {TD} at (40,0) size 11x0 [r=0 c=4 rs=1 cs=1]
                    RenderTableCell {TD} at (50,0) size 11x0 [r=0 c=5 rs=1 cs=1]
                    RenderTableCell {TD} at (60,0) size 11x0 [r=0 c=6 rs=1 cs=1]
                    RenderTableCell {TD} at (70,0) size 11x0 [r=0 c=7 rs=1 cs=1]
                    RenderTableCell {TD} at (80,0) size 11x0 [r=0 c=8 rs=1 cs=1]
                    RenderTableCell {TD} at (90,0) size 11x0 [r=0 c=9 rs=1 cs=1]
                    RenderTableCell {TD} at (100,0) size 11x0 [r=0 c=10 rs=1 cs=1]
                    RenderTableCell {TD} at (110,0) size 11x0 [r=0 c=11 rs=1 cs=1]
      RenderBlock (anonymous) at (0,576) size 769x18
        RenderBR {BR} at (0,0) size 0x18
      RenderBlock {P} at (0,610) size 769x42
        RenderBlock (anonymous) at (0,0) size 769x18
          RenderText {#text} at (0,0) size 360x18
            text run at (0,0) width 360: "this table should be about 32 pixels wide (cellpadding=1)"
        RenderTable {TABLE} at (0,18) size 27x6 [bgcolor=#FFA500] [border: (1px outset #808080)]
          RenderTableSection {TBODY} at (1,1) size 25x4
            RenderTableRow {TR} at (0,0) size 25x4
              RenderTableCell {TD} at (0,0) size 5x4 [border: (1px inset #808080)] [r=0 c=0 rs=1 cs=1]
              RenderTableCell {TD} at (4,0) size 5x4 [border: (1px inset #808080)] [r=0 c=1 rs=1 cs=1]
              RenderTableCell {TD} at (8,0) size 5x4 [border: (1px inset #808080)] [r=0 c=2 rs=1 cs=1]
              RenderTableCell {TD} at (12,0) size 5x4 [border: (1px inset #808080)] [r=0 c=3 rs=1 cs=1]
              RenderTableCell {TD} at (16,0) size 5x4 [border: (1px inset #808080)] [r=0 c=4 rs=1 cs=1]
              RenderTableCell {TD} at (20,0) size 5x4 [border: (1px inset #808080)] [r=0 c=5 rs=1 cs=1]
        RenderBlock (anonymous) at (0,24) size 769x18
          RenderBR {BR} at (0,0) size 0x18
      RenderBlock {P} at (0,668) size 769x40
        RenderBlock (anonymous) at (0,0) size 769x18
          RenderText {#text} at (0,0) size 323x18
            text run at (0,0) width 323: "this table should be about 26 pixels wide (width=2)"
        RenderTable {TABLE} at (0,18) size 27x4 [bgcolor=#FFA500] [border: (1px outset #808080)]
          RenderTableSection {TBODY} at (1,1) size 25x2
            RenderTableRow {TR} at (0,0) size 25x2
              RenderTableCell {TD} at (0,0) size 5x2 [border: (1px inset #808080)] [r=0 c=0 rs=1 cs=1]
              RenderTableCell {TD} at (4,0) size 5x2 [border: (1px inset #808080)] [r=0 c=1 rs=1 cs=1]
              RenderTableCell {TD} at (8,0) size 5x2 [border: (1px inset #808080)] [r=0 c=2 rs=1 cs=1]
              RenderTableCell {TD} at (12,0) size 5x2 [border: (1px inset #808080)] [r=0 c=3 rs=1 cs=1]
              RenderTableCell {TD} at (16,0) size 5x2 [border: (1px inset #808080)] [r=0 c=4 rs=1 cs=1]
              RenderTableCell {TD} at (20,0) size 5x2 [border: (1px inset #808080)] [r=0 c=5 rs=1 cs=1]
        RenderBlock (anonymous) at (0,22) size 769x18
          RenderBR {BR} at (0,0) size 0x18
      RenderBlock {P} at (0,724) size 769x40
        RenderBlock (anonymous) at (0,0) size 769x18
          RenderText {#text} at (0,0) size 335x18
            text run at (0,0) width 335: "this table should be about 20 pixels wide (colspan=3)"
        RenderTable {TABLE} at (0,18) size 15x4 [bgcolor=#FFA500] [border: (1px outset #808080)]
          RenderTableSection {TBODY} at (1,1) size 13x2
            RenderTableRow {TR} at (0,0) size 13x2
              RenderTableCell {TD} at (0,0) size 3x2 [border: (1px inset #808080)] [r=0 c=0 rs=1 cs=3]
              RenderTableCell {TD} at (2,0) size 3x2 [border: (1px inset #808080)] [r=0 c=3 rs=1 cs=3]
              RenderTableCell {TD} at (4,0) size 3x2 [border: (1px inset #808080)] [r=0 c=6 rs=1 cs=3]
              RenderTableCell {TD} at (6,0) size 3x2 [border: (1px inset #808080)] [r=0 c=9 rs=1 cs=3]
              RenderTableCell {TD} at (8,0) size 3x2 [border: (1px inset #808080)] [r=0 c=12 rs=1 cs=3]
              RenderTableCell {TD} at (10,0) size 3x2 [border: (1px inset #808080)] [r=0 c=15 rs=1 cs=3]
        RenderBlock (anonymous) at (0,22) size 769x18
          RenderBR {BR} at (0,0) size 0x18
      RenderBlock {P} at (0,780) size 769x40
        RenderBlock (anonymous) at (0,0) size 769x18
          RenderText {#text} at (0,0) size 392x18
            text run at (0,0) width 392: "this table should be about 26 pixels wide (colspan=3 width=2)"
        RenderTable {TABLE} at (0,18) size 27x4 [bgcolor=#FFA500] [border: (1px outset #808080)]
          RenderTableSection {TBODY} at (1,1) size 25x2
            RenderTableRow {TR} at (0,0) size 25x2
              RenderTableCell {TD} at (0,0) size 5x2 [border: (1px inset #808080)] [r=0 c=0 rs=1 cs=3]
              RenderTableCell {TD} at (4,0) size 5x2 [border: (1px inset #808080)] [r=0 c=3 rs=1 cs=3]
              RenderTableCell {TD} at (8,0) size 5x2 [border: (1px inset #808080)] [r=0 c=6 rs=1 cs=3]
              RenderTableCell {TD} at (12,0) size 5x2 [border: (1px inset #808080)] [r=0 c=9 rs=1 cs=3]
              RenderTableCell {TD} at (16,0) size 5x2 [border: (1px inset #808080)] [r=0 c=12 rs=1 cs=3]
              RenderTableCell {TD} at (20,0) size 5x2 [border: (1px inset #808080)] [r=0 c=15 rs=1 cs=3]
        RenderBlock (anonymous) at (0,22) size 769x18
          RenderBR {BR} at (0,0) size 0x18
      RenderBlock {P} at (0,836) size 769x40
        RenderBlock (anonymous) at (0,0) size 769x18
          RenderText {#text} at (0,0) size 335x18
            text run at (0,0) width 335: "this table should be about 26 pixels wide (colspan=4)"
        RenderTable {TABLE} at (0,18) size 15x4 [bgcolor=#FFA500] [border: (1px outset #808080)]
          RenderTableSection {TBODY} at (1,1) size 13x2
            RenderTableRow {TR} at (0,0) size 13x2
              RenderTableCell {TD} at (0,0) size 3x2 [border: (1px inset #808080)] [r=0 c=0 rs=1 cs=4]
              RenderTableCell {TD} at (2,0) size 3x2 [border: (1px inset #808080)] [r=0 c=4 rs=1 cs=4]
              RenderTableCell {TD} at (4,0) size 3x2 [border: (1px inset #808080)] [r=0 c=8 rs=1 cs=4]
              RenderTableCell {TD} at (6,0) size 3x2 [border: (1px inset #808080)] [r=0 c=12 rs=1 cs=4]
              RenderTableCell {TD} at (8,0) size 3x2 [border: (1px inset #808080)] [r=0 c=16 rs=1 cs=4]
              RenderTableCell {TD} at (10,0) size 3x2 [border: (1px inset #808080)] [r=0 c=20 rs=1 cs=4]
        RenderBlock (anonymous) at (0,22) size 769x18
          RenderBR {BR} at (0,0) size 0x18
      RenderBlock {P} at (0,892) size 769x44
        RenderBlock (anonymous) at (0,0) size 769x18
          RenderText {#text} at (0,0) size 430x18
            text run at (0,0) width 430: "this table should be about 38 pixels wide (colspan=4, cellspacing=2)"
        RenderTable {TABLE} at (0,18) size 29x8 [bgcolor=#FFA500] [border: (1px outset #808080)]
          RenderTableSection {TBODY} at (1,1) size 27x6
            RenderTableRow {TR} at (0,2) size 27x2
              RenderTableCell {TD} at (2,2) size 3x2 [border: (1px inset #808080)] [r=0 c=0 rs=1 cs=4]
              RenderTableCell {TD} at (6,2) size 3x2 [border: (1px inset #808080)] [r=0 c=4 rs=1 cs=4]
              RenderTableCell {TD} at (10,2) size 3x2 [border: (1px inset #808080)] [r=0 c=8 rs=1 cs=4]
              RenderTableCell {TD} at (14,2) size 3x2 [border: (1px inset #808080)] [r=0 c=12 rs=1 cs=4]
              RenderTableCell {TD} at (18,2) size 3x2 [border: (1px inset #808080)] [r=0 c=16 rs=1 cs=4]
              RenderTableCell {TD} at (22,2) size 3x2 [border: (1px inset #808080)] [r=0 c=20 rs=1 cs=4]
        RenderBlock (anonymous) at (0,26) size 769x18
          RenderBR {BR} at (0,0) size 0x18
      RenderBlock {P} at (0,952) size 769x44
        RenderBlock (anonymous) at (0,0) size 769x18
          RenderText {#text} at (0,0) size 433x18
            text run at (0,0) width 433: "this table should be about 38 pixels wide (colspan=4, cellpadding=2)"
        RenderTable {TABLE} at (0,18) size 39x8 [bgcolor=#FFA500] [border: (1px outset #808080)]
          RenderTableSection {TBODY} at (1,1) size 37x6
            RenderTableRow {TR} at (0,0) size 37x6
              RenderTableCell {TD} at (0,0) size 7x6 [border: (1px inset #808080)] [r=0 c=0 rs=1 cs=4]
              RenderTableCell {TD} at (6,0) size 7x6 [border: (1px inset #808080)] [r=0 c=4 rs=1 cs=4]
              RenderTableCell {TD} at (12,0) size 7x6 [border: (1px inset #808080)] [r=0 c=8 rs=1 cs=4]
              RenderTableCell {TD} at (18,0) size 7x6 [border: (1px inset #808080)] [r=0 c=12 rs=1 cs=4]
              RenderTableCell {TD} at (24,0) size 7x6 [border: (1px inset #808080)] [r=0 c=16 rs=1 cs=4]
              RenderTableCell {TD} at (30,0) size 7x6 [border: (1px inset #808080)] [r=0 c=20 rs=1 cs=4]
        RenderBlock (anonymous) at (0,26) size 769x18
          RenderBR {BR} at (0,0) size 0x18
      RenderBlock {P} at (0,1012) size 769x46
        RenderBlock (anonymous) at (0,0) size 769x18
          RenderText {#text} at (0,0) size 433x18
            text run at (0,0) width 433: "this table should be about 38 pixels wide (colspan=4, cellpadding=3)"
        RenderTable {TABLE} at (0,18) size 51x10 [bgcolor=#FFA500] [border: (1px outset #808080)]
          RenderTableSection {TBODY} at (1,1) size 49x8
            RenderTableRow {TR} at (0,0) size 49x8
              RenderTableCell {TD} at (0,0) size 9x8 [border: (1px inset #808080)] [r=0 c=0 rs=1 cs=4]
              RenderTableCell {TD} at (8,0) size 9x8 [border: (1px inset #808080)] [r=0 c=4 rs=1 cs=4]
              RenderTableCell {TD} at (16,0) size 9x8 [border: (1px inset #808080)] [r=0 c=8 rs=1 cs=4]
              RenderTableCell {TD} at (24,0) size 9x8 [border: (1px inset #808080)] [r=0 c=12 rs=1 cs=4]
              RenderTableCell {TD} at (32,0) size 9x8 [border: (1px inset #808080)] [r=0 c=16 rs=1 cs=4]
              RenderTableCell {TD} at (40,0) size 9x8 [border: (1px inset #808080)] [r=0 c=20 rs=1 cs=4]
        RenderBlock (anonymous) at (0,28) size 769x18
          RenderBR {BR} at (0,0) size 0x18
      RenderBlock {P} at (0,1074) size 769x40
        RenderBlock (anonymous) at (0,0) size 769x18
          RenderText {#text} at (0,0) size 392x18
            text run at (0,0) width 392: "this table should be about 26 pixels wide (colspan=4 width=2)"
        RenderTable {TABLE} at (0,18) size 27x4 [bgcolor=#FFA500] [border: (1px outset #808080)]
          RenderTableSection {TBODY} at (1,1) size 25x2
            RenderTableRow {TR} at (0,0) size 25x2
              RenderTableCell {TD} at (0,0) size 5x2 [border: (1px inset #808080)] [r=0 c=0 rs=1 cs=4]
              RenderTableCell {TD} at (4,0) size 5x2 [border: (1px inset #808080)] [r=0 c=4 rs=1 cs=4]
              RenderTableCell {TD} at (8,0) size 5x2 [border: (1px inset #808080)] [r=0 c=8 rs=1 cs=4]
              RenderTableCell {TD} at (12,0) size 5x2 [border: (1px inset #808080)] [r=0 c=12 rs=1 cs=4]
              RenderTableCell {TD} at (16,0) size 5x2 [border: (1px inset #808080)] [r=0 c=16 rs=1 cs=4]
              RenderTableCell {TD} at (20,0) size 5x2 [border: (1px inset #808080)] [r=0 c=20 rs=1 cs=4]
        RenderBlock (anonymous) at (0,22) size 769x18
          RenderBR {BR} at (0,0) size 0x18
      RenderBlock {P} at (0,1130) size 769x58
        RenderBlock (anonymous) at (0,0) size 769x18
          RenderText {#text} at (0,0) size 393x18
            text run at (0,0) width 393: "this table should be about 20 pixels wide (colspan=3 with BR)"
        RenderTable {TABLE} at (0,18) size 15x22 [bgcolor=#FFA500] [border: (1px outset #808080)]
          RenderTableSection {TBODY} at (1,1) size 13x20
            RenderTableRow {TR} at (0,0) size 13x20
              RenderTableCell {TD} at (0,0) size 3x20 [border: (1px inset #808080)] [r=0 c=0 rs=1 cs=3]
                RenderBR {BR} at (1,1) size 0x18
              RenderTableCell {TD} at (2,0) size 3x20 [border: (1px inset #808080)] [r=0 c=3 rs=1 cs=3]
                RenderBR {BR} at (1,1) size 0x18
              RenderTableCell {TD} at (4,0) size 3x20 [border: (1px inset #808080)] [r=0 c=6 rs=1 cs=3]
                RenderBR {BR} at (1,1) size 0x18
              RenderTableCell {TD} at (6,0) size 3x20 [border: (1px inset #808080)] [r=0 c=9 rs=1 cs=3]
                RenderBR {BR} at (1,1) size 0x18
              RenderTableCell {TD} at (8,0) size 3x20 [border: (1px inset #808080)] [r=0 c=12 rs=1 cs=3]
                RenderBR {BR} at (1,1) size 0x18
              RenderTableCell {TD} at (10,0) size 3x20 [border: (1px inset #808080)] [r=0 c=15 rs=1 cs=3]
                RenderBR {BR} at (1,1) size 0x18
        RenderBlock (anonymous) at (0,40) size 769x18
          RenderBR {BR} at (0,0) size 0x18
      RenderBlock {P} at (0,1204) size 769x58
        RenderBlock (anonymous) at (0,0) size 769x18
          RenderText {#text} at (0,0) size 393x18
            text run at (0,0) width 393: "this table should be about 20 pixels wide (colspan=3 with BR)"
        RenderTable {TABLE} at (0,18) size 15x22 [bgcolor=#FFA500] [border: (1px outset #808080)]
          RenderTableSection {TBODY} at (1,1) size 13x20
            RenderTableRow {TR} at (0,0) size 13x20
              RenderTableCell {TD} at (0,0) size 3x20 [border: (1px inset #808080)] [r=0 c=0 rs=1 cs=3]
                RenderBR {BR} at (1,1) size 0x18
              RenderTableCell {TD} at (2,0) size 3x20 [border: (1px inset #808080)] [r=0 c=3 rs=1 cs=3]
                RenderBR {BR} at (1,1) size 0x18
              RenderTableCell {TD} at (4,0) size 3x20 [border: (1px inset #808080)] [r=0 c=6 rs=1 cs=3]
                RenderBR {BR} at (1,1) size 0x18
              RenderTableCell {TD} at (6,0) size 3x20 [border: (1px inset #808080)] [r=0 c=9 rs=1 cs=3]
                RenderBR {BR} at (1,1) size 0x18
              RenderTableCell {TD} at (8,0) size 3x20 [border: (1px inset #808080)] [r=0 c=12 rs=1 cs=3]
                RenderBR {BR} at (1,1) size 0x18
              RenderTableCell {TD} at (10,0) size 3x20 [border: (1px inset #808080)] [r=0 c=15 rs=1 cs=3]
                RenderBR {BR} at (1,1) size 0x18
        RenderBlock (anonymous) at (0,40) size 769x18
          RenderBR {BR} at (0,0) size 0x18
      RenderBlock {P} at (0,1278) size 769x58
        RenderBlock (anonymous) at (0,0) size 769x18
          RenderText {#text} at (0,0) size 450x18
            text run at (0,0) width 450: "this table should be about 26 pixels wide (colspan=3 width=2 with BR)"
        RenderTable {TABLE} at (0,18) size 27x22 [bgcolor=#FFA500] [border: (1px outset #808080)]
          RenderTableSection {TBODY} at (1,1) size 25x20
            RenderTableRow {TR} at (0,0) size 25x20
              RenderTableCell {TD} at (0,0) size 5x20 [border: (1px inset #808080)] [r=0 c=0 rs=1 cs=3]
                RenderBR {BR} at (1,1) size 0x18
              RenderTableCell {TD} at (4,0) size 5x20 [border: (1px inset #808080)] [r=0 c=3 rs=1 cs=3]
                RenderBR {BR} at (1,1) size 0x18
              RenderTableCell {TD} at (8,0) size 5x20 [border: (1px inset #808080)] [r=0 c=6 rs=1 cs=3]
                RenderBR {BR} at (1,1) size 0x18
              RenderTableCell {TD} at (12,0) size 5x20 [border: (1px inset #808080)] [r=0 c=9 rs=1 cs=3]
                RenderBR {BR} at (1,1) size 0x18
              RenderTableCell {TD} at (16,0) size 5x20 [border: (1px inset #808080)] [r=0 c=12 rs=1 cs=3]
                RenderBR {BR} at (1,1) size 0x18
              RenderTableCell {TD} at (20,0) size 5x20 [border: (1px inset #808080)] [r=0 c=15 rs=1 cs=3]
                RenderBR {BR} at (1,1) size 0x18
        RenderBlock (anonymous) at (0,40) size 769x18
          RenderBR {BR} at (0,0) size 0x18
      RenderBlock {P} at (0,1352) size 769x58
        RenderBlock (anonymous) at (0,0) size 769x18
          RenderText {#text} at (0,0) size 450x18
            text run at (0,0) width 450: "this table should be about 32 pixels wide (colspan=3 width=3 with BR)"
        RenderTable {TABLE} at (0,18) size 33x22 [bgcolor=#FFA500] [border: (1px outset #808080)]
          RenderTableSection {TBODY} at (1,1) size 31x20
            RenderTableRow {TR} at (0,0) size 31x20
              RenderTableCell {TD} at (0,0) size 6x20 [border: (1px inset #808080)] [r=0 c=0 rs=1 cs=3]
                RenderBR {BR} at (1,1) size 0x18
              RenderTableCell {TD} at (5,0) size 6x20 [border: (1px inset #808080)] [r=0 c=3 rs=1 cs=3]
                RenderBR {BR} at (1,1) size 0x18
              RenderTableCell {TD} at (10,0) size 6x20 [border: (1px inset #808080)] [r=0 c=6 rs=1 cs=3]
                RenderBR {BR} at (1,1) size 0x18
              RenderTableCell {TD} at (15,0) size 6x20 [border: (1px inset #808080)] [r=0 c=9 rs=1 cs=3]
                RenderBR {BR} at (1,1) size 0x18
              RenderTableCell {TD} at (20,0) size 6x20 [border: (1px inset #808080)] [r=0 c=12 rs=1 cs=3]
                RenderBR {BR} at (1,1) size 0x18
              RenderTableCell {TD} at (25,0) size 6x20 [border: (1px inset #808080)] [r=0 c=15 rs=1 cs=3]
                RenderBR {BR} at (1,1) size 0x18
        RenderBlock (anonymous) at (0,40) size 769x18
          RenderBR {BR} at (0,0) size 0x18
      RenderBlock {P} at (0,1426) size 769x58
        RenderBlock (anonymous) at (0,0) size 769x18
          RenderText {#text} at (0,0) size 393x18
            text run at (0,0) width 393: "this table should be about 26 pixels wide (colspan=4 with BR)"
        RenderTable {TABLE} at (0,18) size 15x22 [bgcolor=#FFA500] [border: (1px outset #808080)]
          RenderTableSection {TBODY} at (1,1) size 13x20
            RenderTableRow {TR} at (0,0) size 13x20
              RenderTableCell {TD} at (0,0) size 3x20 [border: (1px inset #808080)] [r=0 c=0 rs=1 cs=4]
                RenderBR {BR} at (1,1) size 0x18
              RenderTableCell {TD} at (2,0) size 3x20 [border: (1px inset #808080)] [r=0 c=4 rs=1 cs=4]
                RenderBR {BR} at (1,1) size 0x18
              RenderTableCell {TD} at (4,0) size 3x20 [border: (1px inset #808080)] [r=0 c=8 rs=1 cs=4]
                RenderBR {BR} at (1,1) size 0x18
              RenderTableCell {TD} at (6,0) size 3x20 [border: (1px inset #808080)] [r=0 c=12 rs=1 cs=4]
                RenderBR {BR} at (1,1) size 0x18
              RenderTableCell {TD} at (8,0) size 3x20 [border: (1px inset #808080)] [r=0 c=16 rs=1 cs=4]
                RenderBR {BR} at (1,1) size 0x18
              RenderTableCell {TD} at (10,0) size 3x20 [border: (1px inset #808080)] [r=0 c=20 rs=1 cs=4]
                RenderBR {BR} at (1,1) size 0x18
        RenderBlock (anonymous) at (0,40) size 769x18
          RenderBR {BR} at (0,0) size 0x18
      RenderBlock {P} at (0,1500) size 769x58
        RenderBlock (anonymous) at (0,0) size 769x18
          RenderText {#text} at (0,0) size 393x18
            text run at (0,0) width 393: "this table should be about 32 pixels wide (colspan=5 with BR)"
        RenderTable {TABLE} at (0,18) size 15x22 [bgcolor=#FFA500] [border: (1px outset #808080)]
          RenderTableSection {TBODY} at (1,1) size 13x20
            RenderTableRow {TR} at (0,0) size 13x20
              RenderTableCell {TD} at (0,0) size 3x20 [border: (1px inset #808080)] [r=0 c=0 rs=1 cs=5]
                RenderBR {BR} at (1,1) size 0x18
              RenderTableCell {TD} at (2,0) size 3x20 [border: (1px inset #808080)] [r=0 c=5 rs=1 cs=5]
                RenderBR {BR} at (1,1) size 0x18
              RenderTableCell {TD} at (4,0) size 3x20 [border: (1px inset #808080)] [r=0 c=10 rs=1 cs=5]
                RenderBR {BR} at (1,1) size 0x18
              RenderTableCell {TD} at (6,0) size 3x20 [border: (1px inset #808080)] [r=0 c=15 rs=1 cs=5]
                RenderBR {BR} at (1,1) size 0x18
              RenderTableCell {TD} at (8,0) size 3x20 [border: (1px inset #808080)] [r=0 c=20 rs=1 cs=5]
                RenderBR {BR} at (1,1) size 0x18
              RenderTableCell {TD} at (10,0) size 3x20 [border: (1px inset #808080)] [r=0 c=25 rs=1 cs=5]
                RenderBR {BR} at (1,1) size 0x18
        RenderBlock (anonymous) at (0,40) size 769x18
          RenderBR {BR} at (0,0) size 0x18
      RenderBlock {P} at (0,1574) size 769x58
        RenderBlock (anonymous) at (0,0) size 769x18
          RenderText {#text} at (0,0) size 401x18
            text run at (0,0) width 401: "this table should be about 92 pixels wide (colspan=15 with BR)"
        RenderTable {TABLE} at (0,18) size 15x22 [bgcolor=#FFA500] [border: (1px outset #808080)]
          RenderTableSection {TBODY} at (1,1) size 13x20
            RenderTableRow {TR} at (0,0) size 13x20
              RenderTableCell {TD} at (0,0) size 3x20 [border: (1px inset #808080)] [r=0 c=0 rs=1 cs=15]
                RenderBR {BR} at (1,1) size 0x18
              RenderTableCell {TD} at (2,0) size 3x20 [border: (1px inset #808080)] [r=0 c=15 rs=1 cs=15]
                RenderBR {BR} at (1,1) size 0x18
              RenderTableCell {TD} at (4,0) size 3x20 [border: (1px inset #808080)] [r=0 c=30 rs=1 cs=15]
                RenderBR {BR} at (1,1) size 0x18
              RenderTableCell {TD} at (6,0) size 3x20 [border: (1px inset #808080)] [r=0 c=45 rs=1 cs=15]
                RenderBR {BR} at (1,1) size 0x18
              RenderTableCell {TD} at (8,0) size 3x20 [border: (1px inset #808080)] [r=0 c=60 rs=1 cs=15]
                RenderBR {BR} at (1,1) size 0x18
              RenderTableCell {TD} at (10,0) size 3x20 [border: (1px inset #808080)] [r=0 c=75 rs=1 cs=15]
                RenderBR {BR} at (1,1) size 0x18
        RenderBlock (anonymous) at (0,40) size 769x18
          RenderBR {BR} at (0,0) size 0x18
      RenderBlock {P} at (0,1648) size 769x58
        RenderBlock (anonymous) at (0,0) size 769x18
          RenderText {#text} at (0,0) size 449x18
            text run at (0,0) width 449: "this table should be about 92 pixels wide (nested, colspan=15 with BR)"
        RenderTable {TABLE} at (0,18) size 11x22 [border: (1px outset #808080)]
          RenderTableSection {TBODY} at (1,1) size 9x20
            RenderTableRow {TR} at (0,0) size 9x20
              RenderTableCell {TD} at (0,0) size 9x20 [border: (1px inset #808080)] [r=0 c=0 rs=1 cs=1]
                RenderTable {TABLE} at (1,1) size 6x18 [bgcolor=#FFA500]
                  RenderTableSection {TBODY} at (0,0) size 6x18
                    RenderTableRow {TR} at (0,0) size 6x18
                      RenderTableCell {TD} at (0,0) size 1x18 [r=0 c=0 rs=1 cs=15]
                        RenderBR {BR} at (0,0) size 0x18
                      RenderTableCell {TD} at (1,0) size 1x18 [r=0 c=15 rs=1 cs=15]
                        RenderBR {BR} at (0,0) size 0x18
                      RenderTableCell {TD} at (2,0) size 1x18 [r=0 c=30 rs=1 cs=15]
                        RenderBR {BR} at (0,0) size 0x18
                      RenderTableCell {TD} at (3,0) size 1x18 [r=0 c=45 rs=1 cs=15]
                        RenderBR {BR} at (0,0) size 0x18
                      RenderTableCell {TD} at (4,0) size 1x18 [r=0 c=60 rs=1 cs=15]
                        RenderBR {BR} at (0,0) size 0x18
                      RenderTableCell {TD} at (5,0) size 1x18 [r=0 c=75 rs=1 cs=15]
                        RenderBR {BR} at (0,0) size 0x18
        RenderBlock (anonymous) at (0,40) size 769x18
          RenderBR {BR} at (0,0) size 0x18
      RenderBlock {P} at (0,1722) size 769x58
        RenderBlock (anonymous) at (0,0) size 769x18
          RenderText {#text} at (0,0) size 401x18
            text run at (0,0) width 401: "this table should be about 92 pixels wide (colspan=15 with BR)"
        RenderTable {TABLE} at (0,18) size 15x22 [bgcolor=#FFA500] [border: (1px outset #808080)]
          RenderTableSection {TBODY} at (1,1) size 13x20
            RenderTableRow {TR} at (0,0) size 13x20
              RenderTableCell {TD} at (0,0) size 3x20 [border: (1px inset #808080)] [r=0 c=0 rs=1 cs=15]
                RenderBR {BR} at (1,1) size 0x18
              RenderTableCell {TD} at (2,0) size 3x20 [border: (1px inset #808080)] [r=0 c=15 rs=1 cs=15]
                RenderBR {BR} at (1,1) size 0x18
              RenderTableCell {TD} at (4,0) size 3x20 [border: (1px inset #808080)] [r=0 c=30 rs=1 cs=15]
                RenderBR {BR} at (1,1) size 0x18
              RenderTableCell {TD} at (6,0) size 3x20 [border: (1px inset #808080)] [r=0 c=45 rs=1 cs=15]
                RenderBR {BR} at (1,1) size 0x18
              RenderTableCell {TD} at (8,0) size 3x20 [border: (1px inset #808080)] [r=0 c=60 rs=1 cs=15]
                RenderBR {BR} at (1,1) size 0x18
              RenderTableCell {TD} at (10,0) size 3x20 [border: (1px inset #808080)] [r=0 c=75 rs=1 cs=15]
                RenderBR {BR} at (1,1) size 0x18
        RenderBlock (anonymous) at (0,40) size 769x18
          RenderBR {BR} at (0,0) size 0x18
      RenderBlock {P} at (0,1796) size 769x58
        RenderBlock (anonymous) at (0,0) size 769x18
          RenderText {#text} at (0,0) size 387x18
            text run at (0,0) width 387: "this table should be about 92 pixels wide (colspan=15 with x)"
        RenderTable {TABLE} at (0,18) size 63x22 [bgcolor=#FFA500] [border: (1px outset #808080)]
          RenderTableSection {TBODY} at (1,1) size 61x20
            RenderTableRow {TR} at (0,0) size 61x20
              RenderTableCell {TD} at (0,0) size 11x20 [border: (1px inset #808080)] [r=0 c=0 rs=1 cs=15]
                RenderText {#text} at (1,1) size 8x18
                  text run at (1,1) width 8: "x"
              RenderTableCell {TD} at (10,0) size 11x20 [border: (1px inset #808080)] [r=0 c=15 rs=1 cs=15]
                RenderText {#text} at (1,1) size 8x18
                  text run at (1,1) width 8: "x"
              RenderTableCell {TD} at (20,0) size 11x20 [border: (1px inset #808080)] [r=0 c=30 rs=1 cs=15]
                RenderText {#text} at (1,1) size 8x18
                  text run at (1,1) width 8: "x"
              RenderTableCell {TD} at (30,0) size 11x20 [border: (1px inset #808080)] [r=0 c=45 rs=1 cs=15]
                RenderText {#text} at (1,1) size 8x18
                  text run at (1,1) width 8: "x"
              RenderTableCell {TD} at (40,0) size 11x20 [border: (1px inset #808080)] [r=0 c=60 rs=1 cs=15]
                RenderText {#text} at (1,1) size 8x18
                  text run at (1,1) width 8: "x"
              RenderTableCell {TD} at (50,0) size 11x20 [border: (1px inset #808080)] [r=0 c=75 rs=1 cs=15]
                RenderText {#text} at (1,1) size 8x18
                  text run at (1,1) width 8: "x"
        RenderBlock (anonymous) at (0,40) size 769x18
          RenderBR {BR} at (0,0) size 0x18
      RenderBlock {P} at (0,1870) size 769x40
        RenderBlock (anonymous) at (0,0) size 769x18
          RenderText {#text} at (0,0) size 323x18
            text run at (0,0) width 323: "this table should be about 20 pixels wide (width=0)"
        RenderTable {TABLE} at (0,18) size 15x4 [bgcolor=#FFA500] [border: (1px outset #808080)]
          RenderTableSection {TBODY} at (1,1) size 13x2
            RenderTableRow {TR} at (0,0) size 13x2
              RenderTableCell {TD} at (0,0) size 3x2 [border: (1px inset #808080)] [r=0 c=0 rs=1 cs=1]
              RenderTableCell {TD} at (2,0) size 3x2 [border: (1px inset #808080)] [r=0 c=1 rs=1 cs=1]
              RenderTableCell {TD} at (4,0) size 3x2 [border: (1px inset #808080)] [r=0 c=2 rs=1 cs=1]
              RenderTableCell {TD} at (6,0) size 3x2 [border: (1px inset #808080)] [r=0 c=3 rs=1 cs=1]
              RenderTableCell {TD} at (8,0) size 3x2 [border: (1px inset #808080)] [r=0 c=4 rs=1 cs=1]
              RenderTableCell {TD} at (10,0) size 3x2 [border: (1px inset #808080)] [r=0 c=5 rs=1 cs=1]
        RenderBlock (anonymous) at (0,22) size 769x18
          RenderBR {BR} at (0,0) size 0x18
      RenderBlock {P} at (0,1926) size 769x40
        RenderBlock (anonymous) at (0,0) size 769x18
          RenderText {#text} at (0,0) size 323x18
            text run at (0,0) width 323: "this table should be about 20 pixels wide (width=1)"
        RenderTable {TABLE} at (0,18) size 21x4 [bgcolor=#FFA500] [border: (1px outset #808080)]
          RenderTableSection {TBODY} at (1,1) size 19x2
            RenderTableRow {TR} at (0,0) size 19x2
              RenderTableCell {TD} at (0,0) size 4x2 [border: (1px inset #808080)] [r=0 c=0 rs=1 cs=1]
              RenderTableCell {TD} at (3,0) size 4x2 [border: (1px inset #808080)] [r=0 c=1 rs=1 cs=1]
              RenderTableCell {TD} at (6,0) size 4x2 [border: (1px inset #808080)] [r=0 c=2 rs=1 cs=1]
              RenderTableCell {TD} at (9,0) size 4x2 [border: (1px inset #808080)] [r=0 c=3 rs=1 cs=1]
              RenderTableCell {TD} at (12,0) size 4x2 [border: (1px inset #808080)] [r=0 c=4 rs=1 cs=1]
              RenderTableCell {TD} at (15,0) size 4x2 [border: (1px inset #808080)] [r=0 c=5 rs=1 cs=1]
        RenderBlock (anonymous) at (0,22) size 769x18
          RenderBR {BR} at (0,0) size 0x18
      RenderBlock {P} at (0,1982) size 769x40
        RenderBlock (anonymous) at (0,0) size 769x18
          RenderText {#text} at (0,0) size 323x18
            text run at (0,0) width 323: "this table should be about 26 pixels wide (width=2)"
        RenderTable {TABLE} at (0,18) size 27x4 [bgcolor=#FFA500] [border: (1px outset #808080)]
          RenderTableSection {TBODY} at (1,1) size 25x2
            RenderTableRow {TR} at (0,0) size 25x2
              RenderTableCell {TD} at (0,0) size 5x2 [border: (1px inset #808080)] [r=0 c=0 rs=1 cs=1]
              RenderTableCell {TD} at (4,0) size 5x2 [border: (1px inset #808080)] [r=0 c=1 rs=1 cs=1]
              RenderTableCell {TD} at (8,0) size 5x2 [border: (1px inset #808080)] [r=0 c=2 rs=1 cs=1]
              RenderTableCell {TD} at (12,0) size 5x2 [border: (1px inset #808080)] [r=0 c=3 rs=1 cs=1]
              RenderTableCell {TD} at (16,0) size 5x2 [border: (1px inset #808080)] [r=0 c=4 rs=1 cs=1]
              RenderTableCell {TD} at (20,0) size 5x2 [border: (1px inset #808080)] [r=0 c=5 rs=1 cs=1]
        RenderBlock (anonymous) at (0,22) size 769x18
          RenderBR {BR} at (0,0) size 0x18
      RenderBlock {P} at (0,2038) size 769x40
        RenderBlock (anonymous) at (0,0) size 769x18
          RenderText {#text} at (0,0) size 323x18
            text run at (0,0) width 323: "this table should be about 32 pixels wide (width=3)"
        RenderTable {TABLE} at (0,18) size 33x4 [bgcolor=#FFA500] [border: (1px outset #808080)]
          RenderTableSection {TBODY} at (1,1) size 31x2
            RenderTableRow {TR} at (0,0) size 31x2
              RenderTableCell {TD} at (0,0) size 6x2 [border: (1px inset #808080)] [r=0 c=0 rs=1 cs=1]
              RenderTableCell {TD} at (5,0) size 6x2 [border: (1px inset #808080)] [r=0 c=1 rs=1 cs=1]
              RenderTableCell {TD} at (10,0) size 6x2 [border: (1px inset #808080)] [r=0 c=2 rs=1 cs=1]
              RenderTableCell {TD} at (15,0) size 6x2 [border: (1px inset #808080)] [r=0 c=3 rs=1 cs=1]
              RenderTableCell {TD} at (20,0) size 6x2 [border: (1px inset #808080)] [r=0 c=4 rs=1 cs=1]
              RenderTableCell {TD} at (25,0) size 6x2 [border: (1px inset #808080)] [r=0 c=5 rs=1 cs=1]
        RenderBlock (anonymous) at (0,22) size 769x18
          RenderBR {BR} at (0,0) size 0x18
      RenderBlock {P} at (0,2094) size 769x40
        RenderBlock (anonymous) at (0,0) size 769x18
          RenderText {#text} at (0,0) size 323x18
            text run at (0,0) width 323: "this table should be about 38 pixels wide (width=4)"
        RenderTable {TABLE} at (0,18) size 39x4 [bgcolor=#FFA500] [border: (1px outset #808080)]
          RenderTableSection {TBODY} at (1,1) size 37x2
            RenderTableRow {TR} at (0,0) size 37x2
              RenderTableCell {TD} at (0,0) size 7x2 [border: (1px inset #808080)] [r=0 c=0 rs=1 cs=1]
              RenderTableCell {TD} at (6,0) size 7x2 [border: (1px inset #808080)] [r=0 c=1 rs=1 cs=1]
              RenderTableCell {TD} at (12,0) size 7x2 [border: (1px inset #808080)] [r=0 c=2 rs=1 cs=1]
              RenderTableCell {TD} at (18,0) size 7x2 [border: (1px inset #808080)] [r=0 c=3 rs=1 cs=1]
              RenderTableCell {TD} at (24,0) size 7x2 [border: (1px inset #808080)] [r=0 c=4 rs=1 cs=1]
              RenderTableCell {TD} at (30,0) size 7x2 [border: (1px inset #808080)] [r=0 c=5 rs=1 cs=1]
        RenderBlock (anonymous) at (0,22) size 769x18
          RenderBR {BR} at (0,0) size 0x18
      RenderBlock {P} at (0,2150) size 769x40
        RenderBlock (anonymous) at (0,0) size 769x18
          RenderText {#text} at (0,0) size 323x18
            text run at (0,0) width 323: "this table should be about xx pixels wide (width=7)"
        RenderTable {TABLE} at (0,18) size 57x4 [bgcolor=#FFA500] [border: (1px outset #808080)]
          RenderTableSection {TBODY} at (1,1) size 55x2
            RenderTableRow {TR} at (0,0) size 55x2
              RenderTableCell {TD} at (0,0) size 10x2 [border: (1px inset #808080)] [r=0 c=0 rs=1 cs=1]
              RenderTableCell {TD} at (9,0) size 10x2 [border: (1px inset #808080)] [r=0 c=1 rs=1 cs=1]
              RenderTableCell {TD} at (18,0) size 10x2 [border: (1px inset #808080)] [r=0 c=2 rs=1 cs=1]
              RenderTableCell {TD} at (27,0) size 10x2 [border: (1px inset #808080)] [r=0 c=3 rs=1 cs=1]
              RenderTableCell {TD} at (36,0) size 10x2 [border: (1px inset #808080)] [r=0 c=4 rs=1 cs=1]
              RenderTableCell {TD} at (45,0) size 10x2 [border: (1px inset #808080)] [r=0 c=5 rs=1 cs=1]
        RenderBlock (anonymous) at (0,22) size 769x18
          RenderBR {BR} at (0,0) size 0x18
      RenderBlock {P} at (0,2206) size 769x58
        RenderBlock (anonymous) at (0,0) size 769x18
          RenderText {#text} at (0,0) size 335x18
            text run at (0,0) width 335: "this table should be about 38 pixels wide (width=4 x)"
        RenderTable {TABLE} at (0,18) size 63x22 [bgcolor=#FFA500] [border: (1px outset #808080)]
          RenderTableSection {TBODY} at (1,1) size 61x20
            RenderTableRow {TR} at (0,0) size 61x20
              RenderTableCell {TD} at (0,0) size 11x20 [border: (1px inset #808080)] [r=0 c=0 rs=1 cs=1]
                RenderText {#text} at (1,1) size 8x18
                  text run at (1,1) width 8: "x"
              RenderTableCell {TD} at (10,0) size 11x20 [border: (1px inset #808080)] [r=0 c=1 rs=1 cs=1]
                RenderText {#text} at (1,1) size 8x18
                  text run at (1,1) width 8: "x"
              RenderTableCell {TD} at (20,0) size 11x20 [border: (1px inset #808080)] [r=0 c=2 rs=1 cs=1]
                RenderText {#text} at (1,1) size 8x18
                  text run at (1,1) width 8: "x"
              RenderTableCell {TD} at (30,0) size 11x20 [border: (1px inset #808080)] [r=0 c=3 rs=1 cs=1]
                RenderText {#text} at (1,1) size 8x18
                  text run at (1,1) width 8: "x"
              RenderTableCell {TD} at (40,0) size 11x20 [border: (1px inset #808080)] [r=0 c=4 rs=1 cs=1]
                RenderText {#text} at (1,1) size 8x18
                  text run at (1,1) width 8: "x"
              RenderTableCell {TD} at (50,0) size 11x20 [border: (1px inset #808080)] [r=0 c=5 rs=1 cs=1]
                RenderText {#text} at (1,1) size 8x18
                  text run at (1,1) width 8: "x"
        RenderBlock (anonymous) at (0,40) size 769x18
          RenderBR {BR} at (0,0) size 0x18
      RenderBlock {P} at (0,2280) size 769x58
        RenderBlock (anonymous) at (0,0) size 769x18
          RenderText {#text} at (0,0) size 399x18
            text run at (0,0) width 399: "this table should be about xx pixels wide (colspan=15 with dot)"
        RenderTable {TABLE} at (0,18) size 75x22 [bgcolor=#FFA500] [border: (1px outset #808080)]
          RenderTableSection {TBODY} at (1,1) size 73x20
            RenderTableRow {TR} at (0,0) size 73x20
              RenderTableCell {TD} at (0,0) size 7x20 [border: (1px inset #808080)] [r=0 c=0 rs=1 cs=15]
                RenderText {#text} at (1,1) size 4x18
                  text run at (1,1) width 4: "."
              RenderTableCell {TD} at (6,0) size 7x20 [border: (1px inset #808080)] [r=0 c=15 rs=1 cs=15]
                RenderText {#text} at (1,1) size 4x18
                  text run at (1,1) width 4: "."
              RenderTableCell {TD} at (12,0) size 7x20 [border: (1px inset #808080)] [r=0 c=30 rs=1 cs=15]
                RenderText {#text} at (1,1) size 4x18
                  text run at (1,1) width 4: "."
              RenderTableCell {TD} at (18,0) size 7x20 [border: (1px inset #808080)] [r=0 c=45 rs=1 cs=15]
                RenderText {#text} at (1,1) size 4x18
                  text run at (1,1) width 4: "."
              RenderTableCell {TD} at (24,0) size 7x20 [border: (1px inset #808080)] [r=0 c=60 rs=1 cs=15]
                RenderText {#text} at (1,1) size 4x18
                  text run at (1,1) width 4: "."
              RenderTableCell {TD} at (30,0) size 7x20 [border: (1px inset #808080)] [r=0 c=75 rs=1 cs=15]
                RenderText {#text} at (1,1) size 4x18
                  text run at (1,1) width 4: "."
              RenderTableCell {TD} at (36,0) size 7x20 [border: (1px inset #808080)] [r=0 c=90 rs=1 cs=15]
                RenderText {#text} at (1,1) size 4x18
                  text run at (1,1) width 4: "."
              RenderTableCell {TD} at (42,0) size 7x20 [border: (1px inset #808080)] [r=0 c=105 rs=1 cs=15]
                RenderText {#text} at (1,1) size 4x18
                  text run at (1,1) width 4: "."
              RenderTableCell {TD} at (48,0) size 7x20 [border: (1px inset #808080)] [r=0 c=120 rs=1 cs=15]
                RenderText {#text} at (1,1) size 4x18
                  text run at (1,1) width 4: "."
              RenderTableCell {TD} at (54,0) size 7x20 [border: (1px inset #808080)] [r=0 c=135 rs=1 cs=15]
                RenderText {#text} at (1,1) size 4x18
                  text run at (1,1) width 4: "."
              RenderTableCell {TD} at (60,0) size 7x20 [border: (1px inset #808080)] [r=0 c=150 rs=1 cs=15]
                RenderText {#text} at (1,1) size 4x18
                  text run at (1,1) width 4: "."
              RenderTableCell {TD} at (66,0) size 7x20 [border: (1px inset #808080)] [r=0 c=165 rs=1 cs=15]
                RenderText {#text} at (1,1) size 4x18
                  text run at (1,1) width 4: "."
        RenderBlock (anonymous) at (0,40) size 769x18
          RenderBR {BR} at (0,0) size 0x18
      RenderBlock {P} at (0,2354) size 769x40
        RenderBlock (anonymous) at (0,0) size 769x18
          RenderText {#text} at (0,0) size 386x18
            text run at (0,0) width 386: "this table should be about xx pixels wide (colspan=15 empty)"
        RenderTable {TABLE} at (0,18) size 27x4 [bgcolor=#FFA500] [border: (1px outset #808080)]
          RenderTableSection {TBODY} at (1,1) size 25x2
            RenderTableRow {TR} at (0,0) size 25x2
              RenderTableCell {TD} at (0,0) size 3x2 [border: (1px inset #808080)] [r=0 c=0 rs=1 cs=15]
              RenderTableCell {TD} at (2,0) size 3x2 [border: (1px inset #808080)] [r=0 c=15 rs=1 cs=15]
              RenderTableCell {TD} at (4,0) size 3x2 [border: (1px inset #808080)] [r=0 c=30 rs=1 cs=15]
              RenderTableCell {TD} at (6,0) size 3x2 [border: (1px inset #808080)] [r=0 c=45 rs=1 cs=15]
              RenderTableCell {TD} at (8,0) size 3x2 [border: (1px inset #808080)] [r=0 c=60 rs=1 cs=15]
              RenderTableCell {TD} at (10,0) size 3x2 [border: (1px inset #808080)] [r=0 c=75 rs=1 cs=15]
              RenderTableCell {TD} at (12,0) size 3x2 [border: (1px inset #808080)] [r=0 c=90 rs=1 cs=15]
              RenderTableCell {TD} at (14,0) size 3x2 [border: (1px inset #808080)] [r=0 c=105 rs=1 cs=15]
              RenderTableCell {TD} at (16,0) size 3x2 [border: (1px inset #808080)] [r=0 c=120 rs=1 cs=15]
              RenderTableCell {TD} at (18,0) size 3x2 [border: (1px inset #808080)] [r=0 c=135 rs=1 cs=15]
              RenderTableCell {TD} at (20,0) size 3x2 [border: (1px inset #808080)] [r=0 c=150 rs=1 cs=15]
              RenderTableCell {TD} at (22,0) size 3x2 [border: (1px inset #808080)] [r=0 c=165 rs=1 cs=15]
        RenderBlock (anonymous) at (0,22) size 769x18
          RenderBR {BR} at (0,0) size 0x18
      RenderBlock {P} at (0,2410) size 769x62
        RenderBlock (anonymous) at (0,0) size 769x18
          RenderText {#text} at (0,0) size 443x18
            text run at (0,0) width 443: "this table should be about xx pixels wide (colspan=15 width=1 empty)"
        RenderTable {TABLE} at (0,18) size 39x4 [bgcolor=#FFA500] [border: (1px outset #808080)]
          RenderTableSection {TBODY} at (1,1) size 37x2
            RenderTableRow {TR} at (0,0) size 37x2
              RenderTableCell {TD} at (0,0) size 4x2 [border: (1px inset #808080)] [r=0 c=0 rs=1 cs=15]
              RenderTableCell {TD} at (3,0) size 4x2 [border: (1px inset #808080)] [r=0 c=15 rs=1 cs=15]
              RenderTableCell {TD} at (6,0) size 4x2 [border: (1px inset #808080)] [r=0 c=30 rs=1 cs=15]
              RenderTableCell {TD} at (9,0) size 4x2 [border: (1px inset #808080)] [r=0 c=45 rs=1 cs=15]
              RenderTableCell {TD} at (12,0) size 4x2 [border: (1px inset #808080)] [r=0 c=60 rs=1 cs=15]
              RenderTableCell {TD} at (15,0) size 4x2 [border: (1px inset #808080)] [r=0 c=75 rs=1 cs=15]
              RenderTableCell {TD} at (18,0) size 4x2 [border: (1px inset #808080)] [r=0 c=90 rs=1 cs=15]
              RenderTableCell {TD} at (21,0) size 4x2 [border: (1px inset #808080)] [r=0 c=105 rs=1 cs=15]
              RenderTableCell {TD} at (24,0) size 4x2 [border: (1px inset #808080)] [r=0 c=120 rs=1 cs=15]
              RenderTableCell {TD} at (27,0) size 4x2 [border: (1px inset #808080)] [r=0 c=135 rs=1 cs=15]
              RenderTableCell {TD} at (30,0) size 4x2 [border: (1px inset #808080)] [r=0 c=150 rs=1 cs=15]
              RenderTableCell {TD} at (33,0) size 4x2 [border: (1px inset #808080)] [r=0 c=165 rs=1 cs=15]
        RenderBlock (anonymous) at (0,22) size 769x18
          RenderBR {BR} at (0,0) size 0x18
        RenderTable {TABLE} at (0,40) size 7x22 [border: (1px outset #808080)]
          RenderTableSection {TBODY} at (1,1) size 5x20
            RenderTableRow {TR} at (0,0) size 5x20
              RenderTableCell {TD} at (0,0) size 3x20 [bgcolor=#000000] [border: (1px inset #808080)] [r=0 c=0 rs=1 cs=15]
                RenderBR {BR} at (1,1) size 0x18
              RenderTableCell {TD} at (2,0) size 3x20 [bgcolor=#000000] [border: (1px inset #808080)] [r=0 c=15 rs=1 cs=15]
                RenderBR {BR} at (1,1) size 0x18
