layer at (0,0) size 785x1071
  RenderView at (0,0) size 785x600
layer at (0,0) size 785x1071
  RenderBlock {HTML} at (0,0) size 785x1071
    RenderBody {BODY} at (8,8) size 769x1055
      RenderBlock {CENTER} at (0,0) size 769x18
        RenderText {#text} at (322,0) size 125x18
          text run at (322,0) width 125: "bottom caption tests"
      RenderBlock (anonymous) at (0,18) size 769x18
        RenderText {#text} at (0,0) size 103x18
          text run at (0,0) width 103: "table 1 - original"
      RenderTable {TABLE} at (5,46) size 91x94 [border: (10px solid #008000)]
        RenderBlock {CAPTION} at (10,68) size 81x26 [border: (3px solid #800080)]
          RenderText {#text} at (6,5) size 47x18
            text run at (6,5) width 47: "caption"
          RenderBlock {INPUT} at (57,6) size 14x13
        RenderTableSection {TBODY} at (10,10) size 71x46
          RenderTableRow {TR} at (0,2) size 71x20
            RenderTableCell {TD} at (2,2) size 33x20 [r=0 c=0 rs=1 cs=1]
              RenderText {#text} at (1,1) size 30x18
                text run at (1,1) width 30: "Data"
            RenderTableCell {TD} at (36,2) size 33x20 [r=0 c=1 rs=1 cs=1]
              RenderText {#text} at (1,1) size 30x18
                text run at (1,1) width 30: "Data"
          RenderTableRow {TR} at (0,24) size 71x20
            RenderTableCell {TD} at (2,24) size 33x20 [r=1 c=0 rs=1 cs=1]
              RenderText {#text} at (1,1) size 30x18
                text run at (1,1) width 30: "Data"
            RenderTableCell {TD} at (36,24) size 33x20 [r=1 c=1 rs=1 cs=1]
              RenderText {#text} at (1,1) size 30x18
                text run at (1,1) width 30: "Data"
      RenderBlock (anonymous) at (0,145) size 769x18
        RenderText {#text} at (0,0) size 188x18
          text run at (0,0) width 188: "table 2 - caption gains content"
      RenderTable {TABLE} at (5,173) size 91x112 [border: (10px solid #008000)]
        RenderBlock {CAPTION} at (10,68) size 81x44 [border: (3px solid #800080)]
          RenderText {#text} at (6,5) size 47x18
            text run at (6,5) width 47: "caption"
          RenderBlock {INPUT} at (57,6) size 14x13
          RenderText {#text} at (17,23) size 47x18
            text run at (17,23) width 47: "foo foo"
        RenderTableSection {TBODY} at (10,10) size 71x46
          RenderTableRow {TR} at (0,2) size 71x20
            RenderTableCell {TD} at (2,2) size 33x20 [r=0 c=0 rs=1 cs=1]
              RenderText {#text} at (1,1) size 30x18
                text run at (1,1) width 30: "Data"
            RenderTableCell {TD} at (36,2) size 33x20 [r=0 c=1 rs=1 cs=1]
              RenderText {#text} at (1,1) size 30x18
                text run at (1,1) width 30: "Data"
          RenderTableRow {TR} at (0,24) size 71x20
            RenderTableCell {TD} at (2,24) size 33x20 [r=1 c=0 rs=1 cs=1]
              RenderText {#text} at (1,1) size 30x18
                text run at (1,1) width 30: "Data"
            RenderTableCell {TD} at (36,24) size 33x20 [r=1 c=1 rs=1 cs=1]
              RenderText {#text} at (1,1) size 30x18
                text run at (1,1) width 30: "Data"
      RenderBlock (anonymous) at (0,290) size 769x18
        RenderText {#text} at (0,0) size 384x18
          text run at (0,0) width 384: "table 3 - caption gains content extending its max element size"
      RenderTable {TABLE} at (5,318) size 148x112 [border: (10px solid #008000)]
        RenderBlock {CAPTION} at (10,68) size 138x44 [border: (3px solid #800080)]
          RenderText {#text} at (35,5) size 47x18
            text run at (35,5) width 47: "caption"
          RenderBlock {INPUT} at (86,6) size 14x13
          RenderText {#text} at (3,23) size 142x18
            text run at (3,23) width 142: "very_large_very_large"
        RenderTableSection {TBODY} at (10,10) size 128x46
          RenderTableRow {TR} at (0,2) size 128x20
            RenderTableCell {TD} at (2,2) size 61x20 [r=0 c=0 rs=1 cs=1]
              RenderText {#text} at (1,1) size 30x18
                text run at (1,1) width 30: "Data"
            RenderTableCell {TD} at (65,2) size 61x20 [r=0 c=1 rs=1 cs=1]
              RenderText {#text} at (1,1) size 30x18
                text run at (1,1) width 30: "Data"
          RenderTableRow {TR} at (0,24) size 128x20
            RenderTableCell {TD} at (2,24) size 61x20 [r=1 c=0 rs=1 cs=1]
              RenderText {#text} at (1,1) size 30x18
                text run at (1,1) width 30: "Data"
            RenderTableCell {TD} at (65,24) size 61x20 [r=1 c=1 rs=1 cs=1]
              RenderText {#text} at (1,1) size 30x18
                text run at (1,1) width 30: "Data"
      RenderBlock (anonymous) at (0,435) size 769x18
        RenderText {#text} at (0,0) size 186x18
          text run at (0,0) width 186: "table 4 - caption loses content"
      RenderTable {TABLE} at (5,463) size 91x92 [border: (10px solid #008000)]
        RenderBlock {CAPTION} at (10,68) size 81x24 [border: (3px solid #800080)]
          RenderText {#text} at (17,3) size 47x18
            text run at (17,3) width 47: "caption"
        RenderTableSection {TBODY} at (10,10) size 71x46
          RenderTableRow {TR} at (0,2) size 71x20
            RenderTableCell {TD} at (2,2) size 33x20 [r=0 c=0 rs=1 cs=1]
              RenderText {#text} at (1,1) size 30x18
                text run at (1,1) width 30: "Data"
            RenderTableCell {TD} at (36,2) size 33x20 [r=0 c=1 rs=1 cs=1]
              RenderText {#text} at (1,1) size 30x18
                text run at (1,1) width 30: "Data"
          RenderTableRow {TR} at (0,24) size 71x20
            RenderTableCell {TD} at (2,24) size 33x20 [r=1 c=0 rs=1 cs=1]
              RenderText {#text} at (1,1) size 30x18
                text run at (1,1) width 30: "Data"
            RenderTableCell {TD} at (36,24) size 33x20 [r=1 c=1 rs=1 cs=1]
              RenderText {#text} at (1,1) size 30x18
                text run at (1,1) width 30: "Data"
      RenderBlock (anonymous) at (0,560) size 769x18
        RenderText {#text} at (0,0) size 154x18
          text run at (0,0) width 154: "table 5 - table gets wider"
      RenderTable {TABLE} at (5,588) size 137x94 [border: (10px solid #008000)]
        RenderBlock {CAPTION} at (10,68) size 127x26 [border: (3px solid #800080)]
          RenderText {#text} at (29,5) size 47x18
            text run at (29,5) width 47: "caption"
          RenderBlock {INPUT} at (80,6) size 14x13
        RenderTableSection {TBODY} at (10,10) size 117x46
          RenderTableRow {TR} at (0,2) size 117x20
            RenderTableCell {TD} at (2,2) size 78x20 [r=0 c=0 rs=1 cs=1]
              RenderText {#text} at (1,1) size 30x18
                text run at (1,1) width 30: "Data"
              RenderText {#text} at (31,1) size 46x18
                text run at (31,1) width 46: "foo foo"
            RenderTableCell {TD} at (82,2) size 33x20 [r=0 c=1 rs=1 cs=1]
              RenderText {#text} at (1,1) size 30x18
                text run at (1,1) width 30: "Data"
          RenderTableRow {TR} at (0,24) size 117x20
            RenderTableCell {TD} at (2,24) size 78x20 [r=1 c=0 rs=1 cs=1]
              RenderText {#text} at (1,1) size 30x18
                text run at (1,1) width 30: "Data"
            RenderTableCell {TD} at (82,24) size 33x20 [r=1 c=1 rs=1 cs=1]
              RenderText {#text} at (1,1) size 30x18
                text run at (1,1) width 30: "Data"
      RenderBlock (anonymous) at (0,687) size 769x18
        RenderText {#text} at (0,0) size 149x18
          text run at (0,0) width 149: "table 6 - table gets taller"
      RenderTable {TABLE} at (5,715) size 107x116 [border: (10px solid #008000)]
        RenderTableSection {TBODY} at (10,10) size 87x24
          RenderTableRow {TR} at (0,2) size 87x20
            RenderTableCell {TD} at (2,2) size 49x20 [r=0 c=0 rs=1 cs=1]
              RenderText {#text} at (1,1) size 46x18
                text run at (1,1) width 46: "foo foo"
        RenderBlock {CAPTION} at (10,90) size 97x26 [border: (3px solid #800080)]
          RenderText {#text} at (14,5) size 47x18
            text run at (14,5) width 47: "caption"
          RenderBlock {INPUT} at (65,6) size 14x13
        RenderTableSection {TBODY} at (10,34) size 87x44
          RenderTableRow {TR} at (0,0) size 87x20
            RenderTableCell {TD} at (2,0) size 49x20 [r=0 c=0 rs=1 cs=1]
              RenderText {#text} at (1,1) size 30x18
                text run at (1,1) width 30: "Data"
            RenderTableCell {TD} at (52,0) size 33x20 [r=0 c=1 rs=1 cs=1]
              RenderText {#text} at (1,1) size 30x18
                text run at (1,1) width 30: "Data"
          RenderTableRow {TR} at (0,22) size 87x20
            RenderTableCell {TD} at (2,22) size 49x20 [r=1 c=0 rs=1 cs=1]
              RenderText {#text} at (1,1) size 30x18
                text run at (1,1) width 30: "Data"
            RenderTableCell {TD} at (52,22) size 33x20 [r=1 c=1 rs=1 cs=1]
              RenderText {#text} at (1,1) size 30x18
                text run at (1,1) width 30: "Data"
      RenderBlock (anonymous) at (0,836) size 769x18
        RenderText {#text} at (0,0) size 139x18
          text run at (0,0) width 139: "table 7 - insert caption"
      RenderTable {TABLE} at (5,864) size 91x92 [border: (10px solid #008000)]
        RenderTableSection {TBODY} at (10,10) size 71x46
          RenderTableRow {TR} at (0,2) size 71x20
            RenderTableCell {TD} at (2,2) size 33x20 [r=0 c=0 rs=1 cs=1]
              RenderText {#text} at (1,1) size 30x18
                text run at (1,1) width 30: "Data"
            RenderTableCell {TD} at (36,2) size 33x20 [r=0 c=1 rs=1 cs=1]
              RenderText {#text} at (1,1) size 30x18
                text run at (1,1) width 30: "Data"
          RenderTableRow {TR} at (0,24) size 71x20
            RenderTableCell {TD} at (2,24) size 33x20 [r=1 c=0 rs=1 cs=1]
              RenderText {#text} at (1,1) size 30x18
                text run at (1,1) width 30: "Data"
            RenderTableCell {TD} at (36,24) size 33x20 [r=1 c=1 rs=1 cs=1]
              RenderText {#text} at (1,1) size 30x18
                text run at (1,1) width 30: "Data"
        RenderBlock {CAPTION} at (10,68) size 81x24 [border: (3px solid #800080)]
          RenderText {#text} at (13,3) size 54x18
            text run at (13,3) width 54: "new cap"
      RenderBlock (anonymous) at (0,961) size 769x18
        RenderText {#text} at (0,0) size 152x18
          text run at (0,0) width 152: "table 8 - remove caption"
      RenderTable {TABLE} at (5,989) size 91x66 [border: (10px solid #008000)]
        RenderTableSection {TBODY} at (10,10) size 71x46
          RenderTableRow {TR} at (0,2) size 71x20
            RenderTableCell {TD} at (2,2) size 33x20 [r=0 c=0 rs=1 cs=1]
              RenderText {#text} at (1,1) size 30x18
                text run at (1,1) width 30: "Data"
            RenderTableCell {TD} at (36,2) size 33x20 [r=0 c=1 rs=1 cs=1]
              RenderText {#text} at (1,1) size 30x18
                text run at (1,1) width 30: "Data"
          RenderTableRow {TR} at (0,24) size 71x20
            RenderTableCell {TD} at (2,24) size 33x20 [r=1 c=0 rs=1 cs=1]
              RenderText {#text} at (1,1) size 30x18
                text run at (1,1) width 30: "Data"
            RenderTableCell {TD} at (36,24) size 33x20 [r=1 c=1 rs=1 cs=1]
              RenderText {#text} at (1,1) size 30x18
                text run at (1,1) width 30: "Data"
