layer at (0,0) size 800x600
  RenderView at (0,0) size 800x600
layer at (0,0) size 800x600
  RenderBlock {HTML} at (0,0) size 800x600
    RenderBody {BODY} at (8,8) size 784x584
      RenderBlock {P} at (0,0) size 20x584
        RenderText {#text} at (0,0) size 19x230
          text run at (0,0) width 230: "These two lines should be identical:"
      RenderBlock {DIV} at (36,0) size 30x584
        RenderText {#text} at (1,0) size 28x276
          text run at (1,0) width 276: "\x{5E0C}\x{8584}\x{5316}\x{5F8C}\x{306E}1\x{682A}\x{5F53}\x{308A}\x{5229}\x{76CA}\x{304C}"
        RenderInline {SPAN} at (0,0) size 28x54
          RenderCombineText {#text} at (1,276) size 28x54
            text run at (1,276) width 54: "3.667"
        RenderText {#text} at (1,330) size 28x144
          text run at (1,330) width 144: "\x{30C9}\x{30EB}\x{3067}\x{3057}\x{305F}\x{3002}"
      RenderBlock {DIV} at (66,0) size 30x584
        RenderText {#text} at (1,0) size 28x276
          text run at (1,0) width 276: "\x{5E0C}\x{8584}\x{5316}\x{5F8C}\x{306E}1\x{682A}\x{5F53}\x{308A}\x{5229}\x{76CA}\x{304C}"
        RenderInline {SPAN} at (0,0) size 28x54
          RenderText {#text} at (1,276) size 28x54
            text run at (1,276) width 54: "3.667"
        RenderText {#text} at (1,330) size 28x144
          text run at (1,330) width 144: "\x{30C9}\x{30EB}\x{3067}\x{3057}\x{305F}\x{3002}"
