layer at (0,0) size 800x600
  RenderView at (0,0) size 800x600
layer at (0,0) size 800x600
  RenderBlock {HTML} at (0,0) size 800x600
    RenderBody {BODY} at (8,8) size 784x584
      RenderBlock {P} at (0,0) size 784x40
        RenderText {#text} at (0,0) size 746x39
          text run at (0,0) width 426: "This tests deleting a selection that ends inside an empty table cell. "
          text run at (425,0) width 321: "No merging should happen, only editable selected"
          text run at (0,20) width 177: "content should be removed."
      RenderBlock {DIV} at (0,56) size 784x60
        RenderTable {TABLE} at (0,0) size 70x30 [border: (1px outset #808080)]
          RenderTableSection {TBODY} at (1,1) size 68x28
            RenderTableRow {TR} at (0,2) size 68x24
              RenderTableCell {TD} at (2,12) size 4x4 [border: (1px inset #808080)] [r=0 c=0 rs=1 cs=1]
              RenderTableCell {TD} at (8,2) size 58x24 [border: (1px inset #808080)] [r=0 c=1 rs=1 cs=1]
                RenderText {#text} at (2,2) size 54x19
                  text run at (2,2) width 54: "Editable"
        RenderTable {TABLE} at (0,30) size 359x30 [border: (1px outset #808080)]
          RenderTableSection {TBODY} at (1,1) size 357x28
            RenderTableRow {TR} at (0,2) size 357x24
              RenderTableCell {TD} at (2,12) size 4x4 [border: (1px inset #808080)] [r=0 c=0 rs=1 cs=1]
              RenderTableCell {TD} at (8,2) size 347x24 [border: (1px inset #808080)] [r=0 c=1 rs=1 cs=1]
                RenderText {#text} at (2,2) size 343x19
                  text run at (2,2) width 343: "There should be one empty cell to the left of this one."
