layer at (0,0) size 800x600
  RenderView at (0,0) size 800x600
layer at (0,0) size 800x600
  RenderBlock {HTML} at (0,0) size 800x600
    RenderBody {BODY} at (8,8) size 784x584
      RenderBlock {P} at (0,0) size 784x20
        RenderText {#text} at (0,0) size 683x19
          text run at (0,0) width 683: "This tests for a bug where deleting the contents of an editable root that's inline would introduce a new line."
      RenderBlock {DIV} at (0,36) size 784x22 [border: (1px solid #000000)]
        RenderInline {SPAN} at (0,0) size 22x19
          RenderText {#text} at (1,1) size 22x19
            text run at (1,1) width 22: "foo"
caret: position 0 of child 0 {#text} of child 0 {P} of body
