EDITING DELEGATE: shouldBeginEditingInDOMRange:range from 0 of DIV > BODY > HTML > #document to 3 of DIV > BODY > HTML > #document
EDITING DELEGATE: shouldEndEditingInDOMRange:range from 0 of DIV > BODY > HTML > #document to 3 of DIV > BODY > HTML > #document
EDITING DELEGATE: webViewDidChangeSelection:WebViewDidChangeSelectionNotification
EDITING DELEGATE: webViewDidEndEditing:WebViewDidEndEditingNotification
EDITING DELEGATE: webViewDidChangeSelection:WebViewDidChangeSelectionNotification
layer at (0,0) size 800x600
  RenderView at (0,0) size 800x600
layer at (0,0) size 800x600
  RenderBlock {HTML} at (0,0) size 800x600
    RenderBody {BODY} at (8,8) size 784x584
      RenderBlock {DIV} at (0,0) size 784x254 [border: (2px solid #0000FF)]
        RenderBlock {DIV} at (14,14) size 756x120
          RenderText {#text} at (0,1) size 66x28
            text run at (0,1) width 66: "Tests: "
          RenderBR {BR} at (0,0) size 0x0
          RenderText {#text} at (0,31) size 742x88
            text run at (0,31) width 731: "Deleting when a selection starts in a blank line created by a BR element and"
            text run at (0,61) width 742: "extends to a character that is not at the end of a block. This ensures that some"
            text run at (0,91) width 504: "of our \"special-case\" code does not run for this case."
        RenderBlock {DIV} at (14,150) size 756x90
          RenderText {#text} at (0,1) size 190x28
            text run at (0,1) width 190: "Expected Results: "
          RenderBR {BR} at (189,23) size 1x0
          RenderText {#text} at (0,31) size 675x58
            text run at (0,31) width 675: "Should see the two lines in the red box. Each should contain \"A\" only."
            text run at (0,61) width 614: "Insertion point should be blinking at the start of the second line."
      RenderBlock {DIV} at (0,278) size 784x94
        RenderBlock {DIV} at (0,0) size 784x94 [border: (2px solid #FF0000)]
          RenderBlock {P} at (2,2) size 780x30
            RenderText {#text} at (0,1) size 18x28
              text run at (0,1) width 18: "A"
          RenderBlock (anonymous) at (2,32) size 780x30
            RenderBR {BR} at (0,1) size 0x28
          RenderBlock {P} at (2,62) size 780x30
            RenderText {#text} at (0,1) size 35x28
              text run at (0,1) width 35: "AA"
