EDITING DELEGATE: shouldBeginEditingInDOMRange:range from 0 of BODY > HTML > #document to 4 of BODY > HTML > #document
EDITING DELEGATE: shouldEndEditingInDOMRange:range from 0 of BODY > HTML > #document to 4 of BODY > HTML > #document
EDITING DELEGATE: webViewDidChangeSelection:WebViewDidChangeSelectionNotification
EDITING DELEGATE: webViewDidEndEditing:WebViewDidEndEditingNotification
EDITING DELEGATE: webViewDidChangeSelection:WebViewDidChangeSelectionNotification
layer at (0,0) size 800x600
  RenderView at (0,0) size 800x600
layer at (0,0) size 800x600
  RenderBlock {HTML} at (0,0) size 800x600
    RenderBody {BODY} at (8,8) size 784x584
      RenderBlock (anonymous) at (0,0) size 784x20
        RenderText {#text} at (0,0) size 311x19
          text run at (0,0) width 311: "Should see a blank line between \"foo\" and \"baz\""
      RenderBlock {DIV} at (0,20) size 784x24
      RenderBlock {DIV} at (0,44) size 784x118 [border: (2px solid #FF0000)]
        RenderBlock {DIV} at (14,14) size 756x30
          RenderText {#text} at (0,1) size 32x28
            text run at (0,1) width 32: "foo"
        RenderBlock (anonymous) at (14,44) size 756x30
          RenderText {#text} at (0,1) size 31x28
            text run at (0,1) width 31: "bar"
        RenderBlock {DIV} at (14,74) size 756x30
          RenderText {#text} at (0,1) size 34x28
            text run at (0,1) width 34: "baz"
