EDITING DELEGATE: shouldBeginEditingInDOMRange:range from 0 of BODY > HTML > #document to 4 of BODY > HTML > #document
EDITING DELEGATE: shouldEndEditingInDOMRange:range from 0 of BODY > HTML > #document to 4 of BODY > HTML > #document
EDITING DELEGATE: webViewDidChangeSelection:WebViewDidChangeSelectionNotification
EDITING DELEGATE: webViewDidEndEditing:WebViewDidEndEditingNotification
EDITING DELEGATE: webViewDidChangeSelection:WebViewDidChangeSelectionNotification
layer at (0,0) size 800x600
  RenderView at (0,0) size 800x600
layer at (0,0) size 800x600
  RenderBlock {HTML} at (0,0) size 800x600
    RenderBody {BODY} at (8,8) size 784x584
      RenderBlock {DIV} at (0,0) size 784x136 [border: (2px solid #FF0000)]
        RenderBlock (anonymous) at (14,14) size 756x30
          RenderInline {SPAN} at (0,0) size 38x28
            RenderText {#text} at (0,1) size 38x28
              text run at (0,1) width 38: "Foo"
            RenderBR {BR} at (37,23) size 1x0
        RenderBlock (anonymous) at (14,68) size 756x30
          RenderBlock {BLOCKQUOTE} at (40,0) size 676x30
            RenderText {#text} at (0,1) size 35x28
              text run at (0,1) width 35: "Bar"
        RenderBlock (anonymous) at (14,122) size 756x0
          RenderInline {SPAN} at (0,0) size 0x0
          RenderText {#text} at (0,0) size 0x0
