EDITING DELEGATE: shouldBeginEditingInDOMRange:range from 0 of DIV > BODY > HTML > #document to 3 of DIV > BODY > HTML > #document
EDITING DELEGATE: shouldDeleteDOMRange:range from 4 of #text > LI > UL > DIV > BODY > HTML > #document to 5 of #text > LI > UL > DIV > BODY > HTML > #document
EDITING DELEGATE: shouldEndEditingInDOMRange:range from 0 of DIV > BODY > HTML > #document to 3 of DIV > BODY > HTML > #document
EDITING DELEGATE: webViewDidChangeSelection:WebViewDidChangeSelectionNotification
EDITING DELEGATE: webViewDidEndEditing:WebViewDidEndEditingNotification
EDITING DELEGATE: webViewDidBeginEditing:WebViewDidBeginEditingNotification
EDITING DELEGATE: webViewDidChangeSelection:WebViewDidChangeSelectionNotification
EDITING DELEGATE: webViewDidChangeSelection:WebViewDidChangeSelectionNotification
EDITING DELEGATE: webViewDidChangeSelection:WebViewDidChangeSelectionNotification
EDITING DELEGATE: webViewDidChangeSelection:WebViewDidChangeSelectionNotification
EDITING DELEGATE: webViewDidChangeSelection:WebViewDidChangeSelectionNotification
EDITING DELEGATE: webViewDidChangeSelection:WebViewDidChangeSelectionNotification
EDITING DELEGATE: webViewDidChangeSelection:WebViewDidChangeSelectionNotification
EDITING DELEGATE: webViewDidChangeSelection:WebViewDidChangeSelectionNotification
EDITING DELEGATE: shouldChangeSelectedDOMRange:(null) toDOMRange:range from 4 of #text > LI > UL > DIV > BODY > HTML > #document to 4 of #text > LI > UL > DIV > BODY > HTML > #document affinity:NSSelectionAffinityDownstream stillSelecting:FALSE
EDITING DELEGATE: shouldBeginEditingInDOMRange:range from 0 of DIV > BODY > HTML > #document to 3 of DIV > BODY > HTML > #document
EDITING DELEGATE: shouldEndEditingInDOMRange:range from 0 of DIV > BODY > HTML > #document to 3 of DIV > BODY > HTML > #document
EDITING DELEGATE: webViewDidChangeSelection:WebViewDidChangeSelectionNotification
EDITING DELEGATE: webViewDidEndEditing:WebViewDidEndEditingNotification
EDITING DELEGATE: webViewDidChangeSelection:WebViewDidChangeSelectionNotification
EDITING DELEGATE: webViewDidChange:WebViewDidChangeNotification
layer at (0,0) size 800x600
  RenderView at (0,0) size 800x600
layer at (0,0) size 800x600
  RenderBlock {HTML} at (0,0) size 800x600
    RenderBody {BODY} at (8,8) size 784x584
      RenderBlock {DIV} at (0,0) size 784x226 [border: (2px solid #FF0000)]
        RenderBlock {UL} at (14,38) size 756x150
          RenderListItem {LI} at (40,0) size 716x30
            RenderListMarker at (-22,1) size 9x28: bullet
            RenderText {#text} at (0,1) size 35x28
              text run at (0,1) width 35: "one"
          RenderListItem {LI} at (40,30) size 716x30
            RenderListMarker at (-22,1) size 9x28: bullet
            RenderText {#text} at (0,1) size 36x28
              text run at (0,1) width 36: "two"
          RenderListItem {LI} at (40,60) size 716x30
            RenderListMarker at (-22,1) size 9x28: bullet
            RenderText {#text} at (0,1) size 38x28
              text run at (0,1) width 38: "thre"
          RenderListItem {LI} at (40,90) size 716x30
            RenderListMarker at (-22,1) size 9x28: bullet
            RenderText {#text} at (0,1) size 40x28
              text run at (0,1) width 40: "four"
          RenderListItem {LI} at (40,120) size 716x30
            RenderListMarker at (-22,1) size 9x28: bullet
            RenderText {#text} at (0,1) size 38x28
              text run at (0,1) width 38: "five"
