EDITING DELEGATE: shouldBeginEditingInDOMRange:range from 0 of DIV > BODY > HTML > #document to 3 of DIV > BODY > HTML > #document
EDITING DELEGATE: shouldEndEditingInDOMRange:range from 0 of DIV > BODY > HTML > #document to 3 of DIV > BODY > HTML > #document
EDITING DELEGATE: webViewDidChangeSelection:WebViewDidChangeSelectionNotification
EDITING DELEGATE: webViewDidEndEditing:WebViewDidEndEditingNotification
EDITING DELEGATE: webViewDidChangeSelection:WebViewDidChangeSelectionNotification
layer at (0,0) size 800x600
  RenderView at (0,0) size 800x600
layer at (0,0) size 800x600
  RenderBlock {HTML} at (0,0) size 800x600
    RenderBody {BODY} at (8,8) size 784x584
      RenderBlock {P} at (0,0) size 784x40
        RenderText {#text} at (0,0) size 766x39
          text run at (0,0) width 265: "This testcase demonstrates a bug (9441). "
          text run at (264,0) width 455: "When 'as' is deleted, there should be a space before and after the caret. "
          text run at (718,0) width 48: "Editing"
          text run at (0,20) width 543: "produces a tree that should result in two spaces, but for some reason it isn't rendered."
      RenderBlock {DIV} at (0,56) size 784x88 [border: (2px solid #FF0000)]
        RenderInline {SPAN} at (0,0) size 756x58
          RenderText {#text} at (14,15) size 96x28
            text run at (14,15) width 96: "in Liberty"
          RenderInline {I} at (0,0) size 117x28
            RenderText {#text} at (109,15) size 117x28
              text run at (109,15) width 21: "F "
              text run at (129,15) width 97: "and seven"
          RenderText {#text} at (225,15) size 63x28
            text run at (225,15) width 63: " years "
          RenderInline {B} at (0,0) size 29x28
            RenderText {#text} at (287,15) size 29x28
              text run at (287,15) width 29: "as "
          RenderText {#text} at (315,15) size 756x58
            text run at (315,15) width 110: "our fathers "
            text run at (424,15) width 340: "f upon this continent, a new nation,"
            text run at (763,15) width 7: " "
            text run at (14,45) width 228: "conceived    in Liberty, "
            text run at (241,45) width 380: "and dedicated to the proposition that all"
        RenderText {#text} at (0,0) size 0x0
