EDITING DELEGATE: shouldBeginEditingInDOMRange:range from 0 of BODY > HTML > #document to 6 of BODY > HTML > #document
EDITING DELEGATE: shouldEndEditingInDOMRange:range from 0 of BODY > HTML > #document to 6 of BODY > HTML > #document
EDITING DELEGATE: webViewDidChangeSelection:WebViewDidChangeSelectionNotification
EDITING DELEGATE: webViewDidEndEditing:WebViewDidEndEditingNotification
EDITING DELEGATE: webViewDidChangeSelection:WebViewDidChangeSelectionNotification
layer at (0,0) size 800x600
  RenderView at (0,0) size 800x600
layer at (0,0) size 800x600
  RenderBlock {HTML} at (0,0) size 800x600
    RenderBody {BODY} at (8,8) size 784x584
      RenderBlock {DIV} at (0,0) size 784x88 [border: (2px solid #0000FF)]
        RenderText {#text} at (14,15) size 726x58
          text run at (14,15) width 720: "Should see \"Test OK\" in top red box, followed by \"...more text\", in its own"
          text run at (733,15) width 7: " "
          text run at (14,45) width 79: "red box."
      RenderBlock {DIV} at (0,112) size 784x146
        RenderBlock {DIV} at (0,0) size 784x146 [border: (2px solid #FF0000)]
          RenderBlock (anonymous) at (14,14) size 756x30
            RenderText {#text} at (0,1) size 15x28
              text run at (0,1) width 15: "T"
          RenderBlock {DIV} at (14,44) size 756x88 [border: (2px solid #FF0000)]
            RenderText {#text} at (14,15) size 80x28
              text run at (14,15) width 80: "xest OK"
            RenderBR {BR} at (93,37) size 1x0
            RenderText {#text} at (14,45) size 110x28
              text run at (14,45) width 110: "...more text"
