EDITING DELEGATE: shouldBeginEditingInDOMRange:range from 0 of BODY > HTML > #document to 6 of BODY > HTML > #document
EDITING DELEGATE: shouldEndEditingInDOMRange:range from 0 of BODY > HTML > #document to 6 of BODY > HTML > #document
EDITING DELEGATE: webViewDidChangeSelection:WebViewDidChangeSelectionNotification
EDITING DELEGATE: webViewDidEndEditing:WebViewDidEndEditingNotification
EDITING DELEGATE: webViewDidChangeSelection:WebViewDidChangeSelectionNotification
layer at (0,0) size 800x600
  RenderView at (0,0) size 800x600
layer at (0,0) size 800x600
  RenderBlock {HTML} at (0,0) size 800x600
    RenderBody {BODY} at (8,8) size 784x584
      RenderBlock {DIV} at (0,0) size 784x58 [border: (2px solid #0000FF)]
        RenderText {#text} at (14,15) size 496x28
          text run at (14,15) width 496: "Should see \"X\" in a yellow box nested in a red box."
      RenderBlock {DIV} at (0,82) size 784x124
        RenderBlock {DIV} at (0,0) size 784x124 [border: (2px solid #FF0000)]
          RenderBlock (anonymous) at (14,14) size 756x30
            RenderText {#text} at (0,1) size 35x28
              text run at (0,1) width 35: "AA"
          RenderBlock {DIV} at (14,44) size 756x66 [border: (3px solid #FFFF00)]
            RenderBlock (anonymous) at (3,3) size 750x30
              RenderText {#text} at (0,1) size 255x28
                text run at (0,1) width 255: "should not see this content"
            RenderBlock {DIV} at (3,33) size 750x30
              RenderText {#text} at (0,1) size 35x28
                text run at (0,1) width 35: "XX"
