EDITING DELEGATE: shouldBeginEditingInDOMRange:range from 0 of DIV > BODY > HTML > #document to 2 of DIV > BODY > HTML > #document
EDITING DELEGATE: shouldEndEditingInDOMRange:range from 0 of DIV > BODY > HTML > #document to 2 of DIV > BODY > HTML > #document
EDITING DELEGATE: webViewDidChangeSelection:WebViewDidChangeSelectionNotification
EDITING DELEGATE: webViewDidEndEditing:WebViewDidEndEditingNotification
EDITING DELEGATE: webViewDidChangeSelection:WebViewDidChangeSelectionNotification
layer at (0,0) size 800x600
  RenderView at (0,0) size 800x600
layer at (0,0) size 800x600
  RenderBlock {HTML} at (0,0) size 800x600
    RenderBody {BODY} at (8,8) size 784x584
      RenderBlock {P} at (0,0) size 784x40
        RenderText {#text} at (0,0) size 774x39
          text run at (0,0) width 677: "This tests to see if deletion correctly prunes the containers of the paragraph being moved during a merge. "
          text run at (676,0) width 98: "You should see"
          text run at (0,20) width 25: "'foo"
        RenderInline {B} at (0,0) size 25x19
          RenderText {#text} at (24,20) size 25x19
            text run at (24,20) width 25: "bar"
        RenderText {#text} at (48,20) size 50x19
          text run at (48,20) width 50: "' below."
      RenderBlock {DIV} at (0,56) size 784x64
        RenderBlock {DIV} at (0,0) size 784x20
          RenderText {#text} at (0,0) size 22x19
            text run at (0,0) width 22: "foo"
        RenderBlock {DIV} at (0,20) size 784x44 [border: (1px solid #0000FF)]
          RenderBlock {DIV} at (6,6) size 772x32 [border: (1px solid #FF0000)]
            RenderText {#text} at (6,6) size 24x19
              text run at (6,6) width 24: "bar"
