layer at (0,0) size 800x600
  RenderView at (0,0) size 800x600
layer at (0,0) size 800x600
  RenderBlock {HTML} at (0,0) size 800x600
    RenderBody {BODY} at (8,8) size 784x584
      RenderText {#text} at (110,2) size 4x18
        text run at (110,2) width 4: " "
      RenderText {#text} at (0,0) size 0x0
layer at (8,10) size 110x19 clip at (10,12) size 106x15
  RenderFlexibleBox {INPUT} at (0,2) size 110x19 [bgcolor=#FFFFFF] [border: (2px inset #000000)]
layer at (11,13) size 64x13 scrollHeight 14
  RenderBlock {DIV} at (3,3) size 65x13
    RenderBlock {DIV} at (0,0) size 65x13
      RenderInline {DIV} at (0,0) size 17x15
        RenderText {#text} at (1,0) size 15x13
          text run at (1,0) width 15: "04"
      RenderInline {DIV} at (0,0) size 4x13
        RenderText {#text} at (16,0) size 4x13
          text run at (16,0) width 4: "/"
      RenderInline {DIV} at (0,0) size 15x15
        RenderText {#text} at (20,0) size 13x13
          text run at (20,0) width 13: "01"
      RenderInline {DIV} at (0,0) size 5x13
        RenderText {#text} at (33,0) size 5x13
          text run at (33,0) width 5: "/"
      RenderInline {DIV} at (0,0) size 28x15
        RenderText {#text} at (38,0) size 26x13
          text run at (38,0) width 26: "1976"
layer at (122,10) size 110x19 clip at (124,12) size 106x15
  RenderFlexibleBox {INPUT} at (114,2) size 110x19 [bgcolor=#FFFFFF] [border: (2px inset #000000)]
layer at (165,13) size 64x13 scrollHeight 14
  RenderBlock {DIV} at (42,3) size 65x13
    RenderBlock {DIV} at (0,0) size 65x13
      RenderInline {DIV} at (0,0) size 17x15
        RenderText {#text} at (1,0) size 15x13
          text run at (1,0) width 15: "04"
      RenderInline {DIV} at (0,0) size 4x13
        RenderText {#text} at (16,0) size 4x13
          text run at (16,0) width 4: "/"
      RenderInline {DIV} at (0,0) size 15x15
        RenderText {#text} at (20,0) size 13x13
          text run at (20,0) width 13: "01"
      RenderInline {DIV} at (0,0) size 5x13
        RenderText {#text} at (33,0) size 5x13
          text run at (33,0) width 5: "/"
      RenderInline {DIV} at (0,0) size 28x15
        RenderText {#text} at (38,0) size 26x13
          text run at (38,0) width 26: "1976"
