layer at (0,0) size 800x600
  RenderView at (0,0) size 800x600
layer at (0,0) size 800x600
  RenderBlock {HTML} at (0,0) size 800x600
    RenderBody {BODY} at (8,8) size 784x584
      RenderBlock {DIV} at (0,0) size 506x36 [color=#4B0082] [border: (3px solid #000000)]
        RenderRuby (inline) {RUBY} at (0,0) size 76x20 [color=#0000FF]
          RenderRubyRun (anonymous) at (3,13) size 81x20
            RenderRubyText {RT} at (0,-10) size 81x10 [color=#C0C0C0]
              RenderText {#text} at (0,0) size 81x10
                text run at (0,0) width 81: "xxxxxxxx"
            RenderRubyBase (anonymous) at (0,0) size 81x20
              RenderText {#text} at (20,0) size 41x20
                text run at (20,0) width 41: "xx"
        RenderText {#text} at (79,13) size 100x20
          text run at (79,13) width 100: "lllll"
        RenderRuby (inline) {RUBY} at (0,0) size 71x20 [color=#0000FF]
          RenderRubyRun (anonymous) at (174,13) size 81x20
            RenderRubyText {RT} at (0,-10) size 81x10 [color=#C0C0C0]
              RenderText {#text} at (0,0) size 81x10
                text run at (0,0) width 81: "yyyyyyyy"
            RenderRubyBase (anonymous) at (0,0) size 81x20
              RenderText {#text} at (20,0) size 41x20
                text run at (20,0) width 41: "yy"
        RenderText {#text} at (250,13) size 100x20
          text run at (250,13) width 100: "lllll"
        RenderRuby (inline) {RUBY} at (0,0) size 76x20 [color=#0000FF]
          RenderRubyRun (anonymous) at (345,13) size 81x20
            RenderRubyText {RT} at (0,-10) size 81x10 [color=#C0C0C0]
              RenderText {#text} at (0,0) size 81x10
                text run at (0,0) width 81: "zzzzzzzz"
            RenderRubyBase (anonymous) at (0,0) size 81x20
              RenderText {#text} at (20,0) size 41x20
                text run at (20,0) width 41: "zz"
        RenderText {#text} at (0,0) size 0x0
      RenderBlock {DIV} at (0,44) size 506x36 [color=#4B0082] [border: (3px solid #000000)]
        RenderRuby (inline) {RUBY} at (0,0) size 76x20 [color=#0000FF]
          RenderRubyRun (anonymous) at (3,13) size 81x20
            RenderRubyText {RT} at (0,-10) size 81x10 [color=#C0C0C0]
              RenderText {#text} at (0,0) size 81x10
                text run at (0,0) width 81: "xxxxxxxx"
            RenderRubyBase (anonymous) at (0,0) size 81x20
              RenderText {#text} at (20,0) size 41x20
                text run at (20,0) width 41: "xx"
        RenderInline {SPAN} at (0,0) size 20x10
          RenderText {#text} at (79,21) size 20x10
            text run at (79,21) width 20: "ll"
        RenderRuby (inline) {RUBY} at (0,0) size 71x20 [color=#0000FF]
          RenderRubyRun (anonymous) at (94,13) size 81x20
            RenderRubyText {RT} at (0,-10) size 81x10 [color=#C0C0C0]
              RenderText {#text} at (0,0) size 81x10
                text run at (0,0) width 81: "yyyyyyyy"
            RenderRubyBase (anonymous) at (0,0) size 81x20
              RenderText {#text} at (20,0) size 41x20
                text run at (20,0) width 41: "yy"
        RenderInline {SPAN} at (0,0) size 20x10
          RenderText {#text} at (170,21) size 20x10
            text run at (170,21) width 20: "ll"
        RenderRuby (inline) {RUBY} at (0,0) size 76x20 [color=#0000FF]
          RenderRubyRun (anonymous) at (185,13) size 81x20
            RenderRubyText {RT} at (0,-10) size 81x10 [color=#C0C0C0]
              RenderText {#text} at (0,0) size 81x10
                text run at (0,0) width 81: "zzzzzzzz"
            RenderRubyBase (anonymous) at (0,0) size 81x20
              RenderText {#text} at (20,0) size 41x20
                text run at (20,0) width 41: "zz"
        RenderText {#text} at (0,0) size 0x0
      RenderBlock {DIV} at (0,88) size 506x36 [color=#4B0082] [border: (3px solid #000000)]
        RenderRuby (inline) {RUBY} at (0,0) size 76x20 [color=#0000FF]
          RenderRubyRun (anonymous) at (3,13) size 81x20
            RenderRubyText {RT} at (0,-10) size 81x10 [color=#C0C0C0]
              RenderText {#text} at (0,0) size 81x10
                text run at (0,0) width 81: "xxxxxxxx"
            RenderRubyBase (anonymous) at (0,0) size 81x20
              RenderText {#text} at (20,0) size 41x20
                text run at (20,0) width 41: "xx"
        RenderInline {SPAN} at (0,0) size 40x20
          RenderText {#text} at (79,13) size 40x20
            text run at (79,13) width 40: "ll"
        RenderRuby (inline) {RUBY} at (0,0) size 71x20 [color=#0000FF]
          RenderRubyRun (anonymous) at (114,13) size 81x20
            RenderRubyText {RT} at (0,-10) size 81x10 [color=#C0C0C0]
              RenderText {#text} at (0,0) size 81x10
                text run at (0,0) width 81: "yyyyyyyy"
            RenderRubyBase (anonymous) at (0,0) size 81x20
              RenderText {#text} at (20,0) size 41x20
                text run at (20,0) width 41: "yy"
        RenderInline {SPAN} at (0,0) size 40x20
          RenderText {#text} at (190,13) size 40x20
            text run at (190,13) width 40: "ll"
        RenderRuby (inline) {RUBY} at (0,0) size 76x20 [color=#0000FF]
          RenderRubyRun (anonymous) at (225,13) size 81x20
            RenderRubyText {RT} at (0,-10) size 81x10 [color=#C0C0C0]
              RenderText {#text} at (0,0) size 81x10
                text run at (0,0) width 81: "zzzzzzzz"
            RenderRubyBase (anonymous) at (0,0) size 81x20
              RenderText {#text} at (20,0) size 41x20
                text run at (20,0) width 41: "zz"
        RenderText {#text} at (0,0) size 0x0
      RenderBlock {DIV} at (0,132) size 506x38 [color=#4B0082] [border: (3px solid #000000)]
        RenderRuby (inline) {RUBY} at (0,0) size 81x20 [color=#0000FF]
          RenderRubyRun (anonymous) at (3,13) size 81x20
            RenderRubyText {RT} at (0,-10) size 81x10 [color=#C0C0C0]
              RenderText {#text} at (0,0) size 81x10
                text run at (0,0) width 81: "xxxxxxxx"
            RenderRubyBase (anonymous) at (0,0) size 81x20
              RenderText {#text} at (20,0) size 41x20
                text run at (20,0) width 41: "xx"
        RenderInline {SPAN} at (0,0) size 60x30
          RenderText {#text} at (84,5) size 60x30
            text run at (84,5) width 60: "ll"
        RenderRuby (inline) {RUBY} at (0,0) size 81x20 [color=#0000FF]
          RenderRubyRun (anonymous) at (144,13) size 81x20
            RenderRubyText {RT} at (0,-10) size 81x10 [color=#C0C0C0]
              RenderText {#text} at (0,0) size 81x10
                text run at (0,0) width 81: "yyyyyyyy"
            RenderRubyBase (anonymous) at (0,0) size 81x20
              RenderText {#text} at (20,0) size 41x20
                text run at (20,0) width 41: "yy"
        RenderInline {SPAN} at (0,0) size 60x30
          RenderText {#text} at (225,5) size 60x30
            text run at (225,5) width 60: "ll"
        RenderRuby (inline) {RUBY} at (0,0) size 81x20 [color=#0000FF]
          RenderRubyRun (anonymous) at (285,13) size 81x20
            RenderRubyText {RT} at (0,-10) size 81x10 [color=#C0C0C0]
              RenderText {#text} at (0,0) size 81x10
                text run at (0,0) width 81: "zzzzzzzz"
            RenderRubyBase (anonymous) at (0,0) size 81x20
              RenderText {#text} at (20,0) size 41x20
                text run at (20,0) width 41: "zz"
        RenderText {#text} at (0,0) size 0x0
