layer at (0,0) size 800x600
  RenderView at (0,0) size 800x600
layer at (0,0) size 800x51
  RenderBlock {HTML} at (0,0) size 800x51 [color=#FFFFFF]
    RenderBody {BODY} at (8,8) size 784x35
      RenderRuby (inline) {RUBY} at (0,0) size 784x10
        RenderRubyRun (anonymous) at (0,5) size 784x30
          RenderRubyText {RT} at (0,-5) size 784x5
            RenderText {#text} at (371,0) size 41x5
              text run at (371,0) width 41: "rubytext"
          RenderRubyBase (anonymous) at (0,0) size 784x30
            RenderText {#text} at (0,0) size 784x30
              text run at (0,0) width 784: "Attempt to create a positioned ruby text element. Non-static position is not"
              text run at (0,10) width 784: "supported for ruby text, which should be apparent from the resulting render"
              text run at (0,20) width 51: "tree."
      RenderText {#text} at (0,0) size 0x0
