layer at (0,0) size 800x600
  RenderView at (0,0) size 800x600
layer at (0,0) size 800x600
  RenderBlock {HTML} at (0,0) size 800x600
    RenderBody {BODY} at (8,8) size 784x584
      RenderBlock {DIV} at (0,0) size 100x60 [color=#008000] [bgcolor=#FF0000]
        RenderText {#text} at (0,0) size 121x60
          text run at (0,0) width 81: "hen\x{AD}" + hyphen string "\x{2010}"
          text run at (0,20) width 40: "a\x{AD}" + hyphen string "\x{2010}"
          text run at (0,40) width 121: "tion." + hyphen string "\x{2010}"
      RenderBlock {DIV} at (0,60) size 100x40 [color=#008000] [bgcolor=#FF0000]
        RenderText {#text} at (0,0) size 121x40
          text run at (0,0) width 81: "hena\x{AD}"
          text run at (0,20) width 121: "tion." + hyphen string "\x{2010}"
      RenderBlock {DIV} at (0,100) size 100x20 [color=#008000] [bgcolor=#FF0000]
        RenderText {#text} at (0,0) size 101x20
          text run at (0,0) width 101: "5x5sq"
