layer at (0,0) size 800x600
  RenderView at (0,0) size 800x600
layer at (0,0) size 800x206
  RenderBlock {HTML} at (0,0) size 800x207
    RenderBody {BODY} at (8,16) size 784x175
      RenderTable {TABLE} at (16,0) size 58x89 [border: (3px solid #FF0000)]
        RenderTableSection {TBODY} at (3,3) size 52x83
          RenderTableRow {TR} at (0,2) size 48x83
            RenderTableCell {TD} at (2,2) size 48x79 [r=0 c=0 rs=1 cs=1]
              RenderTable {TABLE} at (1,1) size 23x74 [color=#FFFFFF] [bgcolor=#800080]
                RenderTableSection {TBODY} at (0,0) size 23x74
                  RenderTableRow {TR} at (0,2) size 19x74
                    RenderTableCell {TD} at (2,2) size 19x70 [r=0 c=0 rs=1 cs=1]
                      RenderText {#text} at (1,1) size 17x67
                        text run at (1,1) width 67: "Table One"
              RenderTable {TABLE} at (24,1) size 23x77 [color=#FFFFFF] [bgcolor=#800080]
                RenderTableSection {TBODY} at (0,0) size 23x77
                  RenderTableRow {TR} at (0,2) size 19x77
                    RenderTableCell {TD} at (2,2) size 19x73 [r=0 c=0 rs=1 cs=1]
                      RenderText {#text} at (1,1) size 17x70
                        text run at (1,1) width 70: "Table Two"
      RenderTable {TABLE} at (16,104) size 46x71 [border: (3px solid #FF0000)]
        RenderTableSection {TBODY} at (3,3) size 40x65
          RenderTableRow {TR} at (0,2) size 36x65
            RenderTableCell {TD} at (2,2) size 36x61 [r=0 c=0 rs=1 cs=1]
              RenderBlock {DIV} at (1,1) size 17x59 [color=#FFFFFF] [bgcolor=#800080]
                RenderText {#text} at (0,0) size 17x55
                  text run at (0,0) width 55: "Div One"
              RenderBlock {DIV} at (18,1) size 17x59 [color=#FFFFFF] [bgcolor=#800080]
                RenderText {#text} at (0,0) size 17x58
                  text run at (0,0) width 58: "Div Two"
