layer at (0,0) size 800x600
  RenderView at (0,0) size 800x600
layer at (0,0) size 800x360
  RenderBlock {HTML} at (0,0) size 800x360
    RenderBody {BODY} at (8,21) size 784x331
      RenderBlock {H1} at (0,0) size 784x37
        RenderText {#text} at (0,0) size 483x36
          text run at (0,0) width 483: "Vertical alignment and table height"
      RenderBlock {P} at (0,58) size 784x19
        RenderText {#text} at (0,0) size 535x17
          text run at (0,0) width 535: "In each of the following tables the cells with 'Data' should all have the same baseline:"
      RenderTable {TABLE} at (0,92) size 457x120
        RenderTableSection {TBODY} at (0,0) size 457x119
          RenderTableRow {TR} at (0,2) size 457x115
            RenderTableCell {TD} at (2,76) size 34x22 [border: (1px solid #000000)] [r=0 c=0 rs=1 cs=1]
              RenderText {#text} at (2,2) size 30x17
                text run at (2,2) width 30: "Data"
            RenderTableCell {TD} at (38,46) size 94x59 [border: (1px solid #000000)] [r=0 c=1 rs=1 cs=1]
              RenderText {#text} at (2,3) size 90x53
                text run at (2,3) width 90: "Data"
            RenderTableCell {TD} at (134,2) size 186x115 [border: (1px solid #000000)] [r=0 c=2 rs=1 cs=1]
              RenderText {#text} at (2,4) size 182x107
                text run at (2,4) width 182: "Data"
            RenderTableCell {TD} at (322,2) size 29x22 [border: (1px solid #000000)] [r=0 c=3 rs=1 cs=1]
              RenderText {#text} at (2,2) size 25x17
                text run at (2,2) width 25: "Top"
            RenderTableCell {TD} at (353,48) size 49x23 [border: (1px solid #000000)] [r=0 c=4 rs=1 cs=1]
              RenderText {#text} at (2,2) size 45x18
                text run at (2,3) width 45: "Middle"
            RenderTableCell {TD} at (404,95) size 51x22 [border: (1px solid #000000)] [r=0 c=5 rs=1 cs=1]
              RenderText {#text} at (2,2) size 47x17
                text run at (2,2) width 47: "Bottom"
      RenderTable {TABLE} at (0,211) size 457x120
        RenderTableSection {TBODY} at (0,0) size 457x119
          RenderTableRow {TR} at (0,2) size 457x115
            RenderTableCell {TD} at (2,2) size 29x22 [border: (1px solid #000000)] [r=0 c=0 rs=1 cs=1]
              RenderText {#text} at (2,2) size 25x17
                text run at (2,2) width 25: "Top"
            RenderTableCell {TD} at (33,48) size 49x23 [border: (1px solid #000000)] [r=0 c=1 rs=1 cs=1]
              RenderText {#text} at (2,2) size 45x18
                text run at (2,3) width 45: "Middle"
            RenderTableCell {TD} at (84,95) size 51x22 [border: (1px solid #000000)] [r=0 c=2 rs=1 cs=1]
              RenderText {#text} at (2,2) size 47x17
                text run at (2,2) width 47: "Bottom"
            RenderTableCell {TD} at (137,2) size 186x115 [border: (1px solid #000000)] [r=0 c=3 rs=1 cs=1]
              RenderText {#text} at (2,4) size 182x107
                text run at (2,4) width 182: "Data"
            RenderTableCell {TD} at (325,76) size 34x22 [border: (1px solid #000000)] [r=0 c=4 rs=1 cs=1]
              RenderText {#text} at (2,2) size 30x17
                text run at (2,2) width 30: "Data"
            RenderTableCell {TD} at (361,46) size 94x59 [border: (1px solid #000000)] [r=0 c=5 rs=1 cs=1]
              RenderText {#text} at (2,3) size 90x53
                text run at (2,3) width 90: "Data"
