layer at (0,0) size 800x600
  RenderView at (0,0) size 800x600
layer at (0,0) size 800x600
  RenderBlock {HTML} at (0,0) size 800x600
    RenderBody {BODY} at (8,8) size 784x584
      RenderBlock {H3} at (0,0) size 784x21
        RenderText {#text} at (0,0) size 247x21
          text run at (0,0) width 247: "Small Percentage Heights Bug"
      RenderBlock {P} at (0,39) size 784x35
        RenderText {#text} at (0,0) size 768x34
          text run at (0,0) width 401: "In the example below, all eight cells should be the same height. "
          text run at (401,0) width 367: "It appears that any percentage heights cause cells to fill the"
          text run at (0,17) width 120: "entire table height. "
          text run at (120,17) width 533: "Note how cell 8 is correct but 2-7 are not, despite the cells all specifying height:30%."
      RenderTable {TABLE} at (0,89) size 784x93 [border: (1px outset #808080)]
        RenderTableSection {TBODY} at (1,1) size 782x90
          RenderTableRow {TR} at (0,0) size 782x90
            RenderTableCell {TD} at (0,0) size 474x90 [bgcolor=#FFFF00] [border: (1px inset #808080)] [r=0 c=0 rs=1 cs=1]
              RenderText {#text} at (191,11) size 91x17
                text run at (191,11) width 91: "Table Data #1"
              RenderBR {BR} at (281,25) size 1x0
              RenderText {#text} at (202,28) size 69x17
                text run at (202,28) width 69: "Other cells"
              RenderBR {BR} at (270,42) size 1x0
              RenderText {#text} at (173,45) size 128x17
                text run at (173,45) width 128: "should be the height"
              RenderBR {BR} at (300,59) size 1x0
              RenderText {#text} at (204,62) size 66x17
                text run at (204,62) width 66: "of this cell"
            RenderTableCell {TD} at (473,17) size 45x56 [bgcolor=#006000] [border: (1px inset #808080)] [r=0 c=1 rs=1 cs=1]
              RenderText {#text} at (11,11) size 23x34
                text run at (11,11) width 23: "TD"
                text run at (14,28) width 17: "#2"
            RenderTableCell {TD} at (517,17) size 45x56 [bgcolor=#00FFFF] [border: (1px inset #808080)] [r=0 c=2 rs=1 cs=1]
              RenderText {#text} at (11,11) size 23x34
                text run at (11,11) width 23: "TD"
                text run at (14,28) width 17: "#3"
            RenderTableCell {TD} at (561,17) size 45x56 [bgcolor=#0000FF] [border: (1px inset #808080)] [r=0 c=3 rs=1 cs=1]
              RenderText {#text} at (11,11) size 23x34
                text run at (11,11) width 23: "TD"
                text run at (14,28) width 17: "#4"
            RenderTableCell {TD} at (605,17) size 45x56 [bgcolor=#008000] [border: (1px inset #808080)] [r=0 c=4 rs=1 cs=1]
              RenderText {#text} at (11,11) size 23x34
                text run at (11,11) width 23: "TD"
                text run at (14,28) width 17: "#5"
            RenderTableCell {TD} at (649,17) size 45x56 [bgcolor=#000080] [border: (1px inset #808080)] [r=0 c=5 rs=1 cs=1]
              RenderText {#text} at (11,11) size 23x34
                text run at (11,11) width 23: "TD"
                text run at (14,28) width 17: "#6"
            RenderTableCell {TD} at (693,17) size 45x56 [bgcolor=#CACACA] [border: (1px inset #808080)] [r=0 c=6 rs=1 cs=1]
              RenderText {#text} at (11,11) size 23x34
                text run at (11,11) width 23: "TD"
                text run at (14,28) width 17: "#7"
            RenderTableCell {TD} at (737,17) size 45x56 [bgcolor=#000000] [border: (1px inset #808080)] [r=0 c=7 rs=1 cs=1]
              RenderInline {FONT} at (0,0) size 23x34 [color=#FFFFFF]
                RenderText {#text} at (11,11) size 23x34
                  text run at (11,11) width 23: "TD"
                  text run at (14,28) width 17: "#8"
