layer at (0,0) size 800x600
  RenderView at (0,0) size 800x600
layer at (0,0) size 800x600
  RenderBlock {HTML} at (0,0) size 800x600
    RenderBody {BODY} at (8,8) size 784x584
      RenderTable {TABLE} at (0,0) size 203x75
        RenderTableSection {TBODY} at (0,0) size 203x75
          RenderTableRow {TR} at (0,2) size 203x71
            RenderTableCell {TD} at (2,2) size 199x71 [r=0 c=0 rs=1 cs=1]
              RenderTable {TABLE} at (1,1) size 197x23
                RenderTableSection {TBODY} at (0,0) size 197x23
                  RenderTableRow {TR} at (0,2) size 197x19
                    RenderTableCell {TD} at (2,2) size 193x19 [r=0 c=0 rs=1 cs=1]
                      RenderText {#text} at (1,1) size 190x17
                        text run at (1,1) width 190: "This should all be on one line."
              RenderTable {TABLE} at (1,24) size 85x46
                RenderTableSection {THEAD} at (0,23) size 85x2
                RenderBlock {CAPTION} at (0,0) size 85x23
                  RenderTable {TABLE} at (14,0) size 57x23
                    RenderTableSection {TBODY} at (0,0) size 57x23
                      RenderTableRow {TR} at (0,2) size 57x19
                        RenderTableCell {TD} at (2,2) size 53x19 [r=0 c=0 rs=1 cs=1]
                          RenderText {#text} at (1,1) size 50x17
                            text run at (1,1) width 50: "Caption"
                RenderTableSection {TBODY} at (0,25) size 85x21
                  RenderTableRow {TR} at (0,0) size 85x19
                    RenderTableCell {TD} at (2,0) size 50x19 [r=0 c=0 rs=1 cs=1]
                      RenderText {#text} at (1,1) size 47x17
                        text run at (1,1) width 47: "Bottom"
                    RenderTableCell {TD} at (53,0) size 30x19 [r=0 c=1 rs=1 cs=1]
                      RenderText {#text} at (1,1) size 27x17
                        text run at (1,1) width 27: "line."
