EDITING DELEGATE: shouldBeginEditingInDOMRange:range from 0 of DIV > BODY > HTML > #document to 5 of DIV > BODY > HTML > #document
EDITING DELEGATE: shouldEndEditingInDOMRange:range from 0 of DIV > BODY > HTML > #document to 5 of DIV > BODY > HTML > #document
EDITING DELEGATE: webViewDidChangeSelection:WebViewDidChangeSelectionNotification
EDITING DELEGATE: webViewDidEndEditing:WebViewDidEndEditingNotification
EDITING DELEGATE: webViewDidChangeSelection:WebViewDidChangeSelectionNotification
layer at (0,0) size 800x600
  RenderView at (0,0) size 800x600
layer at (0,0) size 800x600
  RenderBlock {HTML} at (0,0) size 800x600
    RenderBody {BODY} at (8,8) size 784x584
      RenderBlock {P} at (0,0) size 784x40
        RenderText {#text} at (0,0) size 773x39
          text run at (0,0) width 523: "This tests InsertUnorderedList on a selection that ends at the start of a paragraph. "
          text run at (522,0) width 250: "Since we don't paint the gap before the"
          text run at (0,20) width 773: "paragraph for most selections like this, we don't perform InsertUnorderedList on the paragraph that the selection ends in."
      RenderBlock {DIV} at (0,56) size 784x40
        RenderText {#text} at (0,0) size 218x19
          text run at (0,0) width 218: "This paragraph should be in a list."
        RenderBR {BR} at (217,15) size 1x0
        RenderText {#text} at (0,20) size 242x19
          text run at (0,20) width 242: "This paragraph should not be in a list."
        RenderBR {BR} at (241,35) size 1x0
