layer at (0,0) size 800x600
  RenderView at (0,0) size 800x600
layer at (0,0) size 800x600
  RenderBlock {HTML} at (0,0) size 800x600
    RenderBody {BODY} at (8,8) size 784x576
      RenderBlock {P} at (0,0) size 784x40
        RenderText {#text} at (0,0) size 775x39
          text run at (0,0) width 775: "This tests to see that creating an ordered list item from the last list item in an unordered list creates a new list that is not a"
          text run at (0,20) width 168: "sublist of the original one."
      RenderBlock {DIV} at (0,56) size 784x40
        RenderBlock {UL} at (0,0) size 784x40
          RenderListItem {LI} at (40,0) size 744x20
            RenderListMarker at (-18,0) size 7x19: bullet
            RenderText {#text} at (0,0) size 22x19
              text run at (0,0) width 22: "foo"
          RenderListItem {LI} at (40,20) size 744x20
            RenderListMarker at (-18,0) size 7x19: bullet
            RenderText {#text} at (0,0) size 21x19
              text run at (0,0) width 21: "bar"
