layer at (0,0) size 800x600
  RenderView at (0,0) size 800x600
layer at (0,0) size 800x600
  RenderBlock {HTML} at (0,0) size 800x600
    RenderBody {BODY} at (8,8) size 784x576
      RenderBlock {P} at (0,0) size 784x20
        RenderText {#text} at (0,0) size 383x19
          text run at (0,0) width 383: "This tests for a hang when performing InsertUnorderedList."
      RenderBlock {DIV} at (0,36) size 784x96
        RenderBlock {DIV} at (0,0) size 784x20
          RenderText {#text} at (0,0) size 353x19
            text run at (0,0) width 353: "There should be two empty unordered list items below."
        RenderBlock {DIV} at (0,36) size 784x60
          RenderBlock {UL} at (0,0) size 784x60
            RenderListItem {LI} at (40,0) size 744x20
              RenderListMarker at (-18,0) size 7x19: bullet
              RenderBR {BR} at (0,0) size 0x19
            RenderListItem {LI} at (40,20) size 744x20
              RenderListMarker at (-18,0) size 7x19: bullet
              RenderBR {BR} at (0,0) size 0x19
            RenderListItem {LI} at (40,40) size 744x20
              RenderListMarker at (-18,0) size 7x19: bullet
              RenderText {#text} at (0,0) size 243x19
                text run at (0,0) width 243: "This should be an unordered list item."
          RenderBlock (anonymous) at (0,76) size 784x0
