EDITING DELEGATE: webViewDidChangeSelection:WebViewDidChangeSelectionNotification
EDITING DELEGATE: shouldChangeSelectedDOMRange:range from 0 of BODY > HTML > #document to 0 of BODY > HTML > #document toDOMRange:range from 5 of #text > BODY > HTML > #document to 5 of #text > BODY > HTML > #document affinity:NSSelectionAffinityDownstream stillSelecting:FALSE
EDITING DELEGATE: webViewDidChangeSelection:WebViewDidChangeSelectionNotification
EDITING DELEGATE: webViewDidChange:WebViewDidChangeNotification
EDITING DELEGATE: webViewDidChangeSelection:WebViewDidChangeSelectionNotification
EDITING DELEGATE: webViewDidChangeSelection:WebViewDidChangeSelectionNotification
EDITING DELEGATE: webViewDidChangeSelection:WebViewDidChangeSelectionNotification
EDITING DELEGATE: shouldInsertNode:#document-fragment replacingDOMRange:range from 4 of #text > BODY > HTML > #document to 5 of #text > BODY > HTML > #document givenAction:WebViewInsertActionPasted
EDITING DELEGATE: webViewDidChangeSelection:WebViewDidChangeSelectionNotification
EDITING DELEGATE: webViewDidChangeSelection:WebViewDidChangeSelectionNotification
EDITING DELEGATE: shouldChangeSelectedDOMRange:range from 3 of #text > BODY > HTML > #document to 3 of #text > BODY > HTML > #document toDOMRange:range from 146 of #text > SPAN > BODY > HTML > #document to 146 of #text > SPAN > BODY > HTML > #document affinity:NSSelectionAffinityDownstream stillSelecting:FALSE
EDITING DELEGATE: webViewDidChangeSelection:WebViewDidChangeSelectionNotification
EDITING DELEGATE: webViewDidChange:WebViewDidChangeNotification
layer at (0,0) size 800x600
  RenderView at (0,0) size 800x600
layer at (0,0) size 800x600
  RenderBlock {HTML} at (0,0) size 800x600
    RenderBody {BODY} at (8,8) size 784x584
      RenderBlock {P} at (0,0) size 784x40
        RenderText {#text} at (0,0) size 775x39
          text run at (0,0) width 338: "This tests find and replace inside an editable iframe. "
          text run at (337,0) width 438: "You should see 'A B A B' below. With bug 4462420, you would see"
          text run at (0,20) width 67: "'A B B A'."
      RenderBlock (anonymous) at (0,56) size 784x154
        RenderPartObject {IFRAME} at (0,0) size 304x154 [border: (2px inset #000000)]
          layer at (0,0) size 300x150
            RenderView at (0,0) size 300x150
          layer at (0,0) size 300x150
            RenderBlock {HTML} at (0,0) size 300x150
              RenderBody {BODY} at (8,8) size 284x134 [bgcolor=#FFFFE0]
                RenderText {#text} at (0,0) size 31x19
                  text run at (0,0) width 31: "A B "
                RenderInline {SPAN} at (0,0) size 267x99
                  RenderText {#text} at (30,0) size 267x99
                    text run at (30,0) width 51: "Test for"
                    text run at (80,0) width 5: " "
                    text run at (0,20) width 252: "<http://bugs.webkit.org/show_bug.cgi?"
                    text run at (0,40) width 199: "id=12801> Assertion failure in"
                    text run at (198,40) width 5: " "
                    text run at (0,60) width 263: "createMarkup() (root) when doing Select"
                    text run at (262,60) width 5: " "
                    text run at (0,80) width 206: "All, Copy in an SVG document."
        RenderText {#text} at (0,0) size 0x0
        RenderText {#text} at (0,0) size 0x0
