layer at (0,0) size 1359x585
  RenderView at (0,0) size 800x585
layer at (0,0) size 800x585
  RenderBlock {HTML} at (0,0) size 800x585
    RenderBody {BODY} at (8,8) size 784x569
      RenderTable {TABLE} at (0,0) size 1351x123
        RenderTableSection {TBODY} at (0,0) size 1351x123
          RenderTableRow {TR} at (0,2) size 1351x20
            RenderTableCell {TH} at (2,11) size 83x2 [r=0 c=0 rs=1 cs=1]
            RenderTableCell {TH} at (86,11) size 315x2 [r=0 c=1 rs=1 cs=1]
            RenderTableCell {TH} at (402,2) size 315x20 [r=0 c=2 rs=1 cs=1]
              RenderText {#text} at (112,1) size 90x17
                text run at (112,1) width 90: "text-align:left"
            RenderTableCell {TH} at (718,2) size 315x20 [r=0 c=3 rs=1 cs=1]
              RenderText {#text} at (102,1) size 110x17
                text run at (102,1) width 110: "text-align:center"
            RenderTableCell {TH} at (1034,2) size 315x20 [r=0 c=4 rs=1 cs=1]
              RenderText {#text} at (106,1) size 102x17
                text run at (106,1) width 102: "text-align:right"
          RenderTableRow {TR} at (0,24) size 1351x31
            RenderTableCell {TH} at (2,38) size 83x3 [r=1 c=0 rs=1 cs=1]
            RenderTableCell {TD} at (86,24) size 315x31 [border: (1px solid #000000)] [r=1 c=1 rs=1 cs=1]
              RenderFileUploadControl {INPUT} at (4,4) size 306x23 "no file selected"
                RenderButton {INPUT} at (0,0) size 99x23 [bgcolor=#C0C0C0]
                  RenderBlock (anonymous) at (6,2) size 87x18
                    RenderText at (0,0) size 87x17
                      text run at (0,0) width 87: "Choose File"
            RenderTableCell {TD} at (402,24) size 315x31 [border: (1px solid #000000)] [r=1 c=2 rs=1 cs=1]
              RenderFileUploadControl {INPUT} at (4,4) size 306x23 "no file selected"
                RenderButton {INPUT} at (0,0) size 99x23 [bgcolor=#C0C0C0]
                  RenderBlock (anonymous) at (6,2) size 87x18
                    RenderText at (0,0) size 87x17
                      text run at (0,0) width 87: "Choose File"
            RenderTableCell {TD} at (718,24) size 315x31 [border: (1px solid #000000)] [r=1 c=3 rs=1 cs=1]
              RenderFileUploadControl {INPUT} at (4,4) size 306x23 "no file selected"
                RenderButton {INPUT} at (0,0) size 99x23 [bgcolor=#C0C0C0]
                  RenderBlock (anonymous) at (6,2) size 87x18
                    RenderText at (0,0) size 87x17
                      text run at (0,0) width 87: "Choose File"
            RenderTableCell {TD} at (1034,24) size 315x31 [border: (1px solid #000000)] [r=1 c=4 rs=1 cs=1]
              RenderFileUploadControl {INPUT} at (4,4) size 306x23 "no file selected"
                RenderButton {INPUT} at (0,0) size 99x23 [bgcolor=#C0C0C0]
                  RenderBlock (anonymous) at (6,2) size 87x18
                    RenderText at (0,0) size 87x17
                      text run at (0,0) width 87: "Choose File"
          RenderTableRow {TR} at (0,57) size 1351x31
            RenderTableCell {TH} at (2,62) size 83x21 [r=2 c=0 rs=1 cs=1]
              RenderText {#text} at (1,1) size 81x18
                text run at (1,2) width 81: "direction:ltr"
            RenderTableCell {TD} at (86,57) size 315x31 [border: (1px solid #000000)] [r=2 c=1 rs=1 cs=1]
              RenderFileUploadControl {INPUT} at (4,4) size 306x23 "no file selected"
                RenderButton {INPUT} at (0,0) size 99x23 [bgcolor=#C0C0C0]
                  RenderBlock (anonymous) at (6,2) size 87x18
                    RenderText at (0,0) size 87x17
                      text run at (0,0) width 87: "Choose File"
            RenderTableCell {TD} at (402,57) size 315x31 [border: (1px solid #000000)] [r=2 c=2 rs=1 cs=1]
              RenderFileUploadControl {INPUT} at (4,4) size 306x23 "no file selected"
                RenderButton {INPUT} at (0,0) size 99x23 [bgcolor=#C0C0C0]
                  RenderBlock (anonymous) at (6,2) size 87x18
                    RenderText at (0,0) size 87x17
                      text run at (0,0) width 87: "Choose File"
            RenderTableCell {TD} at (718,57) size 315x31 [border: (1px solid #000000)] [r=2 c=3 rs=1 cs=1]
              RenderFileUploadControl {INPUT} at (4,4) size 306x23 "no file selected"
                RenderButton {INPUT} at (0,0) size 99x23 [bgcolor=#C0C0C0]
                  RenderBlock (anonymous) at (6,2) size 87x18
                    RenderText at (0,0) size 87x17
                      text run at (0,0) width 87: "Choose File"
            RenderTableCell {TD} at (1034,57) size 315x31 [border: (1px solid #000000)] [r=2 c=4 rs=1 cs=1]
              RenderFileUploadControl {INPUT} at (4,4) size 306x23 "no file selected"
                RenderButton {INPUT} at (0,0) size 99x23 [bgcolor=#C0C0C0]
                  RenderBlock (anonymous) at (6,2) size 87x18
                    RenderText at (0,0) size 87x17
                      text run at (0,0) width 87: "Choose File"
          RenderTableRow {TR} at (0,90) size 1351x31
            RenderTableCell {TH} at (2,95) size 83x21 [r=3 c=0 rs=1 cs=1]
              RenderText {#text} at (1,1) size 81x18
                text run at (1,2) width 81: "direction:rtl"
            RenderTableCell {TD} at (86,90) size 315x31 [border: (1px solid #000000)] [r=3 c=1 rs=1 cs=1]
              RenderFileUploadControl {INPUT} at (4,4) size 306x23 "no file selected"
                RenderButton {INPUT} at (207,0) size 99x23 [bgcolor=#C0C0C0]
                  RenderBlock (anonymous) at (6,2) size 87x18
                    RenderText at (0,0) size 87x17
                      text run at (0,0) width 87: "Choose File"
            RenderTableCell {TD} at (402,90) size 315x31 [border: (1px solid #000000)] [r=3 c=2 rs=1 cs=1]
              RenderFileUploadControl {INPUT} at (4,4) size 306x23 "no file selected"
                RenderButton {INPUT} at (207,0) size 99x23 [bgcolor=#C0C0C0]
                  RenderBlock (anonymous) at (6,2) size 87x18
                    RenderText at (0,0) size 87x17
                      text run at (0,0) width 87: "Choose File"
            RenderTableCell {TD} at (718,90) size 315x31 [border: (1px solid #000000)] [r=3 c=3 rs=1 cs=1]
              RenderFileUploadControl {INPUT} at (4,4) size 306x23 "no file selected"
                RenderButton {INPUT} at (207,0) size 99x23 [bgcolor=#C0C0C0]
                  RenderBlock (anonymous) at (6,2) size 87x18
                    RenderText at (0,0) size 87x17
                      text run at (0,0) width 87: "Choose File"
            RenderTableCell {TD} at (1034,90) size 315x31 [border: (1px solid #000000)] [r=3 c=4 rs=1 cs=1]
              RenderFileUploadControl {INPUT} at (4,4) size 306x23 "no file selected"
                RenderButton {INPUT} at (207,0) size 99x23 [bgcolor=#C0C0C0]
                  RenderBlock (anonymous) at (6,2) size 87x18
                    RenderText at (0,0) size 87x17
                      text run at (0,0) width 87: "Choose File"
