layer at (0,0) size 800x600
  RenderView at (0,0) size 800x600
layer at (0,0) size 800x190
  RenderBlock {HTML} at (0,0) size 800x190
    RenderBody {BODY} at (8,16) size 784x158
      RenderBlock {P} at (0,0) size 784x21
        RenderMathMLMath {math} at (0,2) size 24x16 [padding: 0 1 0 1]
          RenderMathMLUnderOver {mover} at (1,0) size 22x16
            RenderMathMLSpace {mspace} at (0,13) size 22x3 [bgcolor=#0000FF]
            RenderMathMLOperator {mo} at (1,0) size 20x9
              RenderBlock (anonymous) at (0,0) size 12x8
                RenderText {#text} at (0,-36) size 12x80
                  text run at (0,-36) width 12: "\x{2190}"
        RenderText {#text} at (24,4) size 4x17
          text run at (24,4) width 4: " "
        RenderMathMLMath {math} at (28,2) size 24x16 [padding: 0 1 0 1]
          RenderMathMLUnderOver {mover} at (1,0) size 22x16
            RenderMathMLSpace {mspace} at (0,13) size 22x3 [bgcolor=#0000FF]
            RenderMathMLOperator {mo} at (1,0) size 20x9
              RenderBlock (anonymous) at (0,0) size 12x8
                RenderText {#text} at (0,-36) size 12x80
                  text run at (0,-36) width 12: "\x{2192}"
        RenderText {#text} at (52,4) size 4x17
          text run at (52,4) width 4: " "
        RenderMathMLMath {math} at (56,2) size 24x16 [padding: 0 1 0 1]
          RenderMathMLUnderOver {mover} at (1,0) size 22x16
            RenderMathMLSpace {mspace} at (0,13) size 22x3 [bgcolor=#0000FF]
            RenderMathMLOperator {mo} at (1,0) size 20x9
              RenderBlock (anonymous) at (0,0) size 12x8
                RenderText {#text} at (0,-36) size 12x80
                  text run at (0,-36) width 12: "\x{2194}"
        RenderText {#text} at (80,4) size 4x17
          text run at (80,4) width 4: " "
        RenderMathMLMath {math} at (84,2) size 24x16 [padding: 0 1 0 1]
          RenderMathMLUnderOver {mover} at (1,0) size 22x16
            RenderMathMLSpace {mspace} at (0,13) size 22x3 [bgcolor=#0000FF]
            RenderMathMLOperator {mo} at (1,0) size 20x9
              RenderBlock (anonymous) at (0,0) size 12x8
                RenderText {#text} at (0,-36) size 12x80
                  text run at (0,-36) width 12: "\x{21A4}"
        RenderText {#text} at (108,4) size 4x17
          text run at (108,4) width 4: " "
        RenderMathMLMath {math} at (112,2) size 24x16 [padding: 0 1 0 1]
          RenderMathMLUnderOver {mover} at (1,0) size 22x16
            RenderMathMLSpace {mspace} at (0,13) size 22x3 [bgcolor=#0000FF]
            RenderMathMLOperator {mo} at (1,0) size 20x9
              RenderBlock (anonymous) at (0,0) size 12x8
                RenderText {#text} at (0,-36) size 12x80
                  text run at (0,-36) width 12: "\x{21A6}"
        RenderText {#text} at (136,4) size 4x17
          text run at (136,4) width 4: " "
        RenderMathMLMath {math} at (140,3) size 24x15 [padding: 0 1 0 1]
          RenderMathMLUnderOver {mover} at (1,0) size 22x15
            RenderMathMLSpace {mspace} at (0,12) size 22x3 [bgcolor=#0000FF]
            RenderMathMLOperator {mo} at (1,0) size 20x8
              RenderBlock (anonymous) at (0,0) size 12x8
                RenderText {#text} at (0,-36) size 12x80
                  text run at (0,-36) width 12: "\x{21BC}"
        RenderText {#text} at (164,4) size 4x17
          text run at (164,4) width 4: " "
        RenderMathMLMath {math} at (168,5) size 24x13 [padding: 0 1 0 1]
          RenderMathMLUnderOver {mover} at (1,0) size 22x13
            RenderMathMLSpace {mspace} at (0,10) size 22x3 [bgcolor=#0000FF]
            RenderMathMLOperator {mo} at (1,0) size 20x6
              RenderBlock (anonymous) at (0,0) size 12x5
                RenderText {#text} at (0,-39) size 12x80
                  text run at (0,-39) width 12: "\x{21BD}"
        RenderText {#text} at (192,4) size 4x17
          text run at (192,4) width 4: " "
        RenderMathMLMath {math} at (196,3) size 24x15 [padding: 0 1 0 1]
          RenderMathMLUnderOver {mover} at (1,0) size 22x15
            RenderMathMLSpace {mspace} at (0,12) size 22x3 [bgcolor=#0000FF]
            RenderMathMLOperator {mo} at (1,0) size 20x8
              RenderBlock (anonymous) at (0,0) size 12x8
                RenderText {#text} at (0,-36) size 12x80
                  text run at (0,-36) width 12: "\x{21C0}"
        RenderText {#text} at (220,4) size 4x17
          text run at (220,4) width 4: " "
        RenderMathMLMath {math} at (224,2) size 24x16 [padding: 0 1 0 1]
          RenderMathMLUnderOver {mover} at (1,0) size 22x16
            RenderMathMLSpace {mspace} at (0,13) size 22x3 [bgcolor=#0000FF]
            RenderMathMLOperator {mo} at (1,0) size 20x9
              RenderBlock (anonymous) at (0,0) size 12x8
                RenderText {#text} at (0,-36) size 12x80
                  text run at (0,-36) width 12: "\x{21D0}"
        RenderText {#text} at (248,4) size 4x17
          text run at (248,4) width 4: " "
        RenderMathMLMath {math} at (252,2) size 24x16 [padding: 0 1 0 1]
          RenderMathMLUnderOver {mover} at (1,0) size 22x16
            RenderMathMLSpace {mspace} at (0,13) size 22x3 [bgcolor=#0000FF]
            RenderMathMLOperator {mo} at (1,0) size 20x9
              RenderBlock (anonymous) at (0,0) size 12x8
                RenderText {#text} at (0,-36) size 12x80
                  text run at (0,-36) width 12: "\x{21D2}"
        RenderText {#text} at (276,4) size 4x17
          text run at (276,4) width 4: " "
        RenderMathMLMath {math} at (280,2) size 24x16 [padding: 0 1 0 1]
          RenderMathMLUnderOver {mover} at (1,0) size 22x16
            RenderMathMLSpace {mspace} at (0,13) size 22x3 [bgcolor=#0000FF]
            RenderMathMLOperator {mo} at (1,0) size 20x9
              RenderBlock (anonymous) at (0,0) size 12x8
                RenderText {#text} at (0,-36) size 12x80
                  text run at (0,-36) width 12: "\x{21D4}"
        RenderText {#text} at (304,4) size 4x17
          text run at (304,4) width 4: " "
        RenderMathMLMath {math} at (308,0) size 24x18 [padding: 0 1 0 1]
          RenderMathMLUnderOver {mover} at (1,0) size 22x18
            RenderMathMLSpace {mspace} at (0,15) size 22x3 [bgcolor=#0000FF]
            RenderMathMLOperator {mo} at (1,0) size 20x11
              RenderBlock (anonymous) at (0,0) size 12x10
                RenderText {#text} at (0,-35) size 12x80
                  text run at (0,-35) width 12: "\x{21DA}"
        RenderText {#text} at (332,4) size 4x17
          text run at (332,4) width 4: " "
        RenderMathMLMath {math} at (336,0) size 24x18 [padding: 0 1 0 1]
          RenderMathMLUnderOver {mover} at (1,0) size 22x18
            RenderMathMLSpace {mspace} at (0,15) size 22x3 [bgcolor=#0000FF]
            RenderMathMLOperator {mo} at (1,0) size 20x11
              RenderBlock (anonymous) at (0,0) size 12x10
                RenderText {#text} at (0,-35) size 12x80
                  text run at (0,-35) width 12: "\x{21DB}"
        RenderText {#text} at (360,4) size 4x17
          text run at (360,4) width 4: " "
        RenderMathMLMath {math} at (364,7) size 24x11 [padding: 0 1 0 1]
          RenderMathMLUnderOver {mover} at (1,0) size 22x11
            RenderMathMLSpace {mspace} at (0,8) size 22x3 [bgcolor=#0000FF]
            RenderMathMLOperator {mo} at (9,0) size 4x4
              RenderBlock (anonymous) at (0,0) size 4x10
                RenderText {#text} at (0,-34) size 4x80
                  text run at (0,-34) width 4: "\x{23B4}"
        RenderText {#text} at (388,4) size 4x17
          text run at (388,4) width 4: " "
        RenderMathMLMath {math} at (392,7) size 24x11 [padding: 0 1 0 1]
          RenderMathMLUnderOver {mover} at (1,0) size 22x11
            RenderMathMLSpace {mspace} at (0,8) size 22x3 [bgcolor=#0000FF]
            RenderMathMLOperator {mo} at (9,0) size 4x4
              RenderBlock (anonymous) at (0,0) size 4x4
                RenderText {#text} at (0,-43) size 4x80
                  text run at (0,-43) width 4: "\x{23B5}"
        RenderText {#text} at (416,4) size 4x17
          text run at (416,4) width 4: " "
        RenderMathMLMath {math} at (420,6) size 24x12 [padding: 0 1 0 1]
          RenderMathMLUnderOver {mover} at (1,0) size 22x12
            RenderMathMLSpace {mspace} at (0,9) size 22x3 [bgcolor=#0000FF]
            RenderMathMLOperator {mo} at (8,0) size 6x5
              RenderBlock (anonymous) at (0,0) size 6x10
                RenderText {#text} at (0,-34) size 6x80
                  text run at (0,-34) width 6: "\x{23DC}"
        RenderText {#text} at (444,4) size 4x17
          text run at (444,4) width 4: " "
        RenderMathMLMath {math} at (448,5) size 24x13 [padding: 0 1 0 1]
          RenderMathMLUnderOver {mover} at (1,0) size 22x13
            RenderMathMLSpace {mspace} at (0,10) size 22x3 [bgcolor=#0000FF]
            RenderMathMLOperator {mo} at (8,0) size 6x6
              RenderBlock (anonymous) at (0,0) size 6x4
                RenderText {#text} at (0,-43) size 6x80
                  text run at (0,-43) width 6: "\x{23DD}"
        RenderText {#text} at (472,4) size 4x17
          text run at (472,4) width 4: " "
        RenderMathMLMath {math} at (476,6) size 24x12 [padding: 0 1 0 1]
          RenderMathMLUnderOver {mover} at (1,0) size 22x12
            RenderMathMLSpace {mspace} at (0,9) size 22x3 [bgcolor=#0000FF]
            RenderMathMLOperator {mo} at (8,0) size 6x5
              RenderBlock (anonymous) at (0,0) size 6x11
                RenderText {#text} at (0,-33) size 6x80
                  text run at (0,-33) width 6: "\x{23DE}"
        RenderText {#text} at (500,4) size 4x17
          text run at (500,4) width 4: " "
        RenderMathMLMath {math} at (504,5) size 24x13 [padding: 0 1 0 1]
          RenderMathMLUnderOver {mover} at (1,0) size 22x13
            RenderMathMLSpace {mspace} at (0,10) size 22x3 [bgcolor=#0000FF]
            RenderMathMLOperator {mo} at (8,0) size 6x6
              RenderBlock (anonymous) at (0,0) size 6x5
                RenderText {#text} at (0,-43) size 6x80
                  text run at (0,-43) width 6: "\x{23DF}"
        RenderText {#text} at (0,0) size 0x0
      RenderBlock {P} at (0,37) size 784x43
        RenderMathMLMath {math} at (0,2) size 52x16 [padding: 0 1 0 1]
          RenderMathMLUnderOver {mover} at (1,0) size 50x16
            RenderMathMLSpace {mspace} at (0,13) size 50x3 [bgcolor=#008000]
            RenderMathMLOperator {mo} at (15,0) size 20x9
              RenderBlock (anonymous) at (0,0) size 12x8
                RenderText {#text} at (0,-36) size 12x80
                  text run at (0,-36) width 12: "\x{2190}"
        RenderText {#text} at (52,4) size 4x17
          text run at (52,4) width 4: " "
        RenderMathMLMath {math} at (56,2) size 52x16 [padding: 0 1 0 1]
          RenderMathMLUnderOver {mover} at (1,0) size 50x16
            RenderMathMLSpace {mspace} at (0,13) size 50x3 [bgcolor=#008000]
            RenderMathMLOperator {mo} at (15,0) size 20x9
              RenderBlock (anonymous) at (0,0) size 12x8
                RenderText {#text} at (0,-36) size 12x80
                  text run at (0,-36) width 12: "\x{2192}"
        RenderText {#text} at (108,4) size 4x17
          text run at (108,4) width 4: " "
        RenderMathMLMath {math} at (112,2) size 52x16 [padding: 0 1 0 1]
          RenderMathMLUnderOver {mover} at (1,0) size 50x16
            RenderMathMLSpace {mspace} at (0,13) size 50x3 [bgcolor=#008000]
            RenderMathMLOperator {mo} at (15,0) size 20x9
              RenderBlock (anonymous) at (0,0) size 12x8
                RenderText {#text} at (0,-36) size 12x80
                  text run at (0,-36) width 12: "\x{2194}"
        RenderText {#text} at (164,4) size 4x17
          text run at (164,4) width 4: " "
        RenderMathMLMath {math} at (168,2) size 52x16 [padding: 0 1 0 1]
          RenderMathMLUnderOver {mover} at (1,0) size 50x16
            RenderMathMLSpace {mspace} at (0,13) size 50x3 [bgcolor=#008000]
            RenderMathMLOperator {mo} at (15,0) size 20x9
              RenderBlock (anonymous) at (0,0) size 12x8
                RenderText {#text} at (0,-36) size 12x80
                  text run at (0,-36) width 12: "\x{21A4}"
        RenderText {#text} at (220,4) size 4x17
          text run at (220,4) width 4: " "
        RenderMathMLMath {math} at (224,2) size 52x16 [padding: 0 1 0 1]
          RenderMathMLUnderOver {mover} at (1,0) size 50x16
            RenderMathMLSpace {mspace} at (0,13) size 50x3 [bgcolor=#008000]
            RenderMathMLOperator {mo} at (15,0) size 20x9
              RenderBlock (anonymous) at (0,0) size 12x8
                RenderText {#text} at (0,-36) size 12x80
                  text run at (0,-36) width 12: "\x{21A6}"
        RenderText {#text} at (276,4) size 4x17
          text run at (276,4) width 4: " "
        RenderMathMLMath {math} at (280,3) size 52x15 [padding: 0 1 0 1]
          RenderMathMLUnderOver {mover} at (1,0) size 50x15
            RenderMathMLSpace {mspace} at (0,12) size 50x3 [bgcolor=#008000]
            RenderMathMLOperator {mo} at (15,0) size 20x8
              RenderBlock (anonymous) at (0,0) size 12x8
                RenderText {#text} at (0,-36) size 12x80
                  text run at (0,-36) width 12: "\x{21BC}"
        RenderText {#text} at (332,4) size 4x17
          text run at (332,4) width 4: " "
        RenderMathMLMath {math} at (336,5) size 52x13 [padding: 0 1 0 1]
          RenderMathMLUnderOver {mover} at (1,0) size 50x13
            RenderMathMLSpace {mspace} at (0,10) size 50x3 [bgcolor=#008000]
            RenderMathMLOperator {mo} at (15,0) size 20x6
              RenderBlock (anonymous) at (0,0) size 12x5
                RenderText {#text} at (0,-39) size 12x80
                  text run at (0,-39) width 12: "\x{21BD}"
        RenderText {#text} at (388,4) size 4x17
          text run at (388,4) width 4: " "
        RenderMathMLMath {math} at (392,3) size 52x15 [padding: 0 1 0 1]
          RenderMathMLUnderOver {mover} at (1,0) size 50x15
            RenderMathMLSpace {mspace} at (0,12) size 50x3 [bgcolor=#008000]
            RenderMathMLOperator {mo} at (15,0) size 20x8
              RenderBlock (anonymous) at (0,0) size 12x8
                RenderText {#text} at (0,-36) size 12x80
                  text run at (0,-36) width 12: "\x{21C0}"
        RenderText {#text} at (444,4) size 4x17
          text run at (444,4) width 4: " "
        RenderMathMLMath {math} at (448,2) size 52x16 [padding: 0 1 0 1]
          RenderMathMLUnderOver {mover} at (1,0) size 50x16
            RenderMathMLSpace {mspace} at (0,13) size 50x3 [bgcolor=#008000]
            RenderMathMLOperator {mo} at (15,0) size 20x9
              RenderBlock (anonymous) at (0,0) size 12x8
                RenderText {#text} at (0,-36) size 12x80
                  text run at (0,-36) width 12: "\x{21D0}"
        RenderText {#text} at (500,4) size 4x17
          text run at (500,4) width 4: " "
        RenderMathMLMath {math} at (504,2) size 52x16 [padding: 0 1 0 1]
          RenderMathMLUnderOver {mover} at (1,0) size 50x16
            RenderMathMLSpace {mspace} at (0,13) size 50x3 [bgcolor=#008000]
            RenderMathMLOperator {mo} at (15,0) size 20x9
              RenderBlock (anonymous) at (0,0) size 12x8
                RenderText {#text} at (0,-36) size 12x80
                  text run at (0,-36) width 12: "\x{21D2}"
        RenderText {#text} at (556,4) size 4x17
          text run at (556,4) width 4: " "
        RenderMathMLMath {math} at (560,2) size 52x16 [padding: 0 1 0 1]
          RenderMathMLUnderOver {mover} at (1,0) size 50x16
            RenderMathMLSpace {mspace} at (0,13) size 50x3 [bgcolor=#008000]
            RenderMathMLOperator {mo} at (15,0) size 20x9
              RenderBlock (anonymous) at (0,0) size 12x8
                RenderText {#text} at (0,-36) size 12x80
                  text run at (0,-36) width 12: "\x{21D4}"
        RenderText {#text} at (612,4) size 4x17
          text run at (612,4) width 4: " "
        RenderMathMLMath {math} at (616,0) size 52x18 [padding: 0 1 0 1]
          RenderMathMLUnderOver {mover} at (1,0) size 50x18
            RenderMathMLSpace {mspace} at (0,15) size 50x3 [bgcolor=#008000]
            RenderMathMLOperator {mo} at (15,0) size 20x11
              RenderBlock (anonymous) at (0,0) size 12x10
                RenderText {#text} at (0,-35) size 12x80
                  text run at (0,-35) width 12: "\x{21DA}"
        RenderText {#text} at (668,4) size 4x17
          text run at (668,4) width 4: " "
        RenderMathMLMath {math} at (672,0) size 52x18 [padding: 0 1 0 1]
          RenderMathMLUnderOver {mover} at (1,0) size 50x18
            RenderMathMLSpace {mspace} at (0,15) size 50x3 [bgcolor=#008000]
            RenderMathMLOperator {mo} at (15,0) size 20x11
              RenderBlock (anonymous) at (0,0) size 12x10
                RenderText {#text} at (0,-35) size 12x80
                  text run at (0,-35) width 12: "\x{21DB}"
        RenderText {#text} at (724,4) size 4x17
          text run at (724,4) width 4: " "
        RenderMathMLMath {math} at (728,0) size 52x18 [padding: 0 1 0 1]
          RenderMathMLUnderOver {mover} at (1,0) size 50x18
            RenderMathMLSpace {mspace} at (0,15) size 50x3 [bgcolor=#008000]
            RenderMathMLOperator {mo} at (23,0) size 4x11
              RenderBlock (anonymous) at (0,0) size 4x10
                RenderText {#text} at (0,-34) size 4x80
                  text run at (0,-34) width 4: "\x{23B4}"
        RenderText {#text} at (0,0) size 0x0
        RenderMathMLMath {math} at (0,27) size 52x13 [padding: 0 1 0 1]
          RenderMathMLUnderOver {mover} at (1,0) size 50x13
            RenderMathMLSpace {mspace} at (0,10) size 50x3 [bgcolor=#008000]
            RenderMathMLOperator {mo} at (23,0) size 4x6
              RenderBlock (anonymous) at (0,0) size 4x4
                RenderText {#text} at (0,-43) size 4x80
                  text run at (0,-43) width 4: "\x{23B5}"
        RenderText {#text} at (52,26) size 4x17
          text run at (52,26) width 4: " "
        RenderMathMLMath {math} at (56,22) size 52x18 [padding: 0 1 0 1]
          RenderMathMLUnderOver {mover} at (1,0) size 50x18
            RenderMathMLSpace {mspace} at (0,15) size 50x3 [bgcolor=#008000]
            RenderMathMLOperator {mo} at (22,0) size 6x11
              RenderBlock (anonymous) at (0,0) size 6x10
                RenderText {#text} at (0,-34) size 6x80
                  text run at (0,-34) width 6: "\x{23DC}"
        RenderText {#text} at (108,26) size 4x17
          text run at (108,26) width 4: " "
        RenderMathMLMath {math} at (112,27) size 52x13 [padding: 0 1 0 1]
          RenderMathMLUnderOver {mover} at (1,0) size 50x13
            RenderMathMLSpace {mspace} at (0,10) size 50x3 [bgcolor=#008000]
            RenderMathMLOperator {mo} at (22,0) size 6x6
              RenderBlock (anonymous) at (0,0) size 6x4
                RenderText {#text} at (0,-43) size 6x80
                  text run at (0,-43) width 6: "\x{23DD}"
        RenderText {#text} at (164,26) size 4x17
          text run at (164,26) width 4: " "
        RenderMathMLMath {math} at (168,21) size 52x19 [padding: 0 1 0 1]
          RenderMathMLUnderOver {mover} at (1,0) size 50x19
            RenderMathMLSpace {mspace} at (0,16) size 50x3 [bgcolor=#008000]
            RenderMathMLOperator {mo} at (22,0) size 6x12
              RenderBlock (anonymous) at (0,0) size 6x11
                RenderText {#text} at (0,-33) size 6x80
                  text run at (0,-33) width 6: "\x{23DE}"
        RenderText {#text} at (220,26) size 4x17
          text run at (220,26) width 4: " "
        RenderMathMLMath {math} at (224,26) size 52x14 [padding: 0 1 0 1]
          RenderMathMLUnderOver {mover} at (1,0) size 50x14
            RenderMathMLSpace {mspace} at (0,11) size 50x3 [bgcolor=#008000]
            RenderMathMLOperator {mo} at (22,0) size 6x7
              RenderBlock (anonymous) at (0,0) size 6x5
                RenderText {#text} at (0,-43) size 6x80
                  text run at (0,-43) width 6: "\x{23DF}"
        RenderText {#text} at (0,0) size 0x0
      RenderBlock {P} at (0,96) size 784x62
        RenderMathMLMath {math} at (0,0) size 102x16 [padding: 0 1 0 1]
          RenderMathMLUnderOver {mover} at (1,0) size 100x16
            RenderMathMLSpace {mspace} at (0,13) size 100x3 [bgcolor=#FF0000]
            RenderMathMLOperator {mo} at (40,0) size 20x9
              RenderBlock (anonymous) at (0,0) size 12x8
                RenderText {#text} at (0,-36) size 12x80
                  text run at (0,-36) width 12: "\x{2190}"
        RenderText {#text} at (102,2) size 4x17
          text run at (102,2) width 4: " "
        RenderMathMLMath {math} at (106,0) size 102x16 [padding: 0 1 0 1]
          RenderMathMLUnderOver {mover} at (1,0) size 100x16
            RenderMathMLSpace {mspace} at (0,13) size 100x3 [bgcolor=#FF0000]
            RenderMathMLOperator {mo} at (40,0) size 20x9
              RenderBlock (anonymous) at (0,0) size 12x8
                RenderText {#text} at (0,-36) size 12x80
                  text run at (0,-36) width 12: "\x{2192}"
        RenderText {#text} at (208,2) size 4x17
          text run at (208,2) width 4: " "
        RenderMathMLMath {math} at (212,0) size 102x16 [padding: 0 1 0 1]
          RenderMathMLUnderOver {mover} at (1,0) size 100x16
            RenderMathMLSpace {mspace} at (0,13) size 100x3 [bgcolor=#FF0000]
            RenderMathMLOperator {mo} at (40,0) size 20x9
              RenderBlock (anonymous) at (0,0) size 12x8
                RenderText {#text} at (0,-36) size 12x80
                  text run at (0,-36) width 12: "\x{2194}"
        RenderText {#text} at (314,2) size 4x17
          text run at (314,2) width 4: " "
        RenderMathMLMath {math} at (318,0) size 102x16 [padding: 0 1 0 1]
          RenderMathMLUnderOver {mover} at (1,0) size 100x16
            RenderMathMLSpace {mspace} at (0,13) size 100x3 [bgcolor=#FF0000]
            RenderMathMLOperator {mo} at (40,0) size 20x9
              RenderBlock (anonymous) at (0,0) size 12x8
                RenderText {#text} at (0,-36) size 12x80
                  text run at (0,-36) width 12: "\x{21A4}"
        RenderText {#text} at (420,2) size 4x17
          text run at (420,2) width 4: " "
        RenderMathMLMath {math} at (424,0) size 102x16 [padding: 0 1 0 1]
          RenderMathMLUnderOver {mover} at (1,0) size 100x16
            RenderMathMLSpace {mspace} at (0,13) size 100x3 [bgcolor=#FF0000]
            RenderMathMLOperator {mo} at (40,0) size 20x9
              RenderBlock (anonymous) at (0,0) size 12x8
                RenderText {#text} at (0,-36) size 12x80
                  text run at (0,-36) width 12: "\x{21A6}"
        RenderText {#text} at (526,2) size 4x17
          text run at (526,2) width 4: " "
        RenderMathMLMath {math} at (530,1) size 102x15 [padding: 0 1 0 1]
          RenderMathMLUnderOver {mover} at (1,0) size 100x15
            RenderMathMLSpace {mspace} at (0,12) size 100x3 [bgcolor=#FF0000]
            RenderMathMLOperator {mo} at (40,0) size 20x8
              RenderBlock (anonymous) at (0,0) size 12x8
                RenderText {#text} at (0,-36) size 12x80
                  text run at (0,-36) width 12: "\x{21BC}"
        RenderText {#text} at (632,2) size 4x17
          text run at (632,2) width 4: " "
        RenderMathMLMath {math} at (636,3) size 102x13 [padding: 0 1 0 1]
          RenderMathMLUnderOver {mover} at (1,0) size 100x13
            RenderMathMLSpace {mspace} at (0,10) size 100x3 [bgcolor=#FF0000]
            RenderMathMLOperator {mo} at (40,0) size 20x6
              RenderBlock (anonymous) at (0,0) size 12x5
                RenderText {#text} at (0,-39) size 12x80
                  text run at (0,-39) width 12: "\x{21BD}"
        RenderText {#text} at (0,0) size 0x0
        RenderMathMLMath {math} at (0,22) size 102x15 [padding: 0 1 0 1]
          RenderMathMLUnderOver {mover} at (1,0) size 100x15
            RenderMathMLSpace {mspace} at (0,12) size 100x3 [bgcolor=#FF0000]
            RenderMathMLOperator {mo} at (40,0) size 20x8
              RenderBlock (anonymous) at (0,0) size 12x8
                RenderText {#text} at (0,-36) size 12x80
                  text run at (0,-36) width 12: "\x{21C0}"
        RenderText {#text} at (102,23) size 4x17
          text run at (102,23) width 4: " "
        RenderMathMLMath {math} at (106,21) size 102x16 [padding: 0 1 0 1]
          RenderMathMLUnderOver {mover} at (1,0) size 100x16
            RenderMathMLSpace {mspace} at (0,13) size 100x3 [bgcolor=#FF0000]
            RenderMathMLOperator {mo} at (40,0) size 20x9
              RenderBlock (anonymous) at (0,0) size 12x8
                RenderText {#text} at (0,-36) size 12x80
                  text run at (0,-36) width 12: "\x{21D0}"
        RenderText {#text} at (208,23) size 4x17
          text run at (208,23) width 4: " "
        RenderMathMLMath {math} at (212,21) size 102x16 [padding: 0 1 0 1]
          RenderMathMLUnderOver {mover} at (1,0) size 100x16
            RenderMathMLSpace {mspace} at (0,13) size 100x3 [bgcolor=#FF0000]
            RenderMathMLOperator {mo} at (40,0) size 20x9
              RenderBlock (anonymous) at (0,0) size 12x8
                RenderText {#text} at (0,-36) size 12x80
                  text run at (0,-36) width 12: "\x{21D2}"
        RenderText {#text} at (314,23) size 4x17
          text run at (314,23) width 4: " "
        RenderMathMLMath {math} at (318,21) size 102x16 [padding: 0 1 0 1]
          RenderMathMLUnderOver {mover} at (1,0) size 100x16
            RenderMathMLSpace {mspace} at (0,13) size 100x3 [bgcolor=#FF0000]
            RenderMathMLOperator {mo} at (40,0) size 20x9
              RenderBlock (anonymous) at (0,0) size 12x8
                RenderText {#text} at (0,-36) size 12x80
                  text run at (0,-36) width 12: "\x{21D4}"
        RenderText {#text} at (420,23) size 4x17
          text run at (420,23) width 4: " "
        RenderMathMLMath {math} at (424,19) size 102x18 [padding: 0 1 0 1]
          RenderMathMLUnderOver {mover} at (1,0) size 100x18
            RenderMathMLSpace {mspace} at (0,15) size 100x3 [bgcolor=#FF0000]
            RenderMathMLOperator {mo} at (40,0) size 20x11
              RenderBlock (anonymous) at (0,0) size 12x10
                RenderText {#text} at (0,-35) size 12x80
                  text run at (0,-35) width 12: "\x{21DA}"
        RenderText {#text} at (526,23) size 4x17
          text run at (526,23) width 4: " "
        RenderMathMLMath {math} at (530,19) size 102x18 [padding: 0 1 0 1]
          RenderMathMLUnderOver {mover} at (1,0) size 100x18
            RenderMathMLSpace {mspace} at (0,15) size 100x3 [bgcolor=#FF0000]
            RenderMathMLOperator {mo} at (40,0) size 20x11
              RenderBlock (anonymous) at (0,0) size 12x10
                RenderText {#text} at (0,-35) size 12x80
                  text run at (0,-35) width 12: "\x{21DB}"
        RenderText {#text} at (632,23) size 4x17
          text run at (632,23) width 4: " "
        RenderMathMLMath {math} at (636,19) size 102x18 [padding: 0 1 0 1]
          RenderMathMLUnderOver {mover} at (1,0) size 100x18
            RenderMathMLSpace {mspace} at (0,15) size 100x3 [bgcolor=#FF0000]
            RenderMathMLOperator {mo} at (48,0) size 4x11
              RenderBlock (anonymous) at (0,0) size 4x10
                RenderText {#text} at (0,-34) size 4x80
                  text run at (0,-34) width 4: "\x{23B4}"
        RenderText {#text} at (0,0) size 0x0
        RenderMathMLMath {math} at (0,46) size 102x13 [padding: 0 1 0 1]
          RenderMathMLUnderOver {mover} at (1,0) size 100x13
            RenderMathMLSpace {mspace} at (0,10) size 100x3 [bgcolor=#FF0000]
            RenderMathMLOperator {mo} at (48,0) size 4x6
              RenderBlock (anonymous) at (0,0) size 4x4
                RenderText {#text} at (0,-43) size 4x80
                  text run at (0,-43) width 4: "\x{23B5}"
        RenderText {#text} at (102,45) size 4x17
          text run at (102,45) width 4: " "
        RenderMathMLMath {math} at (106,41) size 102x18 [padding: 0 1 0 1]
          RenderMathMLUnderOver {mover} at (1,0) size 100x18
            RenderMathMLSpace {mspace} at (0,15) size 100x3 [bgcolor=#FF0000]
            RenderMathMLOperator {mo} at (47,0) size 6x11
              RenderBlock (anonymous) at (0,0) size 6x10
                RenderText {#text} at (0,-34) size 6x80
                  text run at (0,-34) width 6: "\x{23DC}"
        RenderText {#text} at (208,45) size 4x17
          text run at (208,45) width 4: " "
        RenderMathMLMath {math} at (212,46) size 102x13 [padding: 0 1 0 1]
          RenderMathMLUnderOver {mover} at (1,0) size 100x13
            RenderMathMLSpace {mspace} at (0,10) size 100x3 [bgcolor=#FF0000]
            RenderMathMLOperator {mo} at (47,0) size 6x6
              RenderBlock (anonymous) at (0,0) size 6x4
                RenderText {#text} at (0,-43) size 6x80
                  text run at (0,-43) width 6: "\x{23DD}"
        RenderText {#text} at (314,45) size 4x17
          text run at (314,45) width 4: " "
        RenderMathMLMath {math} at (318,40) size 102x19 [padding: 0 1 0 1]
          RenderMathMLUnderOver {mover} at (1,0) size 100x19
            RenderMathMLSpace {mspace} at (0,16) size 100x3 [bgcolor=#FF0000]
            RenderMathMLOperator {mo} at (47,0) size 6x12
              RenderBlock (anonymous) at (0,0) size 6x11
                RenderText {#text} at (0,-33) size 6x80
                  text run at (0,-33) width 6: "\x{23DE}"
        RenderText {#text} at (420,45) size 4x17
          text run at (420,45) width 4: " "
        RenderMathMLMath {math} at (424,45) size 102x14 [padding: 0 1 0 1]
          RenderMathMLUnderOver {mover} at (1,0) size 100x14
            RenderMathMLSpace {mspace} at (0,11) size 100x3 [bgcolor=#FF0000]
            RenderMathMLOperator {mo} at (47,0) size 6x7
              RenderBlock (anonymous) at (0,0) size 6x5
                RenderText {#text} at (0,-43) size 6x80
                  text run at (0,-43) width 6: "\x{23DF}"
        RenderText {#text} at (0,0) size 0x0
