layer at (0,0) size 800x600
  RenderView at (0,0) size 800x600
layer at (0,0) size 800x172
  RenderBlock {HTML} at (0,0) size 800x172
    RenderBody {BODY} at (8,16) size 784x140
      RenderBlock {P} at (0,0) size 784x18
        RenderMathMLMath {math} at (0,4) size 24x10 [padding: 0 1 0 1]
          RenderMathMLUnderOver {mover} at (1,0) size 22x10
            RenderMathMLSpace {mspace} at (0,8) size 22x2 [bgcolor=#0000FF]
            RenderMathMLOperator {mo} at (1,0) size 20x8
              RenderBlock (anonymous) at (0,0) size 12x8
                RenderText {#text} at (0,-36) size 12x80
                  text run at (0,-36) width 12: "\x{2190}"
        RenderText {#text} at (24,0) size 4x17
          text run at (24,0) width 4: " "
        RenderMathMLMath {math} at (28,4) size 24x10 [padding: 0 1 0 1]
          RenderMathMLUnderOver {mover} at (1,0) size 22x10
            RenderMathMLSpace {mspace} at (0,8) size 22x2 [bgcolor=#0000FF]
            RenderMathMLOperator {mo} at (1,0) size 20x8
              RenderBlock (anonymous) at (0,0) size 12x8
                RenderText {#text} at (0,-36) size 12x80
                  text run at (0,-36) width 12: "\x{2192}"
        RenderText {#text} at (52,0) size 4x17
          text run at (52,0) width 4: " "
        RenderMathMLMath {math} at (56,4) size 24x10 [padding: 0 1 0 1]
          RenderMathMLUnderOver {mover} at (1,0) size 22x10
            RenderMathMLSpace {mspace} at (0,8) size 22x2 [bgcolor=#0000FF]
            RenderMathMLOperator {mo} at (1,0) size 20x8
              RenderBlock (anonymous) at (0,0) size 12x8
                RenderText {#text} at (0,-36) size 12x80
                  text run at (0,-36) width 12: "\x{2194}"
        RenderText {#text} at (80,0) size 4x17
          text run at (80,0) width 4: " "
        RenderMathMLMath {math} at (84,4) size 24x10 [padding: 0 1 0 1]
          RenderMathMLUnderOver {mover} at (1,0) size 22x10
            RenderMathMLSpace {mspace} at (0,8) size 22x2 [bgcolor=#0000FF]
            RenderMathMLOperator {mo} at (1,0) size 20x8
              RenderBlock (anonymous) at (0,0) size 12x8
                RenderText {#text} at (0,-36) size 12x80
                  text run at (0,-36) width 12: "\x{21A4}"
        RenderText {#text} at (108,0) size 4x17
          text run at (108,0) width 4: " "
        RenderMathMLMath {math} at (112,4) size 24x10 [padding: 0 1 0 1]
          RenderMathMLUnderOver {mover} at (1,0) size 22x10
            RenderMathMLSpace {mspace} at (0,8) size 22x2 [bgcolor=#0000FF]
            RenderMathMLOperator {mo} at (1,0) size 20x8
              RenderBlock (anonymous) at (0,0) size 12x8
                RenderText {#text} at (0,-36) size 12x80
                  text run at (0,-36) width 12: "\x{21A6}"
        RenderText {#text} at (136,0) size 4x17
          text run at (136,0) width 4: " "
        RenderMathMLMath {math} at (140,5) size 24x9 [padding: 0 1 0 1]
          RenderMathMLUnderOver {mover} at (1,0) size 22x9
            RenderMathMLSpace {mspace} at (0,7) size 22x2 [bgcolor=#0000FF]
            RenderMathMLOperator {mo} at (1,0) size 20x7
              RenderBlock (anonymous) at (0,0) size 12x8
                RenderText {#text} at (0,-36) size 12x80
                  text run at (0,-36) width 12: "\x{21BC}"
        RenderText {#text} at (164,0) size 4x17
          text run at (164,0) width 4: " "
        RenderMathMLMath {math} at (168,7) size 24x7 [padding: 0 1 0 1]
          RenderMathMLUnderOver {mover} at (1,0) size 22x7
            RenderMathMLSpace {mspace} at (0,5) size 22x2 [bgcolor=#0000FF]
            RenderMathMLOperator {mo} at (1,0) size 20x5
              RenderBlock (anonymous) at (0,0) size 12x5
                RenderText {#text} at (0,-39) size 12x80
                  text run at (0,-39) width 12: "\x{21BD}"
        RenderText {#text} at (192,0) size 4x17
          text run at (192,0) width 4: " "
        RenderMathMLMath {math} at (196,5) size 24x9 [padding: 0 1 0 1]
          RenderMathMLUnderOver {mover} at (1,0) size 22x9
            RenderMathMLSpace {mspace} at (0,7) size 22x2 [bgcolor=#0000FF]
            RenderMathMLOperator {mo} at (1,0) size 20x7
              RenderBlock (anonymous) at (0,0) size 12x8
                RenderText {#text} at (0,-36) size 12x80
                  text run at (0,-36) width 12: "\x{21C0}"
        RenderText {#text} at (220,0) size 4x17
          text run at (220,0) width 4: " "
        RenderMathMLMath {math} at (224,4) size 24x10 [padding: 0 1 0 1]
          RenderMathMLUnderOver {mover} at (1,0) size 22x10
            RenderMathMLSpace {mspace} at (0,8) size 22x2 [bgcolor=#0000FF]
            RenderMathMLOperator {mo} at (1,0) size 20x8
              RenderBlock (anonymous) at (0,0) size 12x8
                RenderText {#text} at (0,-36) size 12x80
                  text run at (0,-36) width 12: "\x{21D0}"
        RenderText {#text} at (248,0) size 4x17
          text run at (248,0) width 4: " "
        RenderMathMLMath {math} at (252,4) size 24x10 [padding: 0 1 0 1]
          RenderMathMLUnderOver {mover} at (1,0) size 22x10
            RenderMathMLSpace {mspace} at (0,8) size 22x2 [bgcolor=#0000FF]
            RenderMathMLOperator {mo} at (1,0) size 20x8
              RenderBlock (anonymous) at (0,0) size 12x8
                RenderText {#text} at (0,-36) size 12x80
                  text run at (0,-36) width 12: "\x{21D2}"
        RenderText {#text} at (276,0) size 4x17
          text run at (276,0) width 4: " "
        RenderMathMLMath {math} at (280,4) size 24x10 [padding: 0 1 0 1]
          RenderMathMLUnderOver {mover} at (1,0) size 22x10
            RenderMathMLSpace {mspace} at (0,8) size 22x2 [bgcolor=#0000FF]
            RenderMathMLOperator {mo} at (1,0) size 20x8
              RenderBlock (anonymous) at (0,0) size 12x8
                RenderText {#text} at (0,-36) size 12x80
                  text run at (0,-36) width 12: "\x{21D4}"
        RenderText {#text} at (304,0) size 4x17
          text run at (304,0) width 4: " "
        RenderMathMLMath {math} at (308,2) size 24x12 [padding: 0 1 0 1]
          RenderMathMLUnderOver {mover} at (1,0) size 22x12
            RenderMathMLSpace {mspace} at (0,10) size 22x2 [bgcolor=#0000FF]
            RenderMathMLOperator {mo} at (1,0) size 20x10
              RenderBlock (anonymous) at (0,0) size 12x10
                RenderText {#text} at (0,-35) size 12x80
                  text run at (0,-35) width 12: "\x{21DA}"
        RenderText {#text} at (332,0) size 4x17
          text run at (332,0) width 4: " "
        RenderMathMLMath {math} at (336,2) size 24x12 [padding: 0 1 0 1]
          RenderMathMLUnderOver {mover} at (1,0) size 22x12
            RenderMathMLSpace {mspace} at (0,10) size 22x2 [bgcolor=#0000FF]
            RenderMathMLOperator {mo} at (1,0) size 20x10
              RenderBlock (anonymous) at (0,0) size 12x10
                RenderText {#text} at (0,-35) size 12x80
                  text run at (0,-35) width 12: "\x{21DB}"
        RenderText {#text} at (360,0) size 4x17
          text run at (360,0) width 4: " "
        RenderMathMLMath {math} at (364,9) size 24x5 [padding: 0 1 0 1]
          RenderMathMLUnderOver {mover} at (1,0) size 22x5
            RenderMathMLSpace {mspace} at (0,3) size 22x2 [bgcolor=#0000FF]
            RenderMathMLOperator {mo} at (9,0) size 4x3
              RenderBlock (anonymous) at (0,0) size 4x10
                RenderText {#text} at (0,-34) size 4x80
                  text run at (0,-34) width 4: "\x{23B4}"
        RenderText {#text} at (388,0) size 4x17
          text run at (388,0) width 4: " "
        RenderMathMLMath {math} at (392,9) size 24x5 [padding: 0 1 0 1]
          RenderMathMLUnderOver {mover} at (1,0) size 22x5
            RenderMathMLSpace {mspace} at (0,3) size 22x2 [bgcolor=#0000FF]
            RenderMathMLOperator {mo} at (9,0) size 4x3
              RenderBlock (anonymous) at (0,0) size 4x4
                RenderText {#text} at (0,-43) size 4x80
                  text run at (0,-43) width 4: "\x{23B5}"
        RenderText {#text} at (416,0) size 4x17
          text run at (416,0) width 4: " "
        RenderMathMLMath {math} at (420,8) size 24x6 [padding: 0 1 0 1]
          RenderMathMLUnderOver {mover} at (1,0) size 22x6
            RenderMathMLSpace {mspace} at (0,4) size 22x2 [bgcolor=#0000FF]
            RenderMathMLOperator {mo} at (8,0) size 6x4
              RenderBlock (anonymous) at (0,0) size 6x10
                RenderText {#text} at (0,-34) size 6x80
                  text run at (0,-34) width 6: "\x{23DC}"
        RenderText {#text} at (444,0) size 4x17
          text run at (444,0) width 4: " "
        RenderMathMLMath {math} at (448,7) size 24x7 [padding: 0 1 0 1]
          RenderMathMLUnderOver {mover} at (1,0) size 22x7
            RenderMathMLSpace {mspace} at (0,5) size 22x2 [bgcolor=#0000FF]
            RenderMathMLOperator {mo} at (8,0) size 6x5
              RenderBlock (anonymous) at (0,0) size 6x4
                RenderText {#text} at (0,-43) size 6x80
                  text run at (0,-43) width 6: "\x{23DD}"
        RenderText {#text} at (472,0) size 4x17
          text run at (472,0) width 4: " "
        RenderMathMLMath {math} at (476,8) size 24x6 [padding: 0 1 0 1]
          RenderMathMLUnderOver {mover} at (1,0) size 22x6
            RenderMathMLSpace {mspace} at (0,4) size 22x2 [bgcolor=#0000FF]
            RenderMathMLOperator {mo} at (8,0) size 6x4
              RenderBlock (anonymous) at (0,0) size 6x11
                RenderText {#text} at (0,-33) size 6x80
                  text run at (0,-33) width 6: "\x{23DE}"
        RenderText {#text} at (500,0) size 4x17
          text run at (500,0) width 4: " "
        RenderMathMLMath {math} at (504,7) size 24x7 [padding: 0 1 0 1]
          RenderMathMLUnderOver {mover} at (1,0) size 22x7
            RenderMathMLSpace {mspace} at (0,5) size 22x2 [bgcolor=#0000FF]
            RenderMathMLOperator {mo} at (8,0) size 6x5
              RenderBlock (anonymous) at (0,0) size 6x5
                RenderText {#text} at (0,-43) size 6x80
                  text run at (0,-43) width 6: "\x{23DF}"
        RenderText {#text} at (0,0) size 0x0
      RenderBlock {P} at (0,34) size 784x36
        RenderMathMLMath {math} at (0,4) size 52x10 [padding: 0 1 0 1]
          RenderMathMLUnderOver {mover} at (1,0) size 50x10
            RenderMathMLSpace {mspace} at (0,8) size 50x2 [bgcolor=#008000]
            RenderMathMLOperator {mo} at (15,0) size 20x8
              RenderBlock (anonymous) at (0,0) size 12x8
                RenderText {#text} at (0,-36) size 12x80
                  text run at (0,-36) width 12: "\x{2190}"
        RenderText {#text} at (52,0) size 4x17
          text run at (52,0) width 4: " "
        RenderMathMLMath {math} at (56,4) size 52x10 [padding: 0 1 0 1]
          RenderMathMLUnderOver {mover} at (1,0) size 50x10
            RenderMathMLSpace {mspace} at (0,8) size 50x2 [bgcolor=#008000]
            RenderMathMLOperator {mo} at (15,0) size 20x8
              RenderBlock (anonymous) at (0,0) size 12x8
                RenderText {#text} at (0,-36) size 12x80
                  text run at (0,-36) width 12: "\x{2192}"
        RenderText {#text} at (108,0) size 4x17
          text run at (108,0) width 4: " "
        RenderMathMLMath {math} at (112,4) size 52x10 [padding: 0 1 0 1]
          RenderMathMLUnderOver {mover} at (1,0) size 50x10
            RenderMathMLSpace {mspace} at (0,8) size 50x2 [bgcolor=#008000]
            RenderMathMLOperator {mo} at (15,0) size 20x8
              RenderBlock (anonymous) at (0,0) size 12x8
                RenderText {#text} at (0,-36) size 12x80
                  text run at (0,-36) width 12: "\x{2194}"
        RenderText {#text} at (164,0) size 4x17
          text run at (164,0) width 4: " "
        RenderMathMLMath {math} at (168,4) size 52x10 [padding: 0 1 0 1]
          RenderMathMLUnderOver {mover} at (1,0) size 50x10
            RenderMathMLSpace {mspace} at (0,8) size 50x2 [bgcolor=#008000]
            RenderMathMLOperator {mo} at (15,0) size 20x8
              RenderBlock (anonymous) at (0,0) size 12x8
                RenderText {#text} at (0,-36) size 12x80
                  text run at (0,-36) width 12: "\x{21A4}"
        RenderText {#text} at (220,0) size 4x17
          text run at (220,0) width 4: " "
        RenderMathMLMath {math} at (224,4) size 52x10 [padding: 0 1 0 1]
          RenderMathMLUnderOver {mover} at (1,0) size 50x10
            RenderMathMLSpace {mspace} at (0,8) size 50x2 [bgcolor=#008000]
            RenderMathMLOperator {mo} at (15,0) size 20x8
              RenderBlock (anonymous) at (0,0) size 12x8
                RenderText {#text} at (0,-36) size 12x80
                  text run at (0,-36) width 12: "\x{21A6}"
        RenderText {#text} at (276,0) size 4x17
          text run at (276,0) width 4: " "
        RenderMathMLMath {math} at (280,5) size 52x9 [padding: 0 1 0 1]
          RenderMathMLUnderOver {mover} at (1,0) size 50x9
            RenderMathMLSpace {mspace} at (0,7) size 50x2 [bgcolor=#008000]
            RenderMathMLOperator {mo} at (15,0) size 20x7
              RenderBlock (anonymous) at (0,0) size 12x8
                RenderText {#text} at (0,-36) size 12x80
                  text run at (0,-36) width 12: "\x{21BC}"
        RenderText {#text} at (332,0) size 4x17
          text run at (332,0) width 4: " "
        RenderMathMLMath {math} at (336,7) size 52x7 [padding: 0 1 0 1]
          RenderMathMLUnderOver {mover} at (1,0) size 50x7
            RenderMathMLSpace {mspace} at (0,5) size 50x2 [bgcolor=#008000]
            RenderMathMLOperator {mo} at (15,0) size 20x5
              RenderBlock (anonymous) at (0,0) size 12x5
                RenderText {#text} at (0,-39) size 12x80
                  text run at (0,-39) width 12: "\x{21BD}"
        RenderText {#text} at (388,0) size 4x17
          text run at (388,0) width 4: " "
        RenderMathMLMath {math} at (392,5) size 52x9 [padding: 0 1 0 1]
          RenderMathMLUnderOver {mover} at (1,0) size 50x9
            RenderMathMLSpace {mspace} at (0,7) size 50x2 [bgcolor=#008000]
            RenderMathMLOperator {mo} at (15,0) size 20x7
              RenderBlock (anonymous) at (0,0) size 12x8
                RenderText {#text} at (0,-36) size 12x80
                  text run at (0,-36) width 12: "\x{21C0}"
        RenderText {#text} at (444,0) size 4x17
          text run at (444,0) width 4: " "
        RenderMathMLMath {math} at (448,4) size 52x10 [padding: 0 1 0 1]
          RenderMathMLUnderOver {mover} at (1,0) size 50x10
            RenderMathMLSpace {mspace} at (0,8) size 50x2 [bgcolor=#008000]
            RenderMathMLOperator {mo} at (15,0) size 20x8
              RenderBlock (anonymous) at (0,0) size 12x8
                RenderText {#text} at (0,-36) size 12x80
                  text run at (0,-36) width 12: "\x{21D0}"
        RenderText {#text} at (500,0) size 4x17
          text run at (500,0) width 4: " "
        RenderMathMLMath {math} at (504,4) size 52x10 [padding: 0 1 0 1]
          RenderMathMLUnderOver {mover} at (1,0) size 50x10
            RenderMathMLSpace {mspace} at (0,8) size 50x2 [bgcolor=#008000]
            RenderMathMLOperator {mo} at (15,0) size 20x8
              RenderBlock (anonymous) at (0,0) size 12x8
                RenderText {#text} at (0,-36) size 12x80
                  text run at (0,-36) width 12: "\x{21D2}"
        RenderText {#text} at (556,0) size 4x17
          text run at (556,0) width 4: " "
        RenderMathMLMath {math} at (560,4) size 52x10 [padding: 0 1 0 1]
          RenderMathMLUnderOver {mover} at (1,0) size 50x10
            RenderMathMLSpace {mspace} at (0,8) size 50x2 [bgcolor=#008000]
            RenderMathMLOperator {mo} at (15,0) size 20x8
              RenderBlock (anonymous) at (0,0) size 12x8
                RenderText {#text} at (0,-36) size 12x80
                  text run at (0,-36) width 12: "\x{21D4}"
        RenderText {#text} at (612,0) size 4x17
          text run at (612,0) width 4: " "
        RenderMathMLMath {math} at (616,2) size 52x12 [padding: 0 1 0 1]
          RenderMathMLUnderOver {mover} at (1,0) size 50x12
            RenderMathMLSpace {mspace} at (0,10) size 50x2 [bgcolor=#008000]
            RenderMathMLOperator {mo} at (15,0) size 20x10
              RenderBlock (anonymous) at (0,0) size 12x10
                RenderText {#text} at (0,-35) size 12x80
                  text run at (0,-35) width 12: "\x{21DA}"
        RenderText {#text} at (668,0) size 4x17
          text run at (668,0) width 4: " "
        RenderMathMLMath {math} at (672,2) size 52x12 [padding: 0 1 0 1]
          RenderMathMLUnderOver {mover} at (1,0) size 50x12
            RenderMathMLSpace {mspace} at (0,10) size 50x2 [bgcolor=#008000]
            RenderMathMLOperator {mo} at (15,0) size 20x10
              RenderBlock (anonymous) at (0,0) size 12x10
                RenderText {#text} at (0,-35) size 12x80
                  text run at (0,-35) width 12: "\x{21DB}"
        RenderText {#text} at (724,0) size 4x17
          text run at (724,0) width 4: " "
        RenderMathMLMath {math} at (728,2) size 52x12 [padding: 0 1 0 1]
          RenderMathMLUnderOver {mover} at (1,0) size 50x12
            RenderMathMLSpace {mspace} at (0,10) size 50x2 [bgcolor=#008000]
            RenderMathMLOperator {mo} at (23,0) size 4x10
              RenderBlock (anonymous) at (0,0) size 4x10
                RenderText {#text} at (0,-34) size 4x80
                  text run at (0,-34) width 4: "\x{23B4}"
        RenderText {#text} at (0,0) size 0x0
        RenderMathMLMath {math} at (0,25) size 52x7 [padding: 0 1 0 1]
          RenderMathMLUnderOver {mover} at (1,0) size 50x7
            RenderMathMLSpace {mspace} at (0,5) size 50x2 [bgcolor=#008000]
            RenderMathMLOperator {mo} at (23,0) size 4x5
              RenderBlock (anonymous) at (0,0) size 4x4
                RenderText {#text} at (0,-43) size 4x80
                  text run at (0,-43) width 4: "\x{23B5}"
        RenderText {#text} at (52,18) size 4x17
          text run at (52,18) width 4: " "
        RenderMathMLMath {math} at (56,20) size 52x12 [padding: 0 1 0 1]
          RenderMathMLUnderOver {mover} at (1,0) size 50x12
            RenderMathMLSpace {mspace} at (0,10) size 50x2 [bgcolor=#008000]
            RenderMathMLOperator {mo} at (22,0) size 6x10
              RenderBlock (anonymous) at (0,0) size 6x10
                RenderText {#text} at (0,-34) size 6x80
                  text run at (0,-34) width 6: "\x{23DC}"
        RenderText {#text} at (108,18) size 4x17
          text run at (108,18) width 4: " "
        RenderMathMLMath {math} at (112,25) size 52x7 [padding: 0 1 0 1]
          RenderMathMLUnderOver {mover} at (1,0) size 50x7
            RenderMathMLSpace {mspace} at (0,5) size 50x2 [bgcolor=#008000]
            RenderMathMLOperator {mo} at (22,0) size 6x5
              RenderBlock (anonymous) at (0,0) size 6x4
                RenderText {#text} at (0,-43) size 6x80
                  text run at (0,-43) width 6: "\x{23DD}"
        RenderText {#text} at (164,18) size 4x17
          text run at (164,18) width 4: " "
        RenderMathMLMath {math} at (168,19) size 52x13 [padding: 0 1 0 1]
          RenderMathMLUnderOver {mover} at (1,0) size 50x13
            RenderMathMLSpace {mspace} at (0,11) size 50x2 [bgcolor=#008000]
            RenderMathMLOperator {mo} at (22,0) size 6x11
              RenderBlock (anonymous) at (0,0) size 6x11
                RenderText {#text} at (0,-33) size 6x80
                  text run at (0,-33) width 6: "\x{23DE}"
        RenderText {#text} at (220,18) size 4x17
          text run at (220,18) width 4: " "
        RenderMathMLMath {math} at (224,24) size 52x8 [padding: 0 1 0 1]
          RenderMathMLUnderOver {mover} at (1,0) size 50x8
            RenderMathMLSpace {mspace} at (0,6) size 50x2 [bgcolor=#008000]
            RenderMathMLOperator {mo} at (22,0) size 6x6
              RenderBlock (anonymous) at (0,0) size 6x5
                RenderText {#text} at (0,-43) size 6x80
                  text run at (0,-43) width 6: "\x{23DF}"
        RenderText {#text} at (0,0) size 0x0
      RenderBlock {P} at (0,86) size 784x54
        RenderMathMLMath {math} at (0,4) size 102x10 [padding: 0 1 0 1]
          RenderMathMLUnderOver {mover} at (1,0) size 100x10
            RenderMathMLSpace {mspace} at (0,8) size 100x2 [bgcolor=#FF0000]
            RenderMathMLOperator {mo} at (40,0) size 20x8
              RenderBlock (anonymous) at (0,0) size 12x8
                RenderText {#text} at (0,-36) size 12x80
                  text run at (0,-36) width 12: "\x{2190}"
        RenderText {#text} at (102,0) size 4x17
          text run at (102,0) width 4: " "
        RenderMathMLMath {math} at (106,4) size 102x10 [padding: 0 1 0 1]
          RenderMathMLUnderOver {mover} at (1,0) size 100x10
            RenderMathMLSpace {mspace} at (0,8) size 100x2 [bgcolor=#FF0000]
            RenderMathMLOperator {mo} at (40,0) size 20x8
              RenderBlock (anonymous) at (0,0) size 12x8
                RenderText {#text} at (0,-36) size 12x80
                  text run at (0,-36) width 12: "\x{2192}"
        RenderText {#text} at (208,0) size 4x17
          text run at (208,0) width 4: " "
        RenderMathMLMath {math} at (212,4) size 102x10 [padding: 0 1 0 1]
          RenderMathMLUnderOver {mover} at (1,0) size 100x10
            RenderMathMLSpace {mspace} at (0,8) size 100x2 [bgcolor=#FF0000]
            RenderMathMLOperator {mo} at (40,0) size 20x8
              RenderBlock (anonymous) at (0,0) size 12x8
                RenderText {#text} at (0,-36) size 12x80
                  text run at (0,-36) width 12: "\x{2194}"
        RenderText {#text} at (314,0) size 4x17
          text run at (314,0) width 4: " "
        RenderMathMLMath {math} at (318,4) size 102x10 [padding: 0 1 0 1]
          RenderMathMLUnderOver {mover} at (1,0) size 100x10
            RenderMathMLSpace {mspace} at (0,8) size 100x2 [bgcolor=#FF0000]
            RenderMathMLOperator {mo} at (40,0) size 20x8
              RenderBlock (anonymous) at (0,0) size 12x8
                RenderText {#text} at (0,-36) size 12x80
                  text run at (0,-36) width 12: "\x{21A4}"
        RenderText {#text} at (420,0) size 4x17
          text run at (420,0) width 4: " "
        RenderMathMLMath {math} at (424,4) size 102x10 [padding: 0 1 0 1]
          RenderMathMLUnderOver {mover} at (1,0) size 100x10
            RenderMathMLSpace {mspace} at (0,8) size 100x2 [bgcolor=#FF0000]
            RenderMathMLOperator {mo} at (40,0) size 20x8
              RenderBlock (anonymous) at (0,0) size 12x8
                RenderText {#text} at (0,-36) size 12x80
                  text run at (0,-36) width 12: "\x{21A6}"
        RenderText {#text} at (526,0) size 4x17
          text run at (526,0) width 4: " "
        RenderMathMLMath {math} at (530,5) size 102x9 [padding: 0 1 0 1]
          RenderMathMLUnderOver {mover} at (1,0) size 100x9
            RenderMathMLSpace {mspace} at (0,7) size 100x2 [bgcolor=#FF0000]
            RenderMathMLOperator {mo} at (40,0) size 20x7
              RenderBlock (anonymous) at (0,0) size 12x8
                RenderText {#text} at (0,-36) size 12x80
                  text run at (0,-36) width 12: "\x{21BC}"
        RenderText {#text} at (632,0) size 4x17
          text run at (632,0) width 4: " "
        RenderMathMLMath {math} at (636,7) size 102x7 [padding: 0 1 0 1]
          RenderMathMLUnderOver {mover} at (1,0) size 100x7
            RenderMathMLSpace {mspace} at (0,5) size 100x2 [bgcolor=#FF0000]
            RenderMathMLOperator {mo} at (40,0) size 20x5
              RenderBlock (anonymous) at (0,0) size 12x5
                RenderText {#text} at (0,-39) size 12x80
                  text run at (0,-39) width 12: "\x{21BD}"
        RenderText {#text} at (0,0) size 0x0
        RenderMathMLMath {math} at (0,23) size 102x9 [padding: 0 1 0 1]
          RenderMathMLUnderOver {mover} at (1,0) size 100x9
            RenderMathMLSpace {mspace} at (0,7) size 100x2 [bgcolor=#FF0000]
            RenderMathMLOperator {mo} at (40,0) size 20x7
              RenderBlock (anonymous) at (0,0) size 12x8
                RenderText {#text} at (0,-36) size 12x80
                  text run at (0,-36) width 12: "\x{21C0}"
        RenderText {#text} at (102,18) size 4x17
          text run at (102,18) width 4: " "
        RenderMathMLMath {math} at (106,22) size 102x10 [padding: 0 1 0 1]
          RenderMathMLUnderOver {mover} at (1,0) size 100x10
            RenderMathMLSpace {mspace} at (0,8) size 100x2 [bgcolor=#FF0000]
            RenderMathMLOperator {mo} at (40,0) size 20x8
              RenderBlock (anonymous) at (0,0) size 12x8
                RenderText {#text} at (0,-36) size 12x80
                  text run at (0,-36) width 12: "\x{21D0}"
        RenderText {#text} at (208,18) size 4x17
          text run at (208,18) width 4: " "
        RenderMathMLMath {math} at (212,22) size 102x10 [padding: 0 1 0 1]
          RenderMathMLUnderOver {mover} at (1,0) size 100x10
            RenderMathMLSpace {mspace} at (0,8) size 100x2 [bgcolor=#FF0000]
            RenderMathMLOperator {mo} at (40,0) size 20x8
              RenderBlock (anonymous) at (0,0) size 12x8
                RenderText {#text} at (0,-36) size 12x80
                  text run at (0,-36) width 12: "\x{21D2}"
        RenderText {#text} at (314,18) size 4x17
          text run at (314,18) width 4: " "
        RenderMathMLMath {math} at (318,22) size 102x10 [padding: 0 1 0 1]
          RenderMathMLUnderOver {mover} at (1,0) size 100x10
            RenderMathMLSpace {mspace} at (0,8) size 100x2 [bgcolor=#FF0000]
            RenderMathMLOperator {mo} at (40,0) size 20x8
              RenderBlock (anonymous) at (0,0) size 12x8
                RenderText {#text} at (0,-36) size 12x80
                  text run at (0,-36) width 12: "\x{21D4}"
        RenderText {#text} at (420,18) size 4x17
          text run at (420,18) width 4: " "
        RenderMathMLMath {math} at (424,20) size 102x12 [padding: 0 1 0 1]
          RenderMathMLUnderOver {mover} at (1,0) size 100x12
            RenderMathMLSpace {mspace} at (0,10) size 100x2 [bgcolor=#FF0000]
            RenderMathMLOperator {mo} at (40,0) size 20x10
              RenderBlock (anonymous) at (0,0) size 12x10
                RenderText {#text} at (0,-35) size 12x80
                  text run at (0,-35) width 12: "\x{21DA}"
        RenderText {#text} at (526,18) size 4x17
          text run at (526,18) width 4: " "
        RenderMathMLMath {math} at (530,20) size 102x12 [padding: 0 1 0 1]
          RenderMathMLUnderOver {mover} at (1,0) size 100x12
            RenderMathMLSpace {mspace} at (0,10) size 100x2 [bgcolor=#FF0000]
            RenderMathMLOperator {mo} at (40,0) size 20x10
              RenderBlock (anonymous) at (0,0) size 12x10
                RenderText {#text} at (0,-35) size 12x80
                  text run at (0,-35) width 12: "\x{21DB}"
        RenderText {#text} at (632,18) size 4x17
          text run at (632,18) width 4: " "
        RenderMathMLMath {math} at (636,20) size 102x12 [padding: 0 1 0 1]
          RenderMathMLUnderOver {mover} at (1,0) size 100x12
            RenderMathMLSpace {mspace} at (0,10) size 100x2 [bgcolor=#FF0000]
            RenderMathMLOperator {mo} at (48,0) size 4x10
              RenderBlock (anonymous) at (0,0) size 4x10
                RenderText {#text} at (0,-34) size 4x80
                  text run at (0,-34) width 4: "\x{23B4}"
        RenderText {#text} at (0,0) size 0x0
        RenderMathMLMath {math} at (0,43) size 102x7 [padding: 0 1 0 1]
          RenderMathMLUnderOver {mover} at (1,0) size 100x7
            RenderMathMLSpace {mspace} at (0,5) size 100x2 [bgcolor=#FF0000]
            RenderMathMLOperator {mo} at (48,0) size 4x5
              RenderBlock (anonymous) at (0,0) size 4x4
                RenderText {#text} at (0,-43) size 4x80
                  text run at (0,-43) width 4: "\x{23B5}"
        RenderText {#text} at (102,36) size 4x17
          text run at (102,36) width 4: " "
        RenderMathMLMath {math} at (106,38) size 102x12 [padding: 0 1 0 1]
          RenderMathMLUnderOver {mover} at (1,0) size 100x12
            RenderMathMLSpace {mspace} at (0,10) size 100x2 [bgcolor=#FF0000]
            RenderMathMLOperator {mo} at (47,0) size 6x10
              RenderBlock (anonymous) at (0,0) size 6x10
                RenderText {#text} at (0,-34) size 6x80
                  text run at (0,-34) width 6: "\x{23DC}"
        RenderText {#text} at (208,36) size 4x17
          text run at (208,36) width 4: " "
        RenderMathMLMath {math} at (212,43) size 102x7 [padding: 0 1 0 1]
          RenderMathMLUnderOver {mover} at (1,0) size 100x7
            RenderMathMLSpace {mspace} at (0,5) size 100x2 [bgcolor=#FF0000]
            RenderMathMLOperator {mo} at (47,0) size 6x5
              RenderBlock (anonymous) at (0,0) size 6x4
                RenderText {#text} at (0,-43) size 6x80
                  text run at (0,-43) width 6: "\x{23DD}"
        RenderText {#text} at (314,36) size 4x17
          text run at (314,36) width 4: " "
        RenderMathMLMath {math} at (318,37) size 102x13 [padding: 0 1 0 1]
          RenderMathMLUnderOver {mover} at (1,0) size 100x13
            RenderMathMLSpace {mspace} at (0,11) size 100x2 [bgcolor=#FF0000]
            RenderMathMLOperator {mo} at (47,0) size 6x11
              RenderBlock (anonymous) at (0,0) size 6x11
                RenderText {#text} at (0,-33) size 6x80
                  text run at (0,-33) width 6: "\x{23DE}"
        RenderText {#text} at (420,36) size 4x17
          text run at (420,36) width 4: " "
        RenderMathMLMath {math} at (424,42) size 102x8 [padding: 0 1 0 1]
          RenderMathMLUnderOver {mover} at (1,0) size 100x8
            RenderMathMLSpace {mspace} at (0,6) size 100x2 [bgcolor=#FF0000]
            RenderMathMLOperator {mo} at (47,0) size 6x6
              RenderBlock (anonymous) at (0,0) size 6x5
                RenderText {#text} at (0,-43) size 6x80
                  text run at (0,-43) width 6: "\x{23DF}"
        RenderText {#text} at (0,0) size 0x0
