layer at (0,0) size 800x600
  RenderView at (0,0) size 800x600
layer at (0,0) size 800x600
  RenderBlock {HTML} at (0,0) size 800x600
    RenderBody {BODY} at (8,8) size 784x584
      RenderTable {TABLE} at (0,0) size 415x106 [border: (2px outset #808080)]
        RenderBlock {CAPTION} at (0,0) size 415x17
          RenderText {#text} at (13,0) size 389x17
            text run at (13,0) width 389: "Communicator 4.5 Installers for Mac and Windows Platforms"
        RenderTableSection {TBODY} at (2,19) size 410x84
          RenderTableRow {TR} at (0,0) size 410x22
            RenderTableCell {TH} at (0,8) size 120x6 [border: (3px solid #808080) none none (3px none #808080)] [r=0 c=0 rs=1 cs=1]
            RenderTableCell {TH} at (119,0) size 110x22 [border: (3px solid #808080) none none none] [r=0 c=1 rs=1 cs=1]
              RenderText {#text} at (1,4) size 108x17
                text run at (1,4) width 108: "Macintosh PPC"
            RenderTableCell {TH} at (228,0) size 87x22 [border: (3px solid #808080) none none none] [r=0 c=2 rs=1 cs=1]
              RenderText {#text} at (1,4) size 85x17
                text run at (1,4) width 85: "Windows 95"
            RenderTableCell {TH} at (314,0) size 96x22 [border: (3px solid #808080) (2px none #808080) none none] [r=0 c=3 rs=1 cs=1]
              RenderText {#text} at (1,4) size 92x17
                text run at (1,4) width 92: "Windows NT"
          RenderTableRow {TR} at (0,22) size 410x20
            RenderTableCell {TD} at (0,22) size 120x20 [border: (1px solid #808080) none none (3px none #808080)] [r=1 c=0 rs=1 cs=1]
              RenderText {#text} at (4,2) size 73x17
                text run at (4,2) width 73: "Base Install"
            RenderTableCell {TD} at (119,22) size 110x20 [border: (1px solid #808080) none none none] [r=1 c=1 rs=1 cs=1]
              RenderText {#text} at (1,2) size 21x17
                text run at (1,2) width 21: "yes"
            RenderTableCell {TD} at (228,22) size 87x20 [border: (1px solid #808080) none none none] [r=1 c=2 rs=1 cs=1]
              RenderText {#text} at (1,2) size 21x17
                text run at (1,2) width 21: "yes"
            RenderTableCell {TD} at (314,22) size 96x20 [border: (1px solid #808080) (2px none #808080) none none] [r=1 c=3 rs=1 cs=1]
              RenderText {#text} at (1,2) size 21x17
                text run at (1,2) width 21: "yes"
          RenderTableRow {TR} at (0,42) size 410x20
            RenderTableCell {TD} at (0,42) size 120x20 [border: (1px solid #808080) none none (3px none #808080)] [r=2 c=0 rs=1 cs=1]
              RenderText {#text} at (4,2) size 103x17
                text run at (4,2) width 103: "Complete Install"
            RenderTableCell {TD} at (119,42) size 110x20 [border: (1px solid #808080) none none none] [r=2 c=1 rs=1 cs=1]
              RenderText {#text} at (1,2) size 21x17
                text run at (1,2) width 21: "yes"
            RenderTableCell {TD} at (228,42) size 87x20 [border: (1px solid #808080) none none none] [r=2 c=2 rs=1 cs=1]
              RenderText {#text} at (1,2) size 21x17
                text run at (1,2) width 21: "yes"
            RenderTableCell {TD} at (314,42) size 96x20 [border: (1px solid #808080) (2px none #808080) none none] [r=2 c=3 rs=1 cs=1]
              RenderText {#text} at (1,2) size 21x17
                text run at (1,2) width 21: "yes"
          RenderTableRow {TR} at (0,62) size 410x22
            RenderTableCell {TD} at (0,62) size 120x22 [border: (1px solid #808080) none (2px solid #808080) (3px none #808080)] [r=3 c=0 rs=1 cs=1]
              RenderText {#text} at (4,2) size 114x17
                text run at (4,2) width 114: "Pro Edition Install"
            RenderTableCell {TD} at (119,62) size 110x22 [border: (1px solid #808080) none (2px solid #808080) none] [r=3 c=1 rs=1 cs=1]
              RenderText {#text} at (1,2) size 21x17
                text run at (1,2) width 21: "yes"
            RenderTableCell {TD} at (228,62) size 87x22 [border: (1px solid #808080) none (2px solid #808080) none] [r=3 c=2 rs=1 cs=1]
              RenderText {#text} at (1,2) size 21x17
                text run at (1,2) width 21: "yes"
            RenderTableCell {TD} at (314,62) size 96x22 [border: (1px solid #808080) (2px none #808080) (2px solid #808080) none] [r=3 c=3 rs=1 cs=1]
              RenderText {#text} at (1,2) size 21x17
                text run at (1,2) width 21: "yes"
