layer at (0,0) size 800x600
  RenderView at (0,0) size 800x600
layer at (0,0) size 800x600
  RenderBlock {HTML} at (0,0) size 800x600
    RenderBody {BODY} at (8,8) size 784x584
      RenderBlock (anonymous) at (0,0) size 784x17
        RenderText {#text} at (0,0) size 4x17
          text run at (0,0) width 4: " "
      RenderTable {TABLE} at (0,17) size 67x50 [border: (1px outset #808080)]
        RenderTableSection {TBODY} at (1,1) size 65x48
          RenderTableRow {TR} at (0,2) size 65x0
            RenderTableCell {TD} at (2,2) size 61x21 [border: (1px inset #808080)] [r=0 c=0 rs=2 cs=1]
              RenderText {#text} at (2,2) size 57x17
                text run at (2,2) width 57: "First row"
          RenderTableRow {TR} at (0,4) size 65x19
          RenderTableRow {TR} at (0,25) size 65x21
            RenderTableCell {TD} at (2,25) size 61x21 [border: (1px inset #808080)] [r=2 c=0 rs=1 cs=1]
              RenderText {#text} at (2,2) size 56x17
                text run at (2,2) width 56: "Last row"
      RenderBlock (anonymous) at (0,67) size 784x17
        RenderText {#text} at (0,0) size 8x17
          text run at (0,0) width 8: "  "
      RenderTable {TABLE} at (0,84) size 67x50 [border: (1px outset #808080)]
        RenderTableSection {TBODY} at (1,1) size 65x48
          RenderTableRow {TR} at (0,2) size 65x0
            RenderTableCell {TD} at (2,2) size 61x21 [border: (1px inset #808080)] [r=0 c=0 rs=3 cs=1]
              RenderText {#text} at (2,2) size 57x17
                text run at (2,2) width 57: "First row"
          RenderTableRow {TR} at (0,4) size 65x0
          RenderTableRow {TR} at (0,6) size 65x17
          RenderTableRow {TR} at (0,25) size 65x21
            RenderTableCell {TD} at (2,25) size 61x21 [border: (1px inset #808080)] [r=3 c=0 rs=1 cs=1]
              RenderText {#text} at (2,2) size 56x17
                text run at (2,2) width 56: "Last row"
      RenderBlock (anonymous) at (0,134) size 784x17
        RenderText {#text} at (0,0) size 12x17
          text run at (0,0) width 12: "   "
      RenderTable {TABLE} at (0,151) size 67x50 [border: (1px outset #808080)]
        RenderTableSection {TBODY} at (1,1) size 65x48
          RenderTableRow {TR} at (0,2) size 65x0
            RenderTableCell {TD} at (2,2) size 61x21 [border: (1px inset #808080)] [r=0 c=0 rs=4 cs=1]
              RenderText {#text} at (2,2) size 57x17
                text run at (2,2) width 57: "First row"
          RenderTableRow {TR} at (0,4) size 65x0
          RenderTableRow {TR} at (0,6) size 65x0
          RenderTableRow {TR} at (0,8) size 65x15
          RenderTableRow {TR} at (0,25) size 65x21
            RenderTableCell {TD} at (2,25) size 61x21 [border: (1px inset #808080)] [r=4 c=0 rs=1 cs=1]
              RenderText {#text} at (2,2) size 56x17
                text run at (2,2) width 56: "Last row"
      RenderBlock (anonymous) at (0,201) size 784x34
        RenderBR {BR} at (0,0) size 0x17
        RenderText {#text} at (0,17) size 106x17
          text run at (0,17) width 106: "an additional test"
      RenderTable {TABLE} at (0,235) size 32x50 [border: (1px outset #808080)]
        RenderTableSection {TBODY} at (1,1) size 30x48
          RenderTableRow {TR} at (0,2) size 30x0
            RenderTableCell {TD} at (2,2) size 26x21 [border: (1px inset #808080)] [r=0 c=0 rs=2 cs=1]
              RenderText {#text} at (2,2) size 8x17
                text run at (2,2) width 8: "1"
          RenderTableRow {TR} at (0,4) size 30x19
          RenderTableRow {TR} at (0,25) size 30x21
            RenderTableCell {TD} at (2,25) size 26x21 [border: (1px inset #808080)] [r=2 c=0 rs=1 cs=1]
              RenderText {#text} at (2,2) size 22x17
                text run at (2,2) width 22: "abc"
