layer at (0,0) size 785x1729
  RenderView at (0,0) size 785x600
layer at (0,0) size 785x1729
  RenderBlock {HTML} at (0,0) size 785x1729 [border: (1px solid #000000)]
    RenderBody {BODY} at (9,9) size 767x1711 [bgcolor=#FFFFFF] [border: (1px solid #000000)]
      RenderBlock {H1} at (1,1) size 765x38 [border: (1px solid #000000)]
        RenderText {#text} at (1,1) size 288x36
          text run at (1,1) width 288: "Caption Margin Test"
      RenderBlock {DIV} at (1,60) size 102x20 [border: (1px solid #008000)]
        RenderText {#text} at (1,1) size 40x17
          text run at (1,1) width 40: "100px"
      RenderBlock {DIV} at (1,79) size 52x20 [border: (1px solid #FF0000)]
        RenderText {#text} at (1,1) size 32x17
          text run at (1,1) width 32: "50px"
      RenderBlock {H2} at (1,118) size 765x29 [border: (1px solid #000000)]
        RenderText {#text} at (1,1) size 80x26
          text run at (1,1) width 80: "Control"
      RenderTable {TABLE} at (1,166) size 173x47 [border: (1px solid #000000)]
        RenderBlock {CAPTION} at (0,0) size 173x19 [border: (1px solid #000000)]
          RenderText {#text} at (75,1) size 23x17
            text run at (75,1) width 23: "TA"
        RenderTableSection {TBODY} at (1,20) size 171x25 [border: (1px solid #000000)]
          RenderTableRow {TR} at (0,2) size 171x21 [border: (1px solid #000000)]
            RenderTableCell {TD} at (2,2) size 83x21 [border: (1px solid #000000)] [r=0 c=0 rs=1 cs=1]
              RenderText {#text} at (2,2) size 78x17
                text run at (2,2) width 78: "Table Cell 1"
            RenderTableCell {TD} at (86,2) size 83x21 [border: (1px solid #000000)] [r=0 c=1 rs=1 cs=1]
              RenderText {#text} at (2,2) size 78x17
                text run at (2,2) width 78: "Table Cell 2"
      RenderTable {TABLE} at (1,212) size 337x47 [border: (1px solid #000000)]
        RenderBlock {CAPTION} at (0,0) size 337x19 [border: (1px solid #000000)]
          RenderText {#text} at (157,1) size 22x17
            text run at (157,1) width 22: "TB"
        RenderTableSection {TBODY} at (1,20) size 335x25 [border: (1px solid #000000)]
          RenderTableRow {TR} at (0,2) size 335x21 [border: (1px solid #000000)]
            RenderTableCell {TD} at (2,2) size 165x21 [border: (1px solid #000000)] [r=0 c=0 rs=1 cs=1]
              RenderText {#text} at (2,2) size 160x17
                text run at (2,2) width 160: "Table Cell 1 Table Cell 1"
            RenderTableCell {TD} at (168,2) size 165x21 [border: (1px solid #000000)] [r=0 c=1 rs=1 cs=1]
              RenderText {#text} at (2,2) size 160x17
                text run at (2,2) width 160: "Table Cell 2 Table Cell 2"
      RenderBlock {H2} at (1,278) size 765x29 [border: (1px solid #000000)]
        RenderText {#text} at (1,1) size 288x26
          text run at (1,1) width 288: "Test 1 - \"margin-left: 50px\""
      RenderTable {TABLE} at (1,326) size 173x47 [border: (1px solid #000000)]
        RenderBlock {CAPTION} at (50,0) size 123x19 [border: (1px solid #000000)]
          RenderText {#text} at (50,1) size 23x17
            text run at (50,1) width 23: "TA"
        RenderTableSection {TBODY} at (1,20) size 171x25 [border: (1px solid #000000)]
          RenderTableRow {TR} at (0,2) size 171x21 [border: (1px solid #000000)]
            RenderTableCell {TD} at (2,2) size 83x21 [border: (1px solid #000000)] [r=0 c=0 rs=1 cs=1]
              RenderText {#text} at (2,2) size 78x17
                text run at (2,2) width 78: "Table Cell 1"
            RenderTableCell {TD} at (86,2) size 83x21 [border: (1px solid #000000)] [r=0 c=1 rs=1 cs=1]
              RenderText {#text} at (2,2) size 78x17
                text run at (2,2) width 78: "Table Cell 2"
      RenderTable {TABLE} at (1,372) size 337x47 [border: (1px solid #000000)]
        RenderBlock {CAPTION} at (50,0) size 287x19 [border: (1px solid #000000)]
          RenderText {#text} at (132,1) size 22x17
            text run at (132,1) width 22: "TB"
        RenderTableSection {TBODY} at (1,20) size 335x25 [border: (1px solid #000000)]
          RenderTableRow {TR} at (0,2) size 335x21 [border: (1px solid #000000)]
            RenderTableCell {TD} at (2,2) size 165x21 [border: (1px solid #000000)] [r=0 c=0 rs=1 cs=1]
              RenderText {#text} at (2,2) size 160x17
                text run at (2,2) width 160: "Table Cell 1 Table Cell 1"
            RenderTableCell {TD} at (168,2) size 165x21 [border: (1px solid #000000)] [r=0 c=1 rs=1 cs=1]
              RenderText {#text} at (2,2) size 160x17
                text run at (2,2) width 160: "Table Cell 2 Table Cell 2"
      RenderBlock {H2} at (1,437) size 765x29 [border: (1px solid #000000)]
        RenderText {#text} at (1,1) size 305x26
          text run at (1,1) width 305: "Test 2 - \"margin-right: 50px\""
      RenderTable {TABLE} at (1,485) size 173x47 [border: (1px solid #000000)]
        RenderBlock {CAPTION} at (0,0) size 123x19 [border: (1px solid #000000)]
          RenderText {#text} at (50,1) size 23x17
            text run at (50,1) width 23: "TA"
        RenderTableSection {TBODY} at (1,20) size 171x25 [border: (1px solid #000000)]
          RenderTableRow {TR} at (0,2) size 171x21 [border: (1px solid #000000)]
            RenderTableCell {TD} at (2,2) size 83x21 [border: (1px solid #000000)] [r=0 c=0 rs=1 cs=1]
              RenderText {#text} at (2,2) size 78x17
                text run at (2,2) width 78: "Table Cell 1"
            RenderTableCell {TD} at (86,2) size 83x21 [border: (1px solid #000000)] [r=0 c=1 rs=1 cs=1]
              RenderText {#text} at (2,2) size 78x17
                text run at (2,2) width 78: "Table Cell 2"
      RenderTable {TABLE} at (1,531) size 337x47 [border: (1px solid #000000)]
        RenderBlock {CAPTION} at (0,0) size 287x19 [border: (1px solid #000000)]
          RenderText {#text} at (132,1) size 22x17
            text run at (132,1) width 22: "TB"
        RenderTableSection {TBODY} at (1,20) size 335x25 [border: (1px solid #000000)]
          RenderTableRow {TR} at (0,2) size 335x21 [border: (1px solid #000000)]
            RenderTableCell {TD} at (2,2) size 165x21 [border: (1px solid #000000)] [r=0 c=0 rs=1 cs=1]
              RenderText {#text} at (2,2) size 160x17
                text run at (2,2) width 160: "Table Cell 1 Table Cell 1"
            RenderTableCell {TD} at (168,2) size 165x21 [border: (1px solid #000000)] [r=0 c=1 rs=1 cs=1]
              RenderText {#text} at (2,2) size 160x17
                text run at (2,2) width 160: "Table Cell 2 Table Cell 2"
      RenderBlock {H2} at (1,597) size 765x29 [border: (1px solid #000000)]
        RenderText {#text} at (1,1) size 246x26
          text run at (1,1) width 246: "Test 3 - \"margin: 50px\""
      RenderTable {TABLE} at (1,645) size 173x147 [border: (1px solid #000000)]
        RenderBlock {CAPTION} at (50,50) size 73x19 [border: (1px solid #000000)]
          RenderText {#text} at (25,1) size 23x17
            text run at (25,1) width 23: "TA"
        RenderTableSection {TBODY} at (1,120) size 171x25 [border: (1px solid #000000)]
          RenderTableRow {TR} at (0,2) size 171x21 [border: (1px solid #000000)]
            RenderTableCell {TD} at (2,2) size 83x21 [border: (1px solid #000000)] [r=0 c=0 rs=1 cs=1]
              RenderText {#text} at (2,2) size 78x17
                text run at (2,2) width 78: "Table Cell 1"
            RenderTableCell {TD} at (86,2) size 83x21 [border: (1px solid #000000)] [r=0 c=1 rs=1 cs=1]
              RenderText {#text} at (2,2) size 78x17
                text run at (2,2) width 78: "Table Cell 2"
      RenderTable {TABLE} at (1,791) size 337x147 [border: (1px solid #000000)]
        RenderBlock {CAPTION} at (50,50) size 237x19 [border: (1px solid #000000)]
          RenderText {#text} at (107,1) size 22x17
            text run at (107,1) width 22: "TB"
        RenderTableSection {TBODY} at (1,120) size 335x25 [border: (1px solid #000000)]
          RenderTableRow {TR} at (0,2) size 335x21 [border: (1px solid #000000)]
            RenderTableCell {TD} at (2,2) size 165x21 [border: (1px solid #000000)] [r=0 c=0 rs=1 cs=1]
              RenderText {#text} at (2,2) size 160x17
                text run at (2,2) width 160: "Table Cell 1 Table Cell 1"
            RenderTableCell {TD} at (168,2) size 165x21 [border: (1px solid #000000)] [r=0 c=1 rs=1 cs=1]
              RenderText {#text} at (2,2) size 160x17
                text run at (2,2) width 160: "Table Cell 2 Table Cell 2"
      RenderTable {TABLE} at (1,937) size 501x147 [border: (1px solid #000000)]
        RenderBlock {CAPTION} at (50,50) size 401x19 [border: (1px solid #000000)]
          RenderText {#text} at (189,1) size 22x17
            text run at (189,1) width 22: "TC"
        RenderTableSection {TBODY} at (1,120) size 499x25 [border: (1px solid #000000)]
          RenderTableRow {TR} at (0,2) size 499x21 [border: (1px solid #000000)]
            RenderTableCell {TD} at (2,2) size 247x21 [border: (1px solid #000000)] [r=0 c=0 rs=1 cs=1]
              RenderText {#text} at (2,2) size 242x17
                text run at (2,2) width 242: "Table Cell 1 Table Cell 1 Table Cell 1"
            RenderTableCell {TD} at (250,2) size 247x21 [border: (1px solid #000000)] [r=0 c=1 rs=1 cs=1]
              RenderText {#text} at (2,2) size 242x17
                text run at (2,2) width 242: "Table Cell 2 Table Cell 2 Table Cell 2"
      RenderBlock {H2} at (1,1103) size 765x29 [border: (1px solid #000000)]
        RenderText {#text} at (1,1) size 275x26
          text run at (1,1) width 275: "Test 4 - \"margin-left: 5%\""
      RenderTable {TABLE} at (1,1151) size 173x47 [border: (1px solid #000000)]
        RenderBlock {CAPTION} at (8,0) size 165x19 [border: (1px solid #000000)]
          RenderText {#text} at (70,1) size 23x17
            text run at (70,1) width 23: "TA"
        RenderTableSection {TBODY} at (1,20) size 171x25 [border: (1px solid #000000)]
          RenderTableRow {TR} at (0,2) size 171x21 [border: (1px solid #000000)]
            RenderTableCell {TD} at (2,2) size 83x21 [border: (1px solid #000000)] [r=0 c=0 rs=1 cs=1]
              RenderText {#text} at (2,2) size 78x17
                text run at (2,2) width 78: "Table Cell 1"
            RenderTableCell {TD} at (86,2) size 83x21 [border: (1px solid #000000)] [r=0 c=1 rs=1 cs=1]
              RenderText {#text} at (2,2) size 78x17
                text run at (2,2) width 78: "Table Cell 2"
      RenderTable {TABLE} at (1,1197) size 337x47 [border: (1px solid #000000)]
        RenderBlock {CAPTION} at (16,0) size 321x19 [border: (1px solid #000000)]
          RenderText {#text} at (149,1) size 22x17
            text run at (149,1) width 22: "TB"
        RenderTableSection {TBODY} at (1,20) size 335x25 [border: (1px solid #000000)]
          RenderTableRow {TR} at (0,2) size 335x21 [border: (1px solid #000000)]
            RenderTableCell {TD} at (2,2) size 165x21 [border: (1px solid #000000)] [r=0 c=0 rs=1 cs=1]
              RenderText {#text} at (2,2) size 160x17
                text run at (2,2) width 160: "Table Cell 1 Table Cell 1"
            RenderTableCell {TD} at (168,2) size 165x21 [border: (1px solid #000000)] [r=0 c=1 rs=1 cs=1]
              RenderText {#text} at (2,2) size 160x17
                text run at (2,2) width 160: "Table Cell 2 Table Cell 2"
      RenderBlock {H2} at (1,1263) size 765x29 [border: (1px solid #000000)]
        RenderText {#text} at (1,1) size 292x26
          text run at (1,1) width 292: "Test 5 - \"margin-right: 5%\""
      RenderTable {TABLE} at (1,1311) size 173x47 [border: (1px solid #000000)]
        RenderBlock {CAPTION} at (0,0) size 164x19 [border: (1px solid #000000)]
          RenderText {#text} at (70,1) size 23x17
            text run at (70,1) width 23: "TA"
        RenderTableSection {TBODY} at (1,20) size 171x25 [border: (1px solid #000000)]
          RenderTableRow {TR} at (0,2) size 171x21 [border: (1px solid #000000)]
            RenderTableCell {TD} at (2,2) size 83x21 [border: (1px solid #000000)] [r=0 c=0 rs=1 cs=1]
              RenderText {#text} at (2,2) size 78x17
                text run at (2,2) width 78: "Table Cell 1"
            RenderTableCell {TD} at (86,2) size 83x21 [border: (1px solid #000000)] [r=0 c=1 rs=1 cs=1]
              RenderText {#text} at (2,2) size 78x17
                text run at (2,2) width 78: "Table Cell 2"
      RenderTable {TABLE} at (1,1357) size 337x47 [border: (1px solid #000000)]
        RenderBlock {CAPTION} at (0,0) size 320x19 [border: (1px solid #000000)]
          RenderText {#text} at (149,1) size 22x17
            text run at (149,1) width 22: "TB"
        RenderTableSection {TBODY} at (1,20) size 335x25 [border: (1px solid #000000)]
          RenderTableRow {TR} at (0,2) size 335x21 [border: (1px solid #000000)]
            RenderTableCell {TD} at (2,2) size 165x21 [border: (1px solid #000000)] [r=0 c=0 rs=1 cs=1]
              RenderText {#text} at (2,2) size 160x17
                text run at (2,2) width 160: "Table Cell 1 Table Cell 1"
            RenderTableCell {TD} at (168,2) size 165x21 [border: (1px solid #000000)] [r=0 c=1 rs=1 cs=1]
              RenderText {#text} at (2,2) size 160x17
                text run at (2,2) width 160: "Table Cell 2 Table Cell 2"
      RenderBlock {H2} at (1,1423) size 765x29 [border: (1px solid #000000)]
        RenderText {#text} at (1,1) size 233x26
          text run at (1,1) width 233: "Test 6 - \"margin: 5%\""
      RenderTable {TABLE} at (1,1471) size 173x64 [border: (1px solid #000000)]
        RenderBlock {CAPTION} at (8,8) size 156x20 [border: (1px solid #000000)]
          RenderText {#text} at (66,1) size 23x17
            text run at (66,1) width 23: "TA"
        RenderTableSection {TBODY} at (1,37) size 171x26 [border: (1px solid #000000)]
          RenderTableRow {TR} at (0,2) size 171x21 [border: (1px solid #000000)]
            RenderTableCell {TD} at (2,2) size 83x21 [border: (1px solid #000000)] [r=0 c=0 rs=1 cs=1]
              RenderText {#text} at (2,2) size 78x17
                text run at (2,2) width 78: "Table Cell 1"
            RenderTableCell {TD} at (86,2) size 83x21 [border: (1px solid #000000)] [r=0 c=1 rs=1 cs=1]
              RenderText {#text} at (2,2) size 78x17
                text run at (2,2) width 78: "Table Cell 2"
      RenderTable {TABLE} at (1,1534) size 337x80 [border: (1px solid #000000)]
        RenderBlock {CAPTION} at (16,16) size 304x20 [border: (1px solid #000000)]
          RenderText {#text} at (140,1) size 22x17
            text run at (140,1) width 22: "TB"
        RenderTableSection {TBODY} at (1,53) size 335x26 [border: (1px solid #000000)]
          RenderTableRow {TR} at (0,2) size 335x21 [border: (1px solid #000000)]
            RenderTableCell {TD} at (2,2) size 165x21 [border: (1px solid #000000)] [r=0 c=0 rs=1 cs=1]
              RenderText {#text} at (2,2) size 160x17
                text run at (2,2) width 160: "Table Cell 1 Table Cell 1"
            RenderTableCell {TD} at (168,2) size 165x21 [border: (1px solid #000000)] [r=0 c=1 rs=1 cs=1]
              RenderText {#text} at (2,2) size 160x17
                text run at (2,2) width 160: "Table Cell 2 Table Cell 2"
      RenderTable {TABLE} at (1,1613) size 501x97 [border: (1px solid #000000)]
        RenderBlock {CAPTION} at (25,25) size 451x19 [border: (1px solid #000000)]
          RenderText {#text} at (214,1) size 22x17
            text run at (214,1) width 22: "TB"
        RenderTableSection {TBODY} at (1,70) size 499x25 [border: (1px solid #000000)]
          RenderTableRow {TR} at (0,2) size 499x21 [border: (1px solid #000000)]
            RenderTableCell {TD} at (2,2) size 247x21 [border: (1px solid #000000)] [r=0 c=0 rs=1 cs=1]
              RenderText {#text} at (2,2) size 242x17
                text run at (2,2) width 242: "Table Cell 1 Table Cell 1 Table Cell 1"
            RenderTableCell {TD} at (250,2) size 247x21 [border: (1px solid #000000)] [r=0 c=1 rs=1 cs=1]
              RenderText {#text} at (2,2) size 242x17
                text run at (2,2) width 242: "Table Cell 2 Table Cell 2 Table Cell 2"
