layer at (0,0) size 800x600
  RenderView at (0,0) size 800x600
layer at (0,0) size 800x334
  RenderBlock {HTML} at (0,0) size 800x334
    RenderBody {BODY} at (8,8) size 784x318
      RenderTable {TABLE} at (0,0) size 143x50 [border: (1px outset #808080)]
        RenderTableSection {TBODY} at (1,1) size 141x48
          RenderTableRow {TR} at (0,2) size 141x21
            RenderTableCell {TD} at (2,2) size 71x21 [border: (1px inset #808080)] [r=0 c=0 rs=1 cs=1]
              RenderText {#text} at (2,2) size 66x17
                text run at (2,2) width 66: "rowspan 0"
            RenderTableCell {TD} at (74,2) size 65x21 [border: (1px inset #808080)] [r=0 c=1 rs=1 cs=1]
              RenderText {#text} at (2,2) size 60x17
                text run at (2,2) width 60: "colspan 0"
          RenderTableRow {TR} at (0,25) size 141x21
            RenderTableCell {TD} at (2,25) size 71x21 [border: (1px inset #808080)] [r=1 c=0 rs=1 cs=1]
              RenderText {#text} at (2,2) size 8x17
                text run at (2,2) width 8: "5"
            RenderTableCell {TD} at (74,25) size 65x21 [border: (1px inset #808080)] [r=1 c=1 rs=1 cs=1]
              RenderText {#text} at (2,2) size 8x17
                text run at (2,2) width 8: "6"
      RenderBlock (anonymous) at (0,50) size 784x17
        RenderBR {BR} at (0,0) size 0x17
      RenderTable {TABLE} at (0,67) size 99x50 [border: (1px outset #808080)]
        RenderTableSection {TBODY} at (1,1) size 97x48
          RenderTableRow {TR} at (0,2) size 97x21
            RenderTableCell {TD} at (2,2) size 65x21 [border: (1px inset #808080)] [r=0 c=0 rs=1 cs=1]
              RenderText {#text} at (2,2) size 60x17
                text run at (2,2) width 60: "colspan 0"
            RenderTableCell {TD} at (68,2) size 13x21 [border: (1px inset #808080)] [r=0 c=1 rs=1 cs=1]
              RenderText {#text} at (2,2) size 8x17
                text run at (2,2) width 8: "3"
          RenderTableRow {TR} at (0,25) size 97x21
            RenderTableCell {TD} at (2,25) size 65x21 [border: (1px inset #808080)] [r=1 c=0 rs=1 cs=1]
              RenderText {#text} at (2,2) size 8x17
                text run at (2,2) width 8: "4"
            RenderTableCell {TD} at (68,25) size 13x21 [border: (1px inset #808080)] [r=1 c=1 rs=1 cs=1]
              RenderText {#text} at (2,2) size 8x17
                text run at (2,2) width 8: "5"
            RenderTableCell {TD} at (82,25) size 13x21 [border: (1px inset #808080)] [r=1 c=2 rs=1 cs=1]
              RenderText {#text} at (2,2) size 8x17
                text run at (2,2) width 8: "6"
      RenderBlock (anonymous) at (0,117) size 784x17
        RenderBR {BR} at (0,0) size 0x17
      RenderTable {TABLE} at (0,134) size 169x50 [border: (1px outset #808080)]
        RenderTableSection {TBODY} at (1,1) size 167x48
          RenderTableRow {TR} at (0,2) size 167x21
            RenderTableCell {TD} at (2,2) size 13x21 [border: (1px inset #808080)] [r=0 c=0 rs=1 cs=1]
              RenderText {#text} at (2,2) size 8x17
                text run at (2,2) width 8: "1"
            RenderTableCell {TD} at (16,13) size 135x22 [border: (1px inset #808080)] [r=0 c=1 rs=2 cs=1]
              RenderText {#text} at (2,2) size 130x18
                text run at (2,3) width 130: "rowspan 0 colspan 0"
          RenderTableRow {TR} at (0,25) size 167x21
            RenderTableCell {TD} at (2,25) size 13x21 [border: (1px inset #808080)] [r=1 c=0 rs=1 cs=1]
              RenderText {#text} at (2,2) size 8x17
                text run at (2,2) width 8: "4"
            RenderTableCell {TD} at (152,25) size 13x21 [border: (1px inset #808080)] [r=1 c=2 rs=1 cs=1]
              RenderText {#text} at (2,2) size 8x17
                text run at (2,2) width 8: "6"
      RenderBlock (anonymous) at (0,184) size 784x17
        RenderBR {BR} at (0,0) size 0x17
      RenderTable {TABLE} at (0,201) size 33x50 [border: (1px outset #808080)]
        RenderTableSection {TBODY} at (1,1) size 31x48
          RenderTableRow {TR} at (0,2) size 31x21
            RenderTableCell {TD} at (2,2) size 13x21 [border: (1px inset #808080)] [r=0 c=0 rs=1 cs=1]
              RenderText {#text} at (2,2) size 8x17
                text run at (2,2) width 8: "1"
            RenderTableCell {TD} at (16,13) size 13x22 [border: (1px inset #808080)] [r=0 c=1 rs=2 cs=1]
              RenderText {#text} at (2,2) size 8x18
                text run at (2,3) width 8: "2"
          RenderTableRow {TR} at (0,25) size 31x21
            RenderTableCell {TD} at (2,25) size 13x21 [border: (1px inset #808080)] [r=1 c=0 rs=1 cs=1]
              RenderText {#text} at (2,2) size 9x17
                text run at (2,2) width 9: "3"
      RenderBlock (anonymous) at (0,251) size 784x17
        RenderBR {BR} at (0,0) size 0x17
      RenderTable {TABLE} at (0,268) size 143x50 [border: (1px outset #808080)]
        RenderTableSection {TBODY} at (1,1) size 141x48
          RenderTableRow {TR} at (0,2) size 141x21
            RenderTableCell {TD} at (2,2) size 32x21 [border: (1px inset #808080)] [r=0 c=0 rs=1 cs=1]
              RenderText {#text} at (2,2) size 27x17
                text run at (2,2) width 27: "auto"
            RenderTableCell {TD} at (35,2) size 71x21 [border: (1px inset #808080)] [r=0 c=1 rs=1 cs=1]
              RenderText {#text} at (2,2) size 66x17
                text run at (2,2) width 66: "rowspan 0"
            RenderTableCell {TD} at (107,2) size 32x21 [border: (1px inset #808080)] [r=0 c=2 rs=1 cs=1]
              RenderText {#text} at (2,2) size 27x17
                text run at (2,2) width 27: "auto"
          RenderTableRow {TR} at (0,25) size 141x21
            RenderTableCell {TD} at (2,25) size 32x21 [border: (1px inset #808080)] [r=1 c=0 rs=1 cs=1]
              RenderText {#text} at (2,2) size 27x17
                text run at (2,2) width 27: "auto"
            RenderTableCell {TD} at (35,25) size 71x21 [border: (1px inset #808080)] [r=1 c=1 rs=1 cs=1]
              RenderText {#text} at (2,2) size 27x17
                text run at (2,2) width 27: "auto"
            RenderTableCell {TD} at (107,25) size 32x21 [border: (1px inset #808080)] [r=1 c=2 rs=1 cs=1]
              RenderText {#text} at (2,2) size 27x17
                text run at (2,2) width 27: "auto"
