layer at (0,0) size 800x600
  RenderView at (0,0) size 800x600
layer at (0,0) size 800x292
  RenderBlock {HTML} at (0,0) size 800x292
    RenderBody {BODY} at (8,8) size 784x276
      RenderBlock {DIV} at (0,0) size 784x276
        RenderRegion {DIV} at (0,0) size 402x92 [border: (1px solid #000000)]
        RenderRegion {DIV} at (0,92) size 302x92 [border: (1px solid #000000)]
        RenderRegion {DIV} at (0,184) size 402x92 [border: (1px solid #000000)]
Flow Threads
  Thread with flow-name 'flow1'
    layer at (0,0) size 400x270
      RenderNamedFlowThread at (0,0) size 400x270
        RenderBlock {DIV} at (0,0) size 400x297
          RenderBlock {DIV} at (5,5) size 390x287 [border: (1px solid #0000FF)]
            RenderBlock {DIV} at (11,11) size 368x265 [border: (1px solid #008000)]
              RenderBlock {P} at (1,17) size 366x108
                RenderText {#text} at (0,0) size 104x17
                  text run at (0,0) width 104: "This line of text "
                RenderImage {IMG} at (236,0) size 130x100 [bgcolor=#008000]
                RenderText {#text} at (104,0) size 236x108
                  text run at (104,0) width 132: "should not get out of"
                  text run at (0,17) width 26: "the "
                  text run at (26,17) width 210: "region. This line of text should"
                  text run at (0,34) width 236: "not get out of the region. This line of"
                  text run at (0,57) width 236: "text should not get out of the region."
                  text run at (0,74) width 236: "This line of text should not get out of"
                  text run at (0,91) width 67: "the region."
              RenderBlock {P} at (1,141) size 366x74
                RenderText {#text} at (0,0) size 366x74
                  text run at (0,0) width 266: "This line of text should not get out of the"
                  text run at (0,23) width 366: "region. This line of text should not get out of the region."
                  text run at (0,40) width 366: "This line of text should not get out of the region. This line"
                  text run at (0,57) width 245: "of text should not get out of the region."
              RenderBlock {P} at (1,231) size 366x17
                RenderText {#text} at (0,0) size 304x17
                  text run at (0,0) width 304: "This line of text should not get out of the region."
  Regions for flow 'flow1'
    RenderRegion {DIV} #region1
    RenderRegion {DIV} #region2
    RenderRegion {DIV} #region3
