layer at (0,0) size 800x600
  RenderView at (0,0) size 800x600
layer at (0,0) size 642x600
  RenderBlock {HTML} at (0,0) size 642x600
    RenderBody {BODY} at (8,8) size 626x584
      RenderBlock {DIV} at (0,0) size 626x584
        RenderRegion {DIV} at (0,0) size 202x102 [border: (1px solid #000000)]
        RenderRegion {DIV} at (202,0) size 302x182 [border: (1px solid #000000)]
        RenderRegion {DIV} at (504,0) size 122x122 [border: (1px solid #000000)]
Flow Threads
  Thread with flow-name 'flow1'
    layer at (0,0) size 620x180
      RenderNamedFlowThread at (0,0) size 620x180
        RenderBlock {DIV} at (0,0) size 601x180
          RenderBlock {DIV} at (5,5) size 591x170 [border: (1px solid #0000FF)]
            RenderBlock {DIV} at (11,11) size 569x148 [border: (1px solid #008000)]
              RenderBlock {P} at (17,1) size 269x146
                RenderText {#text} at (0,0) size 269x146
                  text run at (0,0) width 66: "This line"
                  text run at (17,0) width 66: "of text"
                  text run at (34,0) width 66: "should not"
                  text run at (51,0) width 66: "get out of"
                  text run at (68,0) width 19: "the"
                  text run at (85,0) width 44: "region."
                  text run at (102,0) width 66: "This line"
                  text run at (119,0) width 66: "of text"
                  text run at (136,0) width 66: "should not"
                  text run at (167,0) width 146: "get out of the region."
                  text run at (184,0) width 146: "This line of text should"
                  text run at (201,0) width 146: "not get out of the"
                  text run at (218,0) width 146: "region. This line of"
                  text run at (235,0) width 146: "text should not get out"
                  text run at (252,0) width 84: "of the region."
              RenderBlock {P} at (302,1) size 153x146
                RenderText {#text} at (0,0) size 153x146
                  text run at (0,0) width 146: "This line of text should"
                  text run at (17,0) width 146: "not get out of the"
                  text run at (34,0) width 146: "region. This line of"
                  text run at (51,0) width 146: "text should not get out"
                  text run at (68,0) width 146: "of the region. This line"
                  text run at (85,0) width 146: "of text should not get"
                  text run at (102,0) width 146: "out of the region. This"
                  text run at (119,0) width 146: "line of text should not"
                  text run at (136,0) width 131: "get out of the region."
              RenderBlock {P} at (484,1) size 68x146
                RenderText {#text} at (0,0) size 68x86
                  text run at (0,0) width 86: "This line of"
                  text run at (17,0) width 86: "text should"
                  text run at (34,0) width 86: "not get out of"
                  text run at (51,0) width 67: "the region."
  Regions for flow 'flow1'
    RenderRegion {DIV} #region1
    RenderRegion {DIV} #region2
    RenderRegion {DIV} #region3
