layer at (0,0) size 800x600
  RenderView at (0,0) size 800x600
layer at (0,0) size 800x42
  RenderBlock {HTML} at (0,0) size 800x42
    RenderBody {BODY} at (8,8) size 784x18
      RenderMathMLMath {math} at (0,0) size 784x18 [padding: 0 1 0 1]
        RenderMathMLOperator {mo} at (245,0) size 20x18
          RenderMathMLBlock (anonymous, flex) at (0,0) size 18x18
            RenderBlock (anonymous) at (0,0) size 17x18
              RenderText at (0,-44) size 17x106
                text run at (0,-44) width 17: "\x{2211}"
        RenderMathMLOperator {mo} at (264,0) size 13x18
          RenderMathMLBlock (anonymous, flex) at (0,0) size 11x18
            RenderBlock (anonymous) at (0,0) size 11x18
              RenderText at (0,-44) size 11x106
                text run at (0,-44) width 11: "\x{222B}"
        RenderMathMLOperator {mo} at (276,0) size 18x18
          RenderMathMLBlock (anonymous, flex) at (0,0) size 17x18
            RenderBlock (anonymous) at (0,0) size 17x18
              RenderText at (0,-44) size 17x106
                text run at (0,-44) width 17: "\x{222C}"
        RenderMathMLOperator {mo} at (293,0) size 25x18
          RenderMathMLBlock (anonymous, flex) at (0,0) size 23x18
            RenderBlock (anonymous) at (0,0) size 23x18
              RenderText at (0,-44) size 23x106
                text run at (0,-44) width 23: "\x{222D}"
        RenderMathMLOperator {mo} at (317,0) size 30x18
          RenderMathMLBlock (anonymous, flex) at (0,0) size 29x18
            RenderBlock (anonymous) at (0,0) size 29x18
              RenderText at (0,-44) size 29x106
                text run at (0,-44) width 29: "\x{2A0C}"
        RenderMathMLOperator {mo} at (346,1) size 21x16
          RenderMathMLBlock (anonymous, flex) at (0,0) size 19x16
            RenderBlock (anonymous) at (0,0) size 18x16
              RenderText at (0,-45) size 18x106
                text run at (0,-45) width 18: "\x{2A01}"
        RenderMathMLOperator {mo} at (366,0) size 13x18
          RenderMathMLBlock (anonymous, flex) at (0,0) size 11x18
            RenderBlock (anonymous) at (0,0) size 11x18
              RenderText at (0,-44) size 11x106
                text run at (0,-44) width 11: "\x{222E}"
        RenderMathMLOperator {mo} at (378,0) size 18x18
          RenderMathMLBlock (anonymous, flex) at (0,0) size 17x18
            RenderBlock (anonymous) at (0,0) size 17x18
              RenderText at (0,-44) size 17x106
                text run at (0,-44) width 17: "\x{222F}"
        RenderMathMLOperator {mo} at (395,0) size 25x18
          RenderMathMLBlock (anonymous, flex) at (0,0) size 23x18
            RenderBlock (anonymous) at (0,0) size 23x18
              RenderText at (0,-44) size 23x106
                text run at (0,-44) width 23: "\x{2230}"
        RenderMathMLOperator {mo} at (419,1) size 16x17
          RenderMathMLBlock (anonymous, flex) at (0,0) size 15x17
            RenderBlock (anonymous) at (0,0) size 14x17
              RenderText at (0,-45) size 14x106
                text run at (0,-45) width 14: "\x{22C3}"
        RenderMathMLOperator {mo} at (434,0) size 17x18
          RenderMathMLBlock (anonymous, flex) at (0,0) size 15x18
            RenderBlock (anonymous) at (0,0) size 14x18
              RenderText at (0,-44) size 14x106
                text run at (0,-44) width 14: "\x{22C0}"
        RenderMathMLOperator {mo} at (450,0) size 17x18
          RenderMathMLBlock (anonymous, flex) at (0,0) size 15x18
            RenderBlock (anonymous) at (0,0) size 14x18
              RenderText at (0,-44) size 14x106
                text run at (0,-44) width 14: "\x{22C1}"
        RenderMathMLOperator {mo} at (466,0) size 17x18
          RenderMathMLBlock (anonymous, flex) at (0,0) size 15x18
            RenderBlock (anonymous) at (0,0) size 14x18
              RenderText at (0,-44) size 14x106
                text run at (0,-44) width 14: "\x{22C2}"
        RenderMathMLOperator {mo} at (482,1) size 22x16
          RenderMathMLBlock (anonymous, flex) at (0,0) size 19x16
            RenderBlock (anonymous) at (0,0) size 18x16
              RenderText at (0,-45) size 18x106
                text run at (0,-45) width 18: "\x{2A02}"
        RenderMathMLOperator {mo} at (503,0) size 18x18
          RenderMathMLBlock (anonymous, flex) at (0,0) size 16x18
            RenderBlock (anonymous) at (0,0) size 16x18
              RenderText at (0,-44) size 16x106
                text run at (0,-44) width 16: "\x{220F}"
        RenderMathMLOperator {mo} at (520,0) size 19x18
          RenderMathMLBlock (anonymous, flex) at (0,0) size 16x18
            RenderBlock (anonymous) at (0,0) size 16x18
              RenderText at (0,-44) size 16x106
                text run at (0,-44) width 16: "\x{2210}"
