layer at (0,0) size 800x600
  RenderView at (0,0) size 800x600
layer at (0,0) size 800x600
  RenderBlock {HTML} at (0,0) size 800x600
    RenderBody {BODY} at (8,8) size 784x584
      RenderBlock {P} at (0,0) size 784x20
        RenderText {#text} at (0,0) size 733x19
          text run at (0,0) width 733: "The word \"PASSED\" should be shown below with a cirlce before and a square after. This is a test for WebKit bug "
        RenderInline {A} at (0,0) size 40x19 [color=#0000EE]
          RenderText {#text} at (732,0) size 40x19
            text run at (732,0) width 40: "11197"
        RenderText {#text} at (771,0) size 5x19
          text run at (771,0) width 5: "."
      RenderBlock (anonymous) at (0,36) size 784x18
        RenderInline {CODE} at (0,0) size 73x14
          RenderInline (generated) at (0,0) size 13x14
            RenderCounter at (0,4) size 13x14
              text run at (0,4) width 13: "\x{25E6}"
          RenderText {#text} at (13,4) size 47x14
            text run at (13,4) width 47: "PASSED"
          RenderInline (generated) at (0,0) size 14x14
            RenderCounter at (59,4) size 14x14
              text run at (59,4) width 14: "\x{25A0}"
        RenderText {#text} at (0,0) size 0x0
