layer at (0,0) size 800x600
  RenderView at (0,0) size 800x600
layer at (0,0) size 800x600
  RenderBlock {HTML} at (0,0) size 800x600
    RenderBody {BODY} at (8,8) size 784x584
      RenderBlock {HR} at (0,0) size 784x2 [border: (1px inset #000000)]
      RenderBlock {P} at (0,18) size 784x20
        RenderText {#text} at (0,0) size 54x19
          text run at (0,0) width 54: "Test for "
        RenderInline {I} at (0,0) size 680x19
          RenderInline {A} at (0,0) size 353x19 [color=#0000EE]
            RenderText {#text} at (53,0) size 353x19
              text run at (53,0) width 353: "http://bugzilla.opendarwin.org/show_bug.cgi?id=9547"
          RenderText {#text} at (405,0) size 328x19
            text run at (405,0) width 5: " "
            text run at (409,0) width 324: "Resize corner does not track the mouse accurately"
        RenderText {#text} at (732,0) size 5x19
          text run at (732,0) width 5: "."
      RenderBlock {HR} at (0,54) size 784x2 [border: (1px inset #000000)]
      RenderBlock (anonymous) at (0,168) size 784x302
        RenderText {#text} at (150,85) size 4x19
          text run at (150,85) width 4: " "
        RenderBR {BR} at (0,0) size 0x0
        RenderText {#text} at (139,128) size 4x19
          text run at (139,128) width 4: " "
        RenderBR {BR} at (0,0) size 0x0
        RenderText {#text} at (0,0) size 0x0
layer at (8,72) size 154x104 clip at (10,74) size 150x100
  RenderBlock {DIV} at (0,64) size 154x104 [border: (2px solid #0000FF)]
layer at (8,176) size 150x100 clip at (10,178) size 146x96
  RenderTextControl {TEXTAREA} at (0,0) size 150x100 [bgcolor=#FFFFFF] [border: (2px solid #0000FF)]
    RenderBlock {DIV} at (4,4) size 142x14
layer at (10,283) size 135x34 clip at (11,284) size 133x32
  RenderTextControl {TEXTAREA} at (2,107) size 135x34 [bgcolor=#FFFFFF] [border: (1px solid #4C4C4C)]
    RenderBlock {DIV} at (3,3) size 129x14
layer at (8,324) size 304x154
  RenderPartObject {IFRAME} at (0,148) size 304x154 [border: (2px inset #000000)]
    layer at (0,0) size 300x150
      RenderView at (0,0) size 300x150
    layer at (0,0) size 300x150
      RenderBlock {HTML} at (0,0) size 300x150
        RenderBody {BODY} at (8,8) size 284x134
caret: position 0 of child 0 {DIV} of {#document-fragment} of child 13 {TEXTAREA} of body
