layer at (0,0) size 10000x10000
  RenderView at (0,0) size 800x600
layer at (0,0) size 800x10000
  RenderBlock {HTML} at (0,0) size 800x10000
    RenderBody {BODY} at (0,0) size 10000x10000
layer at (0,0) size 320x100
  RenderBlock (positioned) {DIV} at (0,0) size 320x100 [bgcolor=#0000007F] [border: (5px solid #000000)]
    RenderText {#text} at (105,5) size 188x39
      text run at (105,5) width 188: "This should be as wide as the"
      text run at (105,25) width 94: "CSS viewport."
layer at (0,0) size 100x460
  RenderBlock (positioned) {DIV} at (0,0) size 100x460 [bgcolor=#0000007F] [border: (5px solid #000000)]
    RenderText {#text} at (5,105) size 76x79
      text run at (5,105) width 76: "This should"
      text run at (5,125) width 75: "be as tall as"
      text run at (5,145) width 53: "the CSS"
      text run at (5,165) width 61: "viewport."
