CONSOLE MESSAGE: line 21: TypeError: null is not an object (evaluating 'target.dispatchEvent')
FAIL: Timed out waiting for notifyDone to be called
layer at (0,0) size 800x730
  RenderView at (0,0) size 800x600
layer at (0,0) size 800x600
  RenderBlock {HTML} at (0,0) size 800x600
    RenderBody {BODY} at (0,0) size 800x600 [border: (1px solid #000000)]
      RenderBlock {DIV} at (21,21) size 402x402 [border: (1px solid #000000)]
      RenderText {#text} at (0,0) size 0x0
      RenderText {#text} at (0,0) size 0x0
      RenderText {#text} at (0,0) size 0x0
layer at (42,42) size 340x340
  RenderBlock {DIV} at (21,21) size 340x340 [bgcolor=#DDDDDD] [border: (1px solid #000000)]
layer at (63,63) size 300x300
  RenderBlock {DIV} at (21,21) size 300x300 [bgcolor=#81AA8A] [border: (1px solid #000000)]
layer at (104,104) size 300x300
  RenderBlock {DIV} at (41,41) size 300x300 [border: (1px solid #000000)]
layer at (145,145) size 300x300
  RenderBlock {DIV} at (41,41) size 300x300 [bgcolor=#AA7994] [border: (1px solid #000000)]
layer at (186,186) size 300x300
  RenderBlock {DIV} at (41,41) size 300x300 [border: (1px solid #000000)]
layer at (227,227) size 300x300
  RenderBlock {DIV} at (41,41) size 300x300 [bgcolor=#81AA8A] [border: (1px solid #000000)]
layer at (268,268) size 300x300
  RenderBlock {DIV} at (41,41) size 300x300 [border: (1px solid #000000)]
    RenderBlock {DIV} at (61,61) size 90x90 [bgcolor=#0000FF]
layer at (30,650) size 319x80
  RenderBlock (positioned) {DIV} at (30,650) size 320x80
    RenderInline {SPAN} at (0,0) size 304x19 [color=#008000]
      RenderText {#text} at (0,0) size 304x19
        text run at (0,0) width 304: "PASS: event at (45, 45) hit box1 at offset (3, 3)"
    RenderBR {BR} at (303,15) size 1x0
    RenderInline {SPAN} at (0,0) size 304x19 [color=#008000]
      RenderText {#text} at (0,20) size 304x19
        text run at (0,20) width 304: "PASS: event at (54, 44) hit box2 at offset (2, 2)"
    RenderBR {BR} at (303,35) size 1x0
    RenderInline {SPAN} at (0,0) size 312x19 [color=#008000]
      RenderText {#text} at (0,40) size 312x19
        text run at (0,40) width 312: "PASS: event at (104, 93) hit box3 at offset (2, 2)"
    RenderBR {BR} at (311,55) size 1x0
    RenderInline {SPAN} at (0,0) size 320x19 [color=#008000]
      RenderText {#text} at (0,60) size 320x19
        text run at (0,60) width 320: "PASS: event at (175, 137) hit box4 at offset (2, 2)"
    RenderBR {BR} at (319,75) size 1x0
