layer at (0,0) size 800x600
  RenderView at (0,0) size 800x600
layer at (0,0) size 800x254
  RenderBlock {HTML} at (0,0) size 800x254
    RenderBody {BODY} at (8,8) size 784x238
      RenderMathMLMath {math} at (0,2) size 60x18 [padding: 0 1 0 1]
        RenderMathMLRow {mrow} at (1,0) size 58x18
          RenderMathMLOperator {mo} at (0,1) size 6x15
            RenderBlock (anonymous) at (0,0) size 6x16
              RenderText {#text} at (0,0) size 6x17
                text run at (0,0) width 6: "("
          RenderMathMLOperator {mo} at (5,1) size 6x15
            RenderBlock (anonymous) at (0,0) size 6x16
              RenderText {#text} at (0,0) size 6x17
                text run at (0,0) width 6: ")"
          RenderMathMLOperator {mo} at (10,1) size 9x16
            RenderBlock (anonymous) at (0,0) size 8x17
              RenderText {#text} at (0,1) size 8x17
                text run at (0,1) width 8: "{"
          RenderMathMLOperator {mo} at (18,1) size 8x16
            RenderBlock (anonymous) at (0,0) size 8x17
              RenderText {#text} at (0,1) size 8x17
                text run at (0,1) width 8: "}"
          RenderMathMLOperator {mo} at (26,1) size 6x15
            RenderBlock (anonymous) at (0,0) size 6x16
              RenderText {#text} at (0,0) size 6x17
                text run at (0,0) width 6: "["
          RenderMathMLOperator {mo} at (31,1) size 6x15
            RenderBlock (anonymous) at (0,0) size 6x16
              RenderText {#text} at (0,0) size 6x17
                text run at (0,0) width 6: "]"
          RenderMathMLOperator {mo} at (36,13) size 0x0
            RenderBlock (anonymous) at (0,0) size 7x16
              RenderText {#text} at (0,1) size 7x17
                text run at (0,1) width 7: "\x{2308}"
          RenderMathMLOperator {mo} at (36,13) size 0x0
            RenderBlock (anonymous) at (0,0) size 7x16
              RenderText {#text} at (0,1) size 7x17
                text run at (0,1) width 7: "\x{2309}"
          RenderMathMLOperator {mo} at (36,13) size 0x0
            RenderBlock (anonymous) at (0,0) size 7x16
              RenderText {#text} at (0,1) size 7x17
                text run at (0,1) width 7: "\x{230A}"
          RenderMathMLOperator {mo} at (36,13) size 0x0
            RenderBlock (anonymous) at (0,0) size 7x16
              RenderText {#text} at (0,1) size 7x17
                text run at (0,1) width 7: "\x{230B}"
          RenderMathMLOperator {mo} at (36,1) size 6x15
            RenderBlock (anonymous) at (0,0) size 5x16
              RenderText {#text} at (0,1) size 5x17
                text run at (0,1) width 5: "\x{222B}"
          RenderMathMLOperator {mo} at (41,0) size 8x18
            RenderBlock (anonymous) at (0,0) size 4x18
              RenderText {#text} at (0,1) size 4x17
                text run at (0,1) width 4: "|"
          RenderMathMLOperator {mo} at (48,13) size 0x0
            RenderBlock (anonymous) at (0,0) size 5x13
              RenderText {#text} at (0,0) size 5x17
                text run at (0,0) width 5: "\x{2016}"
          RenderMathMLOperator {mo} at (48,13) size 10x0
            RenderBlock (anonymous) at (0,0) size 11x13
              RenderText {#text} at (0,0) size 11x17
                text run at (0,0) width 11: "\x{2225}"
      RenderText {#text} at (59,0) size 5x19
        text run at (59,0) width 5: " "
      RenderBR {BR} at (0,0) size 0x0
      RenderMathMLMath {math} at (0,20) size 70x143 [padding: 0 1 0 1]
        RenderMathMLRow {mrow} at (1,0) size 68x143
          RenderMathMLOperator {mo} at (0,0) size 7x143
            RenderBlock (anonymous) at (0,0) size 6x16
              RenderText {#text} at (0,0) size 6x17
                text run at (0,0) width 6: "("
          RenderMathMLOperator {mo} at (6,0) size 7x143
            RenderBlock (anonymous) at (0,0) size 6x16
              RenderText {#text} at (0,0) size 6x17
                text run at (0,0) width 6: ")"
          RenderMathMLOperator {mo} at (12,0) size 9x143
            RenderBlock (anonymous) at (0,0) size 8x17
              RenderText {#text} at (0,1) size 8x17
                text run at (0,1) width 8: "{"
          RenderMathMLOperator {mo} at (20,0) size 9x143
            RenderBlock (anonymous) at (0,0) size 8x17
              RenderText {#text} at (0,1) size 8x17
                text run at (0,1) width 8: "}"
          RenderMathMLOperator {mo} at (28,0) size 7x143
            RenderBlock (anonymous) at (0,0) size 6x16
              RenderText {#text} at (0,0) size 6x17
                text run at (0,0) width 6: "["
          RenderMathMLOperator {mo} at (34,0) size 7x143
            RenderBlock (anonymous) at (0,0) size 6x16
              RenderText {#text} at (0,0) size 6x17
                text run at (0,0) width 6: "]"
          RenderMathMLOperator {mo} at (40,75) size 0x0
            RenderBlock (anonymous) at (0,0) size 7x16
              RenderText {#text} at (0,1) size 7x17
                text run at (0,1) width 7: "\x{2308}"
          RenderMathMLOperator {mo} at (40,75) size 0x0
            RenderBlock (anonymous) at (0,0) size 7x16
              RenderText {#text} at (0,1) size 7x17
                text run at (0,1) width 7: "\x{2309}"
          RenderMathMLOperator {mo} at (40,75) size 0x0
            RenderBlock (anonymous) at (0,0) size 7x16
              RenderText {#text} at (0,1) size 7x17
                text run at (0,1) width 7: "\x{230A}"
          RenderMathMLOperator {mo} at (40,75) size 0x0
            RenderBlock (anonymous) at (0,0) size 7x16
              RenderText {#text} at (0,1) size 7x17
                text run at (0,1) width 7: "\x{230B}"
          RenderMathMLOperator {mo} at (40,0) size 13x143
            RenderBlock (anonymous) at (0,0) size 5x16
              RenderText {#text} at (0,1) size 5x17
                text run at (0,1) width 5: "\x{222B}"
          RenderMathMLOperator {mo} at (52,0) size 7x143
            RenderBlock (anonymous) at (0,0) size 4x18
              RenderText {#text} at (0,1) size 4x17
                text run at (0,1) width 4: "|"
          RenderMathMLOperator {mo} at (58,75) size 0x0
            RenderBlock (anonymous) at (0,0) size 5x13
              RenderText {#text} at (0,0) size 5x17
                text run at (0,0) width 5: "\x{2016}"
          RenderMathMLOperator {mo} at (58,75) size 10x0
            RenderBlock (anonymous) at (0,0) size 11x13
              RenderText {#text} at (0,0) size 11x17
                text run at (0,0) width 11: "\x{2225}"
          RenderMathMLSpace {mspace} at (67,0) size 0x76
      RenderText {#text} at (69,80) size 5x19
        text run at (69,80) width 5: " "
      RenderMathMLMath {math} at (73,45) size 71x93 [padding: 0 1 0 1]
        RenderMathMLRow {mrow} at (1,0) size 68x93
          RenderMathMLOperator {mo} at (0,0) size 7x93
            RenderBlock (anonymous) at (0,0) size 6x16
              RenderText {#text} at (0,0) size 6x17
                text run at (0,0) width 6: "("
          RenderMathMLOperator {mo} at (6,0) size 7x93
            RenderBlock (anonymous) at (0,0) size 6x16
              RenderText {#text} at (0,0) size 6x17
                text run at (0,0) width 6: ")"
          RenderMathMLOperator {mo} at (12,0) size 9x93
            RenderBlock (anonymous) at (0,0) size 8x17
              RenderText {#text} at (0,1) size 8x17
                text run at (0,1) width 8: "{"
          RenderMathMLOperator {mo} at (20,0) size 9x93
            RenderBlock (anonymous) at (0,0) size 8x17
              RenderText {#text} at (0,1) size 8x17
                text run at (0,1) width 8: "}"
          RenderMathMLOperator {mo} at (28,0) size 7x93
            RenderBlock (anonymous) at (0,0) size 6x16
              RenderText {#text} at (0,0) size 6x17
                text run at (0,0) width 6: "["
          RenderMathMLOperator {mo} at (34,0) size 7x93
            RenderBlock (anonymous) at (0,0) size 6x16
              RenderText {#text} at (0,0) size 6x17
                text run at (0,0) width 6: "]"
          RenderMathMLOperator {mo} at (40,50) size 0x0
            RenderBlock (anonymous) at (0,0) size 7x16
              RenderText {#text} at (0,1) size 7x17
                text run at (0,1) width 7: "\x{2308}"
          RenderMathMLOperator {mo} at (40,50) size 0x0
            RenderBlock (anonymous) at (0,0) size 7x16
              RenderText {#text} at (0,1) size 7x17
                text run at (0,1) width 7: "\x{2309}"
          RenderMathMLOperator {mo} at (40,50) size 0x0
            RenderBlock (anonymous) at (0,0) size 7x16
              RenderText {#text} at (0,1) size 7x17
                text run at (0,1) width 7: "\x{230A}"
          RenderMathMLOperator {mo} at (40,50) size 0x0
            RenderBlock (anonymous) at (0,0) size 7x16
              RenderText {#text} at (0,1) size 7x17
                text run at (0,1) width 7: "\x{230B}"
          RenderMathMLOperator {mo} at (40,0) size 13x93
            RenderBlock (anonymous) at (0,0) size 5x16
              RenderText {#text} at (0,1) size 5x17
                text run at (0,1) width 5: "\x{222B}"
          RenderMathMLOperator {mo} at (52,0) size 7x93
            RenderBlock (anonymous) at (0,0) size 4x18
              RenderText {#text} at (0,1) size 4x17
                text run at (0,1) width 4: "|"
          RenderMathMLOperator {mo} at (58,50) size 0x0
            RenderBlock (anonymous) at (0,0) size 5x13
              RenderText {#text} at (0,0) size 5x17
                text run at (0,0) width 5: "\x{2016}"
          RenderMathMLOperator {mo} at (58,50) size 10x0
            RenderBlock (anonymous) at (0,0) size 11x13
              RenderText {#text} at (0,0) size 11x17
                text run at (0,0) width 11: "\x{2225}"
          RenderMathMLSpace {mspace} at (67,0) size 0x51
      RenderText {#text} at (143,80) size 5x19
        text run at (143,80) width 5: " "
      RenderMathMLMath {math} at (147,75) size 71x33 [padding: 0 1 0 1]
        RenderMathMLRow {mrow} at (1,0) size 68x33
          RenderMathMLOperator {mo} at (0,0) size 7x33
            RenderBlock (anonymous) at (0,0) size 6x16
              RenderText {#text} at (0,0) size 6x17
                text run at (0,0) width 6: "("
          RenderMathMLOperator {mo} at (6,0) size 7x33
            RenderBlock (anonymous) at (0,0) size 6x16
              RenderText {#text} at (0,0) size 6x17
                text run at (0,0) width 6: ")"
          RenderMathMLOperator {mo} at (12,8) size 8x16
            RenderBlock (anonymous) at (0,0) size 8x17
              RenderText {#text} at (0,1) size 8x17
                text run at (0,1) width 8: "{"
          RenderMathMLOperator {mo} at (19,8) size 9x16
            RenderBlock (anonymous) at (0,0) size 8x17
              RenderText {#text} at (0,1) size 8x17
                text run at (0,1) width 8: "}"
          RenderMathMLOperator {mo} at (27,0) size 7x33
            RenderBlock (anonymous) at (0,0) size 6x16
              RenderText {#text} at (0,0) size 6x17
                text run at (0,0) width 6: "["
          RenderMathMLOperator {mo} at (33,0) size 7x33
            RenderBlock (anonymous) at (0,0) size 6x16
              RenderText {#text} at (0,0) size 6x17
                text run at (0,0) width 6: "]"
          RenderMathMLOperator {mo} at (39,20) size 0x0
            RenderBlock (anonymous) at (0,0) size 7x16
              RenderText {#text} at (0,1) size 7x17
                text run at (0,1) width 7: "\x{2308}"
          RenderMathMLOperator {mo} at (39,20) size 0x0
            RenderBlock (anonymous) at (0,0) size 7x16
              RenderText {#text} at (0,1) size 7x17
                text run at (0,1) width 7: "\x{2309}"
          RenderMathMLOperator {mo} at (39,20) size 0x0
            RenderBlock (anonymous) at (0,0) size 7x16
              RenderText {#text} at (0,1) size 7x17
                text run at (0,1) width 7: "\x{230A}"
          RenderMathMLOperator {mo} at (39,20) size 0x0
            RenderBlock (anonymous) at (0,0) size 7x16
              RenderText {#text} at (0,1) size 7x17
                text run at (0,1) width 7: "\x{230B}"
          RenderMathMLOperator {mo} at (39,0) size 13x33
            RenderBlock (anonymous) at (0,0) size 5x16
              RenderText {#text} at (0,1) size 5x17
                text run at (0,1) width 5: "\x{222B}"
          RenderMathMLOperator {mo} at (51,7) size 8x18
            RenderBlock (anonymous) at (0,0) size 4x18
              RenderText {#text} at (0,1) size 4x17
                text run at (0,1) width 4: "|"
          RenderMathMLOperator {mo} at (58,20) size 0x0
            RenderBlock (anonymous) at (0,0) size 5x13
              RenderText {#text} at (0,0) size 5x17
                text run at (0,0) width 5: "\x{2016}"
          RenderMathMLOperator {mo} at (58,20) size 10x0
            RenderBlock (anonymous) at (0,0) size 11x13
              RenderText {#text} at (0,0) size 11x17
                text run at (0,0) width 11: "\x{2225}"
          RenderMathMLSpace {mspace} at (67,0) size 0x21
      RenderText {#text} at (217,80) size 5x19
        text run at (217,80) width 5: " "
      RenderBR {BR} at (0,0) size 0x0
      RenderMathMLMath {math} at (0,162) size 79x77 [padding: 0 1 0 1]
        RenderMathMLRoot {msqrt} at (1,0) size 77x77
          RenderMathMLOperator {mo} at (8,3) size 7x74
            RenderBlock (anonymous) at (0,0) size 6x16
              RenderText {#text} at (0,0) size 6x17
                text run at (0,0) width 6: "("
          RenderMathMLOperator {mo} at (14,3) size 8x74
            RenderBlock (anonymous) at (0,0) size 6x16
              RenderText {#text} at (0,0) size 6x17
                text run at (0,0) width 6: ")"
          RenderMathMLOperator {mo} at (21,3) size 8x74
            RenderBlock (anonymous) at (0,0) size 8x17
              RenderText {#text} at (0,1) size 8x17
                text run at (0,1) width 8: "{"
          RenderMathMLOperator {mo} at (28,3) size 9x74
            RenderBlock (anonymous) at (0,0) size 8x17
              RenderText {#text} at (0,1) size 8x17
                text run at (0,1) width 8: "}"
          RenderMathMLOperator {mo} at (36,3) size 8x74
            RenderBlock (anonymous) at (0,0) size 6x16
              RenderText {#text} at (0,0) size 6x17
                text run at (0,0) width 6: "["
          RenderMathMLOperator {mo} at (43,3) size 7x74
            RenderBlock (anonymous) at (0,0) size 6x16
              RenderText {#text} at (0,0) size 6x17
                text run at (0,0) width 6: "]"
          RenderMathMLOperator {mo} at (49,43) size 0x0
            RenderBlock (anonymous) at (0,0) size 7x16
              RenderText {#text} at (0,1) size 7x17
                text run at (0,1) width 7: "\x{2308}"
          RenderMathMLOperator {mo} at (49,43) size 0x0
            RenderBlock (anonymous) at (0,0) size 7x16
              RenderText {#text} at (0,1) size 7x17
                text run at (0,1) width 7: "\x{2309}"
          RenderMathMLOperator {mo} at (49,43) size 0x0
            RenderBlock (anonymous) at (0,0) size 7x16
              RenderText {#text} at (0,1) size 7x17
                text run at (0,1) width 7: "\x{230A}"
          RenderMathMLOperator {mo} at (49,43) size 0x0
            RenderBlock (anonymous) at (0,0) size 7x16
              RenderText {#text} at (0,1) size 7x17
                text run at (0,1) width 7: "\x{230B}"
          RenderMathMLOperator {mo} at (49,3) size 12x74
            RenderBlock (anonymous) at (0,0) size 5x16
              RenderText {#text} at (0,1) size 5x17
                text run at (0,1) width 5: "\x{222B}"
          RenderMathMLOperator {mo} at (61,3) size 7x74
            RenderBlock (anonymous) at (0,0) size 4x18
              RenderText {#text} at (0,1) size 4x17
                text run at (0,1) width 4: "|"
          RenderMathMLOperator {mo} at (67,43) size 0x0
            RenderBlock (anonymous) at (0,0) size 5x13
              RenderText {#text} at (0,0) size 5x17
                text run at (0,0) width 5: "\x{2016}"
          RenderMathMLOperator {mo} at (67,43) size 10x0
            RenderBlock (anonymous) at (0,0) size 11x13
              RenderText {#text} at (0,0) size 11x17
                text run at (0,0) width 11: "\x{2225}"
          RenderMathMLSpace {mspace} at (76,3) size 0x42
      RenderText {#text} at (0,0) size 0x0
