layer at (0,0) size 800x600
  RenderView at (0,0) size 800x600
layer at (0,0) size 800x492
  RenderBlock {html} at (0,0) size 800x492
    RenderBody {body} at (8,16) size 784x460
      RenderBlock {p} at (0,0) size 784x20
        RenderText {#text} at (0,0) size 181x19
          text run at (0,0) width 181: "square root (should be red): "
        RenderMathMLMath {math} at (180,0) size 20x17 [padding: 0 1 0 1]
          RenderMathMLSquareRoot {msqrt} at (1,0) size 17x17 [color=#FF0000]
            RenderMathMLBlock (anonymous, flex) at (0,0) size 9x17
              RenderMathMLRadicalOperator (anonymous) at (0,0) size 9x17
                RenderMathMLBlock (anonymous, flex) at (0,0) size 9x16
                  RenderBlock (anonymous) at (0,0) size 9x16
                    RenderText at (0,1) size 9x17
                      text run at (0,1) width 9: "\x{221A}"
            RenderMathMLRootWrapper at (8,3) size 9x14
              RenderMathMLToken {mn} at (0,0) size 8x12
                RenderMathMLBlock (anonymous, flex) at (0,0) size 8x12
                  RenderBlock (anonymous) at (0,0) size 8x12
                    RenderText {#text} at (0,-1) size 8x17
                      text run at (0,-1) width 8: "2"
      RenderBlock {p} at (0,36) size 784x20
        RenderText {#text} at (0,0) size 113x19
          text run at (0,0) width 113: "long square root: "
        RenderMathMLMath {math} at (112,0) size 44x17 [padding: 0 1 0 1]
          RenderMathMLSquareRoot {msqrt} at (1,0) size 42x17
            RenderMathMLBlock (anonymous, flex) at (0,0) size 9x17
              RenderMathMLRadicalOperator (anonymous) at (0,0) size 9x17
                RenderMathMLBlock (anonymous, flex) at (0,0) size 9x16
                  RenderBlock (anonymous) at (0,0) size 9x16
                    RenderText at (0,1) size 9x17
                      text run at (0,1) width 9: "\x{221A}"
            RenderMathMLRootWrapper at (8,3) size 34x14
              RenderMathMLRow {mrow} at (0,0) size 33x12
                RenderMathMLToken {mi} at (0,3) size 9x9 [padding: 0 2 0 0]
                  RenderMathMLBlock (anonymous, flex) at (0,0) size 8x9
                    RenderBlock (anonymous) at (0,0) size 8x9
                      RenderText {#text} at (0,-4) size 8x17
                        text run at (0,-4) width 8: "x"
                RenderMathMLOperator {mo} at (8,3) size 17x9
                  RenderMathMLBlock (anonymous, flex) at (3,0) size 10x9
                    RenderBlock (anonymous) at (0,0) size 9x9
                      RenderText at (0,-4) size 9x17
                        text run at (0,-4) width 9: "+"
                RenderMathMLToken {mn} at (24,0) size 9x12
                  RenderMathMLBlock (anonymous, flex) at (0,0) size 8x12
                    RenderBlock (anonymous) at (0,0) size 8x12
                      RenderText {#text} at (0,-1) size 8x17
                        text run at (0,-1) width 8: "1"
      RenderBlock {p} at (0,72) size 784x25
        RenderText {#text} at (0,5) size 227x19
          text run at (0,5) width 227: "long square root with implied row: "
        RenderMathMLMath {math} at (226,0) size 54x22 [padding: 0 1 0 1]
          RenderMathMLSquareRoot {msqrt} at (1,0) size 51x22
            RenderMathMLBlock (anonymous, flex) at (0,0) size 9x22
              RenderMathMLRadicalOperator (anonymous) at (0,0) size 9x22
                RenderMathMLBlock (anonymous, flex) at (0,0) size 9x21
                  RenderBlock (anonymous) at (0,0) size 9x21
                    RenderText at (0,1) size 9x17
                      text run at (0,1) width 9: "\x{221A}"
            RenderMathMLRootWrapper at (8,3) size 43x19
              RenderMathMLScripts {msup} at (0,0) size 18x18
                RenderMathMLToken {mi} at (0,8) size 9x10 [padding: 0 2 0 0]
                  RenderMathMLBlock (anonymous, flex) at (0,0) size 8x9
                    RenderBlock (anonymous) at (0,0) size 8x9
                      RenderText {#text} at (0,-4) size 8x17
                        text run at (0,-4) width 8: "x"
                RenderMathMLToken {mn} at (8,0) size 7x10
                  RenderMathMLBlock (anonymous, flex) at (0,0) size 6x10
                    RenderBlock (anonymous) at (0,0) size 6x10
                      RenderText {#text} at (0,0) size 6x13
                        text run at (0,0) width 6: "2"
              RenderMathMLOperator {mo} at (17,8) size 17x9
                RenderMathMLBlock (anonymous, flex) at (3,0) size 10x9
                  RenderBlock (anonymous) at (0,0) size 9x9
                    RenderText at (0,-4) size 9x17
                      text run at (0,-4) width 9: "+"
              RenderMathMLToken {mn} at (33,5) size 9x12
                RenderMathMLBlock (anonymous, flex) at (0,0) size 8x12
                  RenderBlock (anonymous) at (0,0) size 8x12
                    RenderText {#text} at (0,-1) size 8x17
                      text run at (0,-1) width 8: "1"
      RenderBlock {p} at (0,113) size 784x34
        RenderText {#text} at (0,8) size 117x19
          text run at (0,8) width 117: "root of a fraction: "
        RenderMathMLMath {math} at (116,0) size 44x35 [padding: 0 1 0 1]
          RenderMathMLSquareRoot {msqrt} at (1,0) size 42x35
            RenderMathMLBlock (anonymous, flex) at (0,0) size 9x35
              RenderMathMLRadicalOperator (anonymous) at (0,0) size 9x35
                RenderMathMLBlock (anonymous, flex) at (0,0) size 9x35
                  RenderBlock (anonymous) at (0,0) size 9x35
                    RenderText at (0,1) size 9x17
                      text run at (0,1) width 9: "\x{221A}"
            RenderMathMLRootWrapper at (8,3) size 34x32
              RenderMathMLFraction {mfrac} at (0,0) size 33x32
                RenderMathMLRow {mrow} at (0,0) size 33x12
                  RenderMathMLToken {mi} at (0,3) size 9x9 [padding: 0 2 0 0]
                    RenderMathMLBlock (anonymous, flex) at (0,0) size 8x9
                      RenderBlock (anonymous) at (0,0) size 8x9
                        RenderText {#text} at (0,-4) size 8x17
                          text run at (0,-4) width 8: "x"
                  RenderMathMLOperator {mo} at (8,3) size 17x9
                    RenderMathMLBlock (anonymous, flex) at (3,0) size 10x9
                      RenderBlock (anonymous) at (0,0) size 9x9
                        RenderText at (0,-4) size 9x17
                          text run at (0,-4) width 9: "+"
                  RenderMathMLToken {mn} at (24,0) size 9x12
                    RenderMathMLBlock (anonymous, flex) at (0,0) size 8x12
                      RenderBlock (anonymous) at (0,0) size 8x12
                        RenderText {#text} at (0,-1) size 8x17
                          text run at (0,-1) width 8: "1"
                RenderMathMLRow {mrow} at (0,19) size 33x13
                  RenderMathMLToken {mi} at (0,3) size 9x9 [padding: 0 2 0 0]
                    RenderMathMLBlock (anonymous, flex) at (0,0) size 8x9
                      RenderBlock (anonymous) at (0,0) size 8x9
                        RenderText {#text} at (0,-4) size 8x17
                          text run at (0,-4) width 8: "x"
                  RenderMathMLOperator {mo} at (8,3) size 17x9
                    RenderMathMLBlock (anonymous, flex) at (3,0) size 10x9
                      RenderBlock (anonymous) at (0,0) size 9x9
                        RenderText at (0,-4) size 9x17
                          text run at (0,-4) width 9: "+"
                  RenderMathMLToken {mn} at (24,0) size 9x12
                    RenderMathMLBlock (anonymous, flex) at (0,0) size 8x12
                      RenderBlock (anonymous) at (0,0) size 8x12
                        RenderText {#text} at (0,-1) size 8x17
                          text run at (0,-1) width 8: "2"
      RenderBlock {p} at (0,163) size 784x21
        RenderText {#text} at (0,1) size 177x19
          text run at (0,1) width 177: "cube root (should be blue): "
        RenderMathMLMath {math} at (176,0) size 20x18 [color=#0000FF] [padding: 0 1 0 1]
          RenderMathMLRoot {mroot} at (1,0) size 17x18
            RenderMathMLRootWrapper at (4,0) size 5x18
              RenderMathMLToken {mn} at (0,0) size 5x8
                RenderMathMLBlock (anonymous, flex) at (0,0) size 5x8
                  RenderBlock (anonymous) at (0,0) size 5x8
                    RenderText {#text} at (0,0) size 5x10
                      text run at (0,0) width 5: "3"
            RenderMathMLBlock (anonymous, flex) at (0,0) size 9x18
              RenderMathMLRadicalOperator (anonymous) at (0,1) size 9x17
                RenderMathMLBlock (anonymous, flex) at (0,0) size 9x16
                  RenderBlock (anonymous) at (0,0) size 9x16
                    RenderText at (0,1) size 9x17
                      text run at (0,1) width 9: "\x{221A}"
            RenderMathMLRootWrapper at (8,4) size 9x14
              RenderMathMLToken {mn} at (0,0) size 8x12
                RenderMathMLBlock (anonymous, flex) at (0,0) size 8x12
                  RenderBlock (anonymous) at (0,0) size 8x12
                    RenderText {#text} at (0,-1) size 8x17
                      text run at (0,-1) width 8: "2"
      RenderBlock {p} at (0,200) size 784x20
        RenderText {#text} at (0,0) size 77x19
          text run at (0,0) width 77: "long index: "
        RenderMathMLMath {math} at (76,0) size 47x17 [padding: 0 1 0 1]
          RenderMathMLRoot {mroot} at (1,0) size 45x17
            RenderMathMLRootWrapper at (4,0) size 33x17
              RenderMathMLRow {mrow} at (0,0) size 33x7
                RenderMathMLToken {mi} at (0,1) size 5x5 [padding: 0 1 0 0]
                  RenderMathMLBlock (anonymous, flex) at (0,0) size 4x5
                    RenderBlock (anonymous) at (0,0) size 4x5
                      RenderText {#text} at (0,-3) size 4x10
                        text run at (0,-3) width 4: "x"
                RenderMathMLOperator {mo} at (4,0) size 10x6
                  RenderMathMLBlock (anonymous, flex) at (2,0) size 5x6
                    RenderBlock (anonymous) at (0,0) size 5x6
                      RenderText at (0,-2) size 5x10
                        text run at (0,-2) width 5: "+"
                RenderMathMLToken {mi} at (13,1) size 6x6 [padding: 0 1 0 0]
                  RenderMathMLBlock (anonymous, flex) at (0,0) size 4x6
                    RenderBlock (anonymous) at (0,0) size 4x6
                      RenderText {#text} at (0,-3) size 4x10
                        text run at (0,-3) width 4: "y"
                RenderMathMLOperator {mo} at (18,0) size 10x6
                  RenderMathMLBlock (anonymous, flex) at (2,0) size 5x6
                    RenderBlock (anonymous) at (0,0) size 5x6
                      RenderText at (0,-2) size 5x10
                        text run at (0,-2) width 5: "+"
                RenderMathMLToken {mi} at (27,1) size 6x5 [padding: 0 1 0 0]
                  RenderMathMLBlock (anonymous, flex) at (0,0) size 4x5
                    RenderBlock (anonymous) at (0,0) size 4x5
                      RenderText {#text} at (0,-3) size 4x10
                        text run at (0,-3) width 4: "z"
            RenderMathMLBlock (anonymous, flex) at (27,0) size 10x17
              RenderMathMLRadicalOperator (anonymous) at (0,0) size 9x17
                RenderMathMLBlock (anonymous, flex) at (0,0) size 9x16
                  RenderBlock (anonymous) at (0,0) size 9x16
                    RenderText at (0,1) size 9x17
                      text run at (0,1) width 9: "\x{221A}"
            RenderMathMLRootWrapper at (36,3) size 9x14
              RenderMathMLToken {mn} at (0,0) size 8x12
                RenderMathMLBlock (anonymous, flex) at (0,0) size 8x12
                  RenderBlock (anonymous) at (0,0) size 8x12
                    RenderText {#text} at (0,-1) size 8x17
                      text run at (0,-1) width 8: "2"
      RenderBlock {p} at (0,236) size 784x34
        RenderText {#text} at (0,8) size 188x19
          text run at (0,8) width 188: "long index w/ complex base: "
        RenderMathMLMath {math} at (187,0) size 72x35 [padding: 0 1 0 1]
          RenderMathMLRoot {mroot} at (1,0) size 70x35
            RenderMathMLRootWrapper at (4,7) size 33x28
              RenderMathMLRow {mrow} at (0,0) size 33x7
                RenderMathMLToken {mi} at (0,1) size 5x5 [padding: 0 1 0 0]
                  RenderMathMLBlock (anonymous, flex) at (0,0) size 4x5
                    RenderBlock (anonymous) at (0,0) size 4x5
                      RenderText {#text} at (0,-3) size 4x10
                        text run at (0,-3) width 4: "x"
                RenderMathMLOperator {mo} at (4,0) size 10x6
                  RenderMathMLBlock (anonymous, flex) at (2,0) size 5x6
                    RenderBlock (anonymous) at (0,0) size 5x6
                      RenderText at (0,-2) size 5x10
                        text run at (0,-2) width 5: "+"
                RenderMathMLToken {mi} at (13,1) size 6x6 [padding: 0 1 0 0]
                  RenderMathMLBlock (anonymous, flex) at (0,0) size 4x6
                    RenderBlock (anonymous) at (0,0) size 4x6
                      RenderText {#text} at (0,-3) size 4x10
                        text run at (0,-3) width 4: "y"
                RenderMathMLOperator {mo} at (18,0) size 10x6
                  RenderMathMLBlock (anonymous, flex) at (2,0) size 5x6
                    RenderBlock (anonymous) at (0,0) size 5x6
                      RenderText at (0,-2) size 5x10
                        text run at (0,-2) width 5: "+"
                RenderMathMLToken {mi} at (27,1) size 6x5 [padding: 0 1 0 0]
                  RenderMathMLBlock (anonymous, flex) at (0,0) size 4x5
                    RenderBlock (anonymous) at (0,0) size 4x5
                      RenderText {#text} at (0,-3) size 4x10
                        text run at (0,-3) width 4: "z"
            RenderMathMLBlock (anonymous, flex) at (27,0) size 10x35
              RenderMathMLRadicalOperator (anonymous) at (0,0) size 9x35
                RenderMathMLBlock (anonymous, flex) at (0,0) size 9x35
                  RenderBlock (anonymous) at (0,0) size 9x35
                    RenderText at (0,1) size 9x17
                      text run at (0,1) width 9: "\x{221A}"
            RenderMathMLRootWrapper at (36,3) size 34x32
              RenderMathMLFraction {mfrac} at (0,0) size 33x32
                RenderMathMLRow {mrow} at (0,0) size 33x12
                  RenderMathMLToken {mi} at (0,3) size 9x9 [padding: 0 2 0 0]
                    RenderMathMLBlock (anonymous, flex) at (0,0) size 8x9
                      RenderBlock (anonymous) at (0,0) size 8x9
                        RenderText {#text} at (0,-4) size 8x17
                          text run at (0,-4) width 8: "x"
                  RenderMathMLOperator {mo} at (8,3) size 17x9
                    RenderMathMLBlock (anonymous, flex) at (3,0) size 10x9
                      RenderBlock (anonymous) at (0,0) size 9x9
                        RenderText at (0,-4) size 9x17
                          text run at (0,-4) width 9: "+"
                  RenderMathMLToken {mn} at (24,0) size 9x12
                    RenderMathMLBlock (anonymous, flex) at (0,0) size 8x12
                      RenderBlock (anonymous) at (0,0) size 8x12
                        RenderText {#text} at (0,-1) size 8x17
                          text run at (0,-1) width 8: "1"
                RenderMathMLRow {mrow} at (0,19) size 33x13
                  RenderMathMLToken {mi} at (0,3) size 9x9 [padding: 0 2 0 0]
                    RenderMathMLBlock (anonymous, flex) at (0,0) size 8x9
                      RenderBlock (anonymous) at (0,0) size 8x9
                        RenderText {#text} at (0,-4) size 8x17
                          text run at (0,-4) width 8: "x"
                  RenderMathMLOperator {mo} at (8,3) size 17x9
                    RenderMathMLBlock (anonymous, flex) at (3,0) size 10x9
                      RenderBlock (anonymous) at (0,0) size 9x9
                        RenderText at (0,-4) size 9x17
                          text run at (0,-4) width 9: "+"
                  RenderMathMLToken {mn} at (24,0) size 9x12
                    RenderMathMLBlock (anonymous, flex) at (0,0) size 8x12
                      RenderBlock (anonymous) at (0,0) size 8x12
                        RenderText {#text} at (0,-1) size 8x17
                          text run at (0,-1) width 8: "2"
      RenderBlock {p} at (0,286) size 784x37
        RenderText {#text} at (0,17) size 77x19
          text run at (0,17) width 77: "high index: "
        RenderMathMLMath {math} at (76,0) size 20x34 [padding: 0 1 0 1]
          RenderMathMLRoot {mroot} at (1,0) size 18x34
            RenderMathMLRootWrapper at (4,0) size 6x34
              RenderMathMLFraction {mfrac} at (0,0) size 5x25
                RenderMathMLFraction {mfrac} at (0,0) size 5x16
                  RenderMathMLToken {mi} at (0,0) size 5x5 [padding: 0 1 0 0]
                    RenderMathMLBlock (anonymous, flex) at (0,0) size 4x5
                      RenderBlock (anonymous) at (0,0) size 4x5
                        RenderText {#text} at (0,-3) size 4x10
                          text run at (0,-3) width 4: "x"
                  RenderMathMLToken {mi} at (0,9) size 5x7 [padding: 0 1 0 0]
                    RenderMathMLBlock (anonymous, flex) at (0,0) size 4x6
                      RenderBlock (anonymous) at (0,0) size 4x6
                        RenderText {#text} at (0,-3) size 4x10
                          text run at (0,-3) width 4: "y"
                RenderMathMLToken {mi} at (0,19) size 5x6 [padding: 0 1 0 0]
                  RenderMathMLBlock (anonymous, flex) at (0,0) size 4x5
                    RenderBlock (anonymous) at (0,0) size 4x5
                      RenderText {#text} at (0,-3) size 4x10
                        text run at (0,-3) width 4: "z"
            RenderMathMLBlock (anonymous, flex) at (0,0) size 10x34
              RenderMathMLRadicalOperator (anonymous) at (0,17) size 9x17
                RenderMathMLBlock (anonymous, flex) at (0,0) size 9x16
                  RenderBlock (anonymous) at (0,0) size 9x16
                    RenderText at (0,1) size 9x17
                      text run at (0,1) width 9: "\x{221A}"
            RenderMathMLRootWrapper at (9,20) size 9x14
              RenderMathMLToken {mn} at (0,0) size 8x12
                RenderMathMLBlock (anonymous, flex) at (0,0) size 8x12
                  RenderBlock (anonymous) at (0,0) size 8x12
                    RenderText {#text} at (0,-1) size 8x17
                      text run at (0,-1) width 8: "2"
      RenderBlock {p} at (0,339) size 784x48
        RenderText {#text} at (0,28) size 160x19
          text run at (0,28) width 160: "Imbricated square roots: "
        RenderMathMLMath {math} at (159,0) size 252x44 [padding: 0 1 0 1]
          RenderMathMLSquareRoot {msqrt} at (1,0) size 249x44
            RenderMathMLBlock (anonymous, flex) at (0,0) size 9x44
              RenderMathMLRadicalOperator (anonymous) at (0,0) size 9x44
                RenderMathMLBlock (anonymous, flex) at (0,0) size 9x43
                  RenderBlock (anonymous) at (0,0) size 9x43
                    RenderText at (0,1) size 9x17
                      text run at (0,1) width 9: "\x{221A}"
            RenderMathMLRootWrapper at (8,3) size 241x41
              RenderMathMLToken {mn} at (0,28) size 8x12
                RenderMathMLBlock (anonymous, flex) at (0,0) size 8x12
                  RenderBlock (anonymous) at (0,0) size 8x12
                    RenderText {#text} at (0,-1) size 8x17
                      text run at (0,-1) width 8: "1"
              RenderMathMLOperator {mo} at (8,31) size 16x9
                RenderMathMLBlock (anonymous, flex) at (3,0) size 10x9
                  RenderBlock (anonymous) at (0,0) size 9x9
                    RenderText at (0,-4) size 9x17
                      text run at (0,-4) width 9: "+"
              RenderMathMLSquareRoot {msqrt} at (23,0) size 217x40
                RenderMathMLBlock (anonymous, flex) at (0,0) size 9x40
                  RenderMathMLRadicalOperator (anonymous) at (0,0) size 9x40
                    RenderMathMLBlock (anonymous, flex) at (0,0) size 9x39
                      RenderBlock (anonymous) at (0,0) size 9x39
                        RenderText at (0,1) size 9x17
                          text run at (0,1) width 9: "\x{221A}"
                RenderMathMLRootWrapper at (8,3) size 209x37
                  RenderMathMLRow {mrow} at (0,0) size 208x36
                    RenderMathMLToken {mn} at (0,24) size 8x12
                      RenderMathMLBlock (anonymous, flex) at (0,0) size 8x12
                        RenderBlock (anonymous) at (0,0) size 8x12
                          RenderText {#text} at (0,-1) size 8x17
                            text run at (0,-1) width 8: "2"
                    RenderMathMLOperator {mo} at (8,27) size 16x9
                      RenderMathMLBlock (anonymous, flex) at (3,0) size 10x9
                        RenderBlock (anonymous) at (0,0) size 9x9
                          RenderText at (0,-4) size 9x17
                            text run at (0,-4) width 9: "+"
                    RenderMathMLSquareRoot {msqrt} at (23,0) size 185x36
                      RenderMathMLBlock (anonymous, flex) at (0,0) size 9x36
                        RenderMathMLRadicalOperator (anonymous) at (0,0) size 9x36
                          RenderMathMLBlock (anonymous, flex) at (0,0) size 9x35
                            RenderBlock (anonymous) at (0,0) size 9x35
                              RenderText at (0,1) size 9x17
                                text run at (0,1) width 9: "\x{221A}"
                      RenderMathMLRootWrapper at (8,3) size 176x33
                        RenderMathMLRow {mrow} at (0,0) size 175x32
                          RenderMathMLToken {mn} at (0,20) size 8x12
                            RenderMathMLBlock (anonymous, flex) at (0,0) size 8x12
                              RenderBlock (anonymous) at (0,0) size 8x12
                                RenderText {#text} at (0,-1) size 8x17
                                  text run at (0,-1) width 8: "3"
                          RenderMathMLOperator {mo} at (8,23) size 16x9
                            RenderMathMLBlock (anonymous, flex) at (3,0) size 10x9
                              RenderBlock (anonymous) at (0,0) size 9x9
                                RenderText at (0,-4) size 9x17
                                  text run at (0,-4) width 9: "+"
                          RenderMathMLSquareRoot {msqrt} at (23,0) size 152x32
                            RenderMathMLBlock (anonymous, flex) at (0,0) size 9x32
                              RenderMathMLRadicalOperator (anonymous) at (0,0) size 9x32
                                RenderMathMLBlock (anonymous, flex) at (0,0) size 9x32
                                  RenderBlock (anonymous) at (0,0) size 9x32
                                    RenderText at (0,1) size 9x17
                                      text run at (0,1) width 9: "\x{221A}"
                            RenderMathMLRootWrapper at (8,3) size 143x29
                              RenderMathMLRow {mrow} at (0,0) size 142x29
                                RenderMathMLToken {mn} at (0,16) size 8x12
                                  RenderMathMLBlock (anonymous, flex) at (0,0) size 8x12
                                    RenderBlock (anonymous) at (0,0) size 8x12
                                      RenderText {#text} at (0,-1) size 8x17
                                        text run at (0,-1) width 8: "4"
                                RenderMathMLOperator {mo} at (8,19) size 16x9
                                  RenderMathMLBlock (anonymous, flex) at (3,0) size 10x9
                                    RenderBlock (anonymous) at (0,0) size 9x9
                                      RenderText at (0,-4) size 9x17
                                        text run at (0,-4) width 9: "+"
                                RenderMathMLSquareRoot {msqrt} at (23,0) size 119x29
                                  RenderMathMLBlock (anonymous, flex) at (0,0) size 9x29
                                    RenderMathMLRadicalOperator (anonymous) at (0,0) size 9x29
                                      RenderMathMLBlock (anonymous, flex) at (0,0) size 9x28
                                        RenderBlock (anonymous) at (0,0) size 9x28
                                          RenderText at (0,1) size 9x17
                                            text run at (0,1) width 9: "\x{221A}"
                                  RenderMathMLRootWrapper at (8,3) size 111x26
                                    RenderMathMLRow {mrow} at (0,0) size 110x25
                                      RenderMathMLToken {mn} at (0,12) size 8x12
                                        RenderMathMLBlock (anonymous, flex) at (0,0) size 8x12
                                          RenderBlock (anonymous) at (0,0) size 8x12
                                            RenderText {#text} at (0,-1) size 8x17
                                              text run at (0,-1) width 8: "5"
                                      RenderMathMLOperator {mo} at (8,15) size 16x9
                                        RenderMathMLBlock (anonymous, flex) at (3,0) size 10x9
                                          RenderBlock (anonymous) at (0,0) size 9x9
                                            RenderText at (0,-4) size 9x17
                                              text run at (0,-4) width 9: "+"
                                      RenderMathMLSquareRoot {msqrt} at (23,0) size 87x25
                                        RenderMathMLBlock (anonymous, flex) at (0,0) size 9x25
                                          RenderMathMLRadicalOperator (anonymous) at (0,0) size 9x25
                                            RenderMathMLBlock (anonymous, flex) at (0,0) size 9x24
                                              RenderBlock (anonymous) at (0,0) size 9x24
                                                RenderText at (0,1) size 9x17
                                                  text run at (0,1) width 9: "\x{221A}"
                                        RenderMathMLRootWrapper at (8,3) size 78x22
                                          RenderMathMLRow {mrow} at (0,0) size 77x21
                                            RenderMathMLToken {mn} at (0,8) size 8x12
                                              RenderMathMLBlock (anonymous, flex) at (0,0) size 8x12
                                                RenderBlock (anonymous) at (0,0) size 8x12
                                                  RenderText {#text} at (0,-1) size 8x17
                                                    text run at (0,-1) width 8: "6"
                                            RenderMathMLOperator {mo} at (8,11) size 16x9
                                              RenderMathMLBlock (anonymous, flex) at (3,0) size 10x9
                                                RenderBlock (anonymous) at (0,0) size 9x9
                                                  RenderText at (0,-4) size 9x17
                                                    text run at (0,-4) width 9: "+"
                                            RenderMathMLSquareRoot {msqrt} at (23,0) size 54x21
                                              RenderMathMLBlock (anonymous, flex) at (0,0) size 9x21
                                                RenderMathMLRadicalOperator (anonymous) at (0,0) size 9x21
                                                  RenderMathMLBlock (anonymous, flex) at (0,0) size 9x20
                                                    RenderBlock (anonymous) at (0,0) size 9x20
                                                      RenderText at (0,1) size 9x17
                                                        text run at (0,1) width 9: "\x{221A}"
                                              RenderMathMLRootWrapper at (8,3) size 45x18
                                                RenderMathMLRow {mrow} at (0,0) size 45x17
                                                  RenderMathMLToken {mn} at (0,4) size 8x12
                                                    RenderMathMLBlock (anonymous, flex) at (0,0) size 8x12
                                                      RenderBlock (anonymous) at (0,0) size 8x12
                                                        RenderText {#text} at (0,-1) size 8x17
                                                          text run at (0,-1) width 8: "7"
                                                  RenderMathMLOperator {mo} at (8,7) size 16x9
                                                    RenderMathMLBlock (anonymous, flex) at (3,0) size 10x9
                                                      RenderBlock (anonymous) at (0,0) size 9x9
                                                        RenderText at (0,-4) size 9x17
                                                          text run at (0,-4) width 9: "+"
                                                  RenderMathMLSquareRoot {msqrt} at (23,0) size 22x17
                                                    RenderMathMLBlock (anonymous, flex) at (0,0) size 9x17
                                                      RenderMathMLRadicalOperator (anonymous) at (0,0) size 9x17
                                                        RenderMathMLBlock (anonymous, flex) at (0,0) size 9x16
                                                          RenderBlock (anonymous) at (0,0) size 9x16
                                                            RenderText at (0,1) size 9x17
                                                              text run at (0,1) width 9: "\x{221A}"
                                                    RenderMathMLRootWrapper at (8,3) size 13x14
                                                      RenderMathMLToken {mi} at (0,0) size 12x12 [padding: 0 2 0 0]
                                                        RenderMathMLBlock (anonymous, flex) at (0,0) size 10x12
                                                          RenderBlock (anonymous) at (0,0) size 10x12
                                                            RenderText {#text} at (0,-1) size 10x17
                                                              text run at (0,-1) width 10: "A"
        RenderText {#text} at (0,0) size 0x0
      RenderBlock {p} at (0,403) size 784x57
        RenderText {#text} at (0,37) size 114x19
          text run at (0,37) width 114: "Imbricated roots: "
        RenderMathMLMath {math} at (113,0) size 267x53 [padding: 0 1 0 1]
          RenderMathMLRoot {mroot} at (1,0) size 264x53
            RenderMathMLRootWrapper at (4,13) size 5x40
              RenderMathMLToken {mn} at (0,0) size 5x8
                RenderMathMLBlock (anonymous, flex) at (0,0) size 5x8
                  RenderBlock (anonymous) at (0,0) size 5x8
                    RenderText {#text} at (0,0) size 5x10
                      text run at (0,0) width 5: "3"
            RenderMathMLBlock (anonymous, flex) at (0,0) size 9x53
              RenderMathMLRadicalOperator (anonymous) at (0,0) size 9x53
                RenderMathMLBlock (anonymous, flex) at (0,0) size 9x52
                  RenderBlock (anonymous) at (0,0) size 9x52
                    RenderText at (0,1) size 9x17
                      text run at (0,1) width 9: "\x{221A}"
            RenderMathMLRootWrapper at (8,3) size 256x50
              RenderMathMLRow {mrow} at (0,0) size 255x49
                RenderMathMLToken {mn} at (0,37) size 8x12
                  RenderMathMLBlock (anonymous, flex) at (0,0) size 8x12
                    RenderBlock (anonymous) at (0,0) size 8x12
                      RenderText {#text} at (0,-1) size 8x17
                        text run at (0,-1) width 8: "1"
                RenderMathMLOperator {mo} at (8,40) size 16x9
                  RenderMathMLBlock (anonymous, flex) at (3,0) size 10x9
                    RenderBlock (anonymous) at (0,0) size 9x9
                      RenderText at (0,-4) size 9x17
                        text run at (0,-4) width 9: "+"
                RenderMathMLRoot {mroot} at (23,0) size 232x49
                  RenderMathMLRootWrapper at (4,11) size 5x38
                    RenderMathMLToken {mn} at (0,0) size 5x8
                      RenderMathMLBlock (anonymous, flex) at (0,0) size 5x8
                        RenderBlock (anonymous) at (0,0) size 5x8
                          RenderText {#text} at (0,0) size 5x10
                            text run at (0,0) width 5: "4"
                  RenderMathMLBlock (anonymous, flex) at (0,0) size 9x49
                    RenderMathMLRadicalOperator (anonymous) at (0,0) size 9x49
                      RenderMathMLBlock (anonymous, flex) at (0,0) size 9x48
                        RenderBlock (anonymous) at (0,0) size 9x48
                          RenderText at (0,1) size 9x17
                            text run at (0,1) width 9: "\x{221A}"
                  RenderMathMLRootWrapper at (8,3) size 223x46
                    RenderMathMLRow {mrow} at (0,0) size 222x45
                      RenderMathMLToken {mn} at (0,33) size 8x12
                        RenderMathMLBlock (anonymous, flex) at (0,0) size 8x12
                          RenderBlock (anonymous) at (0,0) size 8x12
                            RenderText {#text} at (0,-1) size 8x17
                              text run at (0,-1) width 8: "2"
                      RenderMathMLOperator {mo} at (8,36) size 16x9
                        RenderMathMLBlock (anonymous, flex) at (3,0) size 10x9
                          RenderBlock (anonymous) at (0,0) size 9x9
                            RenderText at (0,-4) size 9x17
                              text run at (0,-4) width 9: "+"
                      RenderMathMLRoot {mroot} at (23,0) size 199x45
                        RenderMathMLRootWrapper at (4,10) size 5x35
                          RenderMathMLToken {mn} at (0,0) size 5x8
                            RenderMathMLBlock (anonymous, flex) at (0,0) size 5x8
                              RenderBlock (anonymous) at (0,0) size 5x8
                                RenderText {#text} at (0,0) size 5x10
                                  text run at (0,0) width 5: "5"
                        RenderMathMLBlock (anonymous, flex) at (0,0) size 9x45
                          RenderMathMLRadicalOperator (anonymous) at (0,0) size 9x45
                            RenderMathMLBlock (anonymous, flex) at (0,0) size 9x44
                              RenderBlock (anonymous) at (0,0) size 9x44
                                RenderText at (0,1) size 9x17
                                  text run at (0,1) width 9: "\x{221A}"
                        RenderMathMLRootWrapper at (8,3) size 191x42
                          RenderMathMLRow {mrow} at (0,0) size 190x41
                            RenderMathMLToken {mn} at (0,29) size 8x12
                              RenderMathMLBlock (anonymous, flex) at (0,0) size 8x12
                                RenderBlock (anonymous) at (0,0) size 8x12
                                  RenderText {#text} at (0,-1) size 8x17
                                    text run at (0,-1) width 8: "3"
                            RenderMathMLOperator {mo} at (8,32) size 16x9
                              RenderMathMLBlock (anonymous, flex) at (3,0) size 10x9
                                RenderBlock (anonymous) at (0,0) size 9x9
                                  RenderText at (0,-4) size 9x17
                                    text run at (0,-4) width 9: "+"
                            RenderMathMLRoot {mroot} at (23,0) size 167x41
                              RenderMathMLRootWrapper at (4,8) size 5x33
                                RenderMathMLToken {mn} at (0,0) size 5x8
                                  RenderMathMLBlock (anonymous, flex) at (0,0) size 5x8
                                    RenderBlock (anonymous) at (0,0) size 5x8
                                      RenderText {#text} at (0,0) size 5x10
                                        text run at (0,0) width 5: "6"
                              RenderMathMLBlock (anonymous, flex) at (0,0) size 9x41
                                RenderMathMLRadicalOperator (anonymous) at (0,0) size 9x41
                                  RenderMathMLBlock (anonymous, flex) at (0,0) size 9x40
                                    RenderBlock (anonymous) at (0,0) size 9x40
                                      RenderText at (0,1) size 9x17
                                        text run at (0,1) width 9: "\x{221A}"
                              RenderMathMLRootWrapper at (8,3) size 158x38
                                RenderMathMLRow {mrow} at (0,0) size 157x37
                                  RenderMathMLToken {mn} at (0,25) size 8x12
                                    RenderMathMLBlock (anonymous, flex) at (0,0) size 8x12
                                      RenderBlock (anonymous) at (0,0) size 8x12
                                        RenderText {#text} at (0,-1) size 8x17
                                          text run at (0,-1) width 8: "4"
                                  RenderMathMLOperator {mo} at (8,28) size 16x9
                                    RenderMathMLBlock (anonymous, flex) at (3,0) size 10x9
                                      RenderBlock (anonymous) at (0,0) size 9x9
                                        RenderText at (0,-4) size 9x17
                                          text run at (0,-4) width 9: "+"
                                  RenderMathMLRoot {mroot} at (23,0) size 134x37
                                    RenderMathMLRootWrapper at (4,7) size 5x30
                                      RenderMathMLToken {mn} at (0,0) size 5x7
                                        RenderMathMLBlock (anonymous, flex) at (0,0) size 5x7
                                          RenderBlock (anonymous) at (0,0) size 5x7
                                            RenderText {#text} at (0,-1) size 5x10
                                              text run at (0,-1) width 5: "7"
                                    RenderMathMLBlock (anonymous, flex) at (0,0) size 9x37
                                      RenderMathMLRadicalOperator (anonymous) at (0,0) size 9x37
                                        RenderMathMLBlock (anonymous, flex) at (0,0) size 9x37
                                          RenderBlock (anonymous) at (0,0) size 9x37
                                            RenderText at (0,1) size 9x17
                                              text run at (0,1) width 9: "\x{221A}"
                                    RenderMathMLRootWrapper at (8,3) size 125x34
                                      RenderMathMLRow {mrow} at (0,0) size 124x34
                                        RenderMathMLToken {mn} at (0,21) size 8x12
                                          RenderMathMLBlock (anonymous, flex) at (0,0) size 8x12
                                            RenderBlock (anonymous) at (0,0) size 8x12
                                              RenderText {#text} at (0,-1) size 8x17
                                                text run at (0,-1) width 8: "5"
                                        RenderMathMLOperator {mo} at (8,24) size 16x9
                                          RenderMathMLBlock (anonymous, flex) at (3,0) size 10x9
                                            RenderBlock (anonymous) at (0,0) size 9x9
                                              RenderText at (0,-4) size 9x17
                                                text run at (0,-4) width 9: "+"
                                        RenderMathMLRoot {mroot} at (23,0) size 101x34
                                          RenderMathMLRootWrapper at (4,5) size 5x29
                                            RenderMathMLToken {mn} at (0,0) size 5x8
                                              RenderMathMLBlock (anonymous, flex) at (0,0) size 5x8
                                                RenderBlock (anonymous) at (0,0) size 5x8
                                                  RenderText {#text} at (0,0) size 5x10
                                                    text run at (0,0) width 5: "8"
                                          RenderMathMLBlock (anonymous, flex) at (0,0) size 9x34
                                            RenderMathMLRadicalOperator (anonymous) at (0,0) size 9x34
                                              RenderMathMLBlock (anonymous, flex) at (0,0) size 9x33
                                                RenderBlock (anonymous) at (0,0) size 9x33
                                                  RenderText at (0,1) size 9x17
                                                    text run at (0,1) width 9: "\x{221A}"
                                          RenderMathMLRootWrapper at (8,3) size 92x31
                                            RenderMathMLRow {mrow} at (0,0) size 92x30
                                              RenderMathMLToken {mn} at (0,17) size 8x12
                                                RenderMathMLBlock (anonymous, flex) at (0,0) size 8x12
                                                  RenderBlock (anonymous) at (0,0) size 8x12
                                                    RenderText {#text} at (0,-1) size 8x17
                                                      text run at (0,-1) width 8: "6"
                                              RenderMathMLOperator {mo} at (8,20) size 16x9
                                                RenderMathMLBlock (anonymous, flex) at (3,0) size 10x9
                                                  RenderBlock (anonymous) at (0,0) size 9x9
                                                    RenderText at (0,-4) size 9x17
                                                      text run at (0,-4) width 9: "+"
                                              RenderMathMLRoot {mroot} at (23,0) size 69x30
                                                RenderMathMLRootWrapper at (4,3) size 5x27
                                                  RenderMathMLToken {mn} at (0,0) size 5x8
                                                    RenderMathMLBlock (anonymous, flex) at (0,0) size 5x8
                                                      RenderBlock (anonymous) at (0,0) size 5x8
                                                        RenderText {#text} at (0,0) size 5x10
                                                          text run at (0,0) width 5: "9"
                                                RenderMathMLBlock (anonymous, flex) at (0,0) size 9x30
                                                  RenderMathMLRadicalOperator (anonymous) at (0,0) size 9x30
                                                    RenderMathMLBlock (anonymous, flex) at (0,0) size 9x29
                                                      RenderBlock (anonymous) at (0,0) size 9x29
                                                        RenderText at (0,1) size 9x17
                                                          text run at (0,1) width 9: "\x{221A}"
                                                RenderMathMLRootWrapper at (8,3) size 60x27
                                                  RenderMathMLRow {mrow} at (0,0) size 59x26
                                                    RenderMathMLToken {mn} at (0,13) size 8x12
                                                      RenderMathMLBlock (anonymous, flex) at (0,0) size 8x12
                                                        RenderBlock (anonymous) at (0,0) size 8x12
                                                          RenderText {#text} at (0,-1) size 8x17
                                                            text run at (0,-1) width 8: "7"
                                                    RenderMathMLOperator {mo} at (8,16) size 16x9
                                                      RenderMathMLBlock (anonymous, flex) at (3,0) size 10x9
                                                        RenderBlock (anonymous) at (0,0) size 9x9
                                                          RenderText at (0,-4) size 9x17
                                                            text run at (0,-4) width 9: "+"
                                                    RenderMathMLRoot {mroot} at (23,0) size 36x26
                                                      RenderMathMLRootWrapper at (4,0) size 20x26
                                                        RenderMathMLFraction {mfrac} at (0,0) size 19x17
                                                          RenderMathMLRow {mrow} at (0,0) size 19x7
                                                            RenderMathMLToken {mi} at (0,1) size 5x5 [padding: 0 1 0 0]
                                                              RenderMathMLBlock (anonymous, flex) at (0,0) size 4x5
                                                                RenderBlock (anonymous) at (0,0) size 4x5
                                                                  RenderText {#text} at (0,-3) size 4x10
                                                                    text run at (0,-3) width 4: "x"
                                                            RenderMathMLOperator {mo} at (4,0) size 10x6
                                                              RenderMathMLBlock (anonymous, flex) at (2,0) size 5x6
                                                                RenderBlock (anonymous) at (0,0) size 5x6
                                                                  RenderText at (0,-2) size 5x10
                                                                    text run at (0,-2) width 5: "+"
                                                            RenderMathMLToken {mi} at (13,1) size 6x6 [padding: 0 1 0 0]
                                                              RenderMathMLBlock (anonymous, flex) at (0,0) size 4x6
                                                                RenderBlock (anonymous) at (0,0) size 4x6
                                                                  RenderText {#text} at (0,-3) size 4x10
                                                                    text run at (0,-3) width 4: "y"
                                                          RenderMathMLToken {mi} at (7,11) size 5x6 [padding: 0 1 0 0]
                                                            RenderMathMLBlock (anonymous, flex) at (0,0) size 4x5
                                                              RenderBlock (anonymous) at (0,0) size 4x5
                                                                RenderText {#text} at (0,-3) size 4x10
                                                                  text run at (0,-3) width 4: "z"
                                                      RenderMathMLBlock (anonymous, flex) at (14,0) size 10x26
                                                        RenderMathMLRadicalOperator (anonymous) at (0,9) size 9x17
                                                          RenderMathMLBlock (anonymous, flex) at (0,0) size 9x16
                                                            RenderBlock (anonymous) at (0,0) size 9x16
                                                              RenderText at (0,1) size 9x17
                                                                text run at (0,1) width 9: "\x{221A}"
                                                      RenderMathMLRootWrapper at (23,12) size 12x14
                                                        RenderMathMLToken {mi} at (0,0) size 12x12 [padding: 0 2 0 0]
                                                          RenderMathMLBlock (anonymous, flex) at (0,0) size 10x12
                                                            RenderBlock (anonymous) at (0,0) size 10x12
                                                              RenderText {#text} at (0,-1) size 10x17
                                                                text run at (0,-1) width 10: "A"
        RenderText {#text} at (0,0) size 0x0
