layer at (0,0) size 800x600
  RenderView at (0,0) size 800x600
layer at (0,0) size 800x240
  RenderBlock {HTML} at (0,0) size 800x240
    RenderBody {BODY} at (8,16) size 784x216
      RenderBlock {P} at (0,0) size 784x20
        RenderText {#text} at (0,0) size 322x19
          text run at (0,0) width 322: "There should be no red borders on the table below"
      RenderTable {TABLE} at (0,36) size 165x180 [border: (2px none #808080)]
        RenderTableSection {TBODY} at (2,2) size 160x175
          RenderTableRow {TR} at (0,0) size 160x58
            RenderTableCell {TD} at (0,15) size 55x28 [border: (3px dashed #00FF00)] [r=0 c=0 rs=1 cs=1]
              RenderText {#text} at (4,4) size 45x20
                text run at (4,5) width 45: "dashed"
            RenderTableCell {TD} at (54,14) size 52x30 [border: (3px dashed #00FF00) (5px dashed #FF0000) (3px dashed #00FF00)] [r=0 c=1 rs=1 cs=1]
              RenderText {#text} at (4,4) size 45x19
                text run at (4,4) width 45: "dashed"
            RenderTableCell {TD} at (105,15) size 55x28 [border: (3px dashed #00FF00)] [r=0 c=2 rs=1 cs=1]
              RenderText {#text} at (4,4) size 45x20
                text run at (4,5) width 45: "dashed"
          RenderTableRow {TR} at (0,58) size 160x60
            RenderTableCell {TD} at (0,74) size 55x28 [border: (3px dashed #00FF00) (5px dashed #FF0000) (2px dashed #00FF00)] [r=1 c=0 rs=1 cs=1]
              RenderText {#text} at (4,4) size 45x20
                text run at (4,5) width 45: "dashed"
            RenderTableCell {TD} at (54,72) size 52x32 [border: (5px ridge #00FF00)] [r=1 c=1 rs=1 cs=1]
              RenderText {#text} at (6,6) size 33x19
                text run at (6,6) width 33: "ridge"
            RenderTableCell {TD} at (105,74) size 55x28 [border: (3px dashed #00FF00) (5px dashed #FF0000)] [r=1 c=2 rs=1 cs=1]
              RenderText {#text} at (6,4) size 45x20
                text run at (6,5) width 45: "dashed"
          RenderTableRow {TR} at (0,118) size 160x57
            RenderTableCell {TD} at (0,133) size 55x27 [border: (3px dashed #00FF00)] [r=2 c=0 rs=1 cs=1]
              RenderText {#text} at (4,4) size 45x19
                text run at (4,4) width 45: "dashed"
            RenderTableCell {TD} at (54,132) size 52x29 [border: (5px dashed #FF0000) (2px dashed #00FF00)] [r=2 c=1 rs=1 cs=1]
              RenderText {#text} at (4,6) size 45x19
                text run at (4,6) width 45: "dashed"
            RenderTableCell {TD} at (105,133) size 55x27 [border: (3px dashed #00FF00)] [r=2 c=2 rs=1 cs=1]
              RenderText {#text} at (4,4) size 45x19
                text run at (4,4) width 45: "dashed"
