layer at (0,0) size 800x600
  RenderView at (0,0) size 800x600
layer at (0,0) size 800x240
  RenderBlock {HTML} at (0,0) size 800x240
    RenderBody {BODY} at (8,16) size 784x216
      RenderBlock {P} at (0,0) size 784x20
        RenderText {#text} at (0,0) size 322x19
          text run at (0,0) width 322: "There should be no red borders on the table below"
      RenderTable {TABLE} at (0,36) size 167x180 [border: (2px none #808080)]
        RenderTableSection {TBODY} at (2,2) size 162x175
          RenderTableRow {TR} at (0,0) size 162x58
            RenderTableCell {TD} at (0,15) size 54x28 [border: (3px double #00FF00)] [r=0 c=0 rs=1 cs=1]
              RenderText {#text} at (4,4) size 44x20
                text run at (4,5) width 44: "double"
            RenderTableCell {TD} at (53,14) size 57x30 [border: (3px double #00FF00) (5px double #FF0000) (3px double #00FF00)] [r=0 c=1 rs=1 cs=1]
              RenderText {#text} at (4,4) size 44x19
                text run at (4,4) width 44: "double"
            RenderTableCell {TD} at (109,15) size 53x28 [border: (3px double #00FF00)] [r=0 c=2 rs=1 cs=1]
              RenderText {#text} at (4,4) size 44x20
                text run at (4,5) width 44: "double"
          RenderTableRow {TR} at (0,58) size 162x60
            RenderTableCell {TD} at (0,74) size 54x28 [border: (3px double #00FF00) (5px double #FF0000) (2px double #00FF00)] [r=1 c=0 rs=1 cs=1]
              RenderText {#text} at (4,4) size 44x20
                text run at (4,5) width 44: "double"
            RenderTableCell {TD} at (53,72) size 57x32 [border: (5px double #00FF00)] [r=1 c=1 rs=1 cs=1]
              RenderText {#text} at (6,6) size 44x19
                text run at (6,6) width 44: "double"
            RenderTableCell {TD} at (109,74) size 53x28 [border: (3px double #00FF00) (5px double #FF0000)] [r=1 c=2 rs=1 cs=1]
              RenderText {#text} at (6,4) size 44x20
                text run at (6,5) width 44: "double"
          RenderTableRow {TR} at (0,118) size 162x57
            RenderTableCell {TD} at (0,133) size 54x27 [border: (3px double #00FF00)] [r=2 c=0 rs=1 cs=1]
              RenderText {#text} at (4,4) size 44x19
                text run at (4,4) width 44: "double"
            RenderTableCell {TD} at (53,132) size 57x29 [border: (5px double #FF0000) (2px double #00FF00)] [r=2 c=1 rs=1 cs=1]
              RenderText {#text} at (4,6) size 44x19
                text run at (4,6) width 44: "double"
            RenderTableCell {TD} at (109,133) size 53x27 [border: (3px double #00FF00)] [r=2 c=2 rs=1 cs=1]
              RenderText {#text} at (4,4) size 44x19
                text run at (4,4) width 44: "double"
