layer at (0,0) size 800x600
  RenderView at (0,0) size 800x600
layer at (0,0) size 800x552
  RenderBlock {HTML} at (0,0) size 800x552
    RenderBody {BODY} at (8,16) size 784x528
      RenderBlock {P} at (0,0) size 784x23
        RenderText {#text} at (0,2) size 114x19
          text run at (0,2) width 114: "Simple text path: "
        RenderInline {SPAN} at (0,0) size 165x19
          RenderText {#text} at (113,2) size 165x19
            text run at (113,2) width 165: "string\x{300C}\x{3042}\x{3001}\x{5909}\x{3063}\x{FF01}\x{300D}\x{3002}"
      RenderBlock (anonymous) at (0,39) size 784x212
        RenderBlock {SPAN} at (0,0) size 23x165
          RenderText {#text} at (2,0) size 19x165
            text run at (2,0) width 165: "string\x{300C}\x{3042}\x{3001}\x{5909}\x{3063}\x{FF01}\x{300D}\x{3002}"
        RenderBR {BR} at (23,149) size 0x19
        RenderInline {SPAN} at (0,0) size 224x19
          RenderText {#text} at (0,171) size 224x19
            text run at (0,171) width 224: "\x{90CA}\x{5916}\x{306E}\x{304E}\x{3089}\x{304E}\x{3089}\x{3072}\x{304B}\x{308B}\x{8349}\x{306E}\x{6CE2}\x{3002}"
        RenderBR {BR} at (224,171) size 0x19
        RenderInline {SPAN} at (0,0) size 314x19
          RenderText {#text} at (0,192) size 314x19
            text run at (0,192) width 314: "ABCDEFGHIJKLM abcdefghijklm 1234567890"
        RenderBR {BR} at (313,192) size 1x19
      RenderBlock {HR} at (0,259) size 784x2 [border: (1px inset #000000)]
      RenderBlock {P} at (0,277) size 784x23
        RenderText {#text} at (0,2) size 127x19
          text run at (0,2) width 127: "Complex text path: "
        RenderInline {SPAN} at (0,0) size 166x19
          RenderText {#text} at (126,2) size 166x19
            text run at (126,2) width 166: "string\x{300C}\x{3042}\x{3001}\x{5909}\x{3063}\x{FF01}\x{300D}\x{3002}"
      RenderBlock (anonymous) at (0,316) size 784x212
        RenderBlock {SPAN} at (0,0) size 23x165
          RenderText {#text} at (2,0) size 19x165
            text run at (2,0) width 165: "string\x{300C}\x{3042}\x{3001}\x{5909}\x{3063}\x{FF01}\x{300D}\x{3002}"
        RenderBR {BR} at (23,149) size 0x19
        RenderInline {SPAN} at (0,0) size 224x19
          RenderText {#text} at (0,171) size 224x19
            text run at (0,171) width 224: "\x{90CA}\x{5916}\x{306E}\x{304E}\x{3089}\x{304E}\x{3089}\x{3072}\x{304B}\x{308B}\x{8349}\x{306E}\x{6CE2}\x{3002}"
        RenderBR {BR} at (224,171) size 0x19
        RenderInline {SPAN} at (0,0) size 314x19
          RenderText {#text} at (0,192) size 314x19
            text run at (0,192) width 314: "ABCDEFGHIJKLM abcdefghijklm 1234567890"
        RenderBR {BR} at (313,192) size 1x19
