layer at (0,0) size 800x600
  RenderView at (0,0) size 800x600
layer at (0,0) size 800x600
  RenderBlock {HTML} at (0,0) size 800x600
    RenderBody {BODY} at (8,8) size 784x584
      RenderBlock {FORM} at (0,0) size 784x28
        RenderMenuList {SELECT} at (2,2) size 121x24 [bgcolor=#FFFFFF]
          RenderBlock (anonymous) at (4,2) size 96x20
            RenderText at (8,2) size 65x15
              text run at (8,2) width 65: "append cell"
        RenderText {#text} at (125,4) size 52x18
          text run at (125,4) width 52: "   tbody "
        RenderTextControl {INPUT} at (179,3) size 44x21 [bgcolor=#FFFFFF] [border: (2px inset #000000)]
        RenderText {#text} at (225,4) size 41x18
          text run at (225,4) width 41: "   row "
        RenderTextControl {INPUT} at (268,3) size 44x21 [bgcolor=#FFFFFF] [border: (2px inset #000000)]
        RenderText {#text} at (314,4) size 35x18
          text run at (314,4) width 35: "   col "
        RenderTextControl {INPUT} at (351,3) size 44x21 [bgcolor=#FFFFFF] [border: (2px inset #000000)]
        RenderText {#text} at (397,4) size 74x18
          text run at (397,4) width 74: "   row span "
        RenderTextControl {INPUT} at (473,3) size 44x21 [bgcolor=#FFFFFF] [border: (2px inset #000000)]
        RenderText {#text} at (519,4) size 68x18
          text run at (519,4) width 68: "   col span "
        RenderTextControl {INPUT} at (589,3) size 44x21 [bgcolor=#FFFFFF] [border: (2px inset #000000)]
        RenderText {#text} at (635,4) size 20x18
          text run at (635,4) width 20: "     "
        RenderButton {INPUT} at (657,3) size 43x21 [bgcolor=#F0F0F0] [border: (2px outset #F0F0F0)]
          RenderBlock (anonymous) at (8,3) size 27x15
            RenderText at (0,0) size 27x15
              text run at (0,0) width 27: "Do It"
        RenderText {#text} at (0,0) size 0x0
      RenderBlock (anonymous) at (0,44) size 784x18
        RenderBR {BR} at (0,0) size 0x18
      RenderTable {TABLE} at (0,62) size 62x52 [bgcolor=#FFA500] [border: (1px outset #808080)]
        RenderTableSection {TBODY} at (1,1) size 60x50
          RenderTableRow {TR} at (0,2) size 60x22
            RenderTableCell {TD} at (2,2) size 27x22 [border: (1px inset #808080)] [r=0 c=0 rs=1 cs=1]
              RenderText {#text} at (2,2) size 23x18
                text run at (2,2) width 23: "c11"
          RenderTableRow {TR} at (0,26) size 60x22
            RenderTableCell {TD} at (2,26) size 27x22 [border: (1px inset #808080)] [r=1 c=0 rs=1 cs=1]
              RenderText {#text} at (2,2) size 23x18
                text run at (2,2) width 23: "c21"
            RenderTableCell {TD} at (31,26) size 27x22 [border: (1px inset #808080)] [r=1 c=1 rs=1 cs=1]
              RenderText {#text} at (2,2) size 23x18
                text run at (2,2) width 23: "c22"
      RenderBlock (anonymous) at (0,114) size 784x18
        RenderBR {BR} at (0,0) size 0x18
layer at (189,14) size 40x15
  RenderBlock {DIV} at (2,3) size 40x15
    RenderText {#text} at (0,0) size 7x15
      text run at (0,0) width 7: "0"
layer at (278,14) size 40x15
  RenderBlock {DIV} at (2,3) size 40x15
    RenderText {#text} at (0,0) size 7x15
      text run at (0,0) width 7: "0"
layer at (361,14) size 40x15
  RenderBlock {DIV} at (2,3) size 40x15
    RenderText {#text} at (0,0) size 7x15
      text run at (0,0) width 7: "0"
layer at (483,14) size 40x15
  RenderBlock {DIV} at (2,3) size 40x15
    RenderText {#text} at (0,0) size 7x15
      text run at (0,0) width 7: "1"
layer at (599,14) size 40x15
  RenderBlock {DIV} at (2,3) size 40x15
    RenderText {#text} at (0,0) size 7x15
      text run at (0,0) width 7: "1"
