layer at (0,0) size 800x600
  RenderView at (0,0) size 800x600
layer at (0,0) size 800x600
  RenderBlock {HTML} at (0,0) size 800x600
    RenderBody {BODY} at (8,8) size 784x576
      RenderBlock {H1} at (0,0) size 784x37
        RenderText {#text} at (0,0) size 265x37
          text run at (0,0) width 265: "CSS2 System Fonts"
      RenderBlock {P} at (0,58) size 784x37
        RenderText {#text} at (0,0) size 394x18
          text run at (0,0) width 394: "The following should appear with the fonts specified, per the "
        RenderInline {A} at (0,0) size 76x18 [color=#0000EE]
          RenderText {#text} at (393,0) size 76x18
            text run at (393,0) width 76: "CSS2 specs"
        RenderText {#text} at (468,0) size 778x36
          text run at (468,0) width 310: ". If they appear in a monospace font, the test has"
          text run at (0,18) width 41: "failed."
      RenderBlock {UL} at (0,110) size 784x90
        RenderListItem {LI} at (40,0) size 744x16
          RenderListMarker at (-16,0) size 6x16: bullet
          RenderText {#text} at (0,0) size 326x16
            text run at (0,0) width 326: "Caption (on Mac will be Lucida Grande 13.0 Regular)"
        RenderListItem {LI} at (40,16) size 744x16
          RenderListMarker at (-16,0) size 6x16: bullet
          RenderText {#text} at (0,0) size 608x16
            text run at (0,0) width 608: "Icon (on Mac will be Lucida Grande 13.0 Regular for now, not sure how to get this info from Finder)"
        RenderListItem {LI} at (40,32) size 744x16
          RenderListMarker at (-16,0) size 6x16: bullet
          RenderText {#text} at (0,0) size 312x16
            text run at (0,0) width 312: "Menu (on Mac will be Lucida Grande 13.0 Regular)"
        RenderListItem {LI} at (40,48) size 744x16
          RenderListMarker at (-16,0) size 6x16: bullet
          RenderText {#text} at (0,0) size 362x16
            text run at (0,0) width 362: "Message-Box (on Mac will be Lucida Grande 13.0 Regular)"
        RenderListItem {LI} at (40,64) size 744x13
          RenderListMarker at (-15,0) size 6x13: bullet
          RenderText {#text} at (0,0) size 314x13
            text run at (0,0) width 314: "Small-Caption (on Mac will be Lucida Grande 11.0 Regular)"
        RenderListItem {LI} at (40,77) size 744x12
          RenderListMarker at (-14,0) size 5x12: bullet
          RenderText {#text} at (0,0) size 270x12
            text run at (0,0) width 270: "Status-Bar (on Mac will be Lucida Grande 10.0 Regular)"
      RenderBlock {P} at (0,215) size 784x19
        RenderInline {A} at (0,0) size 186x18 [color=#0000EE]
          RenderText {#text} at (0,0) size 186x18
            text run at (0,0) width 186: "\x{AB} Return to Safari Bugs page"
