layer at (0,0) size 800x600
  RenderView at (0,0) size 800x600
layer at (0,0) size 800x600
  RenderBlock {HTML} at (0,0) size 800x600
    RenderBody {BODY} at (8,8) size 784x584
      RenderText {#text} at (0,0) size 493x17
        text run at (0,0) width 493: "This tests that toggling the display property won't make the controls disappear."
      RenderBR {BR} at (492,14) size 1x0
      RenderText {#text} at (0,0) size 0x0
layer at (8,26) size 320x240
  RenderVideo {VIDEO} at (0,18) size 320x240
layer at (8,26) size 320x240
  RenderFlexibleBox {DIV} at (0,0) size 320x240
    RenderBlock {DIV} at (0,200) size 320x40
layer at (13,231) size 310x30
  RenderFlexibleBox {DIV} at (5,5) size 310x30 [bgcolor=#141414CC]
    RenderSlider {INPUT} at (49,13) size 93x4 [color=#909090]
      RenderFlexibleBox {DIV} at (0,0) size 93x4
        RenderBlock {DIV} at (0,-5) size 107x14
          RenderBlock {DIV} at (-7,0) size 14x14 [color=#FFFFFF] [bgcolor=#FFFFFF]
    RenderBlock {DIV} at (157,0) size 74x30 [color=#FFFFFF]
      RenderText {#text} at (0,7) size 74x15
        text run at (0,7) width 74: "00:00 / 00:06"
    RenderFlexibleBox {DIV} at (239,0) size 30x30
      RenderButton {BUTTON} at (0,0) size 30x30
    RenderButton {BUTTON} at (271,0) size 30x30
layer at (22,231) size 30x30
  RenderButton {BUTTON} at (9,0) size 30x30
