layer at (0,0) size 800x600
  RenderView at (0,0) size 800x600
layer at (0,0) size 800x600
  RenderBlock {HTML} at (0,0) size 800x600
    RenderBody {BODY} at (8,8) size 784x584
      RenderBlock {DIV} at (0,0) size 5x84
        RenderMenuList {SELECT} at (2,2) size 65x24 [bgcolor=#FFFFFF]
          RenderBlock (anonymous) at (4,2) size 40x20
            RenderText at (8,2) size 0x15
              text run at (8,2) width 0: " "
        RenderMenuList {SELECT} at (2,30) size 65x24 [bgcolor=#FFFFFF]
          RenderBlock (anonymous) at (4,2) size 40x20
            RenderText at (8,2) size 0x15
              text run at (8,2) width 0: " "
        RenderMenuList {SELECT} at (2,58) size 65x24 [bgcolor=#FFFFFF]
          RenderBlock (anonymous) at (4,2) size 40x20
            RenderText at (8,2) size 0x15
              text run at (8,2) width 0: " "
