layer at (0,0) size 800x9468
  RenderView at (0,0) size 800x600
layer at (0,0) size 800x9468
  RenderBlock {HTML} at (0,0) size 800x9468
    RenderBody {BODY} at (8,16) size 784x9444
      RenderBlock {P} at (0,0) size 784x20
        RenderText {#text} at (0,0) size 517x19
          text run at (0,0) width 517: "This test dumps render tree information for text styled with font-feature-settings."
      RenderBlock {DIV} at (0,36) size 784x20
        RenderText {#text} at (0,0) size 503x19
          text run at (0,0) width 503: "Lucky affluent actor asks to feast on giant 10.34\" cheese-filled quiche in fjord."
      RenderBlock {DIV} at (0,56) size 784x20
        RenderText {#text} at (0,0) size 503x19
          text run at (0,0) width 503: "Lucky affluent actor asks to feast on giant 10.34\" cheese-filled quiche in fjord."
      RenderBlock {DIV} at (0,76) size 784x20
        RenderText {#text} at (0,0) size 503x19
          text run at (0,0) width 503: "Lucky affluent actor asks to feast on giant 10.34\" cheese-filled quiche in fjord."
      RenderBlock {DIV} at (0,96) size 784x20
        RenderText {#text} at (0,0) size 503x19
          text run at (0,0) width 503: "Lucky affluent actor asks to feast on giant 10.34\" cheese-filled quiche in fjord."
      RenderBlock {DIV} at (0,116) size 784x20
        RenderText {#text} at (0,0) size 503x19
          text run at (0,0) width 503: "Lucky affluent actor asks to feast on giant 10.34\" cheese-filled quiche in fjord."
      RenderBlock {DIV} at (0,136) size 784x20
        RenderText {#text} at (0,0) size 503x19
          text run at (0,0) width 503: "Lucky affluent actor asks to feast on giant 10.34\" cheese-filled quiche in fjord."
      RenderBlock {DIV} at (0,156) size 784x20
        RenderText {#text} at (0,0) size 503x19
          text run at (0,0) width 503: "Lucky affluent actor asks to feast on giant 10.34\" cheese-filled quiche in fjord."
      RenderBlock {DIV} at (0,176) size 784x20
        RenderText {#text} at (0,0) size 503x19
          text run at (0,0) width 503: "Lucky affluent actor asks to feast on giant 10.34\" cheese-filled quiche in fjord."
      RenderBlock {DIV} at (0,196) size 784x20
        RenderText {#text} at (0,0) size 503x19
          text run at (0,0) width 503: "Lucky affluent actor asks to feast on giant 10.34\" cheese-filled quiche in fjord."
      RenderBlock {DIV} at (0,216) size 784x20
        RenderText {#text} at (0,0) size 503x19
          text run at (0,0) width 503: "Lucky affluent actor asks to feast on giant 10.34\" cheese-filled quiche in fjord."
      RenderBlock {DIV} at (0,236) size 784x20
        RenderText {#text} at (0,0) size 503x19
          text run at (0,0) width 503: "Lucky affluent actor asks to feast on giant 10.34\" cheese-filled quiche in fjord."
      RenderBlock {DIV} at (0,256) size 784x20
        RenderText {#text} at (0,0) size 503x19
          text run at (0,0) width 503: "Lucky affluent actor asks to feast on giant 10.34\" cheese-filled quiche in fjord."
      RenderBlock {DIV} at (0,276) size 784x20
        RenderText {#text} at (0,0) size 503x19
          text run at (0,0) width 503: "Lucky affluent actor asks to feast on giant 10.34\" cheese-filled quiche in fjord."
      RenderBlock {DIV} at (0,296) size 784x20
        RenderText {#text} at (0,0) size 503x19
          text run at (0,0) width 503: "Lucky affluent actor asks to feast on giant 10.34\" cheese-filled quiche in fjord."
      RenderBlock {DIV} at (0,316) size 784x20
        RenderText {#text} at (0,0) size 503x19
          text run at (0,0) width 503: "Lucky affluent actor asks to feast on giant 10.34\" cheese-filled quiche in fjord."
      RenderBlock {DIV} at (0,336) size 784x20
        RenderText {#text} at (0,0) size 503x19
          text run at (0,0) width 503: "Lucky affluent actor asks to feast on giant 10.34\" cheese-filled quiche in fjord."
      RenderBlock {DIV} at (0,356) size 784x20
        RenderText {#text} at (0,0) size 503x19
          text run at (0,0) width 503: "Lucky affluent actor asks to feast on giant 10.34\" cheese-filled quiche in fjord."
      RenderBlock {DIV} at (0,376) size 784x20
        RenderText {#text} at (0,0) size 503x19
          text run at (0,0) width 503: "Lucky affluent actor asks to feast on giant 10.34\" cheese-filled quiche in fjord."
      RenderBlock {DIV} at (0,396) size 784x20
        RenderText {#text} at (0,0) size 503x19
          text run at (0,0) width 503: "Lucky affluent actor asks to feast on giant 10.34\" cheese-filled quiche in fjord."
      RenderBlock {DIV} at (0,416) size 784x20
        RenderText {#text} at (0,0) size 503x19
          text run at (0,0) width 503: "Lucky affluent actor asks to feast on giant 10.34\" cheese-filled quiche in fjord."
      RenderBlock {DIV} at (0,436) size 784x20
        RenderText {#text} at (0,0) size 503x19
          text run at (0,0) width 503: "Lucky affluent actor asks to feast on giant 10.34\" cheese-filled quiche in fjord."
      RenderBlock {DIV} at (0,456) size 784x20
        RenderText {#text} at (0,0) size 503x19
          text run at (0,0) width 503: "Lucky affluent actor asks to feast on giant 10.34\" cheese-filled quiche in fjord."
      RenderBlock {DIV} at (0,476) size 784x20
        RenderText {#text} at (0,0) size 503x19
          text run at (0,0) width 503: "Lucky affluent actor asks to feast on giant 10.34\" cheese-filled quiche in fjord."
      RenderBlock {DIV} at (0,496) size 784x20
        RenderText {#text} at (0,0) size 503x19
          text run at (0,0) width 503: "Lucky affluent actor asks to feast on giant 10.34\" cheese-filled quiche in fjord."
      RenderBlock {DIV} at (0,516) size 784x20
        RenderText {#text} at (0,0) size 548x19
          text run at (0,0) width 548: "Lucky affluent actor asks to feast on giant 10.34\" cheese-filled quiche in fjord."
      RenderBlock {DIV} at (0,536) size 784x20
        RenderText {#text} at (0,0) size 548x19
          text run at (0,0) width 548: "Lucky affluent actor asks to feast on giant 10.34\" cheese-filled quiche in fjord."
      RenderBlock {DIV} at (0,556) size 784x20
        RenderText {#text} at (0,0) size 548x19
          text run at (0,0) width 548: "Lucky affluent actor asks to feast on giant 10.34\" cheese-filled quiche in fjord."
      RenderBlock {DIV} at (0,576) size 784x20
        RenderText {#text} at (0,0) size 548x19
          text run at (0,0) width 548: "Lucky affluent actor asks to feast on giant 10.34\" cheese-filled quiche in fjord."
      RenderBlock {DIV} at (0,596) size 784x20
        RenderText {#text} at (0,0) size 548x19
          text run at (0,0) width 548: "Lucky affluent actor asks to feast on giant 10.34\" cheese-filled quiche in fjord."
      RenderBlock {DIV} at (0,616) size 784x20
        RenderText {#text} at (0,0) size 548x19
          text run at (0,0) width 548: "Lucky affluent actor asks to feast on giant 10.34\" cheese-filled quiche in fjord."
      RenderBlock {DIV} at (0,636) size 784x20
        RenderText {#text} at (0,0) size 548x19
          text run at (0,0) width 548: "Lucky affluent actor asks to feast on giant 10.34\" cheese-filled quiche in fjord."
      RenderBlock {DIV} at (0,656) size 784x20
        RenderText {#text} at (0,0) size 548x19
          text run at (0,0) width 548: "Lucky affluent actor asks to feast on giant 10.34\" cheese-filled quiche in fjord."
      RenderBlock {DIV} at (0,676) size 784x20
        RenderText {#text} at (0,0) size 548x19
          text run at (0,0) width 548: "Lucky affluent actor asks to feast on giant 10.34\" cheese-filled quiche in fjord."
      RenderBlock {DIV} at (0,696) size 784x20
        RenderText {#text} at (0,0) size 548x19
          text run at (0,0) width 548: "Lucky affluent actor asks to feast on giant 10.34\" cheese-filled quiche in fjord."
      RenderBlock {DIV} at (0,716) size 784x20
        RenderText {#text} at (0,0) size 548x19
          text run at (0,0) width 548: "Lucky affluent actor asks to feast on giant 10.34\" cheese-filled quiche in fjord."
      RenderBlock {DIV} at (0,736) size 784x20
        RenderText {#text} at (0,0) size 548x19
          text run at (0,0) width 548: "Lucky affluent actor asks to feast on giant 10.34\" cheese-filled quiche in fjord."
      RenderBlock {DIV} at (0,756) size 784x20
        RenderText {#text} at (0,0) size 548x19
          text run at (0,0) width 548: "Lucky affluent actor asks to feast on giant 10.34\" cheese-filled quiche in fjord."
      RenderBlock {DIV} at (0,776) size 784x20
        RenderText {#text} at (0,0) size 548x19
          text run at (0,0) width 548: "Lucky affluent actor asks to feast on giant 10.34\" cheese-filled quiche in fjord."
      RenderBlock {DIV} at (0,796) size 784x20
        RenderText {#text} at (0,0) size 548x19
          text run at (0,0) width 548: "Lucky affluent actor asks to feast on giant 10.34\" cheese-filled quiche in fjord."
      RenderBlock {DIV} at (0,816) size 784x20
        RenderText {#text} at (0,0) size 548x19
          text run at (0,0) width 548: "Lucky affluent actor asks to feast on giant 10.34\" cheese-filled quiche in fjord."
      RenderBlock {DIV} at (0,836) size 784x20
        RenderText {#text} at (0,0) size 548x19
          text run at (0,0) width 548: "Lucky affluent actor asks to feast on giant 10.34\" cheese-filled quiche in fjord."
      RenderBlock {DIV} at (0,856) size 784x20
        RenderText {#text} at (0,0) size 548x19
          text run at (0,0) width 548: "Lucky affluent actor asks to feast on giant 10.34\" cheese-filled quiche in fjord."
      RenderBlock {DIV} at (0,876) size 784x20
        RenderText {#text} at (0,0) size 548x19
          text run at (0,0) width 548: "Lucky affluent actor asks to feast on giant 10.34\" cheese-filled quiche in fjord."
      RenderBlock {DIV} at (0,896) size 784x20
        RenderText {#text} at (0,0) size 548x19
          text run at (0,0) width 548: "Lucky affluent actor asks to feast on giant 10.34\" cheese-filled quiche in fjord."
      RenderBlock {DIV} at (0,916) size 784x20
        RenderText {#text} at (0,0) size 548x19
          text run at (0,0) width 548: "Lucky affluent actor asks to feast on giant 10.34\" cheese-filled quiche in fjord."
      RenderBlock {DIV} at (0,936) size 784x20
        RenderText {#text} at (0,0) size 548x19
          text run at (0,0) width 548: "Lucky affluent actor asks to feast on giant 10.34\" cheese-filled quiche in fjord."
      RenderBlock {DIV} at (0,956) size 784x20
        RenderText {#text} at (0,0) size 548x19
          text run at (0,0) width 548: "Lucky affluent actor asks to feast on giant 10.34\" cheese-filled quiche in fjord."
      RenderBlock {DIV} at (0,976) size 784x20
        RenderText {#text} at (0,0) size 548x19
          text run at (0,0) width 548: "Lucky affluent actor asks to feast on giant 10.34\" cheese-filled quiche in fjord."
      RenderBlock {DIV} at (0,996) size 784x22
        RenderText {#text} at (0,0) size 559x21
          text run at (0,0) width 559: "Lucky affluent actor asks to feast on giant 10.34\" cheese-filled quiche in fjord."
      RenderBlock {DIV} at (0,1018) size 784x22
        RenderText {#text} at (0,0) size 559x21
          text run at (0,0) width 559: "Lucky affluent actor asks to feast on giant 10.34\" cheese-filled quiche in fjord."
      RenderBlock {DIV} at (0,1040) size 784x22
        RenderText {#text} at (0,0) size 559x21
          text run at (0,0) width 559: "Lucky affluent actor asks to feast on giant 10.34\" cheese-filled quiche in fjord."
      RenderBlock {DIV} at (0,1062) size 784x22
        RenderText {#text} at (0,0) size 559x21
          text run at (0,0) width 559: "Lucky affluent actor asks to feast on giant 10.34\" cheese-filled quiche in fjord."
      RenderBlock {DIV} at (0,1084) size 784x22
        RenderText {#text} at (0,0) size 559x21
          text run at (0,0) width 559: "Lucky affluent actor asks to feast on giant 10.34\" cheese-filled quiche in fjord."
      RenderBlock {DIV} at (0,1106) size 784x22
        RenderText {#text} at (0,0) size 559x21
          text run at (0,0) width 559: "Lucky affluent actor asks to feast on giant 10.34\" cheese-filled quiche in fjord."
      RenderBlock {DIV} at (0,1128) size 784x22
        RenderText {#text} at (0,0) size 559x21
          text run at (0,0) width 559: "Lucky affluent actor asks to feast on giant 10.34\" cheese-filled quiche in fjord."
      RenderBlock {DIV} at (0,1150) size 784x22
        RenderText {#text} at (0,0) size 559x21
          text run at (0,0) width 559: "Lucky affluent actor asks to feast on giant 10.34\" cheese-filled quiche in fjord."
      RenderBlock {DIV} at (0,1172) size 784x22
        RenderText {#text} at (0,0) size 559x21
          text run at (0,0) width 559: "Lucky affluent actor asks to feast on giant 10.34\" cheese-filled quiche in fjord."
      RenderBlock {DIV} at (0,1194) size 784x22
        RenderText {#text} at (0,0) size 559x21
          text run at (0,0) width 559: "Lucky affluent actor asks to feast on giant 10.34\" cheese-filled quiche in fjord."
      RenderBlock {DIV} at (0,1216) size 784x22
        RenderText {#text} at (0,0) size 559x21
          text run at (0,0) width 559: "Lucky affluent actor asks to feast on giant 10.34\" cheese-filled quiche in fjord."
      RenderBlock {DIV} at (0,1238) size 784x22
        RenderText {#text} at (0,0) size 559x21
          text run at (0,0) width 559: "Lucky affluent actor asks to feast on giant 10.34\" cheese-filled quiche in fjord."
      RenderBlock {DIV} at (0,1260) size 784x22
        RenderText {#text} at (0,0) size 559x21
          text run at (0,0) width 559: "Lucky affluent actor asks to feast on giant 10.34\" cheese-filled quiche in fjord."
      RenderBlock {DIV} at (0,1282) size 784x22
        RenderText {#text} at (0,0) size 559x21
          text run at (0,0) width 559: "Lucky affluent actor asks to feast on giant 10.34\" cheese-filled quiche in fjord."
      RenderBlock {DIV} at (0,1304) size 784x22
        RenderText {#text} at (0,0) size 559x21
          text run at (0,0) width 559: "Lucky affluent actor asks to feast on giant 10.34\" cheese-filled quiche in fjord."
      RenderBlock {DIV} at (0,1326) size 784x22
        RenderText {#text} at (0,0) size 559x21
          text run at (0,0) width 559: "Lucky affluent actor asks to feast on giant 10.34\" cheese-filled quiche in fjord."
      RenderBlock {DIV} at (0,1348) size 784x22
        RenderText {#text} at (0,0) size 559x21
          text run at (0,0) width 559: "Lucky affluent actor asks to feast on giant 10.34\" cheese-filled quiche in fjord."
      RenderBlock {DIV} at (0,1370) size 784x22
        RenderText {#text} at (0,0) size 559x21
          text run at (0,0) width 559: "Lucky affluent actor asks to feast on giant 10.34\" cheese-filled quiche in fjord."
      RenderBlock {DIV} at (0,1392) size 784x22
        RenderText {#text} at (0,0) size 559x21
          text run at (0,0) width 559: "Lucky affluent actor asks to feast on giant 10.34\" cheese-filled quiche in fjord."
      RenderBlock {DIV} at (0,1414) size 784x22
        RenderText {#text} at (0,0) size 559x21
          text run at (0,0) width 559: "Lucky affluent actor asks to feast on giant 10.34\" cheese-filled quiche in fjord."
      RenderBlock {DIV} at (0,1436) size 784x22
        RenderText {#text} at (0,0) size 559x21
          text run at (0,0) width 559: "Lucky affluent actor asks to feast on giant 10.34\" cheese-filled quiche in fjord."
      RenderBlock {DIV} at (0,1458) size 784x22
        RenderText {#text} at (0,0) size 559x21
          text run at (0,0) width 559: "Lucky affluent actor asks to feast on giant 10.34\" cheese-filled quiche in fjord."
      RenderBlock {DIV} at (0,1480) size 784x22
        RenderText {#text} at (0,0) size 559x21
          text run at (0,0) width 559: "Lucky affluent actor asks to feast on giant 10.34\" cheese-filled quiche in fjord."
      RenderBlock {DIV} at (0,1502) size 784x22
        RenderText {#text} at (0,0) size 559x21
          text run at (0,0) width 559: "Lucky affluent actor asks to feast on giant 10.34\" cheese-filled quiche in fjord."
      RenderBlock {DIV} at (0,1524) size 784x20
        RenderText {#text} at (0,0) size 503x19
          text run at (0,0) width 503: "Lucky affluent actor asks to feast on giant 10.34\" cheese-filled quiche in fjord."
      RenderBlock {DIV} at (0,1544) size 784x20
        RenderText {#text} at (0,0) size 503x19
          text run at (0,0) width 503: "Lucky affluent actor asks to feast on giant 10.34\" cheese-filled quiche in fjord."
      RenderBlock {DIV} at (0,1564) size 784x20
        RenderText {#text} at (0,0) size 503x19
          text run at (0,0) width 503: "Lucky affluent actor asks to feast on giant 10.34\" cheese-filled quiche in fjord."
      RenderBlock {DIV} at (0,1584) size 784x20
        RenderText {#text} at (0,0) size 503x19
          text run at (0,0) width 503: "Lucky affluent actor asks to feast on giant 10.34\" cheese-filled quiche in fjord."
      RenderBlock {DIV} at (0,1604) size 784x20
        RenderText {#text} at (0,0) size 503x19
          text run at (0,0) width 503: "Lucky affluent actor asks to feast on giant 10.34\" cheese-filled quiche in fjord."
      RenderBlock {DIV} at (0,1624) size 784x20
        RenderText {#text} at (0,0) size 503x19
          text run at (0,0) width 503: "Lucky affluent actor asks to feast on giant 10.34\" cheese-filled quiche in fjord."
      RenderBlock {DIV} at (0,1644) size 784x20
        RenderText {#text} at (0,0) size 503x19
          text run at (0,0) width 503: "Lucky affluent actor asks to feast on giant 10.34\" cheese-filled quiche in fjord."
      RenderBlock {DIV} at (0,1664) size 784x20
        RenderText {#text} at (0,0) size 503x19
          text run at (0,0) width 503: "Lucky affluent actor asks to feast on giant 10.34\" cheese-filled quiche in fjord."
      RenderBlock {DIV} at (0,1684) size 784x20
        RenderText {#text} at (0,0) size 503x19
          text run at (0,0) width 503: "Lucky affluent actor asks to feast on giant 10.34\" cheese-filled quiche in fjord."
      RenderBlock {DIV} at (0,1704) size 784x20
        RenderText {#text} at (0,0) size 503x19
          text run at (0,0) width 503: "Lucky affluent actor asks to feast on giant 10.34\" cheese-filled quiche in fjord."
      RenderBlock {DIV} at (0,1724) size 784x20
        RenderText {#text} at (0,0) size 503x19
          text run at (0,0) width 503: "Lucky affluent actor asks to feast on giant 10.34\" cheese-filled quiche in fjord."
      RenderBlock {DIV} at (0,1744) size 784x20
        RenderText {#text} at (0,0) size 503x19
          text run at (0,0) width 503: "Lucky affluent actor asks to feast on giant 10.34\" cheese-filled quiche in fjord."
      RenderBlock {DIV} at (0,1764) size 784x20
        RenderText {#text} at (0,0) size 503x19
          text run at (0,0) width 503: "Lucky affluent actor asks to feast on giant 10.34\" cheese-filled quiche in fjord."
      RenderBlock {DIV} at (0,1784) size 784x20
        RenderText {#text} at (0,0) size 503x19
          text run at (0,0) width 503: "Lucky affluent actor asks to feast on giant 10.34\" cheese-filled quiche in fjord."
      RenderBlock {DIV} at (0,1804) size 784x20
        RenderText {#text} at (0,0) size 503x19
          text run at (0,0) width 503: "Lucky affluent actor asks to feast on giant 10.34\" cheese-filled quiche in fjord."
      RenderBlock {DIV} at (0,1824) size 784x20
        RenderText {#text} at (0,0) size 503x19
          text run at (0,0) width 503: "Lucky affluent actor asks to feast on giant 10.34\" cheese-filled quiche in fjord."
      RenderBlock {DIV} at (0,1844) size 784x20
        RenderText {#text} at (0,0) size 503x19
          text run at (0,0) width 503: "Lucky affluent actor asks to feast on giant 10.34\" cheese-filled quiche in fjord."
      RenderBlock {DIV} at (0,1864) size 784x20
        RenderText {#text} at (0,0) size 503x19
          text run at (0,0) width 503: "Lucky affluent actor asks to feast on giant 10.34\" cheese-filled quiche in fjord."
      RenderBlock {DIV} at (0,1884) size 784x20
        RenderText {#text} at (0,0) size 503x19
          text run at (0,0) width 503: "Lucky affluent actor asks to feast on giant 10.34\" cheese-filled quiche in fjord."
      RenderBlock {DIV} at (0,1904) size 784x20
        RenderText {#text} at (0,0) size 503x19
          text run at (0,0) width 503: "Lucky affluent actor asks to feast on giant 10.34\" cheese-filled quiche in fjord."
      RenderBlock {DIV} at (0,1924) size 784x20
        RenderText {#text} at (0,0) size 503x19
          text run at (0,0) width 503: "Lucky affluent actor asks to feast on giant 10.34\" cheese-filled quiche in fjord."
      RenderBlock {DIV} at (0,1944) size 784x20
        RenderText {#text} at (0,0) size 503x19
          text run at (0,0) width 503: "Lucky affluent actor asks to feast on giant 10.34\" cheese-filled quiche in fjord."
      RenderBlock {DIV} at (0,1964) size 784x20
        RenderText {#text} at (0,0) size 503x19
          text run at (0,0) width 503: "Lucky affluent actor asks to feast on giant 10.34\" cheese-filled quiche in fjord."
      RenderBlock {DIV} at (0,1984) size 784x20
        RenderText {#text} at (0,0) size 503x19
          text run at (0,0) width 503: "Lucky affluent actor asks to feast on giant 10.34\" cheese-filled quiche in fjord."
      RenderBlock {DIV} at (0,2004) size 784x19
        RenderText {#text} at (0,0) size 546x19
          text run at (0,0) width 546: "Lucky affluent actor asks to feast on giant 10.34\" cheese-filled quiche in fjord."
      RenderBlock {DIV} at (0,2023) size 784x19
        RenderText {#text} at (0,0) size 546x19
          text run at (0,0) width 546: "Lucky affluent actor asks to feast on giant 10.34\" cheese-filled quiche in fjord."
      RenderBlock {DIV} at (0,2042) size 784x19
        RenderText {#text} at (0,0) size 546x19
          text run at (0,0) width 546: "Lucky affluent actor asks to feast on giant 10.34\" cheese-filled quiche in fjord."
      RenderBlock {DIV} at (0,2061) size 784x19
        RenderText {#text} at (0,0) size 546x19
          text run at (0,0) width 546: "Lucky affluent actor asks to feast on giant 10.34\" cheese-filled quiche in fjord."
      RenderBlock {DIV} at (0,2080) size 784x19
        RenderText {#text} at (0,0) size 546x19
          text run at (0,0) width 546: "Lucky affluent actor asks to feast on giant 10.34\" cheese-filled quiche in fjord."
      RenderBlock {DIV} at (0,2099) size 784x19
        RenderText {#text} at (0,0) size 546x19
          text run at (0,0) width 546: "Lucky affluent actor asks to feast on giant 10.34\" cheese-filled quiche in fjord."
      RenderBlock {DIV} at (0,2118) size 784x19
        RenderText {#text} at (0,0) size 546x19
          text run at (0,0) width 546: "Lucky affluent actor asks to feast on giant 10.34\" cheese-filled quiche in fjord."
      RenderBlock {DIV} at (0,2137) size 784x19
        RenderText {#text} at (0,0) size 546x19
          text run at (0,0) width 546: "Lucky affluent actor asks to feast on giant 10.34\" cheese-filled quiche in fjord."
      RenderBlock {DIV} at (0,2156) size 784x19
        RenderText {#text} at (0,0) size 546x19
          text run at (0,0) width 546: "Lucky affluent actor asks to feast on giant 10.34\" cheese-filled quiche in fjord."
      RenderBlock {DIV} at (0,2175) size 784x19
        RenderText {#text} at (0,0) size 546x19
          text run at (0,0) width 546: "Lucky affluent actor asks to feast on giant 10.34\" cheese-filled quiche in fjord."
      RenderBlock {DIV} at (0,2194) size 784x19
        RenderText {#text} at (0,0) size 546x19
          text run at (0,0) width 546: "Lucky affluent actor asks to feast on giant 10.34\" cheese-filled quiche in fjord."
      RenderBlock {DIV} at (0,2213) size 784x19
        RenderText {#text} at (0,0) size 546x19
          text run at (0,0) width 546: "Lucky affluent actor asks to feast on giant 10.34\" cheese-filled quiche in fjord."
      RenderBlock {DIV} at (0,2232) size 784x19
        RenderText {#text} at (0,0) size 546x19
          text run at (0,0) width 546: "Lucky affluent actor asks to feast on giant 10.34\" cheese-filled quiche in fjord."
      RenderBlock {DIV} at (0,2251) size 784x19
        RenderText {#text} at (0,0) size 546x19
          text run at (0,0) width 546: "Lucky affluent actor asks to feast on giant 10.34\" cheese-filled quiche in fjord."
      RenderBlock {DIV} at (0,2270) size 784x19
        RenderText {#text} at (0,0) size 546x19
          text run at (0,0) width 546: "Lucky affluent actor asks to feast on giant 10.34\" cheese-filled quiche in fjord."
      RenderBlock {DIV} at (0,2289) size 784x19
        RenderText {#text} at (0,0) size 546x19
          text run at (0,0) width 546: "Lucky affluent actor asks to feast on giant 10.34\" cheese-filled quiche in fjord."
      RenderBlock {DIV} at (0,2308) size 784x19
        RenderText {#text} at (0,0) size 546x19
          text run at (0,0) width 546: "Lucky affluent actor asks to feast on giant 10.34\" cheese-filled quiche in fjord."
      RenderBlock {DIV} at (0,2327) size 784x19
        RenderText {#text} at (0,0) size 546x19
          text run at (0,0) width 546: "Lucky affluent actor asks to feast on giant 10.34\" cheese-filled quiche in fjord."
      RenderBlock {DIV} at (0,2346) size 784x19
        RenderText {#text} at (0,0) size 546x19
          text run at (0,0) width 546: "Lucky affluent actor asks to feast on giant 10.34\" cheese-filled quiche in fjord."
      RenderBlock {DIV} at (0,2365) size 784x19
        RenderText {#text} at (0,0) size 546x19
          text run at (0,0) width 546: "Lucky affluent actor asks to feast on giant 10.34\" cheese-filled quiche in fjord."
      RenderBlock {DIV} at (0,2384) size 784x19
        RenderText {#text} at (0,0) size 546x19
          text run at (0,0) width 546: "Lucky affluent actor asks to feast on giant 10.34\" cheese-filled quiche in fjord."
      RenderBlock {DIV} at (0,2403) size 784x19
        RenderText {#text} at (0,0) size 546x19
          text run at (0,0) width 546: "Lucky affluent actor asks to feast on giant 10.34\" cheese-filled quiche in fjord."
      RenderBlock {DIV} at (0,2422) size 784x19
        RenderText {#text} at (0,0) size 546x19
          text run at (0,0) width 546: "Lucky affluent actor asks to feast on giant 10.34\" cheese-filled quiche in fjord."
      RenderBlock {DIV} at (0,2441) size 784x19
        RenderText {#text} at (0,0) size 546x19
          text run at (0,0) width 546: "Lucky affluent actor asks to feast on giant 10.34\" cheese-filled quiche in fjord."
      RenderBlock {DIV} at (0,2460) size 784x19
        RenderText {#text} at (0,0) size 501x19
          text run at (0,0) width 501: "Lucky affluent actor asks to feast on giant 10.34\" cheese-filled quiche in fjord."
      RenderBlock {DIV} at (0,2479) size 784x19
        RenderText {#text} at (0,0) size 501x19
          text run at (0,0) width 501: "Lucky affluent actor asks to feast on giant 10.34\" cheese-filled quiche in fjord."
      RenderBlock {DIV} at (0,2498) size 784x19
        RenderText {#text} at (0,0) size 501x19
          text run at (0,0) width 501: "Lucky affluent actor asks to feast on giant 10.34\" cheese-filled quiche in fjord."
      RenderBlock {DIV} at (0,2517) size 784x19
        RenderText {#text} at (0,0) size 501x19
          text run at (0,0) width 501: "Lucky affluent actor asks to feast on giant 10.34\" cheese-filled quiche in fjord."
      RenderBlock {DIV} at (0,2536) size 784x19
        RenderText {#text} at (0,0) size 501x19
          text run at (0,0) width 501: "Lucky affluent actor asks to feast on giant 10.34\" cheese-filled quiche in fjord."
      RenderBlock {DIV} at (0,2555) size 784x19
        RenderText {#text} at (0,0) size 501x19
          text run at (0,0) width 501: "Lucky affluent actor asks to feast on giant 10.34\" cheese-filled quiche in fjord."
      RenderBlock {DIV} at (0,2574) size 784x19
        RenderText {#text} at (0,0) size 501x19
          text run at (0,0) width 501: "Lucky affluent actor asks to feast on giant 10.34\" cheese-filled quiche in fjord."
      RenderBlock {DIV} at (0,2593) size 784x19
        RenderText {#text} at (0,0) size 501x19
          text run at (0,0) width 501: "Lucky affluent actor asks to feast on giant 10.34\" cheese-filled quiche in fjord."
      RenderBlock {DIV} at (0,2612) size 784x19
        RenderText {#text} at (0,0) size 501x19
          text run at (0,0) width 501: "Lucky affluent actor asks to feast on giant 10.34\" cheese-filled quiche in fjord."
      RenderBlock {DIV} at (0,2631) size 784x19
        RenderText {#text} at (0,0) size 501x19
          text run at (0,0) width 501: "Lucky affluent actor asks to feast on giant 10.34\" cheese-filled quiche in fjord."
      RenderBlock {DIV} at (0,2650) size 784x19
        RenderText {#text} at (0,0) size 501x19
          text run at (0,0) width 501: "Lucky affluent actor asks to feast on giant 10.34\" cheese-filled quiche in fjord."
      RenderBlock {DIV} at (0,2669) size 784x19
        RenderText {#text} at (0,0) size 501x19
          text run at (0,0) width 501: "Lucky affluent actor asks to feast on giant 10.34\" cheese-filled quiche in fjord."
      RenderBlock {DIV} at (0,2688) size 784x19
        RenderText {#text} at (0,0) size 501x19
          text run at (0,0) width 501: "Lucky affluent actor asks to feast on giant 10.34\" cheese-filled quiche in fjord."
      RenderBlock {DIV} at (0,2707) size 784x19
        RenderText {#text} at (0,0) size 501x19
          text run at (0,0) width 501: "Lucky affluent actor asks to feast on giant 10.34\" cheese-filled quiche in fjord."
      RenderBlock {DIV} at (0,2726) size 784x19
        RenderText {#text} at (0,0) size 501x19
          text run at (0,0) width 501: "Lucky affluent actor asks to feast on giant 10.34\" cheese-filled quiche in fjord."
      RenderBlock {DIV} at (0,2745) size 784x19
        RenderText {#text} at (0,0) size 501x19
          text run at (0,0) width 501: "Lucky affluent actor asks to feast on giant 10.34\" cheese-filled quiche in fjord."
      RenderBlock {DIV} at (0,2764) size 784x19
        RenderText {#text} at (0,0) size 501x19
          text run at (0,0) width 501: "Lucky affluent actor asks to feast on giant 10.34\" cheese-filled quiche in fjord."
      RenderBlock {DIV} at (0,2783) size 784x19
        RenderText {#text} at (0,0) size 501x19
          text run at (0,0) width 501: "Lucky affluent actor asks to feast on giant 10.34\" cheese-filled quiche in fjord."
      RenderBlock {DIV} at (0,2802) size 784x19
        RenderText {#text} at (0,0) size 501x19
          text run at (0,0) width 501: "Lucky affluent actor asks to feast on giant 10.34\" cheese-filled quiche in fjord."
      RenderBlock {DIV} at (0,2821) size 784x19
        RenderText {#text} at (0,0) size 501x19
          text run at (0,0) width 501: "Lucky affluent actor asks to feast on giant 10.34\" cheese-filled quiche in fjord."
      RenderBlock {DIV} at (0,2840) size 784x19
        RenderText {#text} at (0,0) size 501x19
          text run at (0,0) width 501: "Lucky affluent actor asks to feast on giant 10.34\" cheese-filled quiche in fjord."
      RenderBlock {DIV} at (0,2859) size 784x19
        RenderText {#text} at (0,0) size 501x19
          text run at (0,0) width 501: "Lucky affluent actor asks to feast on giant 10.34\" cheese-filled quiche in fjord."
      RenderBlock {DIV} at (0,2878) size 784x19
        RenderText {#text} at (0,0) size 501x19
          text run at (0,0) width 501: "Lucky affluent actor asks to feast on giant 10.34\" cheese-filled quiche in fjord."
      RenderBlock {DIV} at (0,2897) size 784x19
        RenderText {#text} at (0,0) size 501x19
          text run at (0,0) width 501: "Lucky affluent actor asks to feast on giant 10.34\" cheese-filled quiche in fjord."
      RenderBlock {DIV} at (0,2916) size 784x20
        RenderText {#text} at (0,0) size 548x20
          text run at (0,0) width 548: "Lucky affluent actor asks to feast on giant 10.34\" cheese-filled quiche in fjord."
      RenderBlock {DIV} at (0,2936) size 784x20
        RenderText {#text} at (0,0) size 548x20
          text run at (0,0) width 548: "Lucky affluent actor asks to feast on giant 10.34\" cheese-filled quiche in fjord."
      RenderBlock {DIV} at (0,2956) size 784x20
        RenderText {#text} at (0,0) size 548x20
          text run at (0,0) width 548: "Lucky affluent actor asks to feast on giant 10.34\" cheese-filled quiche in fjord."
      RenderBlock {DIV} at (0,2976) size 784x20
        RenderText {#text} at (0,0) size 548x20
          text run at (0,0) width 548: "Lucky affluent actor asks to feast on giant 10.34\" cheese-filled quiche in fjord."
      RenderBlock {DIV} at (0,2996) size 784x20
        RenderText {#text} at (0,0) size 548x20
          text run at (0,0) width 548: "Lucky affluent actor asks to feast on giant 10.34\" cheese-filled quiche in fjord."
      RenderBlock {DIV} at (0,3016) size 784x20
        RenderText {#text} at (0,0) size 548x20
          text run at (0,0) width 548: "Lucky affluent actor asks to feast on giant 10.34\" cheese-filled quiche in fjord."
      RenderBlock {DIV} at (0,3036) size 784x20
        RenderText {#text} at (0,0) size 548x20
          text run at (0,0) width 548: "Lucky affluent actor asks to feast on giant 10.34\" cheese-filled quiche in fjord."
      RenderBlock {DIV} at (0,3056) size 784x20
        RenderText {#text} at (0,0) size 548x20
          text run at (0,0) width 548: "Lucky affluent actor asks to feast on giant 10.34\" cheese-filled quiche in fjord."
      RenderBlock {DIV} at (0,3076) size 784x20
        RenderText {#text} at (0,0) size 548x20
          text run at (0,0) width 548: "Lucky affluent actor asks to feast on giant 10.34\" cheese-filled quiche in fjord."
      RenderBlock {DIV} at (0,3096) size 784x20
        RenderText {#text} at (0,0) size 548x20
          text run at (0,0) width 548: "Lucky affluent actor asks to feast on giant 10.34\" cheese-filled quiche in fjord."
      RenderBlock {DIV} at (0,3116) size 784x20
        RenderText {#text} at (0,0) size 548x20
          text run at (0,0) width 548: "Lucky affluent actor asks to feast on giant 10.34\" cheese-filled quiche in fjord."
      RenderBlock {DIV} at (0,3136) size 784x20
        RenderText {#text} at (0,0) size 548x20
          text run at (0,0) width 548: "Lucky affluent actor asks to feast on giant 10.34\" cheese-filled quiche in fjord."
      RenderBlock {DIV} at (0,3156) size 784x20
        RenderText {#text} at (0,0) size 548x20
          text run at (0,0) width 548: "Lucky affluent actor asks to feast on giant 10.34\" cheese-filled quiche in fjord."
      RenderBlock {DIV} at (0,3176) size 784x20
        RenderText {#text} at (0,0) size 548x20
          text run at (0,0) width 548: "Lucky affluent actor asks to feast on giant 10.34\" cheese-filled quiche in fjord."
      RenderBlock {DIV} at (0,3196) size 784x20
        RenderText {#text} at (0,0) size 548x20
          text run at (0,0) width 548: "Lucky affluent actor asks to feast on giant 10.34\" cheese-filled quiche in fjord."
      RenderBlock {DIV} at (0,3216) size 784x20
        RenderText {#text} at (0,0) size 548x20
          text run at (0,0) width 548: "Lucky affluent actor asks to feast on giant 10.34\" cheese-filled quiche in fjord."
      RenderBlock {DIV} at (0,3236) size 784x20
        RenderText {#text} at (0,0) size 548x20
          text run at (0,0) width 548: "Lucky affluent actor asks to feast on giant 10.34\" cheese-filled quiche in fjord."
      RenderBlock {DIV} at (0,3256) size 784x20
        RenderText {#text} at (0,0) size 548x20
          text run at (0,0) width 548: "Lucky affluent actor asks to feast on giant 10.34\" cheese-filled quiche in fjord."
      RenderBlock {DIV} at (0,3276) size 784x20
        RenderText {#text} at (0,0) size 548x20
          text run at (0,0) width 548: "Lucky affluent actor asks to feast on giant 10.34\" cheese-filled quiche in fjord."
      RenderBlock {DIV} at (0,3296) size 784x20
        RenderText {#text} at (0,0) size 548x20
          text run at (0,0) width 548: "Lucky affluent actor asks to feast on giant 10.34\" cheese-filled quiche in fjord."
      RenderBlock {DIV} at (0,3316) size 784x20
        RenderText {#text} at (0,0) size 545x20
          text run at (0,0) width 545: "Lucky affluent actor asks to feast on giant 10.34\" cheese-filled quiche in fjord."
      RenderBlock {DIV} at (0,3336) size 784x20
        RenderText {#text} at (0,0) size 548x20
          text run at (0,0) width 548: "Lucky affluent actor asks to feast on giant 10.34\" cheese-filled quiche in fjord."
      RenderBlock {DIV} at (0,3356) size 784x20
        RenderText {#text} at (0,0) size 548x20
          text run at (0,0) width 548: "Lucky affluent actor asks to feast on giant 10.34\" cheese-filled quiche in fjord."
      RenderBlock {DIV} at (0,3376) size 784x20
        RenderText {#text} at (0,0) size 548x20
          text run at (0,0) width 548: "Lucky affluent actor asks to feast on giant 10.34\" cheese-filled quiche in fjord."
      RenderBlock {DIV} at (0,3396) size 784x21
        RenderText {#text} at (0,0) size 556x20
          text run at (0,0) width 556: "Lucky affluent actor asks to feast on giant 10.34\" cheese-filled quiche in fjord."
      RenderBlock {DIV} at (0,3417) size 784x21
        RenderText {#text} at (0,0) size 556x20
          text run at (0,0) width 556: "Lucky affluent actor asks to feast on giant 10.34\" cheese-filled quiche in fjord."
      RenderBlock {DIV} at (0,3438) size 784x21
        RenderText {#text} at (0,0) size 556x20
          text run at (0,0) width 556: "Lucky affluent actor asks to feast on giant 10.34\" cheese-filled quiche in fjord."
      RenderBlock {DIV} at (0,3459) size 784x21
        RenderText {#text} at (0,0) size 556x20
          text run at (0,0) width 556: "Lucky affluent actor asks to feast on giant 10.34\" cheese-filled quiche in fjord."
      RenderBlock {DIV} at (0,3480) size 784x21
        RenderText {#text} at (0,0) size 556x20
          text run at (0,0) width 556: "Lucky affluent actor asks to feast on giant 10.34\" cheese-filled quiche in fjord."
      RenderBlock {DIV} at (0,3501) size 784x21
        RenderText {#text} at (0,0) size 556x20
          text run at (0,0) width 556: "Lucky affluent actor asks to feast on giant 10.34\" cheese-filled quiche in fjord."
      RenderBlock {DIV} at (0,3522) size 784x21
        RenderText {#text} at (0,0) size 556x20
          text run at (0,0) width 556: "Lucky affluent actor asks to feast on giant 10.34\" cheese-filled quiche in fjord."
      RenderBlock {DIV} at (0,3543) size 784x21
        RenderText {#text} at (0,0) size 556x20
          text run at (0,0) width 556: "Lucky affluent actor asks to feast on giant 10.34\" cheese-filled quiche in fjord."
      RenderBlock {DIV} at (0,3564) size 784x21
        RenderText {#text} at (0,0) size 556x20
          text run at (0,0) width 556: "Lucky affluent actor asks to feast on giant 10.34\" cheese-filled quiche in fjord."
      RenderBlock {DIV} at (0,3585) size 784x21
        RenderText {#text} at (0,0) size 556x20
          text run at (0,0) width 556: "Lucky affluent actor asks to feast on giant 10.34\" cheese-filled quiche in fjord."
      RenderBlock {DIV} at (0,3606) size 784x21
        RenderText {#text} at (0,0) size 556x20
          text run at (0,0) width 556: "Lucky affluent actor asks to feast on giant 10.34\" cheese-filled quiche in fjord."
      RenderBlock {DIV} at (0,3627) size 784x21
        RenderText {#text} at (0,0) size 556x20
          text run at (0,0) width 556: "Lucky affluent actor asks to feast on giant 10.34\" cheese-filled quiche in fjord."
      RenderBlock {DIV} at (0,3648) size 784x21
        RenderText {#text} at (0,0) size 556x20
          text run at (0,0) width 556: "Lucky affluent actor asks to feast on giant 10.34\" cheese-filled quiche in fjord."
      RenderBlock {DIV} at (0,3669) size 784x21
        RenderText {#text} at (0,0) size 556x20
          text run at (0,0) width 556: "Lucky affluent actor asks to feast on giant 10.34\" cheese-filled quiche in fjord."
      RenderBlock {DIV} at (0,3690) size 784x21
        RenderText {#text} at (0,0) size 556x20
          text run at (0,0) width 556: "Lucky affluent actor asks to feast on giant 10.34\" cheese-filled quiche in fjord."
      RenderBlock {DIV} at (0,3711) size 784x21
        RenderText {#text} at (0,0) size 556x20
          text run at (0,0) width 556: "Lucky affluent actor asks to feast on giant 10.34\" cheese-filled quiche in fjord."
      RenderBlock {DIV} at (0,3732) size 784x21
        RenderText {#text} at (0,0) size 556x20
          text run at (0,0) width 556: "Lucky affluent actor asks to feast on giant 10.34\" cheese-filled quiche in fjord."
      RenderBlock {DIV} at (0,3753) size 784x21
        RenderText {#text} at (0,0) size 556x20
          text run at (0,0) width 556: "Lucky affluent actor asks to feast on giant 10.34\" cheese-filled quiche in fjord."
      RenderBlock {DIV} at (0,3774) size 784x21
        RenderText {#text} at (0,0) size 556x20
          text run at (0,0) width 556: "Lucky affluent actor asks to feast on giant 10.34\" cheese-filled quiche in fjord."
      RenderBlock {DIV} at (0,3795) size 784x21
        RenderText {#text} at (0,0) size 556x20
          text run at (0,0) width 556: "Lucky affluent actor asks to feast on giant 10.34\" cheese-filled quiche in fjord."
      RenderBlock {DIV} at (0,3816) size 784x21
        RenderText {#text} at (0,0) size 553x20
          text run at (0,0) width 553: "Lucky affluent actor asks to feast on giant 10.34\" cheese-filled quiche in fjord."
      RenderBlock {DIV} at (0,3837) size 784x21
        RenderText {#text} at (0,0) size 556x20
          text run at (0,0) width 556: "Lucky affluent actor asks to feast on giant 10.34\" cheese-filled quiche in fjord."
      RenderBlock {DIV} at (0,3858) size 784x21
        RenderText {#text} at (0,0) size 556x20
          text run at (0,0) width 556: "Lucky affluent actor asks to feast on giant 10.34\" cheese-filled quiche in fjord."
      RenderBlock {DIV} at (0,3879) size 784x21
        RenderText {#text} at (0,0) size 556x20
          text run at (0,0) width 556: "Lucky affluent actor asks to feast on giant 10.34\" cheese-filled quiche in fjord."
      RenderBlock {DIV} at (0,3900) size 784x17
        RenderText {#text} at (0,0) size 522x17
          text run at (0,0) width 522: "Lucky affluent actor asks to feast on giant 10.34\" cheese-filled quiche in fjord."
      RenderBlock {DIV} at (0,3917) size 784x17
        RenderText {#text} at (0,0) size 522x17
          text run at (0,0) width 522: "Lucky affluent actor asks to feast on giant 10.34\" cheese-filled quiche in fjord."
      RenderBlock {DIV} at (0,3934) size 784x17
        RenderText {#text} at (0,0) size 522x17
          text run at (0,0) width 522: "Lucky affluent actor asks to feast on giant 10.34\" cheese-filled quiche in fjord."
      RenderBlock {DIV} at (0,3951) size 784x17
        RenderText {#text} at (0,0) size 522x17
          text run at (0,0) width 522: "Lucky affluent actor asks to feast on giant 10.34\" cheese-filled quiche in fjord."
      RenderBlock {DIV} at (0,3968) size 784x17
        RenderText {#text} at (0,0) size 522x17
          text run at (0,0) width 522: "Lucky affluent actor asks to feast on giant 10.34\" cheese-filled quiche in fjord."
      RenderBlock {DIV} at (0,3985) size 784x17
        RenderText {#text} at (0,0) size 522x17
          text run at (0,0) width 522: "Lucky affluent actor asks to feast on giant 10.34\" cheese-filled quiche in fjord."
      RenderBlock {DIV} at (0,4002) size 784x17
        RenderText {#text} at (0,0) size 522x17
          text run at (0,0) width 522: "Lucky affluent actor asks to feast on giant 10.34\" cheese-filled quiche in fjord."
      RenderBlock {DIV} at (0,4019) size 784x17
        RenderText {#text} at (0,0) size 522x17
          text run at (0,0) width 522: "Lucky affluent actor asks to feast on giant 10.34\" cheese-filled quiche in fjord."
      RenderBlock {DIV} at (0,4036) size 784x17
        RenderText {#text} at (0,0) size 522x17
          text run at (0,0) width 522: "Lucky affluent actor asks to feast on giant 10.34\" cheese-filled quiche in fjord."
      RenderBlock {DIV} at (0,4053) size 784x17
        RenderText {#text} at (0,0) size 522x17
          text run at (0,0) width 522: "Lucky affluent actor asks to feast on giant 10.34\" cheese-filled quiche in fjord."
      RenderBlock {DIV} at (0,4070) size 784x17
        RenderText {#text} at (0,0) size 522x17
          text run at (0,0) width 522: "Lucky affluent actor asks to feast on giant 10.34\" cheese-filled quiche in fjord."
      RenderBlock {DIV} at (0,4087) size 784x17
        RenderText {#text} at (0,0) size 522x17
          text run at (0,0) width 522: "Lucky affluent actor asks to feast on giant 10.34\" cheese-filled quiche in fjord."
      RenderBlock {DIV} at (0,4104) size 784x17
        RenderText {#text} at (0,0) size 522x17
          text run at (0,0) width 522: "Lucky affluent actor asks to feast on giant 10.34\" cheese-filled quiche in fjord."
      RenderBlock {DIV} at (0,4121) size 784x17
        RenderText {#text} at (0,0) size 522x17
          text run at (0,0) width 522: "Lucky affluent actor asks to feast on giant 10.34\" cheese-filled quiche in fjord."
      RenderBlock {DIV} at (0,4138) size 784x17
        RenderText {#text} at (0,0) size 522x17
          text run at (0,0) width 522: "Lucky affluent actor asks to feast on giant 10.34\" cheese-filled quiche in fjord."
      RenderBlock {DIV} at (0,4155) size 784x17
        RenderText {#text} at (0,0) size 522x17
          text run at (0,0) width 522: "Lucky affluent actor asks to feast on giant 10.34\" cheese-filled quiche in fjord."
      RenderBlock {DIV} at (0,4172) size 784x17
        RenderText {#text} at (0,0) size 522x17
          text run at (0,0) width 522: "Lucky affluent actor asks to feast on giant 10.34\" cheese-filled quiche in fjord."
      RenderBlock {DIV} at (0,4189) size 784x17
        RenderText {#text} at (0,0) size 522x17
          text run at (0,0) width 522: "Lucky affluent actor asks to feast on giant 10.34\" cheese-filled quiche in fjord."
      RenderBlock {DIV} at (0,4206) size 784x17
        RenderText {#text} at (0,0) size 528x17
          text run at (0,0) width 528: "Lucky affluent actor asks to feast on giant 10.34\" cheese-filled quiche in fjord."
      RenderBlock {DIV} at (0,4223) size 784x17
        RenderText {#text} at (0,0) size 522x17
          text run at (0,0) width 522: "Lucky affluent actor asks to feast on giant 10.34\" cheese-filled quiche in fjord."
      RenderBlock {DIV} at (0,4240) size 784x17
        RenderText {#text} at (0,0) size 523x17
          text run at (0,0) width 523: "Lucky affluent actor asks to feast on giant 10.34\" cheese-filled quiche in fjord."
      RenderBlock {DIV} at (0,4257) size 784x17
        RenderText {#text} at (0,0) size 522x17
          text run at (0,0) width 522: "Lucky affluent actor asks to feast on giant 10.34\" cheese-filled quiche in fjord."
      RenderBlock {DIV} at (0,4274) size 784x17
        RenderText {#text} at (0,0) size 522x17
          text run at (0,0) width 522: "Lucky affluent actor asks to feast on giant 10.34\" cheese-filled quiche in fjord."
      RenderBlock {DIV} at (0,4291) size 784x17
        RenderText {#text} at (0,0) size 522x17
          text run at (0,0) width 522: "Lucky affluent actor asks to feast on giant 10.34\" cheese-filled quiche in fjord."
      RenderBlock {DIV} at (0,4308) size 784x20
        RenderText {#text} at (0,0) size 503x19
          text run at (0,0) width 503: "Lucky affluent actor asks to feast on giant 10.34\" cheese-filled quiche in fjord."
      RenderBlock {DIV} at (0,4328) size 784x20
        RenderText {#text} at (0,0) size 503x19
          text run at (0,0) width 503: "Lucky affluent actor asks to feast on giant 10.34\" cheese-filled quiche in fjord."
      RenderBlock {DIV} at (0,4348) size 784x20
        RenderText {#text} at (0,0) size 503x19
          text run at (0,0) width 503: "Lucky affluent actor asks to feast on giant 10.34\" cheese-filled quiche in fjord."
      RenderBlock {DIV} at (0,4368) size 784x20
        RenderText {#text} at (0,0) size 503x19
          text run at (0,0) width 503: "Lucky affluent actor asks to feast on giant 10.34\" cheese-filled quiche in fjord."
      RenderBlock {DIV} at (0,4388) size 784x20
        RenderText {#text} at (0,0) size 503x19
          text run at (0,0) width 503: "Lucky affluent actor asks to feast on giant 10.34\" cheese-filled quiche in fjord."
      RenderBlock {DIV} at (0,4408) size 784x20
        RenderText {#text} at (0,0) size 503x19
          text run at (0,0) width 503: "Lucky affluent actor asks to feast on giant 10.34\" cheese-filled quiche in fjord."
      RenderBlock {DIV} at (0,4428) size 784x20
        RenderText {#text} at (0,0) size 503x19
          text run at (0,0) width 503: "Lucky affluent actor asks to feast on giant 10.34\" cheese-filled quiche in fjord."
      RenderBlock {DIV} at (0,4448) size 784x20
        RenderText {#text} at (0,0) size 503x19
          text run at (0,0) width 503: "Lucky affluent actor asks to feast on giant 10.34\" cheese-filled quiche in fjord."
      RenderBlock {DIV} at (0,4468) size 784x20
        RenderText {#text} at (0,0) size 503x19
          text run at (0,0) width 503: "Lucky affluent actor asks to feast on giant 10.34\" cheese-filled quiche in fjord."
      RenderBlock {DIV} at (0,4488) size 784x20
        RenderText {#text} at (0,0) size 503x19
          text run at (0,0) width 503: "Lucky affluent actor asks to feast on giant 10.34\" cheese-filled quiche in fjord."
      RenderBlock {DIV} at (0,4508) size 784x20
        RenderText {#text} at (0,0) size 503x19
          text run at (0,0) width 503: "Lucky affluent actor asks to feast on giant 10.34\" cheese-filled quiche in fjord."
      RenderBlock {DIV} at (0,4528) size 784x20
        RenderText {#text} at (0,0) size 503x19
          text run at (0,0) width 503: "Lucky affluent actor asks to feast on giant 10.34\" cheese-filled quiche in fjord."
      RenderBlock {DIV} at (0,4548) size 784x20
        RenderText {#text} at (0,0) size 503x19
          text run at (0,0) width 503: "Lucky affluent actor asks to feast on giant 10.34\" cheese-filled quiche in fjord."
      RenderBlock {DIV} at (0,4568) size 784x20
        RenderText {#text} at (0,0) size 503x19
          text run at (0,0) width 503: "Lucky affluent actor asks to feast on giant 10.34\" cheese-filled quiche in fjord."
      RenderBlock {DIV} at (0,4588) size 784x20
        RenderText {#text} at (0,0) size 503x19
          text run at (0,0) width 503: "Lucky affluent actor asks to feast on giant 10.34\" cheese-filled quiche in fjord."
      RenderBlock {DIV} at (0,4608) size 784x20
        RenderText {#text} at (0,0) size 503x19
          text run at (0,0) width 503: "Lucky affluent actor asks to feast on giant 10.34\" cheese-filled quiche in fjord."
      RenderBlock {DIV} at (0,4628) size 784x20
        RenderText {#text} at (0,0) size 503x19
          text run at (0,0) width 503: "Lucky affluent actor asks to feast on giant 10.34\" cheese-filled quiche in fjord."
      RenderBlock {DIV} at (0,4648) size 784x20
        RenderText {#text} at (0,0) size 503x19
          text run at (0,0) width 503: "Lucky affluent actor asks to feast on giant 10.34\" cheese-filled quiche in fjord."
      RenderBlock {DIV} at (0,4668) size 784x20
        RenderText {#text} at (0,0) size 503x19
          text run at (0,0) width 503: "Lucky affluent actor asks to feast on giant 10.34\" cheese-filled quiche in fjord."
      RenderBlock {DIV} at (0,4688) size 784x20
        RenderText {#text} at (0,0) size 503x19
          text run at (0,0) width 503: "Lucky affluent actor asks to feast on giant 10.34\" cheese-filled quiche in fjord."
      RenderBlock {DIV} at (0,4708) size 784x20
        RenderText {#text} at (0,0) size 503x19
          text run at (0,0) width 503: "Lucky affluent actor asks to feast on giant 10.34\" cheese-filled quiche in fjord."
      RenderBlock {DIV} at (0,4728) size 784x20
        RenderText {#text} at (0,0) size 503x19
          text run at (0,0) width 503: "Lucky affluent actor asks to feast on giant 10.34\" cheese-filled quiche in fjord."
      RenderBlock {DIV} at (0,4748) size 784x20
        RenderText {#text} at (0,0) size 503x19
          text run at (0,0) width 503: "Lucky affluent actor asks to feast on giant 10.34\" cheese-filled quiche in fjord."
      RenderBlock {DIV} at (0,4768) size 784x20
        RenderText {#text} at (0,0) size 503x19
          text run at (0,0) width 503: "Lucky affluent actor asks to feast on giant 10.34\" cheese-filled quiche in fjord."
      RenderBlock {DIV} at (0,4788) size 784x21
        RenderText {#text} at (0,0) size 633x21
          text run at (0,0) width 633: "Lucky affluent actor asks to feast on giant 10.34\" cheese-filled quiche in fjord."
      RenderBlock {DIV} at (0,4809) size 784x21
        RenderText {#text} at (0,0) size 633x21
          text run at (0,0) width 633: "Lucky affluent actor asks to feast on giant 10.34\" cheese-filled quiche in fjord."
      RenderBlock {DIV} at (0,4830) size 784x21
        RenderText {#text} at (0,0) size 633x21
          text run at (0,0) width 633: "Lucky affluent actor asks to feast on giant 10.34\" cheese-filled quiche in fjord."
      RenderBlock {DIV} at (0,4851) size 784x21
        RenderText {#text} at (0,0) size 633x21
          text run at (0,0) width 633: "Lucky affluent actor asks to feast on giant 10.34\" cheese-filled quiche in fjord."
      RenderBlock {DIV} at (0,4872) size 784x21
        RenderText {#text} at (0,0) size 633x21
          text run at (0,0) width 633: "Lucky affluent actor asks to feast on giant 10.34\" cheese-filled quiche in fjord."
      RenderBlock {DIV} at (0,4893) size 784x21
        RenderText {#text} at (0,0) size 633x21
          text run at (0,0) width 633: "Lucky affluent actor asks to feast on giant 10.34\" cheese-filled quiche in fjord."
      RenderBlock {DIV} at (0,4914) size 784x21
        RenderText {#text} at (0,0) size 633x21
          text run at (0,0) width 633: "Lucky affluent actor asks to feast on giant 10.34\" cheese-filled quiche in fjord."
      RenderBlock {DIV} at (0,4935) size 784x21
        RenderText {#text} at (0,0) size 633x21
          text run at (0,0) width 633: "Lucky affluent actor asks to feast on giant 10.34\" cheese-filled quiche in fjord."
      RenderBlock {DIV} at (0,4956) size 784x21
        RenderText {#text} at (0,0) size 633x21
          text run at (0,0) width 633: "Lucky affluent actor asks to feast on giant 10.34\" cheese-filled quiche in fjord."
      RenderBlock {DIV} at (0,4977) size 784x21
        RenderText {#text} at (0,0) size 633x21
          text run at (0,0) width 633: "Lucky affluent actor asks to feast on giant 10.34\" cheese-filled quiche in fjord."
      RenderBlock {DIV} at (0,4998) size 784x21
        RenderText {#text} at (0,0) size 633x21
          text run at (0,0) width 633: "Lucky affluent actor asks to feast on giant 10.34\" cheese-filled quiche in fjord."
      RenderBlock {DIV} at (0,5019) size 784x21
        RenderText {#text} at (0,0) size 633x21
          text run at (0,0) width 633: "Lucky affluent actor asks to feast on giant 10.34\" cheese-filled quiche in fjord."
      RenderBlock {DIV} at (0,5040) size 784x21
        RenderText {#text} at (0,0) size 633x21
          text run at (0,0) width 633: "Lucky affluent actor asks to feast on giant 10.34\" cheese-filled quiche in fjord."
      RenderBlock {DIV} at (0,5061) size 784x21
        RenderText {#text} at (0,0) size 633x21
          text run at (0,0) width 633: "Lucky affluent actor asks to feast on giant 10.34\" cheese-filled quiche in fjord."
      RenderBlock {DIV} at (0,5082) size 784x21
        RenderText {#text} at (0,0) size 633x21
          text run at (0,0) width 633: "Lucky affluent actor asks to feast on giant 10.34\" cheese-filled quiche in fjord."
      RenderBlock {DIV} at (0,5103) size 784x21
        RenderText {#text} at (0,0) size 633x21
          text run at (0,0) width 633: "Lucky affluent actor asks to feast on giant 10.34\" cheese-filled quiche in fjord."
      RenderBlock {DIV} at (0,5124) size 784x21
        RenderText {#text} at (0,0) size 633x21
          text run at (0,0) width 633: "Lucky affluent actor asks to feast on giant 10.34\" cheese-filled quiche in fjord."
      RenderBlock {DIV} at (0,5145) size 784x21
        RenderText {#text} at (0,0) size 633x21
          text run at (0,0) width 633: "Lucky affluent actor asks to feast on giant 10.34\" cheese-filled quiche in fjord."
      RenderBlock {DIV} at (0,5166) size 784x21
        RenderText {#text} at (0,0) size 633x21
          text run at (0,0) width 633: "Lucky affluent actor asks to feast on giant 10.34\" cheese-filled quiche in fjord."
      RenderBlock {DIV} at (0,5187) size 784x21
        RenderText {#text} at (0,0) size 633x21
          text run at (0,0) width 633: "Lucky affluent actor asks to feast on giant 10.34\" cheese-filled quiche in fjord."
      RenderBlock {DIV} at (0,5208) size 784x21
        RenderText {#text} at (0,0) size 633x21
          text run at (0,0) width 633: "Lucky affluent actor asks to feast on giant 10.34\" cheese-filled quiche in fjord."
      RenderBlock {DIV} at (0,5229) size 784x21
        RenderText {#text} at (0,0) size 633x21
          text run at (0,0) width 633: "Lucky affluent actor asks to feast on giant 10.34\" cheese-filled quiche in fjord."
      RenderBlock {DIV} at (0,5250) size 784x21
        RenderText {#text} at (0,0) size 633x21
          text run at (0,0) width 633: "Lucky affluent actor asks to feast on giant 10.34\" cheese-filled quiche in fjord."
      RenderBlock {DIV} at (0,5271) size 784x21
        RenderText {#text} at (0,0) size 633x21
          text run at (0,0) width 633: "Lucky affluent actor asks to feast on giant 10.34\" cheese-filled quiche in fjord."
      RenderBlock {DIV} at (0,5292) size 784x19
        RenderText {#text} at (0,0) size 781x19
          text run at (0,0) width 781: "Lucky affluent actor asks to feast on giant 10.34\" cheese-filled quiche in fjord."
      RenderBlock {DIV} at (0,5311) size 784x19
        RenderText {#text} at (0,0) size 781x19
          text run at (0,0) width 781: "Lucky affluent actor asks to feast on giant 10.34\" cheese-filled quiche in fjord."
      RenderBlock {DIV} at (0,5330) size 784x19
        RenderText {#text} at (0,0) size 781x19
          text run at (0,0) width 781: "Lucky affluent actor asks to feast on giant 10.34\" cheese-filled quiche in fjord."
      RenderBlock {DIV} at (0,5349) size 784x19
        RenderText {#text} at (0,0) size 781x19
          text run at (0,0) width 781: "Lucky affluent actor asks to feast on giant 10.34\" cheese-filled quiche in fjord."
      RenderBlock {DIV} at (0,5368) size 784x19
        RenderText {#text} at (0,0) size 781x19
          text run at (0,0) width 781: "Lucky affluent actor asks to feast on giant 10.34\" cheese-filled quiche in fjord."
      RenderBlock {DIV} at (0,5387) size 784x19
        RenderText {#text} at (0,0) size 781x19
          text run at (0,0) width 781: "Lucky affluent actor asks to feast on giant 10.34\" cheese-filled quiche in fjord."
      RenderBlock {DIV} at (0,5406) size 784x19
        RenderText {#text} at (0,0) size 781x19
          text run at (0,0) width 781: "Lucky affluent actor asks to feast on giant 10.34\" cheese-filled quiche in fjord."
      RenderBlock {DIV} at (0,5425) size 784x19
        RenderText {#text} at (0,0) size 781x19
          text run at (0,0) width 781: "Lucky affluent actor asks to feast on giant 10.34\" cheese-filled quiche in fjord."
      RenderBlock {DIV} at (0,5444) size 784x19
        RenderText {#text} at (0,0) size 781x19
          text run at (0,0) width 781: "Lucky affluent actor asks to feast on giant 10.34\" cheese-filled quiche in fjord."
      RenderBlock {DIV} at (0,5463) size 784x19
        RenderText {#text} at (0,0) size 781x19
          text run at (0,0) width 781: "Lucky affluent actor asks to feast on giant 10.34\" cheese-filled quiche in fjord."
      RenderBlock {DIV} at (0,5482) size 784x19
        RenderText {#text} at (0,0) size 781x19
          text run at (0,0) width 781: "Lucky affluent actor asks to feast on giant 10.34\" cheese-filled quiche in fjord."
      RenderBlock {DIV} at (0,5501) size 784x19
        RenderText {#text} at (0,0) size 781x19
          text run at (0,0) width 781: "Lucky affluent actor asks to feast on giant 10.34\" cheese-filled quiche in fjord."
      RenderBlock {DIV} at (0,5520) size 784x19
        RenderText {#text} at (0,0) size 781x19
          text run at (0,0) width 781: "Lucky affluent actor asks to feast on giant 10.34\" cheese-filled quiche in fjord."
      RenderBlock {DIV} at (0,5539) size 784x19
        RenderText {#text} at (0,0) size 781x19
          text run at (0,0) width 781: "Lucky affluent actor asks to feast on giant 10.34\" cheese-filled quiche in fjord."
      RenderBlock {DIV} at (0,5558) size 784x19
        RenderText {#text} at (0,0) size 781x19
          text run at (0,0) width 781: "Lucky affluent actor asks to feast on giant 10.34\" cheese-filled quiche in fjord."
      RenderBlock {DIV} at (0,5577) size 784x19
        RenderText {#text} at (0,0) size 781x19
          text run at (0,0) width 781: "Lucky affluent actor asks to feast on giant 10.34\" cheese-filled quiche in fjord."
      RenderBlock {DIV} at (0,5596) size 784x19
        RenderText {#text} at (0,0) size 781x19
          text run at (0,0) width 781: "Lucky affluent actor asks to feast on giant 10.34\" cheese-filled quiche in fjord."
      RenderBlock {DIV} at (0,5615) size 784x19
        RenderText {#text} at (0,0) size 781x19
          text run at (0,0) width 781: "Lucky affluent actor asks to feast on giant 10.34\" cheese-filled quiche in fjord."
      RenderBlock {DIV} at (0,5634) size 784x19
        RenderText {#text} at (0,0) size 781x19
          text run at (0,0) width 781: "Lucky affluent actor asks to feast on giant 10.34\" cheese-filled quiche in fjord."
      RenderBlock {DIV} at (0,5653) size 784x19
        RenderText {#text} at (0,0) size 781x19
          text run at (0,0) width 781: "Lucky affluent actor asks to feast on giant 10.34\" cheese-filled quiche in fjord."
      RenderBlock {DIV} at (0,5672) size 784x19
        RenderText {#text} at (0,0) size 781x19
          text run at (0,0) width 781: "Lucky affluent actor asks to feast on giant 10.34\" cheese-filled quiche in fjord."
      RenderBlock {DIV} at (0,5691) size 784x19
        RenderText {#text} at (0,0) size 781x19
          text run at (0,0) width 781: "Lucky affluent actor asks to feast on giant 10.34\" cheese-filled quiche in fjord."
      RenderBlock {DIV} at (0,5710) size 784x19
        RenderText {#text} at (0,0) size 781x19
          text run at (0,0) width 781: "Lucky affluent actor asks to feast on giant 10.34\" cheese-filled quiche in fjord."
      RenderBlock {DIV} at (0,5729) size 784x19
        RenderText {#text} at (0,0) size 781x19
          text run at (0,0) width 781: "Lucky affluent actor asks to feast on giant 10.34\" cheese-filled quiche in fjord."
      RenderBlock {DIV} at (0,5748) size 784x17
        RenderText {#text} at (0,0) size 778x17
          text run at (0,0) width 778: "Lucky affluent actor asks to feast on giant 10.34\" cheese-filled quiche in fjord."
      RenderBlock {DIV} at (0,5765) size 784x17
        RenderText {#text} at (0,0) size 778x17
          text run at (0,0) width 778: "Lucky affluent actor asks to feast on giant 10.34\" cheese-filled quiche in fjord."
      RenderBlock {DIV} at (0,5782) size 784x17
        RenderText {#text} at (0,0) size 778x17
          text run at (0,0) width 778: "Lucky affluent actor asks to feast on giant 10.34\" cheese-filled quiche in fjord."
      RenderBlock {DIV} at (0,5799) size 784x17
        RenderText {#text} at (0,0) size 778x17
          text run at (0,0) width 778: "Lucky affluent actor asks to feast on giant 10.34\" cheese-filled quiche in fjord."
      RenderBlock {DIV} at (0,5816) size 784x17
        RenderText {#text} at (0,0) size 778x17
          text run at (0,0) width 778: "Lucky affluent actor asks to feast on giant 10.34\" cheese-filled quiche in fjord."
      RenderBlock {DIV} at (0,5833) size 784x17
        RenderText {#text} at (0,0) size 759x17
          text run at (0,0) width 759: "Lucky affluent actor asks to feast on giant 10.34\" cheese-filled quiche in fjord."
      RenderBlock {DIV} at (0,5850) size 784x17
        RenderText {#text} at (0,0) size 778x17
          text run at (0,0) width 778: "Lucky affluent actor asks to feast on giant 10.34\" cheese-filled quiche in fjord."
      RenderBlock {DIV} at (0,5867) size 784x17
        RenderText {#text} at (0,0) size 778x17
          text run at (0,0) width 778: "Lucky affluent actor asks to feast on giant 10.34\" cheese-filled quiche in fjord."
      RenderBlock {DIV} at (0,5884) size 784x17
        RenderText {#text} at (0,0) size 759x17
          text run at (0,0) width 759: "Lucky affluent actor asks to feast on giant 10.34\" cheese-filled quiche in fjord."
      RenderBlock {DIV} at (0,5901) size 784x17
        RenderText {#text} at (0,0) size 778x17
          text run at (0,0) width 778: "Lucky affluent actor asks to feast on giant 10.34\" cheese-filled quiche in fjord."
      RenderBlock {DIV} at (0,5918) size 784x17
        RenderText {#text} at (0,0) size 778x17
          text run at (0,0) width 778: "Lucky affluent actor asks to feast on giant 10.34\" cheese-filled quiche in fjord."
      RenderBlock {DIV} at (0,5935) size 784x17
        RenderText {#text} at (0,0) size 778x17
          text run at (0,0) width 778: "Lucky affluent actor asks to feast on giant 10.34\" cheese-filled quiche in fjord."
      RenderBlock {DIV} at (0,5952) size 784x17
        RenderText {#text} at (0,0) size 778x17
          text run at (0,0) width 778: "Lucky affluent actor asks to feast on giant 10.34\" cheese-filled quiche in fjord."
      RenderBlock {DIV} at (0,5969) size 784x17
        RenderText {#text} at (0,0) size 778x17
          text run at (0,0) width 778: "Lucky affluent actor asks to feast on giant 10.34\" cheese-filled quiche in fjord."
      RenderBlock {DIV} at (0,5986) size 784x17
        RenderText {#text} at (0,0) size 778x17
          text run at (0,0) width 778: "Lucky affluent actor asks to feast on giant 10.34\" cheese-filled quiche in fjord."
      RenderBlock {DIV} at (0,6003) size 784x17
        RenderText {#text} at (0,0) size 778x17
          text run at (0,0) width 778: "Lucky affluent actor asks to feast on giant 10.34\" cheese-filled quiche in fjord."
      RenderBlock {DIV} at (0,6020) size 784x17
        RenderText {#text} at (0,0) size 778x17
          text run at (0,0) width 778: "Lucky affluent actor asks to feast on giant 10.34\" cheese-filled quiche in fjord."
      RenderBlock {DIV} at (0,6037) size 784x17
        RenderText {#text} at (0,0) size 778x17
          text run at (0,0) width 778: "Lucky affluent actor asks to feast on giant 10.34\" cheese-filled quiche in fjord."
      RenderBlock {DIV} at (0,6054) size 784x17
        RenderText {#text} at (0,0) size 778x17
          text run at (0,0) width 778: "Lucky affluent actor asks to feast on giant 10.34\" cheese-filled quiche in fjord."
      RenderBlock {DIV} at (0,6071) size 784x17
        RenderText {#text} at (0,0) size 778x17
          text run at (0,0) width 778: "Lucky affluent actor asks to feast on giant 10.34\" cheese-filled quiche in fjord."
      RenderBlock {DIV} at (0,6088) size 784x17
        RenderText {#text} at (0,0) size 778x17
          text run at (0,0) width 778: "Lucky affluent actor asks to feast on giant 10.34\" cheese-filled quiche in fjord."
      RenderBlock {DIV} at (0,6105) size 784x17
        RenderText {#text} at (0,0) size 778x17
          text run at (0,0) width 778: "Lucky affluent actor asks to feast on giant 10.34\" cheese-filled quiche in fjord."
      RenderBlock {DIV} at (0,6122) size 784x17
        RenderText {#text} at (0,0) size 778x17
          text run at (0,0) width 778: "Lucky affluent actor asks to feast on giant 10.34\" cheese-filled quiche in fjord."
      RenderBlock {DIV} at (0,6139) size 784x17
        RenderText {#text} at (0,0) size 778x17
          text run at (0,0) width 778: "Lucky affluent actor asks to feast on giant 10.34\" cheese-filled quiche in fjord."
      RenderBlock {DIV} at (0,6156) size 784x21
        RenderText {#text} at (0,0) size 534x20
          text run at (0,0) width 534: "Lucky affluent actor asks to feast on giant 10.34\" cheese-filled quiche in fjord."
      RenderBlock {DIV} at (0,6177) size 784x21
        RenderText {#text} at (0,0) size 534x20
          text run at (0,0) width 534: "Lucky affluent actor asks to feast on giant 10.34\" cheese-filled quiche in fjord."
      RenderBlock {DIV} at (0,6198) size 784x21
        RenderText {#text} at (0,0) size 534x20
          text run at (0,0) width 534: "Lucky affluent actor asks to feast on giant 10.34\" cheese-filled quiche in fjord."
      RenderBlock {DIV} at (0,6219) size 784x21
        RenderText {#text} at (0,0) size 534x20
          text run at (0,0) width 534: "Lucky affluent actor asks to feast on giant 10.34\" cheese-filled quiche in fjord."
      RenderBlock {DIV} at (0,6240) size 784x21
        RenderText {#text} at (0,0) size 534x20
          text run at (0,0) width 534: "Lucky affluent actor asks to feast on giant 10.34\" cheese-filled quiche in fjord."
      RenderBlock {DIV} at (0,6261) size 784x21
        RenderText {#text} at (0,0) size 534x20
          text run at (0,0) width 534: "Lucky affluent actor asks to feast on giant 10.34\" cheese-filled quiche in fjord."
      RenderBlock {DIV} at (0,6282) size 784x21
        RenderText {#text} at (0,0) size 534x20
          text run at (0,0) width 534: "Lucky affluent actor asks to feast on giant 10.34\" cheese-filled quiche in fjord."
      RenderBlock {DIV} at (0,6303) size 784x21
        RenderText {#text} at (0,0) size 534x20
          text run at (0,0) width 534: "Lucky affluent actor asks to feast on giant 10.34\" cheese-filled quiche in fjord."
      RenderBlock {DIV} at (0,6324) size 784x21
        RenderText {#text} at (0,0) size 534x20
          text run at (0,0) width 534: "Lucky affluent actor asks to feast on giant 10.34\" cheese-filled quiche in fjord."
      RenderBlock {DIV} at (0,6345) size 784x21
        RenderText {#text} at (0,0) size 534x20
          text run at (0,0) width 534: "Lucky affluent actor asks to feast on giant 10.34\" cheese-filled quiche in fjord."
      RenderBlock {DIV} at (0,6366) size 784x21
        RenderText {#text} at (0,0) size 534x20
          text run at (0,0) width 534: "Lucky affluent actor asks to feast on giant 10.34\" cheese-filled quiche in fjord."
      RenderBlock {DIV} at (0,6387) size 784x21
        RenderText {#text} at (0,0) size 534x20
          text run at (0,0) width 534: "Lucky affluent actor asks to feast on giant 10.34\" cheese-filled quiche in fjord."
      RenderBlock {DIV} at (0,6408) size 784x21
        RenderText {#text} at (0,0) size 534x20
          text run at (0,0) width 534: "Lucky affluent actor asks to feast on giant 10.34\" cheese-filled quiche in fjord."
      RenderBlock {DIV} at (0,6429) size 784x21
        RenderText {#text} at (0,0) size 534x20
          text run at (0,0) width 534: "Lucky affluent actor asks to feast on giant 10.34\" cheese-filled quiche in fjord."
      RenderBlock {DIV} at (0,6450) size 784x21
        RenderText {#text} at (0,0) size 534x20
          text run at (0,0) width 534: "Lucky affluent actor asks to feast on giant 10.34\" cheese-filled quiche in fjord."
      RenderBlock {DIV} at (0,6471) size 784x21
        RenderText {#text} at (0,0) size 534x20
          text run at (0,0) width 534: "Lucky affluent actor asks to feast on giant 10.34\" cheese-filled quiche in fjord."
      RenderBlock {DIV} at (0,6492) size 784x21
        RenderText {#text} at (0,0) size 534x20
          text run at (0,0) width 534: "Lucky affluent actor asks to feast on giant 10.34\" cheese-filled quiche in fjord."
      RenderBlock {DIV} at (0,6513) size 784x21
        RenderText {#text} at (0,0) size 534x20
          text run at (0,0) width 534: "Lucky affluent actor asks to feast on giant 10.34\" cheese-filled quiche in fjord."
      RenderBlock {DIV} at (0,6534) size 784x21
        RenderText {#text} at (0,0) size 534x20
          text run at (0,0) width 534: "Lucky affluent actor asks to feast on giant 10.34\" cheese-filled quiche in fjord."
      RenderBlock {DIV} at (0,6555) size 784x21
        RenderText {#text} at (0,0) size 534x20
          text run at (0,0) width 534: "Lucky affluent actor asks to feast on giant 10.34\" cheese-filled quiche in fjord."
      RenderBlock {DIV} at (0,6576) size 784x21
        RenderText {#text} at (0,0) size 534x20
          text run at (0,0) width 534: "Lucky affluent actor asks to feast on giant 10.34\" cheese-filled quiche in fjord."
      RenderBlock {DIV} at (0,6597) size 784x21
        RenderText {#text} at (0,0) size 534x20
          text run at (0,0) width 534: "Lucky affluent actor asks to feast on giant 10.34\" cheese-filled quiche in fjord."
      RenderBlock {DIV} at (0,6618) size 784x21
        RenderText {#text} at (0,0) size 534x20
          text run at (0,0) width 534: "Lucky affluent actor asks to feast on giant 10.34\" cheese-filled quiche in fjord."
      RenderBlock {DIV} at (0,6639) size 784x21
        RenderText {#text} at (0,0) size 534x20
          text run at (0,0) width 534: "Lucky affluent actor asks to feast on giant 10.34\" cheese-filled quiche in fjord."
      RenderBlock {DIV} at (0,6660) size 784x20
        RenderText {#text} at (0,0) size 503x19
          text run at (0,0) width 503: "Lucky affluent actor asks to feast on giant 10.34\" cheese-filled quiche in fjord."
      RenderBlock {DIV} at (0,6680) size 784x20
        RenderText {#text} at (0,0) size 503x19
          text run at (0,0) width 503: "Lucky affluent actor asks to feast on giant 10.34\" cheese-filled quiche in fjord."
      RenderBlock {DIV} at (0,6700) size 784x20
        RenderText {#text} at (0,0) size 503x19
          text run at (0,0) width 503: "Lucky affluent actor asks to feast on giant 10.34\" cheese-filled quiche in fjord."
      RenderBlock {DIV} at (0,6720) size 784x20
        RenderText {#text} at (0,0) size 503x19
          text run at (0,0) width 503: "Lucky affluent actor asks to feast on giant 10.34\" cheese-filled quiche in fjord."
      RenderBlock {DIV} at (0,6740) size 784x20
        RenderText {#text} at (0,0) size 503x19
          text run at (0,0) width 503: "Lucky affluent actor asks to feast on giant 10.34\" cheese-filled quiche in fjord."
      RenderBlock {DIV} at (0,6760) size 784x20
        RenderText {#text} at (0,0) size 503x19
          text run at (0,0) width 503: "Lucky affluent actor asks to feast on giant 10.34\" cheese-filled quiche in fjord."
      RenderBlock {DIV} at (0,6780) size 784x20
        RenderText {#text} at (0,0) size 503x19
          text run at (0,0) width 503: "Lucky affluent actor asks to feast on giant 10.34\" cheese-filled quiche in fjord."
      RenderBlock {DIV} at (0,6800) size 784x20
        RenderText {#text} at (0,0) size 503x19
          text run at (0,0) width 503: "Lucky affluent actor asks to feast on giant 10.34\" cheese-filled quiche in fjord."
      RenderBlock {DIV} at (0,6820) size 784x20
        RenderText {#text} at (0,0) size 503x19
          text run at (0,0) width 503: "Lucky affluent actor asks to feast on giant 10.34\" cheese-filled quiche in fjord."
      RenderBlock {DIV} at (0,6840) size 784x20
        RenderText {#text} at (0,0) size 503x19
          text run at (0,0) width 503: "Lucky affluent actor asks to feast on giant 10.34\" cheese-filled quiche in fjord."
      RenderBlock {DIV} at (0,6860) size 784x20
        RenderText {#text} at (0,0) size 503x19
          text run at (0,0) width 503: "Lucky affluent actor asks to feast on giant 10.34\" cheese-filled quiche in fjord."
      RenderBlock {DIV} at (0,6880) size 784x20
        RenderText {#text} at (0,0) size 503x19
          text run at (0,0) width 503: "Lucky affluent actor asks to feast on giant 10.34\" cheese-filled quiche in fjord."
      RenderBlock {DIV} at (0,6900) size 784x20
        RenderText {#text} at (0,0) size 503x19
          text run at (0,0) width 503: "Lucky affluent actor asks to feast on giant 10.34\" cheese-filled quiche in fjord."
      RenderBlock {DIV} at (0,6920) size 784x20
        RenderText {#text} at (0,0) size 503x19
          text run at (0,0) width 503: "Lucky affluent actor asks to feast on giant 10.34\" cheese-filled quiche in fjord."
      RenderBlock {DIV} at (0,6940) size 784x20
        RenderText {#text} at (0,0) size 503x19
          text run at (0,0) width 503: "Lucky affluent actor asks to feast on giant 10.34\" cheese-filled quiche in fjord."
      RenderBlock {DIV} at (0,6960) size 784x20
        RenderText {#text} at (0,0) size 503x19
          text run at (0,0) width 503: "Lucky affluent actor asks to feast on giant 10.34\" cheese-filled quiche in fjord."
      RenderBlock {DIV} at (0,6980) size 784x20
        RenderText {#text} at (0,0) size 503x19
          text run at (0,0) width 503: "Lucky affluent actor asks to feast on giant 10.34\" cheese-filled quiche in fjord."
      RenderBlock {DIV} at (0,7000) size 784x20
        RenderText {#text} at (0,0) size 503x19
          text run at (0,0) width 503: "Lucky affluent actor asks to feast on giant 10.34\" cheese-filled quiche in fjord."
      RenderBlock {DIV} at (0,7020) size 784x20
        RenderText {#text} at (0,0) size 503x19
          text run at (0,0) width 503: "Lucky affluent actor asks to feast on giant 10.34\" cheese-filled quiche in fjord."
      RenderBlock {DIV} at (0,7040) size 784x20
        RenderText {#text} at (0,0) size 503x19
          text run at (0,0) width 503: "Lucky affluent actor asks to feast on giant 10.34\" cheese-filled quiche in fjord."
      RenderBlock {DIV} at (0,7060) size 784x20
        RenderText {#text} at (0,0) size 503x19
          text run at (0,0) width 503: "Lucky affluent actor asks to feast on giant 10.34\" cheese-filled quiche in fjord."
      RenderBlock {DIV} at (0,7080) size 784x20
        RenderText {#text} at (0,0) size 503x19
          text run at (0,0) width 503: "Lucky affluent actor asks to feast on giant 10.34\" cheese-filled quiche in fjord."
      RenderBlock {DIV} at (0,7100) size 784x20
        RenderText {#text} at (0,0) size 503x19
          text run at (0,0) width 503: "Lucky affluent actor asks to feast on giant 10.34\" cheese-filled quiche in fjord."
      RenderBlock {DIV} at (0,7120) size 784x20
        RenderText {#text} at (0,0) size 503x19
          text run at (0,0) width 503: "Lucky affluent actor asks to feast on giant 10.34\" cheese-filled quiche in fjord."
      RenderBlock {DIV} at (0,7140) size 784x20
        RenderText {#text} at (0,0) size 503x19
          text run at (0,0) width 503: "Lucky affluent actor asks to feast on giant 10.34\" cheese-filled quiche in fjord."
      RenderBlock {DIV} at (0,7160) size 784x20
        RenderText {#text} at (0,0) size 503x19
          text run at (0,0) width 503: "Lucky affluent actor asks to feast on giant 10.34\" cheese-filled quiche in fjord."
      RenderBlock {DIV} at (0,7180) size 784x20
        RenderText {#text} at (0,0) size 503x19
          text run at (0,0) width 503: "Lucky affluent actor asks to feast on giant 10.34\" cheese-filled quiche in fjord."
      RenderBlock {DIV} at (0,7200) size 784x20
        RenderText {#text} at (0,0) size 503x19
          text run at (0,0) width 503: "Lucky affluent actor asks to feast on giant 10.34\" cheese-filled quiche in fjord."
      RenderBlock {DIV} at (0,7220) size 784x20
        RenderText {#text} at (0,0) size 503x19
          text run at (0,0) width 503: "Lucky affluent actor asks to feast on giant 10.34\" cheese-filled quiche in fjord."
      RenderBlock {DIV} at (0,7240) size 784x20
        RenderText {#text} at (0,0) size 503x19
          text run at (0,0) width 503: "Lucky affluent actor asks to feast on giant 10.34\" cheese-filled quiche in fjord."
      RenderBlock {DIV} at (0,7260) size 784x20
        RenderText {#text} at (0,0) size 503x19
          text run at (0,0) width 503: "Lucky affluent actor asks to feast on giant 10.34\" cheese-filled quiche in fjord."
      RenderBlock {DIV} at (0,7280) size 784x20
        RenderText {#text} at (0,0) size 503x19
          text run at (0,0) width 503: "Lucky affluent actor asks to feast on giant 10.34\" cheese-filled quiche in fjord."
      RenderBlock {DIV} at (0,7300) size 784x20
        RenderText {#text} at (0,0) size 503x19
          text run at (0,0) width 503: "Lucky affluent actor asks to feast on giant 10.34\" cheese-filled quiche in fjord."
      RenderBlock {DIV} at (0,7320) size 784x20
        RenderText {#text} at (0,0) size 503x19
          text run at (0,0) width 503: "Lucky affluent actor asks to feast on giant 10.34\" cheese-filled quiche in fjord."
      RenderBlock {DIV} at (0,7340) size 784x20
        RenderText {#text} at (0,0) size 503x19
          text run at (0,0) width 503: "Lucky affluent actor asks to feast on giant 10.34\" cheese-filled quiche in fjord."
      RenderBlock {DIV} at (0,7360) size 784x20
        RenderText {#text} at (0,0) size 503x19
          text run at (0,0) width 503: "Lucky affluent actor asks to feast on giant 10.34\" cheese-filled quiche in fjord."
      RenderBlock {DIV} at (0,7380) size 784x20
        RenderText {#text} at (0,0) size 503x19
          text run at (0,0) width 503: "Lucky affluent actor asks to feast on giant 10.34\" cheese-filled quiche in fjord."
      RenderBlock {DIV} at (0,7400) size 784x20
        RenderText {#text} at (0,0) size 503x19
          text run at (0,0) width 503: "Lucky affluent actor asks to feast on giant 10.34\" cheese-filled quiche in fjord."
      RenderBlock {DIV} at (0,7420) size 784x20
        RenderText {#text} at (0,0) size 503x19
          text run at (0,0) width 503: "Lucky affluent actor asks to feast on giant 10.34\" cheese-filled quiche in fjord."
      RenderBlock {DIV} at (0,7440) size 784x20
        RenderText {#text} at (0,0) size 503x19
          text run at (0,0) width 503: "Lucky affluent actor asks to feast on giant 10.34\" cheese-filled quiche in fjord."
      RenderBlock {DIV} at (0,7460) size 784x20
        RenderText {#text} at (0,0) size 503x19
          text run at (0,0) width 503: "Lucky affluent actor asks to feast on giant 10.34\" cheese-filled quiche in fjord."
      RenderBlock {DIV} at (0,7480) size 784x20
        RenderText {#text} at (0,0) size 503x19
          text run at (0,0) width 503: "Lucky affluent actor asks to feast on giant 10.34\" cheese-filled quiche in fjord."
      RenderBlock {DIV} at (0,7500) size 784x20
        RenderText {#text} at (0,0) size 503x19
          text run at (0,0) width 503: "Lucky affluent actor asks to feast on giant 10.34\" cheese-filled quiche in fjord."
      RenderBlock {DIV} at (0,7520) size 784x20
        RenderText {#text} at (0,0) size 503x19
          text run at (0,0) width 503: "Lucky affluent actor asks to feast on giant 10.34\" cheese-filled quiche in fjord."
      RenderBlock {DIV} at (0,7540) size 784x20
        RenderText {#text} at (0,0) size 503x19
          text run at (0,0) width 503: "Lucky affluent actor asks to feast on giant 10.34\" cheese-filled quiche in fjord."
      RenderBlock {DIV} at (0,7560) size 784x20
        RenderText {#text} at (0,0) size 503x19
          text run at (0,0) width 503: "Lucky affluent actor asks to feast on giant 10.34\" cheese-filled quiche in fjord."
      RenderBlock {DIV} at (0,7580) size 784x20
        RenderText {#text} at (0,0) size 503x19
          text run at (0,0) width 503: "Lucky affluent actor asks to feast on giant 10.34\" cheese-filled quiche in fjord."
      RenderBlock {DIV} at (0,7600) size 784x20
        RenderText {#text} at (0,0) size 503x19
          text run at (0,0) width 503: "Lucky affluent actor asks to feast on giant 10.34\" cheese-filled quiche in fjord."
      RenderBlock {DIV} at (0,7620) size 784x21
        RenderText {#text} at (0,0) size 633x21
          text run at (0,0) width 633: "Lucky affluent actor asks to feast on giant 10.34\" cheese-filled quiche in fjord."
      RenderBlock {DIV} at (0,7641) size 784x21
        RenderText {#text} at (0,0) size 633x21
          text run at (0,0) width 633: "Lucky affluent actor asks to feast on giant 10.34\" cheese-filled quiche in fjord."
      RenderBlock {DIV} at (0,7662) size 784x21
        RenderText {#text} at (0,0) size 633x21
          text run at (0,0) width 633: "Lucky affluent actor asks to feast on giant 10.34\" cheese-filled quiche in fjord."
      RenderBlock {DIV} at (0,7683) size 784x21
        RenderText {#text} at (0,0) size 633x21
          text run at (0,0) width 633: "Lucky affluent actor asks to feast on giant 10.34\" cheese-filled quiche in fjord."
      RenderBlock {DIV} at (0,7704) size 784x21
        RenderText {#text} at (0,0) size 633x21
          text run at (0,0) width 633: "Lucky affluent actor asks to feast on giant 10.34\" cheese-filled quiche in fjord."
      RenderBlock {DIV} at (0,7725) size 784x21
        RenderText {#text} at (0,0) size 633x21
          text run at (0,0) width 633: "Lucky affluent actor asks to feast on giant 10.34\" cheese-filled quiche in fjord."
      RenderBlock {DIV} at (0,7746) size 784x21
        RenderText {#text} at (0,0) size 633x21
          text run at (0,0) width 633: "Lucky affluent actor asks to feast on giant 10.34\" cheese-filled quiche in fjord."
      RenderBlock {DIV} at (0,7767) size 784x21
        RenderText {#text} at (0,0) size 633x21
          text run at (0,0) width 633: "Lucky affluent actor asks to feast on giant 10.34\" cheese-filled quiche in fjord."
      RenderBlock {DIV} at (0,7788) size 784x21
        RenderText {#text} at (0,0) size 633x21
          text run at (0,0) width 633: "Lucky affluent actor asks to feast on giant 10.34\" cheese-filled quiche in fjord."
      RenderBlock {DIV} at (0,7809) size 784x21
        RenderText {#text} at (0,0) size 633x21
          text run at (0,0) width 633: "Lucky affluent actor asks to feast on giant 10.34\" cheese-filled quiche in fjord."
      RenderBlock {DIV} at (0,7830) size 784x21
        RenderText {#text} at (0,0) size 633x21
          text run at (0,0) width 633: "Lucky affluent actor asks to feast on giant 10.34\" cheese-filled quiche in fjord."
      RenderBlock {DIV} at (0,7851) size 784x21
        RenderText {#text} at (0,0) size 633x21
          text run at (0,0) width 633: "Lucky affluent actor asks to feast on giant 10.34\" cheese-filled quiche in fjord."
      RenderBlock {DIV} at (0,7872) size 784x21
        RenderText {#text} at (0,0) size 633x21
          text run at (0,0) width 633: "Lucky affluent actor asks to feast on giant 10.34\" cheese-filled quiche in fjord."
      RenderBlock {DIV} at (0,7893) size 784x21
        RenderText {#text} at (0,0) size 633x21
          text run at (0,0) width 633: "Lucky affluent actor asks to feast on giant 10.34\" cheese-filled quiche in fjord."
      RenderBlock {DIV} at (0,7914) size 784x21
        RenderText {#text} at (0,0) size 633x21
          text run at (0,0) width 633: "Lucky affluent actor asks to feast on giant 10.34\" cheese-filled quiche in fjord."
      RenderBlock {DIV} at (0,7935) size 784x21
        RenderText {#text} at (0,0) size 633x21
          text run at (0,0) width 633: "Lucky affluent actor asks to feast on giant 10.34\" cheese-filled quiche in fjord."
      RenderBlock {DIV} at (0,7956) size 784x21
        RenderText {#text} at (0,0) size 633x21
          text run at (0,0) width 633: "Lucky affluent actor asks to feast on giant 10.34\" cheese-filled quiche in fjord."
      RenderBlock {DIV} at (0,7977) size 784x21
        RenderText {#text} at (0,0) size 633x21
          text run at (0,0) width 633: "Lucky affluent actor asks to feast on giant 10.34\" cheese-filled quiche in fjord."
      RenderBlock {DIV} at (0,7998) size 784x21
        RenderText {#text} at (0,0) size 633x21
          text run at (0,0) width 633: "Lucky affluent actor asks to feast on giant 10.34\" cheese-filled quiche in fjord."
      RenderBlock {DIV} at (0,8019) size 784x21
        RenderText {#text} at (0,0) size 633x21
          text run at (0,0) width 633: "Lucky affluent actor asks to feast on giant 10.34\" cheese-filled quiche in fjord."
      RenderBlock {DIV} at (0,8040) size 784x21
        RenderText {#text} at (0,0) size 633x21
          text run at (0,0) width 633: "Lucky affluent actor asks to feast on giant 10.34\" cheese-filled quiche in fjord."
      RenderBlock {DIV} at (0,8061) size 784x21
        RenderText {#text} at (0,0) size 633x21
          text run at (0,0) width 633: "Lucky affluent actor asks to feast on giant 10.34\" cheese-filled quiche in fjord."
      RenderBlock {DIV} at (0,8082) size 784x21
        RenderText {#text} at (0,0) size 633x21
          text run at (0,0) width 633: "Lucky affluent actor asks to feast on giant 10.34\" cheese-filled quiche in fjord."
      RenderBlock {DIV} at (0,8103) size 784x21
        RenderText {#text} at (0,0) size 633x21
          text run at (0,0) width 633: "Lucky affluent actor asks to feast on giant 10.34\" cheese-filled quiche in fjord."
      RenderBlock {DIV} at (0,8124) size 784x55
        RenderText {#text} at (0,0) size 764x55
          text run at (0,0) width 764: "Lucky affluent actor asks to feast on giant 10.34\" cheese-filled quiche in fjord."
      RenderBlock {DIV} at (0,8179) size 784x55
        RenderText {#text} at (0,0) size 764x55
          text run at (0,0) width 764: "Lucky affluent actor asks to feast on giant 10.34\" cheese-filled quiche in fjord."
      RenderBlock {DIV} at (0,8234) size 784x55
        RenderText {#text} at (0,0) size 764x55
          text run at (0,0) width 764: "Lucky affluent actor asks to feast on giant 10.34\" cheese-filled quiche in fjord."
      RenderBlock {DIV} at (0,8289) size 784x55
        RenderText {#text} at (0,0) size 764x55
          text run at (0,0) width 764: "Lucky affluent actor asks to feast on giant 10.34\" cheese-filled quiche in fjord."
      RenderBlock {DIV} at (0,8344) size 784x55
        RenderText {#text} at (0,0) size 764x55
          text run at (0,0) width 764: "Lucky affluent actor asks to feast on giant 10.34\" cheese-filled quiche in fjord."
      RenderBlock {DIV} at (0,8399) size 784x55
        RenderText {#text} at (0,0) size 764x55
          text run at (0,0) width 764: "Lucky affluent actor asks to feast on giant 10.34\" cheese-filled quiche in fjord."
      RenderBlock {DIV} at (0,8454) size 784x55
        RenderText {#text} at (0,0) size 764x55
          text run at (0,0) width 764: "Lucky affluent actor asks to feast on giant 10.34\" cheese-filled quiche in fjord."
      RenderBlock {DIV} at (0,8509) size 784x55
        RenderText {#text} at (0,0) size 764x55
          text run at (0,0) width 764: "Lucky affluent actor asks to feast on giant 10.34\" cheese-filled quiche in fjord."
      RenderBlock {DIV} at (0,8564) size 784x55
        RenderText {#text} at (0,0) size 764x55
          text run at (0,0) width 764: "Lucky affluent actor asks to feast on giant 10.34\" cheese-filled quiche in fjord."
      RenderBlock {DIV} at (0,8619) size 784x55
        RenderText {#text} at (0,0) size 764x55
          text run at (0,0) width 764: "Lucky affluent actor asks to feast on giant 10.34\" cheese-filled quiche in fjord."
      RenderBlock {DIV} at (0,8674) size 784x55
        RenderText {#text} at (0,0) size 764x55
          text run at (0,0) width 764: "Lucky affluent actor asks to feast on giant 10.34\" cheese-filled quiche in fjord."
      RenderBlock {DIV} at (0,8729) size 784x55
        RenderText {#text} at (0,0) size 764x55
          text run at (0,0) width 764: "Lucky affluent actor asks to feast on giant 10.34\" cheese-filled quiche in fjord."
      RenderBlock {DIV} at (0,8784) size 784x55
        RenderText {#text} at (0,0) size 764x55
          text run at (0,0) width 764: "Lucky affluent actor asks to feast on giant 10.34\" cheese-filled quiche in fjord."
      RenderBlock {DIV} at (0,8839) size 784x55
        RenderText {#text} at (0,0) size 764x55
          text run at (0,0) width 764: "Lucky affluent actor asks to feast on giant 10.34\" cheese-filled quiche in fjord."
      RenderBlock {DIV} at (0,8894) size 784x55
        RenderText {#text} at (0,0) size 764x55
          text run at (0,0) width 764: "Lucky affluent actor asks to feast on giant 10.34\" cheese-filled quiche in fjord."
      RenderBlock {DIV} at (0,8949) size 784x55
        RenderText {#text} at (0,0) size 764x55
          text run at (0,0) width 764: "Lucky affluent actor asks to feast on giant 10.34\" cheese-filled quiche in fjord."
      RenderBlock {DIV} at (0,9004) size 784x55
        RenderText {#text} at (0,0) size 764x55
          text run at (0,0) width 764: "Lucky affluent actor asks to feast on giant 10.34\" cheese-filled quiche in fjord."
      RenderBlock {DIV} at (0,9059) size 784x55
        RenderText {#text} at (0,0) size 764x55
          text run at (0,0) width 764: "Lucky affluent actor asks to feast on giant 10.34\" cheese-filled quiche in fjord."
      RenderBlock {DIV} at (0,9114) size 784x55
        RenderText {#text} at (0,0) size 764x55
          text run at (0,0) width 764: "Lucky affluent actor asks to feast on giant 10.34\" cheese-filled quiche in fjord."
      RenderBlock {DIV} at (0,9169) size 784x55
        RenderText {#text} at (0,0) size 757x55
          text run at (0,0) width 757: "Lucky affluent actor asks to feast on giant 10.34\" cheese-filled quiche in fjord."
      RenderBlock {DIV} at (0,9224) size 784x55
        RenderText {#text} at (0,0) size 764x55
          text run at (0,0) width 764: "Lucky affluent actor asks to feast on giant 10.34\" cheese-filled quiche in fjord."
      RenderBlock {DIV} at (0,9279) size 784x55
        RenderText {#text} at (0,0) size 764x55
          text run at (0,0) width 764: "Lucky affluent actor asks to feast on giant 10.34\" cheese-filled quiche in fjord."
      RenderBlock {DIV} at (0,9334) size 784x55
        RenderText {#text} at (0,0) size 764x55
          text run at (0,0) width 764: "Lucky affluent actor asks to feast on giant 10.34\" cheese-filled quiche in fjord."
      RenderBlock {DIV} at (0,9389) size 784x55
        RenderText {#text} at (0,0) size 764x55
          text run at (0,0) width 764: "Lucky affluent actor asks to feast on giant 10.34\" cheese-filled quiche in fjord."
