CONSOLE MESSAGE: line 240: Failed to pause '-webkit-transform' transition on element 'inner1'
CONSOLE MESSAGE: line 240: Failed to pause '-webkit-transform' transition on element 'inner2'
layer at (0,0) size 800x600
  RenderView at (0,0) size 800x600
layer at (0,0) size 800x600
  RenderBlock {HTML} at (0,0) size 800x600
    RenderBody {BODY} at (8,8) size 784x584
      RenderBlock {P} at (0,0) size 784x20
        RenderText {#text} at (0,0) size 505x19
          text run at (0,0) width 505: "In the pixel result, the green boxes should be coincident with the black outline."
      RenderBlock {DIV} at (0,36) size 202x202 [border: (1px solid #EEEEEE)]
      RenderBlock {DIV} at (0,238) size 202x202 [border: (1px solid #EEEEEE)]
      RenderBlock {DIV} at (0,440) size 784x40
        RenderText {#text} at (0,0) size 720x19
          text run at (0,0) width 720: "FAIL - \"-webkit-transform.0\" property for \"inner1\" element at 0.5s expected: 1.5 but saw: matrix(2, 0, 0, 2, 0, 0)"
        RenderBR {BR} at (719,15) size 1x0
        RenderText {#text} at (0,20) size 720x19
          text run at (0,20) width 720: "FAIL - \"-webkit-transform.0\" property for \"inner2\" element at 0.5s expected: 1.5 but saw: matrix(2, 0, 0, 1, 0, 0)"
        RenderBR {BR} at (719,35) size 1x0
layer at (34,70) size 150x150
  RenderBlock (positioned) {DIV} at (34,70) size 150x150 [border: (1px solid #000000)]
layer at (59,95) size 100x100
  RenderBlock {DIV} at (51,51) size 100x100 [bgcolor=#008000]
layer at (34,272) size 150x150
  RenderBlock (positioned) {DIV} at (34,272) size 150x150 [border: (1px solid #000000)]
layer at (59,297) size 100x100
  RenderBlock {DIV} at (51,51) size 100x100 [bgcolor=#008000]
