CONSOLE MESSAGE: line 240: Failed to pause '-webkit-transform' transition on element 'inner'
layer at (0,0) size 800x600
  RenderView at (0,0) size 800x600
layer at (0,0) size 800x600
  RenderBlock {HTML} at (0,0) size 800x600
    RenderBody {BODY} at (8,8) size 784x584
      RenderBlock {P} at (0,0) size 784x20
        RenderText {#text} at (0,0) size 615x19
          text run at (0,0) width 615: "Check the pixel result to make sure that the gray square is half way through the scale animation."
      RenderBlock {DIV} at (0,36) size 202x202 [border: (1px solid #000000)]
      RenderBlock {DIV} at (0,238) size 784x20
        RenderText {#text} at (0,0) size 712x19
          text run at (0,0) width 712: "FAIL - \"-webkit-transform.0\" property for \"inner\" element at 0.5s expected: 0.5 but saw: matrix(1, 0, 0, 1, 0, 0)"
        RenderBR {BR} at (711,15) size 1x0
layer at (9,45) size 200x200
  RenderBlock {DIV} at (1,1) size 200x200 [bgcolor=#808080]
