layer at (0,0) size 800x600
  RenderView at (0,0) size 800x600
layer at (0,0) size 800x600
  RenderBlock {HTML} at (0,0) size 800x600
    RenderBody {BODY} at (8,8) size 784x584
      RenderBlock {P} at (0,0) size 784x40
        RenderText {#text} at (0,0) size 736x39
          text run at (0,0) width 736: "CELLPADDING specifies the amount of space between the border of the cell and its contents. The first table has a"
          text run at (0,20) width 451: "cellpadding value of 20%; the second table does not have cellpadding."
      RenderTable {TABLE} at (0,56) size 209x132 [border: (1px outset #808080)]
        RenderTableSection {TBODY} at (1,1) size 207x130
          RenderTableRow {TR} at (0,2) size 207x62
            RenderTableCell {TD} at (2,2) size 67x62 [border: (1px inset #808080)] [r=0 c=0 rs=1 cs=1]
              RenderText {#text} at (21,21) size 24x19
                text run at (21,21) width 24: "text"
            RenderTableCell {TD} at (70,2) size 67x62 [border: (1px inset #808080)] [r=0 c=1 rs=1 cs=1]
              RenderText {#text} at (21,21) size 24x19
                text run at (21,21) width 24: "text"
            RenderTableCell {TD} at (138,2) size 67x62 [border: (1px inset #808080)] [r=0 c=2 rs=1 cs=1]
              RenderText {#text} at (21,21) size 24x19
                text run at (21,21) width 24: "text"
          RenderTableRow {TR} at (0,66) size 207x62
            RenderTableCell {TD} at (2,66) size 67x62 [border: (1px inset #808080)] [r=1 c=0 rs=1 cs=1]
              RenderText {#text} at (21,21) size 24x19
                text run at (21,21) width 24: "text"
            RenderTableCell {TD} at (70,66) size 67x62 [border: (1px inset #808080)] [r=1 c=1 rs=1 cs=1]
              RenderText {#text} at (21,21) size 24x19
                text run at (21,21) width 24: "text"
            RenderTableCell {TD} at (138,66) size 67x62 [border: (1px inset #808080)] [r=1 c=2 rs=1 cs=1]
              RenderText {#text} at (21,21) size 24x19
                text run at (21,21) width 24: "text"
      RenderBlock (anonymous) at (0,188) size 784x40
        RenderBR {BR} at (0,0) size 0x19
        RenderBR {BR} at (0,20) size 0x19
      RenderTable {TABLE} at (0,228) size 95x56 [border: (1px outset #808080)]
        RenderTableSection {TBODY} at (1,1) size 93x54
          RenderTableRow {TR} at (0,2) size 93x24
            RenderTableCell {TD} at (2,2) size 29x24 [border: (1px inset #808080)] [r=0 c=0 rs=1 cs=1]
              RenderText {#text} at (2,2) size 24x19
                text run at (2,2) width 24: "text"
            RenderTableCell {TD} at (32,2) size 29x24 [border: (1px inset #808080)] [r=0 c=1 rs=1 cs=1]
              RenderText {#text} at (2,2) size 24x19
                text run at (2,2) width 24: "text"
            RenderTableCell {TD} at (62,2) size 29x24 [border: (1px inset #808080)] [r=0 c=2 rs=1 cs=1]
              RenderText {#text} at (2,2) size 24x19
                text run at (2,2) width 24: "text"
          RenderTableRow {TR} at (0,28) size 93x24
            RenderTableCell {TD} at (2,28) size 29x24 [border: (1px inset #808080)] [r=1 c=0 rs=1 cs=1]
              RenderText {#text} at (2,2) size 24x19
                text run at (2,2) width 24: "text"
            RenderTableCell {TD} at (32,28) size 29x24 [border: (1px inset #808080)] [r=1 c=1 rs=1 cs=1]
              RenderText {#text} at (2,2) size 24x19
                text run at (2,2) width 24: "text"
            RenderTableCell {TD} at (62,28) size 29x24 [border: (1px inset #808080)] [r=1 c=2 rs=1 cs=1]
              RenderText {#text} at (2,2) size 24x19
                text run at (2,2) width 24: "text"
