layer at (0,0) size 800x600
  RenderView at (0,0) size 800x600
layer at (0,0) size 800x116
  RenderBlock {html} at (0,0) size 800x116
    RenderBody {body} at (8,16) size 784x92
      RenderBlock {p} at (0,0) size 784x20
        RenderText {#text} at (0,0) size 305x19
          text run at (0,0) width 305: "TEST: Numbers should align by decimal points"
      RenderTable {table} at (0,36) size 195x56 [border: (1px outset #808080)]
        RenderTableSection (anonymous) at (1,1) size 193x54
          RenderTableRow {tr} at (0,2) size 193x24
            RenderTableCell {th} at (2,2) size 57x24 [border: (1px inset #808080)] [r=0 c=0 rs=1 cs=1]
              RenderText {#text} at (10,2) size 37x19
                text run at (10,2) width 37: "55.00"
            RenderTableCell {th} at (60,2) size 65x24 [border: (1px inset #808080)] [r=0 c=1 rs=1 cs=1]
              RenderText {#text} at (2,2) size 61x19
                text run at (2,2) width 61: "55555.00"
            RenderTableCell {th} at (126,2) size 65x24 [border: (1px inset #808080)] [r=0 c=2 rs=1 cs=1]
              RenderText {#text} at (10,2) size 45x19
                text run at (10,2) width 45: "555.00"
          RenderTableRow {tr} at (0,28) size 193x24
            RenderTableCell {th} at (2,28) size 57x24 [border: (1px inset #808080)] [r=1 c=0 rs=1 cs=1]
              RenderText {#text} at (2,2) size 53x19
                text run at (2,2) width 53: "1234.56"
            RenderTableCell {th} at (60,28) size 65x24 [border: (1px inset #808080)] [r=1 c=1 rs=1 cs=1]
              RenderText {#text} at (10,2) size 45x19
                text run at (10,2) width 45: "123.45"
            RenderTableCell {th} at (126,28) size 65x24 [border: (1px inset #808080)] [r=1 c=2 rs=1 cs=1]
              RenderText {#text} at (2,2) size 61x19
                text run at (2,2) width 61: "12345.67"
