layer at (0,0) size 800x600
  RenderView at (0,0) size 800x600
layer at (0,0) size 800x600
  RenderBlock {HTML} at (0,0) size 800x600
    RenderBody {BODY} at (8,8) size 784x576
      RenderBlock {P} at (0,0) size 784x25
        RenderText {#text} at (0,1) size 207x19
          text run at (0,1) width 207: "Test text input is never secured. "
        RenderTextControl {INPUT} at (208,2) size 136x22 [bgcolor=#FFFFFF] [border: (1px solid #4C4C4C)]
        RenderText {#text} at (0,0) size 0x0
      RenderBlock {UL} at (0,41) size 784x0
layer at (223,13) size 122x14
  RenderBlock {DIV} at (6,3) size 123x15
