layer at (0,0) size 800x600
  RenderView at (0,0) size 800x600
layer at (0,0) size 800x51
  RenderBlock {HTML} at (0,0) size 800x51
    RenderBody {BODY} at (8,16) size 784x19
      RenderBlock {P} at (0,0) size 784x19
        RenderText {#text} at (0,0) size 581x19
          text run at (0,0) width 581: "webkit.org/b/93735: Use the replaced height and width computation for positioned form controls"
layer at (7,32) size 404x24
  RenderTextControl {INPUT} at (7,32) size 404x24
layer at (9,34) size 400x20
  RenderBlock {DIV} at (2,2) size 400x20
layer at (7,82) size 56x34
  RenderButton {INPUT} at (7,82) size 56x34 [bgcolor=#C0C0C0]
    RenderBlock (anonymous) at (6,6) size 44x24
      RenderText at (6,0) size 32x24
        text run at (6,0) width 32: "text"
layer at (7,132) size 136x28
  RenderMenuList {SELECT} at (7,132) size 136x28 [bgcolor=#FFFFFF]
    RenderBlock (anonymous) at (4,4) size 108x20
      RenderText at (0,0) size 80x20
        text run at (0,0) width 80: "test"
layer at (7,182) size 419x44
  RenderTextControl {TEXTAREA} at (7,182) size 419x44
    RenderBlock {DIV} at (2,2) size 415x20
