layer at (0,0) size 800x600
  RenderView at (0,0) size 800x600
layer at (0,0) size 800x600
  RenderBlock {HTML} at (0,0) size 800x600
    RenderBody {BODY} at (8,8) size 784x584
      RenderBlock {DIV} at (10,10) size 75x75
      RenderText {#text} at (95,81) size 4x18
        text run at (95,81) width 4: " "
      RenderBlock {DIV} at (109,10) size 75x75
      RenderText {#text} at (194,81) size 4x18
        text run at (194,81) width 4: " "
      RenderBR {BR} at (0,0) size 0x0
      RenderBlock {DIV} at (10,109) size 75x75
      RenderText {#text} at (95,180) size 4x18
        text run at (95,180) width 4: " "
      RenderBlock {DIV} at (109,109) size 75x75
      RenderText {#text} at (0,0) size 0x0
