layer at (0,0) size 800x600
  RenderView at (0,0) size 800x600
layer at (0,0) size 800x230
  RenderBlock {HTML} at (0,0) size 800x230
    RenderBody {BODY} at (8,16) size 784x198
      RenderBlock {P} at (0,0) size 784x91
        RenderText {#text} at (0,70) size 132x18
          text run at (0,70) width 132: "Large LTR radicals: "
        RenderMathMLMath {math} at (132,0) size 23x92 [padding: 0 1 0 1]
          RenderMathMLRoot {msqrt} at (1,1) size 12x91
            RenderMathMLSpace {mspace} at (12,3) size 0x81
          RenderMathMLRoot {msqrt} at (13,0) size 9x84
            RenderMathMLSpace {mspace} at (9,3) size 0x81
        RenderText {#text} at (0,0) size 0x0
      RenderBlock {P} at (0,107) size 784x91
        RenderText {#text} at (0,70) size 132x18
          text run at (0,70) width 132: "Large RTL radicals: "
        RenderMathMLMath {math} at (132,0) size 23x92 [padding: 0 1 0 1]
          RenderMathMLRoot {msqrt} at (10,1) size 12x91
            RenderMathMLSpace {mspace} at (0,3) size 0x81
          RenderMathMLRoot {msqrt} at (1,0) size 9x84
            RenderMathMLSpace {mspace} at (0,3) size 0x81
        RenderText {#text} at (0,0) size 0x0
