layer at (0,0) size 800x600
  RenderView at (0,0) size 800x600
layer at (0,0) size 800x114
  RenderBlock {HTML} at (0,0) size 800x114
    RenderBody {BODY} at (8,16) size 784x90
      RenderBlock {P} at (0,0) size 784x18
        RenderText {#text} at (0,0) size 740x17
          text run at (0,0) width 740: "This tests that the Strong Password AutoFill button renders in an auto-filled input. It can only be tested in the test tool."
      RenderBlock {DIV} at (0,34) size 784x56
        RenderTextControl {INPUT} at (2,2) size 209x24 [bgcolor=#FAFFBD] [border: (2px inset #000000)]
          RenderFlexibleBox {DIV} at (3,3) size 203x18
            RenderBlock {DIV} at (0,0) size 94x18
            RenderBlock {DIV} at (94,0) size 109x18
              RenderText {#text} at (6,0) size 103x17
                text run at (6,0) width 103: "strong password"
        RenderText {#text} at (213,5) size 4x17
          text run at (213,5) width 4: " "
        RenderTextControl {INPUT} at (219,2) size 209x24 [bgcolor=#FAFFBD] [border: (2px inset #000000)]
          RenderFlexibleBox {DIV} at (3,3) size 203x18
            RenderBlock {DIV} at (0,0) size 94x18
            RenderBlock {DIV} at (94,0) size 109x18
              RenderText {#text} at (6,0) size 103x17
                text run at (6,0) width 103: "strong password"
        RenderText {#text} at (430,5) size 4x17
          text run at (430,5) width 4: " "
        RenderTextControl {INPUT} at (434,2) size 306x24 [bgcolor=#FAFFBD] [border: (2px inset #000000)]
          RenderFlexibleBox {DIV} at (3,3) size 300x18
            RenderBlock {DIV} at (0,0) size 191x18
            RenderBlock {DIV} at (191,0) size 109x18
              RenderText {#text} at (6,0) size 103x17
                text run at (6,0) width 103: "strong password"
        RenderText {#text} at (740,5) size 4x17
          text run at (740,5) width 4: " "
        RenderTextControl {INPUT} at (2,30) size 209x24 [bgcolor=#FAFFBD] [border: (2px inset #000000)]
          RenderFlexibleBox {DIV} at (3,3) size 203x18
            RenderBlock {DIV} at (0,0) size 94x18
            RenderBlock {DIV} at (94,0) size 109x18
              RenderText {#text} at (6,0) size 103x17
                text run at (6,0) width 103: "strong password"
layer at (13,55) size 94x18 scrollWidth 430
  RenderBlock {DIV} at (0,0) size 94x18 [color=#00000099]
    RenderText {#text} at (0,0) size 430x18
      text run at (0,0) width 430: "A quick brown fox jumped over the lazy dog."
layer at (230,55) size 94x18 scrollWidth 430
  RenderBlock {DIV} at (0,0) size 94x18 [color=#00000099]
    RenderText {#text} at (0,0) size 430x18
      text run at (0,0) width 430: "A quick brown fox jumped over the lazy dog."
layer at (445,55) size 191x18 scrollWidth 430
  RenderBlock {DIV} at (0,0) size 191x18 [color=#00000099]
    RenderText {#text} at (0,0) size 430x18
      text run at (0,0) width 430: "A quick brown fox jumped over the lazy dog."
layer at (13,83) size 94x18
  RenderBlock {DIV} at (0,0) size 94x18 [color=#00000099]
