layer at (0,0) size 800x1690
  RenderView at (0,0) size 800x600
layer at (0,0) size 800x1690
  RenderBlock {HTML} at (0,0) size 800x1690
    RenderBody {BODY} at (8,16) size 784x1658
layer at (8,16) size 760x526
  RenderBlock {DIV} at (0,0) size 760x526 [border: (5px solid #800000)]
    RenderBlock (anonymous multi-column span) at (5,225) size 750x68
      RenderBlock {H2} at (0,19) size 750x30 [bgcolor=#EEEEEE]
        RenderText {#text} at (0,1) size 195x28
          text run at (0,1) width 195: "This is a first span."
    RenderBlock (anonymous multi-column span) at (5,313) size 750x68
      RenderBlock {H2} at (0,19) size 750x30 [bgcolor=#EEEEEE]
        RenderText {#text} at (0,1) size 221x28
          text run at (0,1) width 221: "This is a second span."
layer at (13,21) size 750x220
  RenderBlock (anonymous multi-column) at (5,5) size 750x220
    RenderText {#text} at (0,0) size 367x439
      text run at (0,0) width 364: "Lorem ipsum dolor sit amet, consectetuer adipiscing elit."
      text run at (0,20) width 362: "Nulla varius enim ac mi. Curabitur sollicitudin felis quis"
      text run at (0,40) width 332: "lectus. Quisque adipiscing rhoncus sem. Proin nulla"
      text run at (0,60) width 367: "purus, vulputate vel, varius ut, euismod et, nisi. Sed vitae"
      text run at (0,80) width 354: "felis vel orci sagittis aliquam. Cras convallis adipiscing"
      text run at (0,100) width 347: "sem. Nam nonummy enim. Nullam bibendum lobortis"
      text run at (0,120) width 353: "neque. Vestibulum velit orci, tempus euismod, pretium"
      text run at (0,140) width 353: "quis, interdum vitae, nulla. Phasellus eget ante et tortor"
      text run at (0,160) width 351: "condimentum vestibulum. Suspendisse hendrerit quam"
      text run at (0,180) width 333: "nec felis. Sed varius turpis vitae pede. Lorem ipsum"
      text run at (0,200) width 279: "dolor sit amet, consectetuer adipiscing elit. "
      text run at (278,200) width 86: "Lorem ipsum"
      text run at (0,220) width 357: "dolor sit amet, consectetuer adipiscing elit. Nulla varius"
      text run at (0,240) width 324: "enim ac mi. Curabitur sollicitudin felis quis lectus."
      text run at (0,260) width 330: "Quisque adipiscing rhoncus sem. Proin nulla purus,"
      text run at (0,280) width 355: "vulputate vel, varius ut, euismod et, nisi. Sed vitae felis"
      text run at (0,300) width 356: "vel orci sagittis aliquam. Cras convallis adipiscing sem."
      text run at (0,320) width 360: "Nam nonummy enim. Nullam bibendum lobortis neque."
      text run at (0,340) width 341: "Vestibulum velit orci, tempus euismod, pretium quis,"
      text run at (0,360) width 318: "interdum vitae, nulla. Phasellus eget ante et tortor"
      text run at (0,380) width 351: "condimentum vestibulum. Suspendisse hendrerit quam"
      text run at (0,400) width 333: "nec felis. Sed varius turpis vitae pede. Lorem ipsum"
      text run at (0,420) width 275: "dolor sit amet, consectetuer adipiscing elit."
layer at (13,309) size 750x20
  RenderBlock (anonymous multi-column) at (5,293) size 750x20
    RenderText {#text} at (0,0) size 314x39
      text run at (0,0) width 314: "This text should be sitting between two spanning"
      text run at (0,20) width 61: "elements."
layer at (13,397) size 750x140
  RenderBlock (anonymous multi-column) at (5,381) size 750x140
    RenderText {#text} at (0,0) size 367x259
      text run at (0,0) width 364: "Lorem ipsum dolor sit amet, consectetuer adipiscing elit."
      text run at (0,20) width 362: "Nulla varius enim ac mi. Curabitur sollicitudin felis quis"
      text run at (0,40) width 332: "lectus. Quisque adipiscing rhoncus sem. Proin nulla"
      text run at (0,60) width 367: "purus, vulputate vel, varius ut, euismod et, nisi. Sed vitae"
      text run at (0,80) width 354: "felis vel orci sagittis aliquam. Cras convallis adipiscing"
      text run at (0,100) width 347: "sem. Nam nonummy enim. Nullam bibendum lobortis"
      text run at (0,120) width 353: "neque. Vestibulum velit orci, tempus euismod, pretium"
      text run at (0,140) width 353: "quis, interdum vitae, nulla. Phasellus eget ante et tortor"
      text run at (0,160) width 351: "condimentum vestibulum. Suspendisse hendrerit quam"
      text run at (0,180) width 333: "nec felis. Sed varius turpis vitae pede. Lorem ipsum"
      text run at (0,200) width 279: "dolor sit amet, consectetuer adipiscing elit. "
      text run at (278,200) width 86: "Lorem ipsum"
      text run at (0,220) width 357: "dolor sit amet, consectetuer adipiscing elit. Nulla varius"
      text run at (0,240) width 76: "enim ac mi."
layer at (8,558) size 760x558
  RenderBlock {DIV} at (0,542) size 760x558 [border: (5px solid #800000)]
    RenderBlock (anonymous multi-column span) at (5,141) size 750x68
      RenderBlock {H2} at (0,19) size 750x30 [bgcolor=#EEEEEE]
        RenderText {#text} at (0,1) size 195x28
          text run at (0,1) width 195: "This is a first span."
    RenderBlock (anonymous multi-column span) at (5,345) size 750x68
      RenderBlock {H2} at (0,19) size 750x30 [bgcolor=#EEEEEE]
        RenderText {#text} at (0,1) size 221x28
          text run at (0,1) width 221: "This is a second span."
layer at (13,563) size 750x136
  RenderBlock (anonymous multi-column) at (5,5) size 750x136
    RenderBlock {P} at (0,16) size 367x220
      RenderText {#text} at (0,0) size 367x219
        text run at (0,0) width 364: "Lorem ipsum dolor sit amet, consectetuer adipiscing elit."
        text run at (0,20) width 362: "Nulla varius enim ac mi. Curabitur sollicitudin felis quis"
        text run at (0,40) width 332: "lectus. Quisque adipiscing rhoncus sem. Proin nulla"
        text run at (0,60) width 367: "purus, vulputate vel, varius ut, euismod et, nisi. Sed vitae"
        text run at (0,80) width 354: "felis vel orci sagittis aliquam. Cras convallis adipiscing"
        text run at (0,100) width 347: "sem. Nam nonummy enim. Nullam bibendum lobortis"
        text run at (0,120) width 353: "neque. Vestibulum velit orci, tempus euismod, pretium"
        text run at (0,140) width 353: "quis, interdum vitae, nulla. Phasellus eget ante et tortor"
        text run at (0,160) width 351: "condimentum vestibulum. Suspendisse hendrerit quam"
        text run at (0,180) width 333: "nec felis. Sed varius turpis vitae pede. Lorem ipsum"
        text run at (0,200) width 275: "dolor sit amet, consectetuer adipiscing elit."
layer at (13,767) size 750x136
  RenderBlock (anonymous multi-column) at (5,209) size 750x136
    RenderBlock {P} at (0,16) size 367x220
      RenderText {#text} at (0,0) size 367x219
        text run at (0,0) width 364: "Lorem ipsum dolor sit amet, consectetuer adipiscing elit."
        text run at (0,20) width 362: "Nulla varius enim ac mi. Curabitur sollicitudin felis quis"
        text run at (0,40) width 332: "lectus. Quisque adipiscing rhoncus sem. Proin nulla"
        text run at (0,60) width 367: "purus, vulputate vel, varius ut, euismod et, nisi. Sed vitae"
        text run at (0,80) width 354: "felis vel orci sagittis aliquam. Cras convallis adipiscing"
        text run at (0,100) width 347: "sem. Nam nonummy enim. Nullam bibendum lobortis"
        text run at (0,120) width 353: "neque. Vestibulum velit orci, tempus euismod, pretium"
        text run at (0,140) width 353: "quis, interdum vitae, nulla. Phasellus eget ante et tortor"
        text run at (0,160) width 351: "condimentum vestibulum. Suspendisse hendrerit quam"
        text run at (0,180) width 333: "nec felis. Sed varius turpis vitae pede. Lorem ipsum"
        text run at (0,200) width 275: "dolor sit amet, consectetuer adipiscing elit."
layer at (13,971) size 750x140
  RenderBlock (anonymous multi-column) at (5,413) size 750x140
    RenderText {#text} at (0,0) size 367x259
      text run at (0,0) width 364: "Lorem ipsum dolor sit amet, consectetuer adipiscing elit."
      text run at (0,20) width 362: "Nulla varius enim ac mi. Curabitur sollicitudin felis quis"
      text run at (0,40) width 332: "lectus. Quisque adipiscing rhoncus sem. Proin nulla"
      text run at (0,60) width 367: "purus, vulputate vel, varius ut, euismod et, nisi. Sed vitae"
      text run at (0,80) width 354: "felis vel orci sagittis aliquam. Cras convallis adipiscing"
      text run at (0,100) width 347: "sem. Nam nonummy enim. Nullam bibendum lobortis"
      text run at (0,120) width 353: "neque. Vestibulum velit orci, tempus euismod, pretium"
      text run at (0,140) width 353: "quis, interdum vitae, nulla. Phasellus eget ante et tortor"
      text run at (0,160) width 351: "condimentum vestibulum. Suspendisse hendrerit quam"
      text run at (0,180) width 333: "nec felis. Sed varius turpis vitae pede. Lorem ipsum"
      text run at (0,200) width 279: "dolor sit amet, consectetuer adipiscing elit. "
      text run at (278,200) width 86: "Lorem ipsum"
      text run at (0,220) width 357: "dolor sit amet, consectetuer adipiscing elit. Nulla varius"
      text run at (0,240) width 76: "enim ac mi."
layer at (8,1132) size 760x542
  RenderBlock {DIV} at (0,1116) size 760x542 [border: (5px solid #800000)]
    RenderBlock (anonymous multi-column span) at (5,125) size 750x68
      RenderBlock {H2} at (0,19) size 750x30 [bgcolor=#EEEEEE]
        RenderText {#text} at (0,1) size 195x28
          text run at (0,1) width 195: "This is a first span."
    RenderBlock (anonymous multi-column span) at (5,329) size 750x68
      RenderBlock {H2} at (0,19) size 750x30 [bgcolor=#EEEEEE]
        RenderText {#text} at (0,1) size 221x28
          text run at (0,1) width 221: "This is a second span."
layer at (13,1137) size 750x120
  RenderBlock (anonymous multi-column) at (5,5) size 750x120
    RenderBlock (anonymous) at (0,0) size 367x0
      RenderInline {SPAN} at (0,0) size 0x0
        RenderText {#text} at (0,0) size 0x0
    RenderBlock (anonymous) at (0,0) size 367x220
      RenderBlock {SPAN} at (0,0) size 367x220
        RenderText {#text} at (0,0) size 367x219
          text run at (0,0) width 364: "Lorem ipsum dolor sit amet, consectetuer adipiscing elit."
          text run at (0,20) width 362: "Nulla varius enim ac mi. Curabitur sollicitudin felis quis"
          text run at (0,40) width 332: "lectus. Quisque adipiscing rhoncus sem. Proin nulla"
          text run at (0,60) width 367: "purus, vulputate vel, varius ut, euismod et, nisi. Sed vitae"
          text run at (0,80) width 354: "felis vel orci sagittis aliquam. Cras convallis adipiscing"
          text run at (0,100) width 347: "sem. Nam nonummy enim. Nullam bibendum lobortis"
          text run at (0,120) width 353: "neque. Vestibulum velit orci, tempus euismod, pretium"
          text run at (0,140) width 353: "quis, interdum vitae, nulla. Phasellus eget ante et tortor"
          text run at (0,160) width 351: "condimentum vestibulum. Suspendisse hendrerit quam"
          text run at (0,180) width 333: "nec felis. Sed varius turpis vitae pede. Lorem ipsum"
          text run at (0,200) width 275: "dolor sit amet, consectetuer adipiscing elit."
    RenderBlock (anonymous) at (0,220) size 367x0
      RenderInline {SPAN} at (0,0) size 0x0
      RenderText {#text} at (0,0) size 0x0
layer at (13,1325) size 750x136
  RenderBlock (anonymous multi-column) at (5,193) size 750x136
    RenderBlock {P} at (0,16) size 367x220
      RenderText {#text} at (0,0) size 367x219
        text run at (0,0) width 364: "Lorem ipsum dolor sit amet, consectetuer adipiscing elit."
        text run at (0,20) width 362: "Nulla varius enim ac mi. Curabitur sollicitudin felis quis"
        text run at (0,40) width 332: "lectus. Quisque adipiscing rhoncus sem. Proin nulla"
        text run at (0,60) width 367: "purus, vulputate vel, varius ut, euismod et, nisi. Sed vitae"
        text run at (0,80) width 354: "felis vel orci sagittis aliquam. Cras convallis adipiscing"
        text run at (0,100) width 347: "sem. Nam nonummy enim. Nullam bibendum lobortis"
        text run at (0,120) width 353: "neque. Vestibulum velit orci, tempus euismod, pretium"
        text run at (0,140) width 353: "quis, interdum vitae, nulla. Phasellus eget ante et tortor"
        text run at (0,160) width 351: "condimentum vestibulum. Suspendisse hendrerit quam"
        text run at (0,180) width 333: "nec felis. Sed varius turpis vitae pede. Lorem ipsum"
        text run at (0,200) width 275: "dolor sit amet, consectetuer adipiscing elit."
layer at (13,1529) size 750x140
  RenderBlock (anonymous multi-column) at (5,397) size 750x140
    RenderText {#text} at (0,0) size 367x259
      text run at (0,0) width 364: "Lorem ipsum dolor sit amet, consectetuer adipiscing elit."
      text run at (0,20) width 362: "Nulla varius enim ac mi. Curabitur sollicitudin felis quis"
      text run at (0,40) width 332: "lectus. Quisque adipiscing rhoncus sem. Proin nulla"
      text run at (0,60) width 367: "purus, vulputate vel, varius ut, euismod et, nisi. Sed vitae"
      text run at (0,80) width 354: "felis vel orci sagittis aliquam. Cras convallis adipiscing"
      text run at (0,100) width 347: "sem. Nam nonummy enim. Nullam bibendum lobortis"
      text run at (0,120) width 353: "neque. Vestibulum velit orci, tempus euismod, pretium"
      text run at (0,140) width 353: "quis, interdum vitae, nulla. Phasellus eget ante et tortor"
      text run at (0,160) width 351: "condimentum vestibulum. Suspendisse hendrerit quam"
      text run at (0,180) width 333: "nec felis. Sed varius turpis vitae pede. Lorem ipsum"
      text run at (0,200) width 279: "dolor sit amet, consectetuer adipiscing elit. "
      text run at (278,200) width 86: "Lorem ipsum"
      text run at (0,220) width 357: "dolor sit amet, consectetuer adipiscing elit. Nulla varius"
      text run at (0,240) width 76: "enim ac mi."
