layer at (0,0) size 800x2648
  RenderView at (0,0) size 800x600
layer at (0,0) size 800x2648
  RenderBlock {HTML} at (0,0) size 800x2648
    RenderBody {BODY} at (8,8) size 784x2624
      RenderBlock (anonymous) at (0,0) size 784x40
        RenderText {#text} at (0,0) size 778x39
          text run at (0,0) width 778: "In this test, all of the spanning elements have their spans turned off dynamically, and so they should just be in the column"
          text run at (0,20) width 34: "flow."
        RenderText {#text} at (0,0) size 0x0
layer at (8,64) size 760x404
  RenderBlock {DIV} at (0,56) size 760x404 [border: (5px solid #800000)]
    RenderBlock {H2} at (5,24) size 367x30 [bgcolor=#EEEEEE]
      RenderText {#text} at (0,1) size 277x28
        text run at (0,1) width 277: "This is a spanning element."
    RenderBlock (anonymous) at (5,73) size 367x706
      RenderText {#text} at (0,0) size 367x705
        text run at (0,0) width 364: "Lorem ipsum dolor sit amet, consectetuer adipiscing elit."
        text run at (0,20) width 362: "Nulla varius enim ac mi. Curabitur sollicitudin felis quis"
        text run at (0,40) width 332: "lectus. Quisque adipiscing rhoncus sem. Proin nulla"
        text run at (0,60) width 367: "purus, vulputate vel, varius ut, euismod et, nisi. Sed vitae"
        text run at (0,80) width 354: "felis vel orci sagittis aliquam. Cras convallis adipiscing"
        text run at (0,100) width 347: "sem. Nam nonummy enim. Nullam bibendum lobortis"
        text run at (0,120) width 353: "neque. Vestibulum velit orci, tempus euismod, pretium"
        text run at (0,140) width 353: "quis, interdum vitae, nulla. Phasellus eget ante et tortor"
        text run at (0,160) width 351: "condimentum vestibulum. Suspendisse hendrerit quam"
        text run at (0,180) width 333: "nec felis. Sed varius turpis vitae pede. Lorem ipsum"
        text run at (0,200) width 279: "dolor sit amet, consectetuer adipiscing elit. "
        text run at (278,200) width 86: "Lorem ipsum"
        text run at (0,220) width 357: "dolor sit amet, consectetuer adipiscing elit. Nulla varius"
        text run at (0,240) width 324: "enim ac mi. Curabitur sollicitudin felis quis lectus."
        text run at (0,260) width 330: "Quisque adipiscing rhoncus sem. Proin nulla purus,"
        text run at (0,280) width 355: "vulputate vel, varius ut, euismod et, nisi. Sed vitae felis"
        text run at (0,300) width 356: "vel orci sagittis aliquam. Cras convallis adipiscing sem."
        text run at (0,326) width 360: "Nam nonummy enim. Nullam bibendum lobortis neque."
        text run at (0,346) width 341: "Vestibulum velit orci, tempus euismod, pretium quis,"
        text run at (0,366) width 318: "interdum vitae, nulla. Phasellus eget ante et tortor"
        text run at (0,386) width 351: "condimentum vestibulum. Suspendisse hendrerit quam"
        text run at (0,406) width 333: "nec felis. Sed varius turpis vitae pede. Lorem ipsum"
        text run at (0,426) width 279: "dolor sit amet, consectetuer adipiscing elit. "
        text run at (278,426) width 86: "Lorem ipsum"
        text run at (0,446) width 357: "dolor sit amet, consectetuer adipiscing elit. Nulla varius"
        text run at (0,466) width 324: "enim ac mi. Curabitur sollicitudin felis quis lectus."
        text run at (0,486) width 330: "Quisque adipiscing rhoncus sem. Proin nulla purus,"
        text run at (0,506) width 355: "vulputate vel, varius ut, euismod et, nisi. Sed vitae felis"
        text run at (0,526) width 356: "vel orci sagittis aliquam. Cras convallis adipiscing sem."
        text run at (0,546) width 360: "Nam nonummy enim. Nullam bibendum lobortis neque."
        text run at (0,566) width 341: "Vestibulum velit orci, tempus euismod, pretium quis,"
        text run at (0,586) width 318: "interdum vitae, nulla. Phasellus eget ante et tortor"
        text run at (0,606) width 351: "condimentum vestibulum. Suspendisse hendrerit quam"
        text run at (0,626) width 333: "nec felis. Sed varius turpis vitae pede. Lorem ipsum"
        text run at (0,646) width 279: "dolor sit amet, consectetuer adipiscing elit. "
        text run at (278,646) width 86: "Lorem ipsum"
        text run at (0,666) width 357: "dolor sit amet, consectetuer adipiscing elit. Nulla varius"
        text run at (0,686) width 76: "enim ac mi."
layer at (8,484) size 760x398
  RenderBlock {DIV} at (0,476) size 760x398 [border: (5px solid #800000)]
    RenderBlock (anonymous) at (5,5) size 367x708
      RenderText {#text} at (0,0) size 367x707
        text run at (0,0) width 364: "Lorem ipsum dolor sit amet, consectetuer adipiscing elit."
        text run at (0,20) width 362: "Nulla varius enim ac mi. Curabitur sollicitudin felis quis"
        text run at (0,40) width 332: "lectus. Quisque adipiscing rhoncus sem. Proin nulla"
        text run at (0,60) width 367: "purus, vulputate vel, varius ut, euismod et, nisi. Sed vitae"
        text run at (0,80) width 354: "felis vel orci sagittis aliquam. Cras convallis adipiscing"
        text run at (0,100) width 347: "sem. Nam nonummy enim. Nullam bibendum lobortis"
        text run at (0,120) width 353: "neque. Vestibulum velit orci, tempus euismod, pretium"
        text run at (0,140) width 353: "quis, interdum vitae, nulla. Phasellus eget ante et tortor"
        text run at (0,160) width 351: "condimentum vestibulum. Suspendisse hendrerit quam"
        text run at (0,180) width 333: "nec felis. Sed varius turpis vitae pede. Lorem ipsum"
        text run at (0,200) width 279: "dolor sit amet, consectetuer adipiscing elit. "
        text run at (278,200) width 86: "Lorem ipsum"
        text run at (0,220) width 357: "dolor sit amet, consectetuer adipiscing elit. Nulla varius"
        text run at (0,240) width 324: "enim ac mi. Curabitur sollicitudin felis quis lectus."
        text run at (0,260) width 330: "Quisque adipiscing rhoncus sem. Proin nulla purus,"
        text run at (0,280) width 355: "vulputate vel, varius ut, euismod et, nisi. Sed vitae felis"
        text run at (0,300) width 356: "vel orci sagittis aliquam. Cras convallis adipiscing sem."
        text run at (0,320) width 360: "Nam nonummy enim. Nullam bibendum lobortis neque."
        text run at (0,340) width 341: "Vestibulum velit orci, tempus euismod, pretium quis,"
        text run at (0,360) width 318: "interdum vitae, nulla. Phasellus eget ante et tortor"
        text run at (0,388) width 351: "condimentum vestibulum. Suspendisse hendrerit quam"
        text run at (0,408) width 333: "nec felis. Sed varius turpis vitae pede. Lorem ipsum"
        text run at (0,428) width 279: "dolor sit amet, consectetuer adipiscing elit. "
        text run at (278,428) width 86: "Lorem ipsum"
        text run at (0,448) width 357: "dolor sit amet, consectetuer adipiscing elit. Nulla varius"
        text run at (0,468) width 324: "enim ac mi. Curabitur sollicitudin felis quis lectus."
        text run at (0,488) width 330: "Quisque adipiscing rhoncus sem. Proin nulla purus,"
        text run at (0,508) width 355: "vulputate vel, varius ut, euismod et, nisi. Sed vitae felis"
        text run at (0,528) width 356: "vel orci sagittis aliquam. Cras convallis adipiscing sem."
        text run at (0,548) width 360: "Nam nonummy enim. Nullam bibendum lobortis neque."
        text run at (0,568) width 341: "Vestibulum velit orci, tempus euismod, pretium quis,"
        text run at (0,588) width 318: "interdum vitae, nulla. Phasellus eget ante et tortor"
        text run at (0,608) width 351: "condimentum vestibulum. Suspendisse hendrerit quam"
        text run at (0,628) width 333: "nec felis. Sed varius turpis vitae pede. Lorem ipsum"
        text run at (0,648) width 279: "dolor sit amet, consectetuer adipiscing elit. "
        text run at (278,648) width 86: "Lorem ipsum"
        text run at (0,668) width 357: "dolor sit amet, consectetuer adipiscing elit. Nulla varius"
        text run at (0,688) width 76: "enim ac mi."
    RenderBlock {H2} at (5,732) size 367x30 [bgcolor=#EEEEEE]
      RenderText {#text} at (0,1) size 277x28
        text run at (0,1) width 277: "This is a spanning element."
layer at (8,898) size 760x418
  RenderBlock {DIV} at (0,890) size 760x418 [border: (5px solid #800000)]
    RenderBlock {P} at (5,21) size 367x260
      RenderText {#text} at (0,0) size 367x259
        text run at (0,0) width 364: "Lorem ipsum dolor sit amet, consectetuer adipiscing elit."
        text run at (0,20) width 362: "Nulla varius enim ac mi. Curabitur sollicitudin felis quis"
        text run at (0,40) width 332: "lectus. Quisque adipiscing rhoncus sem. Proin nulla"
        text run at (0,60) width 367: "purus, vulputate vel, varius ut, euismod et, nisi. Sed vitae"
        text run at (0,80) width 354: "felis vel orci sagittis aliquam. Cras convallis adipiscing"
        text run at (0,100) width 347: "sem. Nam nonummy enim. Nullam bibendum lobortis"
        text run at (0,120) width 353: "neque. Vestibulum velit orci, tempus euismod, pretium"
        text run at (0,140) width 353: "quis, interdum vitae, nulla. Phasellus eget ante et tortor"
        text run at (0,160) width 351: "condimentum vestibulum. Suspendisse hendrerit quam"
        text run at (0,180) width 333: "nec felis. Sed varius turpis vitae pede. Lorem ipsum"
        text run at (0,200) width 279: "dolor sit amet, consectetuer adipiscing elit. "
        text run at (278,200) width 86: "Lorem ipsum"
        text run at (0,220) width 357: "dolor sit amet, consectetuer adipiscing elit. Nulla varius"
        text run at (0,240) width 76: "enim ac mi."
    RenderBlock {H2} at (5,300) size 367x30 [bgcolor=#EEEEEE]
      RenderText {#text} at (0,1) size 277x28
        text run at (0,1) width 277: "This is a spanning element."
    RenderBlock {P} at (5,349) size 367x444
      RenderText {#text} at (0,0) size 367x443
        text run at (0,0) width 364: "Lorem ipsum dolor sit amet, consectetuer adipiscing elit."
        text run at (0,20) width 362: "Nulla varius enim ac mi. Curabitur sollicitudin felis quis"
        text run at (0,40) width 332: "lectus. Quisque adipiscing rhoncus sem. Proin nulla"
        text run at (0,64) width 367: "purus, vulputate vel, varius ut, euismod et, nisi. Sed vitae"
        text run at (0,84) width 354: "felis vel orci sagittis aliquam. Cras convallis adipiscing"
        text run at (0,104) width 347: "sem. Nam nonummy enim. Nullam bibendum lobortis"
        text run at (0,124) width 353: "neque. Vestibulum velit orci, tempus euismod, pretium"
        text run at (0,144) width 353: "quis, interdum vitae, nulla. Phasellus eget ante et tortor"
        text run at (0,164) width 351: "condimentum vestibulum. Suspendisse hendrerit quam"
        text run at (0,184) width 333: "nec felis. Sed varius turpis vitae pede. Lorem ipsum"
        text run at (0,204) width 279: "dolor sit amet, consectetuer adipiscing elit. "
        text run at (278,204) width 86: "Lorem ipsum"
        text run at (0,224) width 357: "dolor sit amet, consectetuer adipiscing elit. Nulla varius"
        text run at (0,244) width 324: "enim ac mi. Curabitur sollicitudin felis quis lectus."
        text run at (0,264) width 330: "Quisque adipiscing rhoncus sem. Proin nulla purus,"
        text run at (0,284) width 355: "vulputate vel, varius ut, euismod et, nisi. Sed vitae felis"
        text run at (0,304) width 356: "vel orci sagittis aliquam. Cras convallis adipiscing sem."
        text run at (0,324) width 360: "Nam nonummy enim. Nullam bibendum lobortis neque."
        text run at (0,344) width 341: "Vestibulum velit orci, tempus euismod, pretium quis,"
        text run at (0,364) width 318: "interdum vitae, nulla. Phasellus eget ante et tortor"
        text run at (0,384) width 351: "condimentum vestibulum. Suspendisse hendrerit quam"
        text run at (0,404) width 333: "nec felis. Sed varius turpis vitae pede. Lorem ipsum"
        text run at (0,424) width 275: "dolor sit amet, consectetuer adipiscing elit."
layer at (8,1332) size 760x419
  RenderBlock {DIV} at (0,1324) size 760x419 [border: (5px solid #800000)]
    RenderBlock (anonymous) at (5,5) size 367x260
      RenderText {#text} at (0,0) size 367x259
        text run at (0,0) width 364: "Lorem ipsum dolor sit amet, consectetuer adipiscing elit."
        text run at (0,20) width 362: "Nulla varius enim ac mi. Curabitur sollicitudin felis quis"
        text run at (0,40) width 332: "lectus. Quisque adipiscing rhoncus sem. Proin nulla"
        text run at (0,60) width 367: "purus, vulputate vel, varius ut, euismod et, nisi. Sed vitae"
        text run at (0,80) width 354: "felis vel orci sagittis aliquam. Cras convallis adipiscing"
        text run at (0,100) width 347: "sem. Nam nonummy enim. Nullam bibendum lobortis"
        text run at (0,120) width 353: "neque. Vestibulum velit orci, tempus euismod, pretium"
        text run at (0,140) width 353: "quis, interdum vitae, nulla. Phasellus eget ante et tortor"
        text run at (0,160) width 351: "condimentum vestibulum. Suspendisse hendrerit quam"
        text run at (0,180) width 333: "nec felis. Sed varius turpis vitae pede. Lorem ipsum"
        text run at (0,200) width 279: "dolor sit amet, consectetuer adipiscing elit. "
        text run at (278,200) width 86: "Lorem ipsum"
        text run at (0,220) width 357: "dolor sit amet, consectetuer adipiscing elit. Nulla varius"
        text run at (0,240) width 76: "enim ac mi."
    RenderBlock {H2} at (5,284) size 367x30 [bgcolor=#EEEEEE]
      RenderText {#text} at (0,1) size 277x28
        text run at (0,1) width 277: "This is a spanning element."
    RenderBlock (anonymous) at (5,333) size 367x221
      RenderInline {SPAN} at (0,0) size 43x19
        RenderText {#text} at (0,0) size 43x19
          text run at (0,0) width 43: "Lorem"
      RenderText {#text} at (42,0) size 367x220
        text run at (42,0) width 322: " ipsum dolor sit amet, consectetuer adipiscing elit."
        text run at (0,20) width 362: "Nulla varius enim ac mi. Curabitur sollicitudin felis quis"
        text run at (0,40) width 332: "lectus. Quisque adipiscing rhoncus sem. Proin nulla"
        text run at (0,60) width 367: "purus, vulputate vel, varius ut, euismod et, nisi. Sed vitae"
        text run at (0,81) width 354: "felis vel orci sagittis aliquam. Cras convallis adipiscing"
        text run at (0,101) width 347: "sem. Nam nonummy enim. Nullam bibendum lobortis"
        text run at (0,121) width 353: "neque. Vestibulum velit orci, tempus euismod, pretium"
        text run at (0,141) width 353: "quis, interdum vitae, nulla. Phasellus eget ante et tortor"
        text run at (0,161) width 351: "condimentum vestibulum. Suspendisse hendrerit quam"
        text run at (0,181) width 333: "nec felis. Sed varius turpis vitae pede. Lorem ipsum"
        text run at (0,201) width 275: "dolor sit amet, consectetuer adipiscing elit."
    RenderBlock {P} at (5,570) size 367x220
      RenderText {#text} at (0,0) size 367x219
        text run at (0,0) width 364: "Lorem ipsum dolor sit amet, consectetuer adipiscing elit."
        text run at (0,20) width 362: "Nulla varius enim ac mi. Curabitur sollicitudin felis quis"
        text run at (0,40) width 332: "lectus. Quisque adipiscing rhoncus sem. Proin nulla"
        text run at (0,60) width 367: "purus, vulputate vel, varius ut, euismod et, nisi. Sed vitae"
        text run at (0,80) width 354: "felis vel orci sagittis aliquam. Cras convallis adipiscing"
        text run at (0,100) width 347: "sem. Nam nonummy enim. Nullam bibendum lobortis"
        text run at (0,120) width 353: "neque. Vestibulum velit orci, tempus euismod, pretium"
        text run at (0,140) width 353: "quis, interdum vitae, nulla. Phasellus eget ante et tortor"
        text run at (0,160) width 351: "condimentum vestibulum. Suspendisse hendrerit quam"
        text run at (0,180) width 333: "nec felis. Sed varius turpis vitae pede. Lorem ipsum"
        text run at (0,200) width 275: "dolor sit amet, consectetuer adipiscing elit."
layer at (8,1767) size 760x411
  RenderBlock {DIV} at (0,1759) size 760x411 [border: (5px solid #800000)]
    RenderBlock (anonymous) at (5,5) size 367x220
      RenderInline {SPAN} at (0,0) size 367x219
        RenderText {#text} at (0,0) size 367x219
          text run at (0,0) width 364: "Lorem ipsum dolor sit amet, consectetuer adipiscing elit."
          text run at (0,20) width 362: "Nulla varius enim ac mi. Curabitur sollicitudin felis quis"
          text run at (0,40) width 332: "lectus. Quisque adipiscing rhoncus sem. Proin nulla"
          text run at (0,60) width 367: "purus, vulputate vel, varius ut, euismod et, nisi. Sed vitae"
          text run at (0,80) width 354: "felis vel orci sagittis aliquam. Cras convallis adipiscing"
          text run at (0,100) width 347: "sem. Nam nonummy enim. Nullam bibendum lobortis"
          text run at (0,120) width 353: "neque. Vestibulum velit orci, tempus euismod, pretium"
          text run at (0,140) width 353: "quis, interdum vitae, nulla. Phasellus eget ante et tortor"
          text run at (0,160) width 351: "condimentum vestibulum. Suspendisse hendrerit quam"
          text run at (0,180) width 333: "nec felis. Sed varius turpis vitae pede. Lorem ipsum"
          text run at (0,200) width 275: "dolor sit amet, consectetuer adipiscing elit."
    RenderBlock (anonymous) at (5,225) size 367x40
      RenderBlock {SPAN} at (0,0) size 367x40
        RenderText {#text} at (0,0) size 364x39
          text run at (0,0) width 364: "Lorem ipsum dolor sit amet, consectetuer adipiscing elit."
          text run at (0,20) width 158: "Nulla varius enim ac mi."
    RenderBlock (anonymous) at (5,265) size 367x221
      RenderInline {SPAN} at (0,0) size 43x19
        RenderText {#text} at (0,0) size 43x19
          text run at (0,0) width 43: "Lorem"
      RenderText {#text} at (42,0) size 367x220
        text run at (42,0) width 322: " ipsum dolor sit amet, consectetuer adipiscing elit."
        text run at (0,20) width 362: "Nulla varius enim ac mi. Curabitur sollicitudin felis quis"
        text run at (0,40) width 332: "lectus. Quisque adipiscing rhoncus sem. Proin nulla"
        text run at (0,60) width 367: "purus, vulputate vel, varius ut, euismod et, nisi. Sed vitae"
        text run at (0,80) width 354: "felis vel orci sagittis aliquam. Cras convallis adipiscing"
        text run at (0,100) width 347: "sem. Nam nonummy enim. Nullam bibendum lobortis"
        text run at (0,120) width 353: "neque. Vestibulum velit orci, tempus euismod, pretium"
        text run at (0,141) width 353: "quis, interdum vitae, nulla. Phasellus eget ante et tortor"
        text run at (0,161) width 351: "condimentum vestibulum. Suspendisse hendrerit quam"
        text run at (0,181) width 333: "nec felis. Sed varius turpis vitae pede. Lorem ipsum"
        text run at (0,201) width 275: "dolor sit amet, consectetuer adipiscing elit."
    RenderBlock {H2} at (5,505) size 367x30 [bgcolor=#EEEEEE]
      RenderText {#text} at (0,1) size 277x28
        text run at (0,1) width 277: "This is a spanning element."
    RenderBlock {P} at (5,554) size 367x220
      RenderText {#text} at (0,0) size 367x219
        text run at (0,0) width 364: "Lorem ipsum dolor sit amet, consectetuer adipiscing elit."
        text run at (0,20) width 362: "Nulla varius enim ac mi. Curabitur sollicitudin felis quis"
        text run at (0,40) width 332: "lectus. Quisque adipiscing rhoncus sem. Proin nulla"
        text run at (0,60) width 367: "purus, vulputate vel, varius ut, euismod et, nisi. Sed vitae"
        text run at (0,80) width 354: "felis vel orci sagittis aliquam. Cras convallis adipiscing"
        text run at (0,100) width 347: "sem. Nam nonummy enim. Nullam bibendum lobortis"
        text run at (0,120) width 353: "neque. Vestibulum velit orci, tempus euismod, pretium"
        text run at (0,140) width 353: "quis, interdum vitae, nulla. Phasellus eget ante et tortor"
        text run at (0,160) width 351: "condimentum vestibulum. Suspendisse hendrerit quam"
        text run at (0,180) width 333: "nec felis. Sed varius turpis vitae pede. Lorem ipsum"
        text run at (0,200) width 275: "dolor sit amet, consectetuer adipiscing elit."
layer at (8,2194) size 760x438
  RenderBlock {DIV} at (0,2186) size 760x438 [border: (5px solid #800000)]
    RenderBlock {P} at (5,21) size 367x220
      RenderText {#text} at (0,0) size 367x219
        text run at (0,0) width 364: "Lorem ipsum dolor sit amet, consectetuer adipiscing elit."
        text run at (0,20) width 362: "Nulla varius enim ac mi. Curabitur sollicitudin felis quis"
        text run at (0,40) width 332: "lectus. Quisque adipiscing rhoncus sem. Proin nulla"
        text run at (0,60) width 367: "purus, vulputate vel, varius ut, euismod et, nisi. Sed vitae"
        text run at (0,80) width 354: "felis vel orci sagittis aliquam. Cras convallis adipiscing"
        text run at (0,100) width 347: "sem. Nam nonummy enim. Nullam bibendum lobortis"
        text run at (0,120) width 353: "neque. Vestibulum velit orci, tempus euismod, pretium"
        text run at (0,140) width 353: "quis, interdum vitae, nulla. Phasellus eget ante et tortor"
        text run at (0,160) width 351: "condimentum vestibulum. Suspendisse hendrerit quam"
        text run at (0,180) width 333: "nec felis. Sed varius turpis vitae pede. Lorem ipsum"
        text run at (0,200) width 275: "dolor sit amet, consectetuer adipiscing elit."
    RenderBlock {P} at (5,257) size 367x40
      RenderText {#text} at (0,0) size 364x39
        text run at (0,0) width 364: "Lorem ipsum dolor sit amet, consectetuer adipiscing elit."
        text run at (0,20) width 158: "Nulla varius enim ac mi."
    RenderBlock {P} at (5,313) size 367x220
      RenderText {#text} at (0,0) size 367x219
        text run at (0,0) width 364: "Lorem ipsum dolor sit amet, consectetuer adipiscing elit."
        text run at (0,20) width 362: "Nulla varius enim ac mi. Curabitur sollicitudin felis quis"
        text run at (0,40) width 332: "lectus. Quisque adipiscing rhoncus sem. Proin nulla"
        text run at (0,60) width 367: "purus, vulputate vel, varius ut, euismod et, nisi. Sed vitae"
        text run at (0,80) width 354: "felis vel orci sagittis aliquam. Cras convallis adipiscing"
        text run at (0,100) width 347: "sem. Nam nonummy enim. Nullam bibendum lobortis"
        text run at (0,120) width 353: "neque. Vestibulum velit orci, tempus euismod, pretium"
        text run at (0,140) width 353: "quis, interdum vitae, nulla. Phasellus eget ante et tortor"
        text run at (0,160) width 351: "condimentum vestibulum. Suspendisse hendrerit quam"
        text run at (0,180) width 333: "nec felis. Sed varius turpis vitae pede. Lorem ipsum"
        text run at (0,200) width 275: "dolor sit amet, consectetuer adipiscing elit."
    RenderBlock {H2} at (5,552) size 367x30 [bgcolor=#EEEEEE]
      RenderText {#text} at (0,1) size 277x28
        text run at (0,1) width 277: "This is a spanning element."
    RenderBlock (anonymous) at (5,601) size 367x20
      RenderInline {SPAN} at (0,0) size 364x19
        RenderText {#text} at (0,0) size 364x19
          text run at (0,0) width 364: "Lorem ipsum dolor sit amet, consectetuer adipiscing elit."
    RenderBlock (anonymous) at (5,621) size 367x20
      RenderBlock {SPAN} at (0,0) size 367x20
        RenderText {#text} at (0,0) size 158x19
          text run at (0,0) width 158: "Nulla varius enim ac mi."
    RenderBlock (anonymous) at (5,641) size 367x200
      RenderInline {SPAN} at (0,0) size 367x199
        RenderText {#text} at (0,0) size 367x199
          text run at (0,0) width 303: "Curabitur sollicitudin felis quis lectus. Quisque"
          text run at (0,20) width 364: "adipiscing rhoncus sem. Proin nulla purus, vulputate vel,"
          text run at (0,40) width 365: "varius ut, euismod et, nisi. Sed vitae felis vel orci sagittis"
          text run at (0,60) width 359: "aliquam. Cras convallis adipiscing sem. Nam nonummy"
          text run at (0,80) width 367: "enim. Nullam bibendum lobortis neque. Vestibulum velit"
          text run at (0,100) width 331: "orci, tempus euismod, pretium quis, interdum vitae,"
          text run at (0,120) width 309: "nulla. Phasellus eget ante et tortor condimentum"
          text run at (0,140) width 349: "vestibulum. Suspendisse hendrerit quam nec felis. Sed"
          text run at (0,160) width 339: "varius turpis vitae pede. Lorem ipsum dolor sit amet,"
          text run at (0,180) width 179: "consectetuer adipiscing elit."
      RenderText {#text} at (0,0) size 0x0
