layer at (0,0) size 800x600
  RenderView at (0,0) size 800x600
layer at (0,0) size 800x600
  RenderBlock {HTML} at (0,0) size 800x600
    RenderBody {BODY} at (8,8) size 784x576
      RenderBlock {P} at (0,0) size 784x36 [bgcolor=#FFFFFF]
        RenderText {#text} at (0,0) size 52x17
          text run at (0,0) width 52: "Test for "
        RenderInline {I} at (0,0) size 759x35
          RenderInline {A} at (0,0) size 306x17 [color=#0000EE]
            RenderText {#text} at (52,0) size 306x17
              text run at (52,0) width 306: "https://bugs.webkit.org/show_bug.cgi?id=18445"
          RenderText {#text} at (358,0) size 759x35
            text run at (358,0) width 4: " "
            text run at (362,0) width 397: "Assertion failure in CSSGradientValue::image() when the body"
            text run at (0,18) width 223: "element has a background gradient"
        RenderText {#text} at (223,18) size 4x17
          text run at (223,18) width 4: "."
      RenderBlock {P} at (0,52) size 784x36 [bgcolor=#FFFFFF]
        RenderText {#text} at (0,0) size 747x35
          text run at (0,0) width 370: "The test passes if the root element\x{2019}s background is a linear "
          text run at (370,0) width 377: "gradient from black at the top to white at the bottom, and no"
          text run at (0,18) width 59: "assertion "
          text run at (59,18) width 89: "failure occurs."
