layer at (0,0) size 800x600
  RenderView at (0,0) size 800x600
layer at (0,0) size 800x379
  RenderBlock {HTML} at (0,0) size 800x379
    RenderBody {BODY} at (8,16) size 784x347
      RenderBlock {P} at (0,0) size 784x19
        RenderMathMLMath {math} at (0,0) size 101x20 [padding: 0 1 0 1]
          RenderMathMLOperator {mo} at (1,0) size 6x20
            RenderBlock (anonymous) at (0,0) size 6x16
              RenderText {#text} at (0,0) size 6x16
                text run at (0,0) width 6: "["
          RenderMathMLOperator {mo} at (7,0) size 6x20
            RenderBlock (anonymous) at (0,0) size 6x16
              RenderText {#text} at (0,0) size 6x16
                text run at (0,0) width 6: "]"
          RenderMathMLOperator {mo} at (13,0) size 6x20
            RenderBlock (anonymous) at (0,0) size 6x16
              RenderText {#text} at (0,0) size 6x16
                text run at (0,0) width 6: "{"
          RenderMathMLOperator {mo} at (19,0) size 6x20
            RenderBlock (anonymous) at (0,0) size 6x16
              RenderText {#text} at (0,0) size 6x16
                text run at (0,0) width 6: "}"
          RenderMathMLOperator {mo} at (25,0) size 7x20
            RenderBlock (anonymous) at (0,0) size 7x16
              RenderText {#text} at (0,0) size 7x16
                text run at (0,0) width 7: "("
          RenderMathMLOperator {mo} at (32,0) size 7x20
            RenderBlock (anonymous) at (0,0) size 7x16
              RenderText {#text} at (0,0) size 7x16
                text run at (0,0) width 7: ")"
          RenderMathMLOperator {mo} at (39,0) size 9x20
            RenderBlock (anonymous) at (0,0) size 5x16
              RenderText {#text} at (0,0) size 5x16
                text run at (0,0) width 5: "|"
          RenderMathMLOperator {mo} at (47,0) size 7x20
            RenderBlock (anonymous) at (0,0) size 6x16
              RenderText {#text} at (0,0) size 6x16
                text run at (0,0) width 6: "\x{2308}"
          RenderMathMLOperator {mo} at (53,0) size 7x20
            RenderBlock (anonymous) at (0,0) size 6x16
              RenderText {#text} at (0,0) size 6x16
                text run at (0,0) width 6: "\x{2309}"
          RenderMathMLOperator {mo} at (59,0) size 7x20
            RenderBlock (anonymous) at (0,0) size 6x16
              RenderText {#text} at (0,0) size 6x16
                text run at (0,0) width 6: "\x{230A}"
          RenderMathMLOperator {mo} at (65,0) size 7x20
            RenderBlock (anonymous) at (0,0) size 6x16
              RenderText {#text} at (0,0) size 6x16
                text run at (0,0) width 6: "\x{230B}"
          RenderMathMLOperator {mo} at (71,0) size 9x20
            RenderBlock (anonymous) at (0,0) size 7x16
              RenderText {#text} at (0,0) size 7x16
                text run at (0,0) width 7: "\x{27E6}"
          RenderMathMLOperator {mo} at (79,0) size 9x20
            RenderBlock (anonymous) at (0,0) size 7x16
              RenderText {#text} at (0,0) size 7x16
                text run at (0,0) width 7: "\x{27E7}"
          RenderMathMLOperator {mo} at (87,0) size 7x20
            RenderBlock (anonymous) at (0,0) size 6x16
              RenderText {#text} at (0,0) size 6x16
                text run at (0,0) width 6: "\x{27E8}"
          RenderMathMLOperator {mo} at (93,0) size 7x20
            RenderBlock (anonymous) at (0,0) size 6x16
              RenderText {#text} at (0,0) size 6x16
                text run at (0,0) width 6: "\x{27E9}"
          RenderMathMLSpace {mspace} at (99,6) size 0x8
        RenderText {#text} at (0,0) size 0x0
      RenderBlock {P} at (0,35) size 784x30
        RenderMathMLMath {math} at (0,0) size 105x31 [padding: 0 1 0 1]
          RenderMathMLOperator {mo} at (1,2) size 6x27
            RenderBlock (anonymous) at (0,0) size 6x16
              RenderText {#text} at (0,0) size 6x16
                text run at (0,0) width 6: "["
          RenderMathMLOperator {mo} at (7,2) size 6x27
            RenderBlock (anonymous) at (0,0) size 6x16
              RenderText {#text} at (0,0) size 6x16
                text run at (0,0) width 6: "]"
          RenderMathMLOperator {mo} at (13,2) size 7x27
            RenderBlock (anonymous) at (0,0) size 6x16
              RenderText {#text} at (0,0) size 6x16
                text run at (0,0) width 6: "{"
          RenderMathMLOperator {mo} at (20,2) size 7x27
            RenderBlock (anonymous) at (0,0) size 6x16
              RenderText {#text} at (0,0) size 6x16
                text run at (0,0) width 6: "}"
          RenderMathMLOperator {mo} at (27,2) size 8x27
            RenderBlock (anonymous) at (0,0) size 7x16
              RenderText {#text} at (0,0) size 7x16
                text run at (0,0) width 7: "("
          RenderMathMLOperator {mo} at (35,2) size 8x27
            RenderBlock (anonymous) at (0,0) size 7x16
              RenderText {#text} at (0,0) size 7x16
                text run at (0,0) width 7: ")"
          RenderMathMLOperator {mo} at (43,2) size 9x27
            RenderBlock (anonymous) at (0,0) size 5x16
              RenderText {#text} at (0,0) size 5x16
                text run at (0,0) width 5: "|"
          RenderMathMLOperator {mo} at (51,2) size 7x27
            RenderBlock (anonymous) at (0,0) size 6x16
              RenderText {#text} at (0,0) size 6x16
                text run at (0,0) width 6: "\x{2308}"
          RenderMathMLOperator {mo} at (57,2) size 7x27
            RenderBlock (anonymous) at (0,0) size 6x16
              RenderText {#text} at (0,0) size 6x16
                text run at (0,0) width 6: "\x{2309}"
          RenderMathMLOperator {mo} at (63,2) size 7x27
            RenderBlock (anonymous) at (0,0) size 6x16
              RenderText {#text} at (0,0) size 6x16
                text run at (0,0) width 6: "\x{230A}"
          RenderMathMLOperator {mo} at (69,2) size 7x27
            RenderBlock (anonymous) at (0,0) size 6x16
              RenderText {#text} at (0,0) size 6x16
                text run at (0,0) width 6: "\x{230B}"
          RenderMathMLOperator {mo} at (75,2) size 9x27
            RenderBlock (anonymous) at (0,0) size 7x16
              RenderText {#text} at (0,0) size 7x16
                text run at (0,0) width 7: "\x{27E6}"
          RenderMathMLOperator {mo} at (83,2) size 9x27
            RenderBlock (anonymous) at (0,0) size 7x16
              RenderText {#text} at (0,0) size 7x16
                text run at (0,0) width 7: "\x{27E7}"
          RenderMathMLOperator {mo} at (91,0) size 7x31
            RenderBlock (anonymous) at (0,0) size 6x16
              RenderText {#text} at (0,0) size 6x16
                text run at (0,0) width 6: "\x{27E8}"
          RenderMathMLOperator {mo} at (97,0) size 7x31
            RenderBlock (anonymous) at (0,0) size 6x16
              RenderText {#text} at (0,0) size 6x16
                text run at (0,0) width 6: "\x{27E9}"
          RenderMathMLSpace {mspace} at (103,4) size 0x16
        RenderText {#text} at (104,6) size 5x18
          text run at (104,6) width 5: " "
        RenderMathMLMath {math} at (108,4) size 200x18 [padding: 0 1 0 1]
          RenderMathMLOperator {mo} at (1,4) size 16x12
            RenderBlock (anonymous) at (0,0) size 7x13
              RenderText {#text} at (0,0) size 7x16
                text run at (0,0) width 7: "\x{2191}"
          RenderMathMLOperator {mo} at (16,4) size 17x12
            RenderBlock (anonymous) at (0,0) size 7x13
              RenderText {#text} at (0,0) size 7x16
                text run at (0,0) width 7: "\x{2193}"
          RenderMathMLOperator {mo} at (32,4) size 17x14
            RenderBlock (anonymous) at (0,0) size 7x14
              RenderText {#text} at (0,0) size 7x16
                text run at (0,0) width 7: "\x{2195}"
          RenderMathMLOperator {mo} at (48,4) size 17x12
            RenderBlock (anonymous) at (0,0) size 7x13
              RenderText {#text} at (0,0) size 7x16
                text run at (0,0) width 7: "\x{21A5}"
          RenderMathMLOperator {mo} at (64,5) size 17x12
            RenderBlock (anonymous) at (0,0) size 7x13
              RenderText {#text} at (0,0) size 7x16
                text run at (0,0) width 7: "\x{21A7}"
          RenderMathMLOperator {mo} at (80,4) size 17x12
            RenderBlock (anonymous) at (0,0) size 7x13
              RenderText {#text} at (0,0) size 7x16
                text run at (0,0) width 7: "\x{21BE}"
          RenderMathMLOperator {mo} at (96,4) size 17x12
            RenderBlock (anonymous) at (0,0) size 7x13
              RenderText {#text} at (0,0) size 7x16
                text run at (0,0) width 7: "\x{21C2}"
          RenderMathMLOperator {mo} at (112,4) size 16x12
            RenderBlock (anonymous) at (0,0) size 7x13
              RenderText {#text} at (0,0) size 7x16
                text run at (0,0) width 7: "\x{21BF}"
          RenderMathMLOperator {mo} at (128,4) size 16x12
            RenderBlock (anonymous) at (0,0) size 7x13
              RenderText {#text} at (0,0) size 7x16
                text run at (0,0) width 7: "\x{21C3}"
          RenderMathMLOperator {mo} at (143,4) size 19x12
            RenderBlock (anonymous) at (0,0) size 9x13
              RenderText {#text} at (0,0) size 9x16
                text run at (0,0) width 9: "\x{21D1}"
          RenderMathMLOperator {mo} at (161,5) size 19x12
            RenderBlock (anonymous) at (0,0) size 9x13
              RenderText {#text} at (0,0) size 9x16
                text run at (0,0) width 9: "\x{21D3}"
          RenderMathMLOperator {mo} at (179,4) size 19x14
            RenderBlock (anonymous) at (0,0) size 9x14
              RenderText {#text} at (0,0) size 9x16
                text run at (0,0) width 9: "\x{21D5}"
          RenderMathMLSpace {mspace} at (197,0) size 0x16
        RenderText {#text} at (0,0) size 0x0
      RenderBlock {P} at (0,81) size 784x47
        RenderMathMLMath {math} at (0,0) size 106x48 [padding: 0 1 0 1]
          RenderMathMLOperator {mo} at (1,0) size 6x48
            RenderBlock (anonymous) at (0,0) size 6x16
              RenderText {#text} at (0,0) size 6x16
                text run at (0,0) width 6: "["
          RenderMathMLOperator {mo} at (7,0) size 6x48
            RenderBlock (anonymous) at (0,0) size 6x16
              RenderText {#text} at (0,0) size 6x16
                text run at (0,0) width 6: "]"
          RenderMathMLOperator {mo} at (13,0) size 6x48
            RenderBlock (anonymous) at (0,0) size 6x16
              RenderText {#text} at (0,0) size 6x16
                text run at (0,0) width 6: "{"
          RenderMathMLOperator {mo} at (19,0) size 6x48
            RenderBlock (anonymous) at (0,0) size 6x16
              RenderText {#text} at (0,0) size 6x16
                text run at (0,0) width 6: "}"
          RenderMathMLOperator {mo} at (25,3) size 9x41
            RenderBlock (anonymous) at (0,0) size 7x16
              RenderText {#text} at (0,0) size 7x16
                text run at (0,0) width 7: "("
          RenderMathMLOperator {mo} at (34,3) size 9x41
            RenderBlock (anonymous) at (0,0) size 7x16
              RenderText {#text} at (0,0) size 7x16
                text run at (0,0) width 7: ")"
          RenderMathMLOperator {mo} at (43,0) size 9x48
            RenderBlock (anonymous) at (0,0) size 5x16
              RenderText {#text} at (0,0) size 5x16
                text run at (0,0) width 5: "|"
          RenderMathMLOperator {mo} at (51,0) size 7x48
            RenderBlock (anonymous) at (0,0) size 6x16
              RenderText {#text} at (0,0) size 6x16
                text run at (0,0) width 6: "\x{2308}"
          RenderMathMLOperator {mo} at (57,0) size 7x48
            RenderBlock (anonymous) at (0,0) size 6x16
              RenderText {#text} at (0,0) size 6x16
                text run at (0,0) width 6: "\x{2309}"
          RenderMathMLOperator {mo} at (63,0) size 8x48
            RenderBlock (anonymous) at (0,0) size 6x16
              RenderText {#text} at (0,0) size 6x16
                text run at (0,0) width 6: "\x{230A}"
          RenderMathMLOperator {mo} at (70,0) size 7x48
            RenderBlock (anonymous) at (0,0) size 6x16
              RenderText {#text} at (0,0) size 6x16
                text run at (0,0) width 6: "\x{230B}"
          RenderMathMLOperator {mo} at (76,0) size 9x48
            RenderBlock (anonymous) at (0,0) size 7x16
              RenderText {#text} at (0,0) size 7x16
                text run at (0,0) width 7: "\x{27E6}"
          RenderMathMLOperator {mo} at (84,0) size 9x48
            RenderBlock (anonymous) at (0,0) size 7x16
              RenderText {#text} at (0,0) size 7x16
                text run at (0,0) width 7: "\x{27E7}"
          RenderMathMLOperator {mo} at (92,0) size 7x47
            RenderBlock (anonymous) at (0,0) size 6x16
              RenderText {#text} at (0,0) size 6x16
                text run at (0,0) width 6: "\x{27E8}"
          RenderMathMLOperator {mo} at (98,0) size 7x47
            RenderBlock (anonymous) at (0,0) size 6x16
              RenderText {#text} at (0,0) size 6x16
                text run at (0,0) width 6: "\x{27E9}"
          RenderMathMLSpace {mspace} at (104,4) size 0x24
        RenderText {#text} at (0,0) size 0x0
      RenderBlock {P} at (0,144) size 784x67
        RenderMathMLMath {math} at (0,0) size 125x68 [padding: 0 1 0 1]
          RenderMathMLOperator {mo} at (1,4) size 7x59
            RenderBlock (anonymous) at (0,0) size 6x16
              RenderText {#text} at (0,0) size 6x16
                text run at (0,0) width 6: "["
          RenderMathMLOperator {mo} at (8,4) size 7x59
            RenderBlock (anonymous) at (0,0) size 6x16
              RenderText {#text} at (0,0) size 6x16
                text run at (0,0) width 6: "]"
          RenderMathMLOperator {mo} at (15,4) size 10x59
            RenderBlock (anonymous) at (0,0) size 6x16
              RenderText {#text} at (0,0) size 6x16
                text run at (0,0) width 6: "{"
          RenderMathMLOperator {mo} at (25,4) size 10x59
            RenderBlock (anonymous) at (0,0) size 6x16
              RenderText {#text} at (0,0) size 6x16
                text run at (0,0) width 6: "}"
          RenderMathMLOperator {mo} at (35,4) size 11x60
            RenderBlock (anonymous) at (0,0) size 7x16
              RenderText {#text} at (0,0) size 7x16
                text run at (0,0) width 7: "("
          RenderMathMLOperator {mo} at (46,4) size 11x60
            RenderBlock (anonymous) at (0,0) size 7x16
              RenderText {#text} at (0,0) size 7x16
                text run at (0,0) width 7: ")"
          RenderMathMLOperator {mo} at (57,4) size 9x59
            RenderBlock (anonymous) at (0,0) size 5x16
              RenderText {#text} at (0,0) size 5x16
                text run at (0,0) width 5: "|"
          RenderMathMLOperator {mo} at (65,4) size 8x59
            RenderBlock (anonymous) at (0,0) size 6x16
              RenderText {#text} at (0,0) size 6x16
                text run at (0,0) width 6: "\x{2308}"
          RenderMathMLOperator {mo} at (72,4) size 8x59
            RenderBlock (anonymous) at (0,0) size 6x16
              RenderText {#text} at (0,0) size 6x16
                text run at (0,0) width 6: "\x{2309}"
          RenderMathMLOperator {mo} at (79,4) size 8x59
            RenderBlock (anonymous) at (0,0) size 6x16
              RenderText {#text} at (0,0) size 6x16
                text run at (0,0) width 6: "\x{230A}"
          RenderMathMLOperator {mo} at (86,4) size 8x59
            RenderBlock (anonymous) at (0,0) size 6x16
              RenderText {#text} at (0,0) size 6x16
                text run at (0,0) width 6: "\x{230B}"
          RenderMathMLOperator {mo} at (93,4) size 9x59
            RenderBlock (anonymous) at (0,0) size 7x16
              RenderText {#text} at (0,0) size 7x16
                text run at (0,0) width 7: "\x{27E6}"
          RenderMathMLOperator {mo} at (101,4) size 9x59
            RenderBlock (anonymous) at (0,0) size 7x16
              RenderText {#text} at (0,0) size 7x16
                text run at (0,0) width 7: "\x{27E7}"
          RenderMathMLOperator {mo} at (109,0) size 8x68
            RenderBlock (anonymous) at (0,0) size 6x16
              RenderText {#text} at (0,0) size 6x16
                text run at (0,0) width 6: "\x{27E8}"
          RenderMathMLOperator {mo} at (116,0) size 8x68
            RenderBlock (anonymous) at (0,0) size 6x16
              RenderText {#text} at (0,0) size 6x16
                text run at (0,0) width 6: "\x{27E9}"
          RenderMathMLSpace {mspace} at (123,6) size 0x32
        RenderText {#text} at (124,24) size 5x18
          text run at (124,24) width 5: " "
        RenderMathMLMath {math} at (128,6) size 200x34 [padding: 0 1 0 1]
          RenderMathMLOperator {mo} at (1,0) size 16x32
            RenderBlock (anonymous) at (0,0) size 7x13
              RenderText {#text} at (0,0) size 7x16
                text run at (0,0) width 7: "\x{2191}"
          RenderMathMLOperator {mo} at (16,0) size 17x32
            RenderBlock (anonymous) at (0,0) size 7x13
              RenderText {#text} at (0,0) size 7x16
                text run at (0,0) width 7: "\x{2193}"
          RenderMathMLOperator {mo} at (32,20) size 17x14
            RenderBlock (anonymous) at (0,0) size 7x14
              RenderText {#text} at (0,0) size 7x16
                text run at (0,0) width 7: "\x{2195}"
          RenderMathMLOperator {mo} at (48,20) size 17x12
            RenderBlock (anonymous) at (0,0) size 7x13
              RenderText {#text} at (0,0) size 7x16
                text run at (0,0) width 7: "\x{21A5}"
          RenderMathMLOperator {mo} at (64,21) size 17x12
            RenderBlock (anonymous) at (0,0) size 7x13
              RenderText {#text} at (0,0) size 7x16
                text run at (0,0) width 7: "\x{21A7}"
          RenderMathMLOperator {mo} at (80,20) size 17x12
            RenderBlock (anonymous) at (0,0) size 7x13
              RenderText {#text} at (0,0) size 7x16
                text run at (0,0) width 7: "\x{21BE}"
          RenderMathMLOperator {mo} at (96,20) size 17x12
            RenderBlock (anonymous) at (0,0) size 7x13
              RenderText {#text} at (0,0) size 7x16
                text run at (0,0) width 7: "\x{21C2}"
          RenderMathMLOperator {mo} at (112,20) size 16x12
            RenderBlock (anonymous) at (0,0) size 7x13
              RenderText {#text} at (0,0) size 7x16
                text run at (0,0) width 7: "\x{21BF}"
          RenderMathMLOperator {mo} at (128,20) size 16x12
            RenderBlock (anonymous) at (0,0) size 7x13
              RenderText {#text} at (0,0) size 7x16
                text run at (0,0) width 7: "\x{21C3}"
          RenderMathMLOperator {mo} at (143,0) size 19x32
            RenderBlock (anonymous) at (0,0) size 9x13
              RenderText {#text} at (0,0) size 9x16
                text run at (0,0) width 9: "\x{21D1}"
          RenderMathMLOperator {mo} at (161,0) size 19x32
            RenderBlock (anonymous) at (0,0) size 9x13
              RenderText {#text} at (0,0) size 9x16
                text run at (0,0) width 9: "\x{21D3}"
          RenderMathMLOperator {mo} at (179,20) size 19x14
            RenderBlock (anonymous) at (0,0) size 9x14
              RenderText {#text} at (0,0) size 9x16
                text run at (0,0) width 9: "\x{21D5}"
          RenderMathMLSpace {mspace} at (197,0) size 0x32
        RenderText {#text} at (0,0) size 0x0
      RenderBlock {P} at (0,227) size 784x120
        RenderMathMLMath {math} at (0,0) size 124x121 [padding: 0 1 0 1]
          RenderMathMLOperator {mo} at (1,0) size 6x121
            RenderBlock (anonymous) at (0,0) size 6x16
              RenderText {#text} at (0,0) size 6x16
                text run at (0,0) width 6: "["
          RenderMathMLOperator {mo} at (7,0) size 6x121
            RenderBlock (anonymous) at (0,0) size 6x16
              RenderText {#text} at (0,0) size 6x16
                text run at (0,0) width 6: "]"
          RenderMathMLOperator {mo} at (13,0) size 11x121
            RenderBlock (anonymous) at (0,0) size 6x16
              RenderText {#text} at (0,0) size 6x16
                text run at (0,0) width 6: "{"
          RenderMathMLOperator {mo} at (24,0) size 11x121
            RenderBlock (anonymous) at (0,0) size 6x16
              RenderText {#text} at (0,0) size 6x16
                text run at (0,0) width 6: "}"
          RenderMathMLOperator {mo} at (35,0) size 12x121
            RenderBlock (anonymous) at (0,0) size 7x16
              RenderText {#text} at (0,0) size 7x16
                text run at (0,0) width 7: "("
          RenderMathMLOperator {mo} at (47,0) size 12x121
            RenderBlock (anonymous) at (0,0) size 7x16
              RenderText {#text} at (0,0) size 7x16
                text run at (0,0) width 7: ")"
          RenderMathMLOperator {mo} at (59,25) size 10x69
            RenderBlock (anonymous) at (0,0) size 5x16
              RenderText {#text} at (0,0) size 5x16
                text run at (0,0) width 5: "|"
          RenderMathMLOperator {mo} at (68,0) size 7x121
            RenderBlock (anonymous) at (0,0) size 6x16
              RenderText {#text} at (0,0) size 6x16
                text run at (0,0) width 6: "\x{2308}"
          RenderMathMLOperator {mo} at (74,0) size 7x121
            RenderBlock (anonymous) at (0,0) size 6x16
              RenderText {#text} at (0,0) size 6x16
                text run at (0,0) width 6: "\x{2309}"
          RenderMathMLOperator {mo} at (80,0) size 7x121
            RenderBlock (anonymous) at (0,0) size 6x16
              RenderText {#text} at (0,0) size 6x16
                text run at (0,0) width 6: "\x{230A}"
          RenderMathMLOperator {mo} at (86,0) size 7x121
            RenderBlock (anonymous) at (0,0) size 6x16
              RenderText {#text} at (0,0) size 6x16
                text run at (0,0) width 6: "\x{230B}"
          RenderMathMLOperator {mo} at (92,25) size 9x69
            RenderBlock (anonymous) at (0,0) size 7x16
              RenderText {#text} at (0,0) size 7x16
                text run at (0,0) width 7: "\x{27E6}"
          RenderMathMLOperator {mo} at (100,25) size 9x69
            RenderBlock (anonymous) at (0,0) size 7x16
              RenderText {#text} at (0,0) size 7x16
                text run at (0,0) width 7: "\x{27E7}"
          RenderMathMLOperator {mo} at (108,26) size 8x68
            RenderBlock (anonymous) at (0,0) size 6x16
              RenderText {#text} at (0,0) size 6x16
                text run at (0,0) width 6: "\x{27E8}"
          RenderMathMLOperator {mo} at (115,26) size 8x68
            RenderBlock (anonymous) at (0,0) size 6x16
              RenderText {#text} at (0,0) size 6x16
                text run at (0,0) width 6: "\x{27E9}"
          RenderMathMLSpace {mspace} at (122,0) size 0x64
        RenderText {#text} at (123,50) size 5x18
          text run at (123,50) width 5: " "
        RenderMathMLMath {math} at (127,0) size 200x66 [padding: 0 1 0 1]
          RenderMathMLOperator {mo} at (1,0) size 16x64
            RenderBlock (anonymous) at (0,0) size 7x13
              RenderText {#text} at (0,0) size 7x16
                text run at (0,0) width 7: "\x{2191}"
          RenderMathMLOperator {mo} at (16,0) size 17x64
            RenderBlock (anonymous) at (0,0) size 7x13
              RenderText {#text} at (0,0) size 7x16
                text run at (0,0) width 7: "\x{2193}"
          RenderMathMLOperator {mo} at (32,52) size 17x14
            RenderBlock (anonymous) at (0,0) size 7x14
              RenderText {#text} at (0,0) size 7x16
                text run at (0,0) width 7: "\x{2195}"
          RenderMathMLOperator {mo} at (48,52) size 17x12
            RenderBlock (anonymous) at (0,0) size 7x13
              RenderText {#text} at (0,0) size 7x16
                text run at (0,0) width 7: "\x{21A5}"
          RenderMathMLOperator {mo} at (64,53) size 17x12
            RenderBlock (anonymous) at (0,0) size 7x13
              RenderText {#text} at (0,0) size 7x16
                text run at (0,0) width 7: "\x{21A7}"
          RenderMathMLOperator {mo} at (80,52) size 17x12
            RenderBlock (anonymous) at (0,0) size 7x13
              RenderText {#text} at (0,0) size 7x16
                text run at (0,0) width 7: "\x{21BE}"
          RenderMathMLOperator {mo} at (96,52) size 17x12
            RenderBlock (anonymous) at (0,0) size 7x13
              RenderText {#text} at (0,0) size 7x16
                text run at (0,0) width 7: "\x{21C2}"
          RenderMathMLOperator {mo} at (112,52) size 16x12
            RenderBlock (anonymous) at (0,0) size 7x13
              RenderText {#text} at (0,0) size 7x16
                text run at (0,0) width 7: "\x{21BF}"
          RenderMathMLOperator {mo} at (128,52) size 16x12
            RenderBlock (anonymous) at (0,0) size 7x13
              RenderText {#text} at (0,0) size 7x16
                text run at (0,0) width 7: "\x{21C3}"
          RenderMathMLOperator {mo} at (143,0) size 19x64
            RenderBlock (anonymous) at (0,0) size 9x13
              RenderText {#text} at (0,0) size 9x16
                text run at (0,0) width 9: "\x{21D1}"
          RenderMathMLOperator {mo} at (161,0) size 19x64
            RenderBlock (anonymous) at (0,0) size 9x13
              RenderText {#text} at (0,0) size 9x16
                text run at (0,0) width 9: "\x{21D3}"
          RenderMathMLOperator {mo} at (179,52) size 19x14
            RenderBlock (anonymous) at (0,0) size 9x14
              RenderText {#text} at (0,0) size 9x16
                text run at (0,0) width 9: "\x{21D5}"
          RenderMathMLSpace {mspace} at (197,0) size 0x64
        RenderText {#text} at (0,0) size 0x0
