layer at (0,0) size 800x622
  RenderView at (0,0) size 800x600
layer at (0,0) size 800x622
  RenderBlock {HTML} at (0,0) size 800x622
    RenderBody {BODY} at (8,8) size 784x606
      RenderBlock {P} at (0,0) size 784x62
        RenderText {#text} at (0,1) size 707x60
          text run at (0,1) width 707: "In the pixel result, the green boxes should be coincident with the black"
          text run at (0,32) width 76: "outline."
      RenderBlock {DIV} at (0,78) size 202x202 [border: (1px solid #EEEEEE)]
      RenderBlock {DIV} at (0,280) size 202x202 [border: (1px solid #EEEEEE)]
      RenderBlock {DIV} at (0,482) size 784x124
        RenderText {#text} at (0,1) size 721x60
          text run at (0,1) width 721: "PASS - \"-webkit-transform.0\" property for \"inner1\" element at 0.5s saw"
          text run at (0,32) width 232: "something close to: 1.5"
        RenderBR {BR} at (231,55) size 1x0
        RenderText {#text} at (0,63) size 721x60
          text run at (0,63) width 721: "PASS - \"-webkit-transform.0\" property for \"inner2\" element at 0.5s saw"
          text run at (0,94) width 232: "something close to: 1.5"
        RenderBR {BR} at (231,117) size 1x0
layer at (34,112) size 150x150
  RenderBlock (positioned) {DIV} at (34,112) size 150x150 [border: (1px solid #000000)]
layer at (59,137) size 100x100
  RenderBlock {DIV} at (51,51) size 100x100 [bgcolor=#008000]
layer at (34,314) size 150x150
  RenderBlock (positioned) {DIV} at (34,314) size 150x150 [border: (1px solid #000000)]
layer at (59,339) size 100x100
  RenderBlock {DIV} at (51,51) size 100x100 [bgcolor=#008000]
