layer at (0,0) size 800x600
  RenderView at (0,0) size 800x600
layer at (0,0) size 800x600
  RenderBlock {HTML} at (0,0) size 800x600
    RenderBody {BODY} at (8,8) size 784x584
      RenderTable {TABLE} at (0,0) size 163x59
        RenderTableSection {TBODY} at (0,0) size 163x59
          RenderTableRow {TR} at (0,2) size 163x55
            RenderTableCell {TD} at (2,2) size 159x55 [r=0 c=0 rs=1 cs=1]
              RenderBlock (anonymous) at (1,1) size 157x0
                RenderInline {SPAN} at (0,0) size 0x0
                  RenderText {#text} at (0,0) size 0x0
                  RenderInline {SPAN} at (0,0) size 0x0
                    RenderText {#text} at (0,0) size 0x0
                    RenderText {#text} at (0,0) size 0x0
              RenderBlock (anonymous) at (1,1) size 157x53
                RenderTable {TABLE} at (0,0) size 157x53
                  RenderTableSection {TBODY} at (0,0) size 157x53
                    RenderTableRow {TR} at (0,2) size 157x49
                      RenderTableCell {TD} at (2,2) size 153x49 [r=0 c=0 rs=1 cs=1]
                        RenderTable {TABLE} at (1,1) size 151x47
                          RenderTableSection {TBODY} at (0,0) size 151x47
                            RenderTableRow {TR} at (0,2) size 151x43
                              RenderTableCell {TD} at (2,2) size 147x43 [r=0 c=0 rs=1 cs=1]
                                RenderBlock {FORM} at (1,1) size 145x25
                                  RenderButton {INPUT} at (2,2) size 140x21 [bgcolor=#F0F0F0] [border: (2px outset #F0F0F0)]
                                    RenderBlock (anonymous) at (8,3) size 124x15
                                      RenderText at (0,0) size 124x15
                                        text run at (0,0) width 124: "ApplyForThisPosition"
                                  RenderText {#text} at (0,0) size 0x0
              RenderBlock (anonymous) at (1,54) size 157x0
                RenderInline {SPAN} at (0,0) size 0x0
                  RenderInline {SPAN} at (0,0) size 0x0
                  RenderText {#text} at (0,0) size 0x0
                RenderText {#text} at (0,0) size 0x0
