layer at (0,0) size 800x600
  RenderView at (0,0) size 800x600
layer at (0,0) size 800x600
  RenderBlock {HTML} at (0,0) size 800x600
    RenderBody {BODY} at (8,8) size 784x584
      RenderBlock {P} at (0,0) size 784x18
        RenderText {#text} at (0,0) size 191x18
          text run at (0,0) width 191: "Tests of padding in table cells."
      RenderTable {TABLE} at (0,34) size 393x126
        RenderTableSection {TBODY} at (0,0) size 393x126
          RenderTableRow {TR} at (0,2) size 393x122
            RenderTableCell {TD} at (2,2) size 136x122 [r=0 c=0 rs=1 cs=1]
              RenderBlock {P} at (10,10) size 116x18
                RenderInline {B} at (0,0) size 115x18
                  RenderText {#text} at (0,0) size 115x18
                    text run at (0,0) width 115: "1) padding: 20px"
              RenderTable {TABLE} at (10,44) size 84x68 [border: (1px outset #808080)]
                RenderTableSection {TBODY} at (1,1) size 82x66
                  RenderTableRow {TR} at (0,2) size 82x62
                    RenderTableCell {TD} at (2,2) size 78x62 [border: (1px inset #808080)] [r=0 c=0 rs=1 cs=1]
                      RenderBlock {DIV} at (21,21) size 36x20 [border: (1px dashed #FF0000)]
                        RenderText {#text} at (1,1) size 33x18
                          text run at (1,1) width 33: "FOO"
            RenderTableCell {TD} at (139,2) size 252x122 [r=0 c=1 rs=1 cs=1]
              RenderBlock {P} at (10,10) size 232x18
                RenderInline {B} at (0,0) size 231x18
                  RenderText {#text} at (0,0) size 231x18
                    text run at (0,0) width 231: "2) padding: 10px 25px 30px 45px;"
              RenderTable {TABLE} at (10,44) size 114x68 [border: (1px outset #808080)]
                RenderTableSection {TBODY} at (1,1) size 112x66
                  RenderTableRow {TR} at (0,2) size 112x62
                    RenderTableCell {TD} at (2,2) size 108x62 [border: (1px inset #808080)] [r=0 c=0 rs=1 cs=1]
                      RenderBlock {DIV} at (46,11) size 36x20 [border: (1px dashed #FF0000)]
                        RenderText {#text} at (1,1) size 33x18
                          text run at (1,1) width 33: "FOO"
      RenderBlock (anonymous) at (0,160) size 784x18
        RenderBR {BR} at (0,0) size 0x18
      RenderTable {TABLE} at (0,178) size 695x107
        RenderTableSection {TBODY} at (0,0) size 695x107
          RenderTableRow {TR} at (0,2) size 695x103
            RenderTableCell {TD} at (2,2) size 162x84 [r=0 c=0 rs=1 cs=1]
              RenderBlock {P} at (10,10) size 142x18
                RenderInline {B} at (0,0) size 141x18
                  RenderText {#text} at (0,0) size 141x18
                    text run at (0,0) width 141: "3) padding-left: 20px"
              RenderTable {TABLE} at (10,44) size 65x30 [border: (1px outset #808080)]
                RenderTableSection {TBODY} at (1,1) size 63x28
                  RenderTableRow {TR} at (0,2) size 63x24
                    RenderTableCell {TD} at (2,2) size 59x24 [border: (1px inset #808080)] [r=0 c=0 rs=1 cs=1]
                      RenderBlock {DIV} at (21,2) size 36x20 [border: (1px dashed #FF0000)]
                        RenderText {#text} at (1,1) size 33x18
                          text run at (1,1) width 33: "FOO"
            RenderTableCell {TD} at (165,2) size 174x84 [r=0 c=1 rs=1 cs=1]
              RenderBlock {P} at (10,10) size 154x18
                RenderInline {B} at (0,0) size 153x18
                  RenderText {#text} at (0,0) size 153x18
                    text run at (0,0) width 153: "4) padding-right: 20px"
              RenderTable {TABLE} at (10,44) size 65x30 [border: (1px outset #808080)]
                RenderTableSection {TBODY} at (1,1) size 63x28
                  RenderTableRow {TR} at (0,2) size 63x24
                    RenderTableCell {TD} at (2,2) size 59x24 [border: (1px inset #808080)] [r=0 c=0 rs=1 cs=1]
                      RenderBlock {DIV} at (2,2) size 36x20 [border: (1px dashed #FF0000)]
                        RenderText {#text} at (1,1) size 33x18
                          text run at (1,1) width 33: "FOO"
            RenderTableCell {TD} at (340,2) size 163x103 [r=0 c=2 rs=1 cs=1]
              RenderBlock {P} at (10,10) size 143x18
                RenderInline {B} at (0,0) size 142x18
                  RenderText {#text} at (0,0) size 142x18
                    text run at (0,0) width 142: "5) padding-top: 20px"
              RenderTable {TABLE} at (10,44) size 46x49 [border: (1px outset #808080)]
                RenderTableSection {TBODY} at (1,1) size 44x47
                  RenderTableRow {TR} at (0,2) size 44x43
                    RenderTableCell {TD} at (2,2) size 40x43 [border: (1px inset #808080)] [r=0 c=0 rs=1 cs=1]
                      RenderBlock {DIV} at (2,21) size 36x20 [border: (1px dashed #FF0000)]
                        RenderText {#text} at (1,1) size 33x18
                          text run at (1,1) width 33: "FOO"
            RenderTableCell {TD} at (504,2) size 189x103 [r=0 c=3 rs=1 cs=1]
              RenderBlock {P} at (10,10) size 169x18
                RenderInline {B} at (0,0) size 168x18
                  RenderText {#text} at (0,0) size 168x18
                    text run at (0,0) width 168: "6) padding-bottom: 20px"
              RenderTable {TABLE} at (10,44) size 46x49 [border: (1px outset #808080)]
                RenderTableSection {TBODY} at (1,1) size 44x47
                  RenderTableRow {TR} at (0,2) size 44x43
                    RenderTableCell {TD} at (2,2) size 40x43 [border: (1px inset #808080)] [r=0 c=0 rs=1 cs=1]
                      RenderBlock {DIV} at (2,2) size 36x20 [border: (1px dashed #FF0000)]
                        RenderText {#text} at (1,1) size 33x18
                          text run at (1,1) width 33: "FOO"
      RenderBlock (anonymous) at (0,285) size 784x18
        RenderBR {BR} at (0,0) size 0x18
      RenderBlock {P} at (0,319) size 784x18
        RenderInline {B} at (0,0) size 240x18
          RenderText {#text} at (0,0) size 240x18
            text run at (0,0) width 240: "misc) padding: 20px 10px 40px 0px"
      RenderTable {TABLE} at (0,353) size 54x88 [border: (1px outset #808080)]
        RenderTableSection {TBODY} at (1,1) size 52x86
          RenderTableRow {TR} at (0,2) size 52x82
            RenderTableCell {TD} at (2,2) size 48x82 [border: (1px inset #808080)] [r=0 c=0 rs=1 cs=1]
              RenderBlock {DIV} at (1,21) size 36x20 [border: (1px dashed #FF0000)]
                RenderText {#text} at (1,1) size 33x18
                  text run at (1,1) width 33: "FOO"
      RenderBlock {P} at (0,457) size 784x18
        RenderInline {B} at (0,0) size 329x18
          RenderText {#text} at (0,0) size 329x18
            text run at (0,0) width 329: "misc) padding-top: 10px; padding-bottom: 20px;"
      RenderTable {TABLE} at (0,491) size 46x58 [border: (1px outset #808080)]
        RenderTableSection {TBODY} at (1,1) size 44x56
          RenderTableRow {TR} at (0,2) size 44x52
            RenderTableCell {TD} at (2,2) size 40x52 [border: (1px inset #808080)] [r=0 c=0 rs=1 cs=1]
              RenderBlock {DIV} at (2,11) size 36x20 [border: (1px dashed #FF0000)]
                RenderText {#text} at (1,1) size 33x18
                  text run at (1,1) width 33: "FOO"
