layer at (0,0) size 800x600
  RenderView at (0,0) size 800x600
layer at (0,0) size 800x600
  RenderBlock {HTML} at (0,0) size 800x600
    RenderBody {BODY} at (8,8) size 784x584
      RenderTable {TABLE} at (0,0) size 127x54 [border: (1px outset #808080)]
        RenderTableSection {THEAD} at (1,1) size 125x28
          RenderTableRow {TR} at (0,2) size 125x22
            RenderTableCell {TH} at (2,3) size 37x22 [border: (1px inset #808080)] [r=0 c=0 rs=2 cs=1]
              RenderText {#text} at (2,2) size 33x18
                text run at (2,2) width 33: "aaaa"
            RenderTableCell {TH} at (40,3) size 41x22 [border: (1px inset #808080)] [r=0 c=1 rs=2 cs=1]
              RenderText {#text} at (2,2) size 37x18
                text run at (2,2) width 37: "bbbb"
            RenderTableCell {TH} at (82,3) size 41x22 [border: (1px inset #808080)] [r=0 c=2 rs=2 cs=1]
              RenderText {#text} at (2,2) size 37x18
                text run at (2,2) width 37: "dddd"
          RenderTableRow {TR} at (0,26) size 125x0
        RenderTableSection {TBODY} at (1,29) size 125x24
          RenderTableRow {TR} at (0,0) size 125x22
            RenderTableCell {TD} at (2,0) size 37x22 [border: (1px inset #808080)] [r=0 c=0 rs=1 cs=1]
              RenderText {#text} at (2,2) size 32x18
                text run at (2,2) width 32: "1111"
            RenderTableCell {TD} at (40,0) size 41x22 [border: (1px inset #808080)] [r=0 c=1 rs=1 cs=1]
              RenderText {#text} at (2,2) size 32x18
                text run at (2,2) width 32: "2222"
            RenderTableCell {TD} at (82,0) size 41x22 [border: (1px inset #808080)] [r=0 c=2 rs=1 cs=1]
              RenderText {#text} at (2,2) size 32x18
                text run at (2,2) width 32: "5555"
