layer at (0,0) size 800x600
  RenderView at (0,0) size 800x600
layer at (0,0) size 800x600
  RenderBlock {HTML} at (0,0) size 800x600
    RenderBody {BODY} at (8,8) size 784x576
      RenderBlock (anonymous) at (0,0) size 784x18
        RenderText {#text} at (0,0) size 264x18
          text run at (0,0) width 264: "The select should not contain blank items "
        RenderBR {BR} at (264,14) size 0x0
      RenderBlock {FORM} at (0,18) size 784x28
        RenderInline {B} at (0,0) size 47x18
          RenderText {#text} at (0,4) size 47x18
            text run at (0,4) width 47: "Search"
        RenderText {#text} at (47,4) size 4x18
          text run at (47,4) width 4: " "
        RenderTextControl {INPUT} at (53,3) size 135x21 [bgcolor=#FFFFFF] [border: (2px inset #000000)]
        RenderText {#text} at (190,4) size 4x18
          text run at (190,4) width 4: " "
        RenderMenuList {SELECT} at (196,2) size 106x24 [bgcolor=#FFFFFF]
          RenderBlock (anonymous) at (4,2) size 81x20
            RenderText at (8,2) size 37x15
              text run at (8,2) width 37: "Excite"
        RenderText {#text} at (0,0) size 0x0
      RenderBlock (anonymous) at (0,62) size 784x36
        RenderBR {BR} at (0,0) size 0x18
        RenderText {#text} at (0,18) size 264x18
          text run at (0,18) width 264: "The select should not contain blank items "
        RenderBR {BR} at (264,32) size 0x0
      RenderBlock {FORM} at (0,98) size 784x28
        RenderMenuList {SELECT} at (2,2) size 284x24 [bgcolor=#FFFFFF]
          RenderBlock (anonymous) at (4,2) size 259x20
            RenderText at (8,2) size 61x15
              text run at (8,2) width 61: "Quick Link"
layer at (63,32) size 131x15
  RenderBlock {DIV} at (2,3) size 131x15
