layer at (0,0) size 785x1507
  RenderView at (0,0) size 785x600
layer at (0,0) size 785x1507
  RenderBlock {HTML} at (0,0) size 785x1507
    RenderBody {BODY} at (8,8) size 769x1491
      RenderTable {TABLE} at (0,0) size 228x497
        RenderTableSection {TBODY} at (0,0) size 228x497
          RenderTableRow {TR} at (0,2) size 228x20
            RenderTableCell {TD} at (2,2) size 224x20 [r=0 c=0 rs=1 cs=1]
              RenderText {#text} at (1,1) size 221x18
                text run at (1,1) width 221: "Occasional height/width on images"
          RenderTableRow {TR} at (0,24) size 228x34
            RenderTableCell {TD} at (2,24) size 224x34 [r=1 c=0 rs=1 cs=1]
              RenderImage {IMG} at (1,1) size 75x32
          RenderTableRow {TR} at (0,60) size 228x24
            RenderTableCell {TD} at (2,60) size 224x24 [r=2 c=0 rs=1 cs=1]
              RenderImage {IMG} at (1,1) size 44x22
          RenderTableRow {TR} at (0,86) size 228x15
            RenderTableCell {TD} at (2,86) size 224x15 [r=3 c=0 rs=1 cs=1]
              RenderImage {IMG} at (1,1) size 89x13
          RenderTableRow {TR} at (0,103) size 228x15
            RenderTableCell {TD} at (2,103) size 224x15 [r=4 c=0 rs=1 cs=1]
              RenderImage {IMG} at (1,1) size 89x13
          RenderTableRow {TR} at (0,120) size 228x31
            RenderTableCell {TD} at (2,120) size 224x31 [r=5 c=0 rs=1 cs=1]
              RenderImage {IMG} at (1,1) size 31x29
          RenderTableRow {TR} at (0,153) size 228x23
            RenderTableCell {TD} at (2,153) size 224x23 [r=6 c=0 rs=1 cs=1]
              RenderImage {IMG} at (1,1) size 62x21
          RenderTableRow {TR} at (0,178) size 228x17
            RenderTableCell {TD} at (2,178) size 224x17 [r=7 c=0 rs=1 cs=1]
              RenderImage {IMG} at (1,1) size 70x15
          RenderTableRow {TR} at (0,197) size 228x28
            RenderTableCell {TD} at (2,197) size 224x28 [r=8 c=0 rs=1 cs=1]
              RenderImage {IMG} at (1,1) size 42x26
          RenderTableRow {TR} at (0,227) size 228x17
            RenderTableCell {TD} at (2,227) size 224x17 [r=9 c=0 rs=1 cs=1]
              RenderImage {IMG} at (1,1) size 84x15
          RenderTableRow {TR} at (0,246) size 228x17
            RenderTableCell {TD} at (2,246) size 224x17 [r=10 c=0 rs=1 cs=1]
              RenderImage {IMG} at (1,1) size 90x15
          RenderTableRow {TR} at (0,265) size 228x34
            RenderTableCell {TD} at (2,265) size 224x34 [r=11 c=0 rs=1 cs=1]
              RenderImage {IMG} at (1,1) size 59x32
          RenderTableRow {TR} at (0,301) size 228x17
            RenderTableCell {TD} at (2,301) size 224x17 [r=12 c=0 rs=1 cs=1]
              RenderImage {IMG} at (1,1) size 90x15
          RenderTableRow {TR} at (0,320) size 228x17
            RenderTableCell {TD} at (2,320) size 224x17 [r=13 c=0 rs=1 cs=1]
              RenderImage {IMG} at (1,1) size 90x15
          RenderTableRow {TR} at (0,339) size 228x21
            RenderTableCell {TD} at (2,339) size 224x21 [r=14 c=0 rs=1 cs=1]
              RenderImage {IMG} at (1,1) size 83x19
          RenderTableRow {TR} at (0,362) size 228x33
            RenderTableCell {TD} at (2,362) size 224x33 [r=15 c=0 rs=1 cs=1]
              RenderImage {IMG} at (1,1) size 54x31
          RenderTableRow {TR} at (0,397) size 228x27
            RenderTableCell {TD} at (2,397) size 224x27 [r=16 c=0 rs=1 cs=1]
              RenderImage {IMG} at (1,1) size 56x25
          RenderTableRow {TR} at (0,426) size 228x17
            RenderTableCell {TD} at (2,426) size 224x17 [r=17 c=0 rs=1 cs=1]
              RenderImage {IMG} at (1,1) size 53x15
          RenderTableRow {TR} at (0,445) size 228x31
            RenderTableCell {TD} at (2,445) size 224x31 [r=18 c=0 rs=1 cs=1]
              RenderImage {IMG} at (1,1) size 31x29
          RenderTableRow {TR} at (0,478) size 228x17
            RenderTableCell {TD} at (2,478) size 224x17 [r=19 c=0 rs=1 cs=1]
              RenderImage {IMG} at (1,1) size 53x15
      RenderTable {TABLE} at (0,497) size 266x497
        RenderTableSection {TBODY} at (0,0) size 266x497
          RenderTableRow {TR} at (0,2) size 266x20
            RenderTableCell {TD} at (2,2) size 262x20 [r=0 c=0 rs=1 cs=1]
              RenderText {#text} at (1,1) size 259x18
                text run at (1,1) width 259: "Images with height/width never specified"
          RenderTableRow {TR} at (0,24) size 266x34
            RenderTableCell {TD} at (2,24) size 262x34 [r=1 c=0 rs=1 cs=1]
              RenderImage {IMG} at (1,1) size 75x32
          RenderTableRow {TR} at (0,60) size 266x24
            RenderTableCell {TD} at (2,60) size 262x24 [r=2 c=0 rs=1 cs=1]
              RenderImage {IMG} at (1,1) size 44x22
          RenderTableRow {TR} at (0,86) size 266x15
            RenderTableCell {TD} at (2,86) size 262x15 [r=3 c=0 rs=1 cs=1]
              RenderImage {IMG} at (1,1) size 89x13
          RenderTableRow {TR} at (0,103) size 266x15
            RenderTableCell {TD} at (2,103) size 262x15 [r=4 c=0 rs=1 cs=1]
              RenderImage {IMG} at (1,1) size 89x13
          RenderTableRow {TR} at (0,120) size 266x31
            RenderTableCell {TD} at (2,120) size 262x31 [r=5 c=0 rs=1 cs=1]
              RenderImage {IMG} at (1,1) size 31x29
          RenderTableRow {TR} at (0,153) size 266x23
            RenderTableCell {TD} at (2,153) size 262x23 [r=6 c=0 rs=1 cs=1]
              RenderImage {IMG} at (1,1) size 62x21
          RenderTableRow {TR} at (0,178) size 266x17
            RenderTableCell {TD} at (2,178) size 262x17 [r=7 c=0 rs=1 cs=1]
              RenderImage {IMG} at (1,1) size 70x15
          RenderTableRow {TR} at (0,197) size 266x28
            RenderTableCell {TD} at (2,197) size 262x28 [r=8 c=0 rs=1 cs=1]
              RenderImage {IMG} at (1,1) size 42x26
          RenderTableRow {TR} at (0,227) size 266x17
            RenderTableCell {TD} at (2,227) size 262x17 [r=9 c=0 rs=1 cs=1]
              RenderImage {IMG} at (1,1) size 84x15
          RenderTableRow {TR} at (0,246) size 266x17
            RenderTableCell {TD} at (2,246) size 262x17 [r=10 c=0 rs=1 cs=1]
              RenderImage {IMG} at (1,1) size 90x15
          RenderTableRow {TR} at (0,265) size 266x34
            RenderTableCell {TD} at (2,265) size 262x34 [r=11 c=0 rs=1 cs=1]
              RenderImage {IMG} at (1,1) size 59x32
          RenderTableRow {TR} at (0,301) size 266x17
            RenderTableCell {TD} at (2,301) size 262x17 [r=12 c=0 rs=1 cs=1]
              RenderImage {IMG} at (1,1) size 90x15
          RenderTableRow {TR} at (0,320) size 266x17
            RenderTableCell {TD} at (2,320) size 262x17 [r=13 c=0 rs=1 cs=1]
              RenderImage {IMG} at (1,1) size 90x15
          RenderTableRow {TR} at (0,339) size 266x21
            RenderTableCell {TD} at (2,339) size 262x21 [r=14 c=0 rs=1 cs=1]
              RenderImage {IMG} at (1,1) size 83x19
          RenderTableRow {TR} at (0,362) size 266x33
            RenderTableCell {TD} at (2,362) size 262x33 [r=15 c=0 rs=1 cs=1]
              RenderImage {IMG} at (1,1) size 54x31
          RenderTableRow {TR} at (0,397) size 266x27
            RenderTableCell {TD} at (2,397) size 262x27 [r=16 c=0 rs=1 cs=1]
              RenderImage {IMG} at (1,1) size 56x25
          RenderTableRow {TR} at (0,426) size 266x17
            RenderTableCell {TD} at (2,426) size 262x17 [r=17 c=0 rs=1 cs=1]
              RenderImage {IMG} at (1,1) size 53x15
          RenderTableRow {TR} at (0,445) size 266x31
            RenderTableCell {TD} at (2,445) size 262x31 [r=18 c=0 rs=1 cs=1]
              RenderImage {IMG} at (1,1) size 31x29
          RenderTableRow {TR} at (0,478) size 266x17
            RenderTableCell {TD} at (2,478) size 262x17 [r=19 c=0 rs=1 cs=1]
              RenderImage {IMG} at (1,1) size 53x15
      RenderTable {TABLE} at (0,994) size 275x497
        RenderTableSection {TBODY} at (0,0) size 275x497
          RenderTableRow {TR} at (0,2) size 275x20
            RenderTableCell {TD} at (2,2) size 271x20 [r=0 c=0 rs=1 cs=1]
              RenderText {#text} at (1,1) size 268x18
                text run at (1,1) width 268: "Images with height/width always specified"
          RenderTableRow {TR} at (0,24) size 275x34
            RenderTableCell {TD} at (2,24) size 271x34 [r=1 c=0 rs=1 cs=1]
              RenderImage {IMG} at (1,1) size 75x32
          RenderTableRow {TR} at (0,60) size 275x24
            RenderTableCell {TD} at (2,60) size 271x24 [r=2 c=0 rs=1 cs=1]
              RenderImage {IMG} at (1,1) size 44x22
          RenderTableRow {TR} at (0,86) size 275x15
            RenderTableCell {TD} at (2,86) size 271x15 [r=3 c=0 rs=1 cs=1]
              RenderImage {IMG} at (1,1) size 89x13
          RenderTableRow {TR} at (0,103) size 275x15
            RenderTableCell {TD} at (2,103) size 271x15 [r=4 c=0 rs=1 cs=1]
              RenderImage {IMG} at (1,1) size 89x13
          RenderTableRow {TR} at (0,120) size 275x31
            RenderTableCell {TD} at (2,120) size 271x31 [r=5 c=0 rs=1 cs=1]
              RenderImage {IMG} at (1,1) size 31x29
          RenderTableRow {TR} at (0,153) size 275x23
            RenderTableCell {TD} at (2,153) size 271x23 [r=6 c=0 rs=1 cs=1]
              RenderImage {IMG} at (1,1) size 62x21
          RenderTableRow {TR} at (0,178) size 275x17
            RenderTableCell {TD} at (2,178) size 271x17 [r=7 c=0 rs=1 cs=1]
              RenderImage {IMG} at (1,1) size 70x15
          RenderTableRow {TR} at (0,197) size 275x28
            RenderTableCell {TD} at (2,197) size 271x28 [r=8 c=0 rs=1 cs=1]
              RenderImage {IMG} at (1,1) size 42x26
          RenderTableRow {TR} at (0,227) size 275x17
            RenderTableCell {TD} at (2,227) size 271x17 [r=9 c=0 rs=1 cs=1]
              RenderImage {IMG} at (1,1) size 84x15
          RenderTableRow {TR} at (0,246) size 275x17
            RenderTableCell {TD} at (2,246) size 271x17 [r=10 c=0 rs=1 cs=1]
              RenderImage {IMG} at (1,1) size 90x15
          RenderTableRow {TR} at (0,265) size 275x34
            RenderTableCell {TD} at (2,265) size 271x34 [r=11 c=0 rs=1 cs=1]
              RenderImage {IMG} at (1,1) size 59x32
          RenderTableRow {TR} at (0,301) size 275x17
            RenderTableCell {TD} at (2,301) size 271x17 [r=12 c=0 rs=1 cs=1]
              RenderImage {IMG} at (1,1) size 90x15
          RenderTableRow {TR} at (0,320) size 275x17
            RenderTableCell {TD} at (2,320) size 271x17 [r=13 c=0 rs=1 cs=1]
              RenderImage {IMG} at (1,1) size 90x15
          RenderTableRow {TR} at (0,339) size 275x21
            RenderTableCell {TD} at (2,339) size 271x21 [r=14 c=0 rs=1 cs=1]
              RenderImage {IMG} at (1,1) size 83x19
          RenderTableRow {TR} at (0,362) size 275x33
            RenderTableCell {TD} at (2,362) size 271x33 [r=15 c=0 rs=1 cs=1]
              RenderImage {IMG} at (1,1) size 54x31
          RenderTableRow {TR} at (0,397) size 275x27
            RenderTableCell {TD} at (2,397) size 271x27 [r=16 c=0 rs=1 cs=1]
              RenderImage {IMG} at (1,1) size 56x25
          RenderTableRow {TR} at (0,426) size 275x17
            RenderTableCell {TD} at (2,426) size 271x17 [r=17 c=0 rs=1 cs=1]
              RenderImage {IMG} at (1,1) size 53x15
          RenderTableRow {TR} at (0,445) size 275x31
            RenderTableCell {TD} at (2,445) size 271x31 [r=18 c=0 rs=1 cs=1]
              RenderImage {IMG} at (1,1) size 31x29
          RenderTableRow {TR} at (0,478) size 275x17
            RenderTableCell {TD} at (2,478) size 271x17 [r=19 c=0 rs=1 cs=1]
              RenderImage {IMG} at (1,1) size 53x15
