layer at (0,0) size 800x600
  RenderView at (0,0) size 800x600
layer at (0,0) size 800x167
  RenderBlock {HTML} at (0,0) size 800x167
    RenderBody {BODY} at (8,16) size 784x143
      RenderBlock {DIV} at (0,0) size 784x88
        RenderBlock {P} at (0,0) size 784x17 [bgcolor=#00FF00]
          RenderText {#text} at (0,0) size 304x17
            text run at (0,0) width 304: "This paragraph should have a green background"
        RenderTable {TABLE} at (0,33) size 311x55
          RenderTableSection {TBODY} at (0,0) size 311x55
            RenderTableRow {TR} at (0,2) size 311x51
              RenderTableCell {TD} at (2,2) size 307x51 [r=0 c=0 rs=1 cs=1]
                RenderBlock {P} at (1,17) size 305x17 [bgcolor=#00FF00]
                  RenderText {#text} at (0,0) size 304x17
                    text run at (0,0) width 304: "This paragraph should have a green background"
      RenderTable {TABLE} at (0,88) size 228x55
        RenderTableSection {TBODY} at (0,0) size 228x55
          RenderTableRow {TR} at (0,2) size 228x51
            RenderTableCell {TD} at (2,2) size 224x51 [r=0 c=0 rs=1 cs=1]
              RenderBlock {P} at (1,17) size 222x17
                RenderText {#text} at (0,0) size 221x17
                  text run at (0,0) width 221: "This paragraph should be unstyled."
