layer at (0,0) size 800x600
  RenderView at (0,0) size 800x600
layer at (0,0) size 800x156
  RenderBlock {HTML} at (0,0) size 800x156
    RenderBody {BODY} at (8,16) size 784x124
      RenderTable {TABLE} at (16,0) size 89x60 [border: (3px solid #FF0000)]
        RenderTableSection {TBODY} at (3,3) size 83x54
          RenderTableRow {TR} at (0,2) size 83x50
            RenderTableCell {TD} at (2,2) size 79x50 [r=0 c=0 rs=1 cs=1]
              RenderTable {TABLE} at (1,1) size 74x24 [color=#FFFFFF] [bgcolor=#800080]
                RenderTableSection {TBODY} at (0,0) size 74x24
                  RenderTableRow {TR} at (0,2) size 74x20
                    RenderTableCell {TD} at (2,2) size 70x20 [r=0 c=0 rs=1 cs=1]
                      RenderText {#text} at (1,1) size 67x17
                        text run at (1,1) width 67: "Table One"
              RenderTable {TABLE} at (1,25) size 77x24 [color=#FFFFFF] [bgcolor=#800080]
                RenderTableSection {TBODY} at (0,0) size 77x24
                  RenderTableRow {TR} at (0,2) size 77x20
                    RenderTableCell {TD} at (2,2) size 73x20 [r=0 c=0 rs=1 cs=1]
                      RenderText {#text} at (1,1) size 70x17
                        text run at (1,1) width 70: "Table Two"
      RenderTable {TABLE} at (16,76) size 71x48 [border: (3px solid #FF0000)]
        RenderTableSection {TBODY} at (3,3) size 65x42
          RenderTableRow {TR} at (0,2) size 65x38
            RenderTableCell {TD} at (2,2) size 61x38 [r=0 c=0 rs=1 cs=1]
              RenderBlock {DIV} at (1,1) size 59x18 [color=#FFFFFF] [bgcolor=#800080]
                RenderText {#text} at (0,0) size 55x17
                  text run at (0,0) width 55: "Div One"
              RenderBlock {DIV} at (1,19) size 59x18 [color=#FFFFFF] [bgcolor=#800080]
                RenderText {#text} at (0,0) size 58x17
                  text run at (0,0) width 58: "Div Two"
