layer at (0,0) size 785x1180
  RenderView at (0,0) size 785x600
layer at (0,0) size 785x1180
  RenderBlock {HTML} at (0,0) size 785x1181
    RenderBody {BODY} at (8,10) size 769x1163
      RenderTable {TABLE} at (10,0) size 92x119 [border: (1px solid #000000)]
        RenderTableSection {THEAD} at (1,1) size 24x117
          RenderTableRow {TR} at (0,2) size 20x117
            RenderTableCell {TD} at (2,2) size 20x56 [r=0 c=0 rs=1 cs=1]
              RenderText {#text} at (1,1) size 17x46
                text run at (1,1) width 46: "Head 1"
            RenderTableCell {TD} at (2,59) size 20x56 [r=0 c=1 rs=1 cs=1]
              RenderText {#text} at (1,1) size 17x46
                text run at (1,1) width 46: "Head 2"
        RenderTableSection {TFOOT} at (69,1) size 22x117
          RenderTableRow {TR} at (0,0) size 20x117
            RenderTableCell {TD} at (0,2) size 20x56 [r=0 c=0 rs=1 cs=1]
              RenderText {#text} at (1,1) size 17x53
                text run at (1,1) width 53: "Footer 1"
            RenderTableCell {TD} at (0,59) size 20x56 [r=0 c=1 rs=1 cs=1]
              RenderText {#text} at (1,1) size 17x53
                text run at (1,1) width 53: "Footer 2"
        RenderTableSection {TBODY} at (25,1) size 44x117
          RenderTableRow {TR} at (0,0) size 20x117
            RenderTableCell {TD} at (0,2) size 20x56 [r=0 c=0 rs=1 cs=1]
              RenderText {#text} at (1,1) size 17x38
                text run at (1,1) width 38: "Cell 1"
            RenderTableCell {TD} at (0,59) size 20x56 [r=0 c=1 rs=1 cs=1]
              RenderText {#text} at (1,1) size 17x38
                text run at (1,1) width 38: "Cell 2"
          RenderTableRow {TR} at (0,22) size 20x117
            RenderTableCell {TD} at (22,2) size 20x56 [r=1 c=0 rs=1 cs=1]
              RenderText {#text} at (1,1) size 17x38
                text run at (1,1) width 38: "Cell 3"
            RenderTableCell {TD} at (22,59) size 20x56 [r=1 c=1 rs=1 cs=1]
              RenderText {#text} at (1,1) size 17x38
                text run at (1,1) width 38: "Cell 4"
      RenderBlock {P} at (0,134) size 769x19
        RenderText {#text} at (0,0) size 222x17
          text run at (0,0) width 222: "Row groups have display:table-cell"
      RenderTable {TABLE} at (10,168) size 60x235 [border: (1px solid #000000)]
        RenderTableSection (anonymous) at (1,1) size 32x233
          RenderTableRow (anonymous) at (0,2) size 28x233
            RenderTableCell {THEAD} at (2,2) size 28x107 [r=0 c=0 rs=1 cs=1]
              RenderTable at (0,0) size 28x107
                RenderTableSection (anonymous) at (0,0) size 28x107
                  RenderTableRow (anonymous) at (0,2) size 24x107
                    RenderTableCell {TR} at (2,2) size 24x103 [r=0 c=0 rs=1 cs=1]
                      RenderTable at (0,0) size 24x103
                        RenderTableSection (anonymous) at (0,0) size 24x103
                          RenderTableRow (anonymous) at (0,2) size 20x103
                            RenderTableCell {TD} at (2,2) size 20x49 [r=0 c=0 rs=1 cs=1]
                              RenderText {#text} at (1,1) size 17x46
                                text run at (1,1) width 46: "Head 1"
                            RenderTableCell {TD} at (2,52) size 20x49 [r=0 c=1 rs=1 cs=1]
                              RenderText {#text} at (1,1) size 17x46
                                text run at (1,1) width 46: "Head 2"
            RenderTableCell {TFOOT} at (2,110) size 28x121 [r=0 c=1 rs=1 cs=1]
              RenderTable at (0,0) size 28x121
                RenderTableSection (anonymous) at (0,0) size 28x121
                  RenderTableRow (anonymous) at (0,2) size 24x121
                    RenderTableCell {TR} at (2,2) size 24x117 [r=0 c=0 rs=1 cs=1]
                      RenderTable at (0,0) size 24x117
                        RenderTableSection (anonymous) at (0,0) size 24x117
                          RenderTableRow (anonymous) at (0,2) size 20x117
                            RenderTableCell {TD} at (2,2) size 20x56 [r=0 c=0 rs=1 cs=1]
                              RenderText {#text} at (1,1) size 17x53
                                text run at (1,1) width 53: "Footer 1"
                            RenderTableCell {TD} at (2,59) size 20x56 [r=0 c=1 rs=1 cs=1]
                              RenderText {#text} at (1,1) size 17x53
                                text run at (1,1) width 53: "Footer 2"
        RenderTableSection {TBODY} at (33,1) size 26x233
          RenderTableRow (anonymous) at (0,0) size 24x233
            RenderTableCell {TR} at (0,2) size 24x107 [r=0 c=0 rs=1 cs=1]
              RenderTable at (0,0) size 24x87
                RenderTableSection (anonymous) at (0,0) size 24x87
                  RenderTableRow (anonymous) at (0,2) size 20x87
                    RenderTableCell {TD} at (2,2) size 20x41 [r=0 c=0 rs=1 cs=1]
                      RenderText {#text} at (1,1) size 17x38
                        text run at (1,1) width 38: "Cell 1"
                    RenderTableCell {TD} at (2,44) size 20x41 [r=0 c=1 rs=1 cs=1]
                      RenderText {#text} at (1,1) size 17x38
                        text run at (1,1) width 38: "Cell 2"
            RenderTableCell {TR} at (0,110) size 24x121 [r=0 c=1 rs=1 cs=1]
              RenderTable at (0,0) size 24x87
                RenderTableSection (anonymous) at (0,0) size 24x87
                  RenderTableRow (anonymous) at (0,2) size 20x87
                    RenderTableCell {TD} at (2,2) size 20x41 [r=0 c=0 rs=1 cs=1]
                      RenderText {#text} at (1,1) size 17x38
                        text run at (1,1) width 38: "Cell 3"
                    RenderTableCell {TD} at (2,44) size 20x41 [r=0 c=1 rs=1 cs=1]
                      RenderText {#text} at (1,1) size 17x38
                        text run at (1,1) width 38: "Cell 4"
      RenderBlock {P} at (0,418) size 769x19
        RenderText {#text} at (0,0) size 200x17
          text run at (0,0) width 200: "Row groups have display:block"
      RenderTable {TABLE} at (10,452) size 104x123 [border: (1px solid #000000)]
        RenderTableSection (anonymous) at (1,1) size 52x121
          RenderTableRow (anonymous) at (0,2) size 48x121
            RenderTableCell (anonymous) at (2,2) size 48x117 [r=0 c=0 rs=1 cs=1]
              RenderBlock {THEAD} at (0,0) size 24x117
                RenderBlock {TR} at (0,0) size 24x117
                  RenderTable at (0,0) size 24x103
                    RenderTableSection (anonymous) at (0,0) size 24x103
                      RenderTableRow (anonymous) at (0,2) size 20x103
                        RenderTableCell {TD} at (2,2) size 20x49 [r=0 c=0 rs=1 cs=1]
                          RenderText {#text} at (1,1) size 17x46
                            text run at (1,1) width 46: "Head 1"
                        RenderTableCell {TD} at (2,52) size 20x49 [r=0 c=1 rs=1 cs=1]
                          RenderText {#text} at (1,1) size 17x46
                            text run at (1,1) width 46: "Head 2"
              RenderBlock {TFOOT} at (24,0) size 24x117
                RenderBlock {TR} at (0,0) size 24x117
                  RenderTable at (0,0) size 24x117
                    RenderTableSection (anonymous) at (0,0) size 24x117
                      RenderTableRow (anonymous) at (0,2) size 20x117
                        RenderTableCell {TD} at (2,2) size 20x56 [r=0 c=0 rs=1 cs=1]
                          RenderText {#text} at (1,1) size 17x53
                            text run at (1,1) width 53: "Footer 1"
                        RenderTableCell {TD} at (2,59) size 20x56 [r=0 c=1 rs=1 cs=1]
                          RenderText {#text} at (1,1) size 17x53
                            text run at (1,1) width 53: "Footer 2"
        RenderTableSection {TBODY} at (53,1) size 50x121
          RenderTableRow (anonymous) at (0,0) size 48x121
            RenderTableCell (anonymous) at (0,2) size 48x117 [r=0 c=0 rs=1 cs=1]
              RenderBlock {TR} at (0,0) size 24x117
                RenderTable at (0,0) size 24x87
                  RenderTableSection (anonymous) at (0,0) size 24x87
                    RenderTableRow (anonymous) at (0,2) size 20x87
                      RenderTableCell {TD} at (2,2) size 20x41 [r=0 c=0 rs=1 cs=1]
                        RenderText {#text} at (1,1) size 17x38
                          text run at (1,1) width 38: "Cell 1"
                      RenderTableCell {TD} at (2,44) size 20x41 [r=0 c=1 rs=1 cs=1]
                        RenderText {#text} at (1,1) size 17x38
                          text run at (1,1) width 38: "Cell 2"
              RenderBlock {TR} at (24,0) size 24x117
                RenderTable at (0,0) size 24x87
                  RenderTableSection (anonymous) at (0,0) size 24x87
                    RenderTableRow (anonymous) at (0,2) size 20x87
                      RenderTableCell {TD} at (2,2) size 20x41 [r=0 c=0 rs=1 cs=1]
                        RenderText {#text} at (1,1) size 17x38
                          text run at (1,1) width 38: "Cell 3"
                      RenderTableCell {TD} at (2,44) size 20x41 [r=0 c=1 rs=1 cs=1]
                        RenderText {#text} at (1,1) size 17x38
                          text run at (1,1) width 38: "Cell 4"
      RenderTable at (0,584) size 103x579
        RenderTableSection (anonymous) at (0,0) size 103x578
          RenderTableRow (anonymous) at (0,0) size 103x578
            RenderTableCell {P} at (0,0) size 103x578 [border: (1px solid #000000)] [r=0 c=0 rs=1 cs=1]
              RenderText {#text} at (1,1) size 100x575
                text run at (1,1) width 84: "Lorem ipsum"
                text run at (1,19) width 89: "dolor sit amet,"
                text run at (1,37) width 71: "consectetur"
                text run at (1,55) width 95: "adipisicing elit,"
                text run at (1,73) width 98: "sed do eiusmod"
                text run at (1,91) width 44: "tempor"
                text run at (1,109) width 79: "incididunt ut"
                text run at (1,127) width 98: "labore et dolore"
                text run at (1,145) width 88: "magna aliqua."
                text run at (1,163) width 70: "Ut enim ad"
                text run at (1,181) width 94: "minim veniam,"
                text run at (1,199) width 77: "quis nostrud"
                text run at (1,217) width 73: "exercitation"
                text run at (1,235) width 96: "ullamco laboris"
                text run at (1,253) width 85: "nisi ut aliquip"
                text run at (1,271) width 100: "ex ea commodo"
                text run at (1,289) width 67: "consequat."
                text run at (1,307) width 93: "Duis aute irure"
                text run at (1,325) width 49: "dolor in"
                text run at (1,343) width 99: "reprehenderit in"
                text run at (1,361) width 89: "voluptate velit"
                text run at (1,379) width 69: "esse cillum"
                text run at (1,397) width 99: "dolore eu fugiat"
                text run at (1,415) width 87: "nulla pariatur."
                text run at (1,433) width 90: "Excepteur sint"
                text run at (1,451) width 54: "occaecat"
                text run at (1,469) width 85: "cupidatat non"
                text run at (1,487) width 86: "proident, sunt"
                text run at (1,505) width 74: "in culpa qui"
                text run at (1,523) width 97: "officia deserunt"
                text run at (1,541) width 87: "mollit anim id"
                text run at (1,559) width 77: "est laborum."
