layer at (0,0) size 800x600
  RenderView at (0,0) size 800x600
layer at (0,0) size 800x600
  RenderBlock {HTML} at (0,0) size 800x600
    RenderBody {BODY} at (8,8) size 784x584
      RenderTable {TABLE} at (0,0) size 203x78
        RenderTableSection {TBODY} at (0,0) size 203x78
          RenderTableRow {TR} at (0,2) size 203x74
            RenderTableCell {TD} at (2,2) size 199x74 [r=0 c=0 rs=1 cs=1]
              RenderTable {TABLE} at (1,1) size 197x24
                RenderTableSection {TBODY} at (0,0) size 197x24
                  RenderTableRow {TR} at (0,2) size 197x20
                    RenderTableCell {TD} at (2,2) size 193x20 [r=0 c=0 rs=1 cs=1]
                      RenderText {#text} at (1,1) size 190x17
                        text run at (1,1) width 190: "This should all be on one line."
              RenderTable {TABLE} at (1,25) size 85x48
                RenderTableSection {THEAD} at (0,24) size 85x2
                RenderBlock {CAPTION} at (0,0) size 85x24
                  RenderTable {TABLE} at (14,0) size 57x24
                    RenderTableSection {TBODY} at (0,0) size 57x24
                      RenderTableRow {TR} at (0,2) size 57x20
                        RenderTableCell {TD} at (2,2) size 53x20 [r=0 c=0 rs=1 cs=1]
                          RenderText {#text} at (1,1) size 50x17
                            text run at (1,1) width 50: "Caption"
                RenderTableSection {TBODY} at (0,26) size 85x22
                  RenderTableRow {TR} at (0,0) size 85x20
                    RenderTableCell {TD} at (2,0) size 50x20 [r=0 c=0 rs=1 cs=1]
                      RenderText {#text} at (1,1) size 47x17
                        text run at (1,1) width 47: "Bottom"
                    RenderTableCell {TD} at (53,0) size 30x20 [r=0 c=1 rs=1 cs=1]
                      RenderText {#text} at (1,1) size 27x17
                        text run at (1,1) width 27: "line."
