layer at (0,0) size 800x600
  RenderView at (0,0) size 800x600
layer at (0,0) size 800x222
  RenderBlock {HTML} at (0,0) size 800x222
    RenderBody {BODY} at (8,16) size 784x190
      RenderBlock {P} at (0,0) size 784x87
        RenderText {#text} at (0,70) size 132x17
          text run at (0,70) width 132: "Large LTR radicals: "
        RenderMathMLMath {math} at (132,0) size 28x85 [padding: 0 1 0 1]
          RenderMathMLSquareRoot {msqrt} at (1,2) size 17x83
            RenderMathMLBlock (anonymous, flex) at (0,0) size 17x83
              RenderMathMLRadicalOperator (anonymous) at (0,0) size 17x83
                RenderMathMLBlock (anonymous, flex) at (0,0) size 13x82
                  RenderBlock (anonymous) at (0,0) size 13x82
                    RenderText at (0,-56) size 13x106
                      text run at (0,-56) width 13: "\x{221A}"
            RenderMathMLRootWrapper at (17,2) size 0x81
              RenderMathMLSpace {mspace} at (0,0) size 0x80
          RenderMathMLSquareRoot {msqrt} at (18,0) size 9x84
            RenderMathMLBlock (anonymous, flex) at (0,0) size 9x84
              RenderMathMLRadicalOperator (anonymous) at (0,0) size 9x84
                RenderMathMLBlock (anonymous, flex) at (0,0) size 9x83
                  RenderBlock (anonymous) at (0,0) size 9x83
                    RenderText at (0,-1) size 9x17
                      text run at (0,-1) width 9: "\x{221A}"
            RenderMathMLRootWrapper at (9,3) size 0x81
              RenderMathMLSpace {mspace} at (0,0) size 0x80
        RenderText {#text} at (0,0) size 0x0
      RenderBlock {P} at (0,103) size 784x87
        RenderText {#text} at (0,70) size 132x17
          text run at (0,70) width 132: "Large RTL radicals: "
        RenderMathMLMath {math} at (132,0) size 28x85 [padding: 0 1 0 1]
          RenderMathMLSquareRoot {msqrt} at (10,2) size 17x83
            RenderMathMLBlock (anonymous, flex) at (0,0) size 17x83
              RenderMathMLRadicalOperator (anonymous) at (0,0) size 17x83
                RenderMathMLBlock (anonymous, flex) at (4,0) size 13x82
                  RenderBlock (anonymous) at (0,0) size 13x82
                    RenderText at (0,-56) size 13x106
                      text run at (0,-56) width 13 RTL: "\x{221A}"
            RenderMathMLRootWrapper at (0,2) size 0x81
              RenderMathMLSpace {mspace} at (0,0) size 0x80
          RenderMathMLSquareRoot {msqrt} at (1,0) size 9x84
            RenderMathMLBlock (anonymous, flex) at (0,0) size 9x84
              RenderMathMLRadicalOperator (anonymous) at (0,0) size 9x84
                RenderMathMLBlock (anonymous, flex) at (0,0) size 9x83
                  RenderBlock (anonymous) at (0,0) size 9x83
                    RenderText at (0,-1) size 9x17
                      text run at (0,-1) width 9 RTL: "\x{221A}"
            RenderMathMLRootWrapper at (0,3) size 0x81
              RenderMathMLSpace {mspace} at (0,0) size 0x80
        RenderText {#text} at (0,0) size 0x0
