layer at (0,0) size 785x989
  RenderView at (0,0) size 785x585
layer at (0,0) size 785x585
  RenderBlock {HTML} at (0,0) size 785x585
    RenderBody {BODY} at (0,0) size 785x585
      RenderText {#text} at (0,0) size 396x17
        text run at (0,0) width 396: "ffffffffffffffffffffffffffffffffffffffffffffffffffffffffffffffffffffffffffffffffffff"
      RenderBR {BR} at (396,14) size 0x0
      RenderText {#text} at (0,18) size 396x17
        text run at (0,18) width 396: "ffffffffffffffffffffffffffffffffffffffffffffffffffffffffffffffffffffffffffffffffffff"
      RenderBR {BR} at (396,32) size 0x0
      RenderText {#text} at (0,36) size 396x17
        text run at (0,36) width 396: "ffffffffffffffffffffffffffffffffffffffffffffffffffffffffffffffffffffffffffffffffffff"
      RenderBR {BR} at (396,50) size 0x0
      RenderText {#text} at (0,54) size 396x17
        text run at (0,54) width 396: "ffffffffffffffffffffffffffffffffffffffffffffffffffffffffffffffffffffffffffffffffffff"
      RenderBR {BR} at (396,68) size 0x0
      RenderText {#text} at (0,72) size 396x17
        text run at (0,72) width 396: "ffffffffffffffffffffffffffffffffffffffffffffffffffffffffffffffffffffffffffffffffffff"
      RenderBR {BR} at (396,86) size 0x0
      RenderText {#text} at (0,90) size 396x17
        text run at (0,90) width 396: "ffffffffffffffffffffffffffffffffffffffffffffffffffffffffffffffffffffffffffffffffffff"
      RenderBR {BR} at (396,104) size 0x0
      RenderText {#text} at (0,108) size 396x17
        text run at (0,108) width 396: "ffffffffffffffffffffffffffffffffffffffffffffffffffffffffffffffffffffffffffffffffffff"
      RenderBR {BR} at (396,122) size 0x0
      RenderText {#text} at (0,126) size 396x17
        text run at (0,126) width 396: "ffffffffffffffffffffffffffffffffffffffffffffffffffffffffffffffffffffffffffffffffffff"
      RenderBR {BR} at (396,140) size 0x0
      RenderText {#text} at (0,144) size 396x17
        text run at (0,144) width 396: "ffffffffffffffffffffffffffffffffffffffffffffffffffffffffffffffffffffffffffffffffffff"
      RenderBR {BR} at (396,158) size 0x0
      RenderText {#text} at (0,162) size 396x17
        text run at (0,162) width 396: "ffffffffffffffffffffffffffffffffffffffffffffffffffffffffffffffffffffffffffffffffffff"
      RenderBR {BR} at (396,176) size 0x0
      RenderText {#text} at (0,180) size 396x17
        text run at (0,180) width 396: "ffffffffffffffffffffffffffffffffffffffffffffffffffffffffffffffffffffffffffffffffffff"
      RenderBR {BR} at (396,194) size 0x0
      RenderText {#text} at (0,198) size 396x17
        text run at (0,198) width 396: "ffffffffffffffffffffffffffffffffffffffffffffffffffffffffffffffffffffffffffffffffffff"
      RenderBR {BR} at (396,212) size 0x0
      RenderText {#text} at (0,216) size 396x17
        text run at (0,216) width 396: "ffffffffffffffffffffffffffffffffffffffffffffffffffffffffffffffffffffffffffffffffffff"
      RenderBR {BR} at (396,230) size 0x0
      RenderText {#text} at (0,234) size 396x17
        text run at (0,234) width 396: "ffffffffffffffffffffffffffffffffffffffffffffffffffffffffffffffffffffffffffffffffffff"
      RenderBR {BR} at (396,248) size 0x0
      RenderText {#text} at (0,252) size 396x17
        text run at (0,252) width 396: "ffffffffffffffffffffffffffffffffffffffffffffffffffffffffffffffffffffffffffffffffffff"
      RenderBR {BR} at (396,266) size 0x0
      RenderText {#text} at (0,270) size 396x17
        text run at (0,270) width 396: "ffffffffffffffffffffffffffffffffffffffffffffffffffffffffffffffffffffffffffffffffffff"
      RenderBR {BR} at (396,284) size 0x0
      RenderText {#text} at (0,288) size 396x17
        text run at (0,288) width 396: "ffffffffffffffffffffffffffffffffffffffffffffffffffffffffffffffffffffffffffffffffffff"
      RenderBR {BR} at (396,302) size 0x0
      RenderText {#text} at (0,306) size 396x17
        text run at (0,306) width 396: "ffffffffffffffffffffffffffffffffffffffffffffffffffffffffffffffffffffffffffffffffffff"
      RenderBR {BR} at (396,320) size 0x0
      RenderText {#text} at (0,324) size 396x17
        text run at (0,324) width 396: "ffffffffffffffffffffffffffffffffffffffffffffffffffffffffffffffffffffffffffffffffffff"
      RenderBR {BR} at (396,338) size 0x0
      RenderText {#text} at (0,342) size 396x17
        text run at (0,342) width 396: "ffffffffffffffffffffffffffffffffffffffffffffffffffffffffffffffffffffffffffffffffffff"
      RenderBR {BR} at (396,356) size 0x0
      RenderText {#text} at (0,360) size 396x17
        text run at (0,360) width 396: "ffffffffffffffffffffffffffffffffffffffffffffffffffffffffffffffffffffffffffffffffffff"
      RenderBR {BR} at (396,374) size 0x0
      RenderText {#text} at (0,378) size 396x17
        text run at (0,378) width 396: "ffffffffffffffffffffffffffffffffffffffffffffffffffffffffffffffffffffffffffffffffffff"
      RenderBR {BR} at (396,392) size 0x0
      RenderText {#text} at (0,396) size 396x17
        text run at (0,396) width 396: "ffffffffffffffffffffffffffffffffffffffffffffffffffffffffffffffffffffffffffffffffffff"
      RenderBR {BR} at (396,410) size 0x0
      RenderText {#text} at (0,414) size 396x17
        text run at (0,414) width 396: "ffffffffffffffffffffffffffffffffffffffffffffffffffffffffffffffffffffffffffffffffffff"
      RenderBR {BR} at (396,428) size 0x0
      RenderText {#text} at (0,432) size 396x17
        text run at (0,432) width 396: "ffffffffffffffffffffffffffffffffffffffffffffffffffffffffffffffffffffffffffffffffffff"
      RenderBR {BR} at (396,446) size 0x0
      RenderText {#text} at (0,450) size 396x17
        text run at (0,450) width 396: "ffffffffffffffffffffffffffffffffffffffffffffffffffffffffffffffffffffffffffffffffffff"
      RenderBR {BR} at (396,464) size 0x0
      RenderText {#text} at (0,468) size 396x17
        text run at (0,468) width 396: "ffffffffffffffffffffffffffffffffffffffffffffffffffffffffffffffffffffffffffffffffffff"
      RenderBR {BR} at (396,482) size 0x0
      RenderText {#text} at (0,486) size 396x17
        text run at (0,486) width 396: "ffffffffffffffffffffffffffffffffffffffffffffffffffffffffffffffffffffffffffffffffffff"
      RenderBR {BR} at (396,500) size 0x0
      RenderText {#text} at (0,504) size 396x17
        text run at (0,504) width 396: "ffffffffffffffffffffffffffffffffffffffffffffffffffffffffffffffffffffffffffffffffffff"
      RenderBR {BR} at (396,518) size 0x0
      RenderText {#text} at (0,522) size 396x17
        text run at (0,522) width 396: "ffffffffffffffffffffffffffffffffffffffffffffffffffffffffffffffffffffffffffffffffffff"
      RenderBR {BR} at (396,536) size 0x0
      RenderText {#text} at (0,540) size 396x17
        text run at (0,540) width 396: "ffffffffffffffffffffffffffffffffffffffffffffffffffffffffffffffffffffffffffffffffffff"
      RenderBR {BR} at (396,554) size 0x0
      RenderText {#text} at (0,558) size 396x17
        text run at (0,558) width 396: "ffffffffffffffffffffffffffffffffffffffffffffffffffffffffffffffffffffffffffffffffffff"
      RenderBR {BR} at (396,572) size 0x0
      RenderText {#text} at (0,576) size 396x17
        text run at (0,576) width 396: "ffffffffffffffffffffffffffffffffffffffffffffffffffffffffffffffffffffffffffffffffffff"
      RenderBR {BR} at (396,590) size 0x0
      RenderText {#text} at (0,594) size 396x17
        text run at (0,594) width 396: "ffffffffffffffffffffffffffffffffffffffffffffffffffffffffffffffffffffffffffffffffffff"
      RenderBR {BR} at (396,608) size 0x0
      RenderText {#text} at (0,612) size 396x17
        text run at (0,612) width 396: "ffffffffffffffffffffffffffffffffffffffffffffffffffffffffffffffffffffffffffffffffffff"
      RenderBR {BR} at (396,626) size 0x0
      RenderText {#text} at (0,630) size 396x17
        text run at (0,630) width 396: "ffffffffffffffffffffffffffffffffffffffffffffffffffffffffffffffffffffffffffffffffffff"
      RenderBR {BR} at (396,644) size 0x0
      RenderText {#text} at (0,648) size 396x17
        text run at (0,648) width 396: "ffffffffffffffffffffffffffffffffffffffffffffffffffffffffffffffffffffffffffffffffffff"
      RenderBR {BR} at (396,662) size 0x0
      RenderText {#text} at (0,666) size 396x17
        text run at (0,666) width 396: "ffffffffffffffffffffffffffffffffffffffffffffffffffffffffffffffffffffffffffffffffffff"
      RenderBR {BR} at (396,680) size 0x0
      RenderText {#text} at (0,684) size 396x17
        text run at (0,684) width 396: "ffffffffffffffffffffffffffffffffffffffffffffffffffffffffffffffffffffffffffffffffffff"
      RenderBR {BR} at (396,698) size 0x0
      RenderText {#text} at (0,702) size 396x17
        text run at (0,702) width 396: "ffffffffffffffffffffffffffffffffffffffffffffffffffffffffffffffffffffffffffffffffffff"
      RenderBR {BR} at (396,716) size 0x0
      RenderText {#text} at (0,720) size 396x17
        text run at (0,720) width 396: "ffffffffffffffffffffffffffffffffffffffffffffffffffffffffffffffffffffffffffffffffffff"
      RenderBR {BR} at (396,734) size 0x0
      RenderText {#text} at (0,738) size 396x17
        text run at (0,738) width 396: "ffffffffffffffffffffffffffffffffffffffffffffffffffffffffffffffffffffffffffffffffffff"
      RenderBR {BR} at (396,752) size 0x0
      RenderText {#text} at (0,756) size 396x17
        text run at (0,756) width 396: "ffffffffffffffffffffffffffffffffffffffffffffffffffffffffffffffffffffffffffffffffffff"
      RenderBR {BR} at (396,770) size 0x0
      RenderText {#text} at (0,774) size 396x17
        text run at (0,774) width 396: "ffffffffffffffffffffffffffffffffffffffffffffffffffffffffffffffffffffffffffffffffffff"
      RenderBR {BR} at (396,788) size 0x0
      RenderText {#text} at (0,792) size 396x17
        text run at (0,792) width 396: "ffffffffffffffffffffffffffffffffffffffffffffffffffffffffffffffffffffffffffffffffffff"
      RenderBR {BR} at (396,806) size 0x0
      RenderText {#text} at (0,810) size 396x17
        text run at (0,810) width 396: "ffffffffffffffffffffffffffffffffffffffffffffffffffffffffffffffffffffffffffffffffffff"
      RenderBR {BR} at (396,824) size 0x0
      RenderText {#text} at (0,828) size 396x17
        text run at (0,828) width 396: "ffffffffffffffffffffffffffffffffffffffffffffffffffffffffffffffffffffffffffffffffffff"
      RenderBR {BR} at (396,842) size 0x0
      RenderText {#text} at (0,846) size 396x17
        text run at (0,846) width 396: "ffffffffffffffffffffffffffffffffffffffffffffffffffffffffffffffffffffffffffffffffffff"
      RenderBR {BR} at (396,860) size 0x0
      RenderText {#text} at (0,864) size 396x17
        text run at (0,864) width 396: "ffffffffffffffffffffffffffffffffffffffffffffffffffffffffffffffffffffffffffffffffffff"
      RenderBR {BR} at (396,878) size 0x0
      RenderText {#text} at (0,882) size 396x17
        text run at (0,882) width 396: "ffffffffffffffffffffffffffffffffffffffffffffffffffffffffffffffffffffffffffffffffffff"
      RenderBR {BR} at (396,896) size 0x0
      RenderText {#text} at (0,900) size 396x17
        text run at (0,900) width 396: "ffffffffffffffffffffffffffffffffffffffffffffffffffffffffffffffffffffffffffffffffffff"
      RenderBR {BR} at (396,914) size 0x0
      RenderText {#text} at (0,918) size 396x17
        text run at (0,918) width 396: "ffffffffffffffffffffffffffffffffffffffffffffffffffffffffffffffffffffffffffffffffffff"
      RenderBR {BR} at (396,932) size 0x0
      RenderText {#text} at (0,936) size 396x17
        text run at (0,936) width 396: "ffffffffffffffffffffffffffffffffffffffffffffffffffffffffffffffffffffffffffffffffffff"
      RenderBR {BR} at (396,950) size 0x0
      RenderText {#text} at (0,954) size 396x17
        text run at (0,954) width 396: "ffffffffffffffffffffffffffffffffffffffffffffffffffffffffffffffffffffffffffffffffffff"
      RenderBR {BR} at (396,968) size 0x0
      RenderText {#text} at (0,972) size 396x17
        text run at (0,972) width 396: "ffffffffffffffffffffffffffffffffffffffffffffffffffffffffffffffffffffffffffffffffffff"
      RenderBR {BR} at (396,986) size 0x0
