layer at (0,0) size 785x1200
  RenderView at (0,0) size 785x600
    RenderMultiColumnSet at (0,0) size 785x600
layer at (0,0) size 785x1112
  RenderMultiColumnFlowThread at (0,0) size 785x1112
layer at (0,0) size 785x1112
  RenderBlock {HTML} at (0,0) size 785x1112
    RenderBody {BODY} at (8,8) size 769x1096
      RenderText {#text} at (0,0) size 769x1095
        text run at (0,0) width 739: "Lorem ipsum dolor sit amet, consectetur adipiscing elit. Maecenas lacinia massa in lectus pretium vulputate. Curabitur"
        text run at (0,18) width 765: "viverra augue in leo faucibus congue. Vestibulum ligula neque, commodo eget blandit sit amet, facilisis vitae mi. Vivamus"
        text run at (0,36) width 734: "pretium lorem a quam imperdiet in placerat purus sagittis. Aliquam ut dui nibh. Cras faucibus imperdiet pellentesque."
        text run at (0,54) width 754: "Curabitur vel tortor quam, ut pharetra eros. Mauris euismod, justo in mattis ultricies, risus velit pretium ligula, eu sodales"
        text run at (0,72) width 734: "libero dolor et massa. Phasellus eros quam, faucibus sed consectetur et, elementum ut erat. Morbi fringilla, lorem non"
        text run at (0,90) width 721: "fermentum vulputate, quam metus ullamcorper quam, eu porttitor diam metus eget augue. Donec non lorem et arcu"
        text run at (0,108) width 747: "adipiscing suscipit. Donec porta euismod magna a fermentum. Suspendisse vestibulum rhoncus bibendum. Nam in nisi"
        text run at (0,126) width 757: "eget nulla vestibulum rutrum. Aenean eu libero turpis. Lorem ipsum dolor sit amet, consectetur adipiscing elit. Maecenas"
        text run at (0,144) width 721: "lacinia massa in lectus pretium vulputate. Curabitur viverra augue in leo faucibus congue. Vestibulum ligula neque,"
        text run at (0,162) width 729: "commodo eget blandit sit amet, facilisis vitae mi. Vivamus pretium lorem a quam imperdiet in placerat purus sagittis."
        text run at (0,180) width 752: "Aliquam ut dui nibh. Cras faucibus imperdiet pellentesque. Curabitur vel tortor quam, ut pharetra eros. Mauris euismod,"
        text run at (0,198) width 728: "justo in mattis ultricies, risus velit pretium ligula, eu sodales libero dolor et massa. Phasellus eros quam, faucibus sed"
        text run at (0,216) width 737: "consectetur et, elementum ut erat. Morbi fringilla, lorem non fermentum vulputate, quam metus ullamcorper quam, eu"
        text run at (0,234) width 757: "porttitor diam metus eget augue. Donec non lorem et arcu adipiscing suscipit. Donec porta euismod magna a fermentum."
        text run at (0,252) width 741: "Suspendisse vestibulum rhoncus bibendum. Nam in nisi eget nulla vestibulum rutrum. Aenean eu libero turpis. Lorem"
        text run at (0,270) width 741: "ipsum dolor sit amet, consectetur adipiscing elit. Maecenas lacinia massa in lectus pretium vulputate. Curabitur viverra"
        text run at (0,288) width 769: "augue in leo faucibus congue. Vestibulum ligula neque, commodo eget blandit sit amet, facilisis vitae mi. Vivamus pretium"
        text run at (0,306) width 769: "lorem a quam imperdiet in placerat purus sagittis. Aliquam ut dui nibh. Cras faucibus imperdiet pellentesque. Curabitur vel"
        text run at (0,324) width 759: "tortor quam, ut pharetra eros. Mauris euismod, justo in mattis ultricies, risus velit pretium ligula, eu sodales libero dolor et"
        text run at (0,342) width 714: "massa. Phasellus eros quam, faucibus sed consectetur et, elementum ut erat. Morbi fringilla, lorem non fermentum"
        text run at (0,360) width 717: "vulputate, quam metus ullamcorper quam, eu porttitor diam metus eget augue. Donec non lorem et arcu adipiscing"
        text run at (0,378) width 744: "suscipit. Donec porta euismod magna a fermentum. Suspendisse vestibulum rhoncus bibendum. Nam in nisi eget nulla"
        text run at (0,396) width 737: "vestibulum rutrum. Aenean eu libero turpis. Lorem ipsum dolor sit amet, consectetur adipiscing elit. Maecenas lacinia"
        text run at (0,414) width 743: "massa in lectus pretium vulputate. Curabitur viverra augue in leo faucibus congue. Vestibulum ligula neque, commodo"
        text run at (0,432) width 761: "eget blandit sit amet, facilisis vitae mi. Vivamus pretium lorem a quam imperdiet in placerat purus sagittis. Aliquam ut dui"
        text run at (0,450) width 744: "nibh. Cras faucibus imperdiet pellentesque. Curabitur vel tortor quam, ut pharetra eros. Mauris euismod, justo in mattis"
        text run at (0,468) width 731: "ultricies, risus velit pretium ligula, eu sodales libero dolor et massa. Phasellus eros quam, faucibus sed consectetur et,"
        text run at (0,486) width 732: "elementum ut erat. Morbi fringilla, lorem non fermentum vulputate, quam metus ullamcorper quam, eu porttitor diam"
        text run at (0,504) width 749: "metus eget augue. Donec non lorem et arcu adipiscing suscipit. Donec porta euismod magna a fermentum. Suspendisse"
        text run at (0,522) width 757: "vestibulum rhoncus bibendum. Nam in nisi eget nulla vestibulum rutrum. Aenean eu libero turpis. Lorem ipsum dolor sit"
        text run at (0,540) width 725: "amet, consectetur adipiscing elit. Maecenas lacinia massa in lectus pretium vulputate. Curabitur viverra augue in leo"
        text run at (0,558) width 739: "faucibus congue. Vestibulum ligula neque, commodo eget blandit sit amet, facilisis vitae mi. Vivamus pretium lorem a"
        text run at (0,592) width 756: "quam imperdiet in placerat purus sagittis. Aliquam ut dui nibh. Cras faucibus imperdiet pellentesque. Curabitur vel tortor"
        text run at (0,610) width 767: "quam, ut pharetra eros. Mauris euismod, justo in mattis ultricies, risus velit pretium ligula, eu sodales libero dolor et massa."
        text run at (0,628) width 734: "Phasellus eros quam, faucibus sed consectetur et, elementum ut erat. Morbi fringilla, lorem non fermentum vulputate,"
        text run at (0,646) width 752: "quam metus ullamcorper quam, eu porttitor diam metus eget augue. Donec non lorem et arcu adipiscing suscipit. Donec"
        text run at (0,664) width 766: "porta euismod magna a fermentum. Suspendisse vestibulum rhoncus bibendum. Nam in nisi eget nulla vestibulum rutrum."
        text run at (0,682) width 764: "Aenean eu libero turpis. Lorem ipsum dolor sit amet, consectetur adipiscing elit. Maecenas lacinia massa in lectus pretium"
        text run at (0,700) width 726: "vulputate. Curabitur viverra augue in leo faucibus congue. Vestibulum ligula neque, commodo eget blandit sit amet,"
        text run at (0,718) width 754: "facilisis vitae mi. Vivamus pretium lorem a quam imperdiet in placerat purus sagittis. Aliquam ut dui nibh. Cras faucibus"
        text run at (0,736) width 739: "imperdiet pellentesque. Curabitur vel tortor quam, ut pharetra eros. Mauris euismod, justo in mattis ultricies, risus velit"
        text run at (0,754) width 730: "pretium ligula, eu sodales libero dolor et massa. Phasellus eros quam, faucibus sed consectetur et, elementum ut erat."
        text run at (0,772) width 729: "Morbi fringilla, lorem non fermentum vulputate, quam metus ullamcorper quam, eu porttitor diam metus eget augue."
        text run at (0,790) width 759: "Donec non lorem et arcu adipiscing suscipit. Donec porta euismod magna a fermentum. Suspendisse vestibulum rhoncus"
        text run at (0,808) width 743: "bibendum. Nam in nisi eget nulla vestibulum rutrum. Aenean eu libero turpis. Lorem ipsum dolor sit amet, consectetur"
        text run at (0,826) width 723: "adipiscing elit. Maecenas lacinia massa in lectus pretium vulputate. Curabitur viverra augue in leo faucibus congue."
        text run at (0,844) width 746: "Vestibulum ligula neque, commodo eget blandit sit amet, facilisis vitae mi. Vivamus pretium lorem a quam imperdiet in"
        text run at (0,862) width 752: "placerat purus sagittis. Aliquam ut dui nibh. Cras faucibus imperdiet pellentesque. Curabitur vel tortor quam, ut pharetra"
        text run at (0,880) width 746: "eros. Mauris euismod, justo in mattis ultricies, risus velit pretium ligula, eu sodales libero dolor et massa. Phasellus eros"
        text run at (0,898) width 721: "quam, faucibus sed consectetur et, elementum ut erat. Morbi fringilla, lorem non fermentum vulputate, quam metus"
        text run at (0,916) width 765: "ullamcorper quam, eu porttitor diam metus eget augue. Donec non lorem et arcu adipiscing suscipit. Donec porta euismod"
        text run at (0,934) width 745: "magna a fermentum. Suspendisse vestibulum rhoncus bibendum. Nam in nisi eget nulla vestibulum rutrum. Aenean eu"
        text run at (0,952) width 758: "libero turpis. Lorem ipsum dolor sit amet, consectetur adipiscing elit. Maecenas lacinia massa in lectus pretium vulputate."
        text run at (0,970) width 769: "Curabitur viverra augue in leo faucibus congue. Vestibulum ligula neque, commodo eget blandit sit amet, facilisis vitae mi."
        text run at (0,988) width 708: "Vivamus pretium lorem a quam imperdiet in placerat purus sagittis. Aliquam ut dui nibh. Cras faucibus imperdiet"
        text run at (0,1006) width 728: "pellentesque. Curabitur vel tortor quam, ut pharetra eros. Mauris euismod, justo in mattis ultricies, risus velit pretium"
        text run at (0,1024) width 721: "ligula, eu sodales libero dolor et massa. Phasellus eros quam, faucibus sed consectetur et, elementum ut erat. Morbi"
        text run at (0,1042) width 760: "fringilla, lorem non fermentum vulputate, quam metus ullamcorper quam, eu porttitor diam metus eget augue. Donec non"
        text run at (0,1060) width 756: "lorem et arcu adipiscing suscipit. Donec porta euismod magna a fermentum. Suspendisse vestibulum rhoncus bibendum."
        text run at (0,1078) width 416: "Nam in nisi eget nulla vestibulum rutrum. Aenean eu libero turpis."
