layer at (0,0) size 800x600
  RenderView at (0,0) size 800x600
layer at (0,0) size 800x130
  RenderBlock {HTML} at (0,0) size 800x130
    RenderBody {BODY} at (8,8) size 784x114
      RenderTable {TABLE} at (0,0) size 88x114 [border: (1px outset #808080)]
        RenderTableSection {TBODY} at (1,1) size 86x57
          RenderTableRow {TR} at (0,2) size 86x53
            RenderTableCell {TH} at (2,26) size 39x5 [border: (1px inset #808080)] [r=0 c=0 rs=1 cs=1]
            RenderTableCell {TD} at (42,2) size 42x53 [border: (1px inset #808080)] [r=0 c=1 rs=1 cs=1]
              RenderBlock {P} at (2,18) size 38x17
                RenderText {#text} at (0,0) size 37x17
                  text run at (0,0) width 37: "TWO"
        RenderTableCol {COLGROUP} at (0,0) size 0x0
          RenderTableCol {COL} at (0,0) size 0x0
        RenderTableSection {TBODY} at (1,58) size 86x55
          RenderTableRow {TR} at (0,0) size 86x53
            RenderTableCell {TD} at (2,0) size 39x53 [border: (1px inset #808080)] [r=0 c=0 rs=1 cs=1]
              RenderBlock {P} at (2,18) size 35x17
                RenderText {#text} at (0,0) size 34x17
                  text run at (0,0) width 34: "ONE"
        RenderTableCol {COLGROUP} at (0,0) size 0x0
          RenderTableCol {COL} at (0,0) size 0x0
