layer at (0,0) size 800x600
  RenderView at (0,0) size 800x600
layer at (0,0) size 800x600
  RenderBlock {HTML} at (0,0) size 800x600
    RenderBody {BODY} at (8,8) size 784x584
      RenderTable {TABLE} at (0,0) size 264x43 [border: (1px outset #808080)]
        RenderTableSection {TBODY} at (1,1) size 262x41
          RenderTableRow {TR} at (0,2) size 262x37
            RenderTableCell {TD} at (2,2) size 258x37 [border: (1px inset #808080)] [r=0 c=0 rs=1 cs=1]
              RenderBlock {UL} at (2,2) size 254x17
                RenderListItem {LI} at (40,0) size 214x17
                  RenderListMarker at (-17,0) size 7x17: bullet
                  RenderText {#text} at (0,0) size 213x17
                    text run at (0,0) width 213: "blah blah blah blah blah blah blah"
