layer at (0,0) size 800x600
  RenderView at (0,0) size 800x600
layer at (0,0) size 800x600
  RenderBlock {HTML} at (0,0) size 800x600
    RenderBody {BODY} at (8,8) size 784x584
      RenderTable {TABLE} at (0,0) size 105x49 [border: (5px outset #808080)]
        RenderTableSection {TBODY} at (5,5) size 95x39
          RenderTableRow {TR} at (0,2) size 95x35
            RenderTableCell {TD} at (2,2) size 91x35 [border: (1px inset #808080)] [r=0 c=0 rs=1 cs=1]
              RenderTable {TABLE} at (2,2) size 87x31 [border: (3px outset #808080)]
                RenderTableSection {TBODY} at (3,3) size 81x25
                  RenderTableRow {TR} at (0,2) size 81x21
                    RenderTableCell {TD} at (2,2) size 77x21 [border: (1px inset #808080)] [r=0 c=0 rs=1 cs=1]
                      RenderText {#text} at (2,2) size 72x17
                        text run at (2,2) width 72: "Inner Right"
      RenderTable {TABLE} at (0,49) size 96x49 [border: (5px outset #808080)]
        RenderTableSection {TBODY} at (5,5) size 86x39
          RenderTableRow {TR} at (0,2) size 86x35
            RenderTableCell {TD} at (2,2) size 82x35 [border: (1px inset #808080)] [r=0 c=0 rs=1 cs=1]
              RenderTable {TABLE} at (2,2) size 78x31 [border: (3px outset #808080)]
                RenderTableSection {TBODY} at (3,3) size 72x25
                  RenderTableRow {TR} at (0,2) size 72x21
                    RenderTableCell {TD} at (2,2) size 68x21 [border: (1px inset #808080)] [r=0 c=0 rs=1 cs=1]
                      RenderText {#text} at (2,2) size 63x17
                        text run at (2,2) width 63: "Inner Left"
