layer at (0,0) size 800x600
  RenderView at (0,0) size 800x600
layer at (0,0) size 800x600
  RenderBlock {HTML} at (0,0) size 800x600
    RenderBody {BODY} at (8,8) size 784x584
      RenderTable {TABLE} at (0,0) size 33x23
        RenderTableSection {TBODY} at (0,0) size 33x23
          RenderTableRow {TR} at (0,2) size 33x19
            RenderTableCell {TD} at (2,5) size 13x13 [r=0 c=0 rs=1 cs=1]
              RenderTable {TABLE} at (1,1) size 11x10 [border: (1px outset #808080)]
                RenderTableSection {TBODY} at (1,1) size 9x8
                  RenderTableRow {TR} at (0,2) size 9x4
                    RenderTableCell {TD} at (2,2) size 5x4 [border: (1px inset #808080)] [r=0 c=0 rs=1 cs=1]
            RenderTableCell {TD} at (16,2) size 15x19 [r=0 c=1 rs=1 cs=1]
              RenderText {#text} at (1,1) size 12x17
                text run at (1,1) width 12: "X"
