layer at (0,0) size 800x600
  RenderView at (0,0) size 800x600
layer at (0,0) size 800x600
  RenderBlock {HTML} at (0,0) size 800x600
    RenderBody {BODY} at (8,8) size 784x584
      RenderTable {TABLE} at (0,0) size 292x200 [border: (1px outset #808080)]
        RenderTableSection {TBODY} at (1,1) size 290x198
          RenderTableRow {TR} at (0,2) size 290x47
            RenderTableCell {TD} at (2,14) size 286x22 [border: (1px inset #808080)] [r=0 c=0 rs=1 cs=1]
              RenderText {#text} at (2,2) size 279x18
                text run at (2,3) width 279: "This is the first cell in a 200 pixel high table."
          RenderTableRow {TR} at (0,50) size 290x98
            RenderTableCell {TD} at (2,88) size 286x22 [border: (1px inset #808080)] [r=1 c=0 rs=1 cs=1]
              RenderText {#text} at (2,2) size 179x17
                text run at (2,2) width 179: "This is the second cell, with "
              RenderInline {B} at (0,0) size 22x17
                RenderText {#text} at (181,2) size 22x17
                  text run at (181,2) width 22: "cell"
              RenderText {#text} at (203,2) size 80x17
                text run at (203,2) width 80: " height 50%."
          RenderTableRow {TR} at (0,149) size 290x47
            RenderTableCell {TD} at (2,162) size 286x22 [border: (1px inset #808080)] [r=2 c=0 rs=1 cs=1]
              RenderText {#text} at (2,2) size 128x18
                text run at (2,3) width 128: "This is the third cell."
      RenderTable {TABLE} at (0,200) size 292x73 [border: (1px outset #808080)]
        RenderTableSection {TBODY} at (1,1) size 290x71
          RenderTableRow {TR} at (0,2) size 290x21
            RenderTableCell {TD} at (2,2) size 286x21 [border: (1px inset #808080)] [r=0 c=0 rs=1 cs=1]
              RenderText {#text} at (2,2) size 267x17
                text run at (2,2) width 267: "This is the first cell in an auto-height table."
          RenderTableRow {TR} at (0,25) size 290x21
            RenderTableCell {TD} at (2,25) size 286x21 [border: (1px inset #808080)] [r=1 c=0 rs=1 cs=1]
              RenderText {#text} at (2,2) size 179x17
                text run at (2,2) width 179: "This is the second cell, with "
              RenderInline {B} at (0,0) size 22x17
                RenderText {#text} at (181,2) size 22x17
                  text run at (181,2) width 22: "cell"
              RenderText {#text} at (203,2) size 80x17
                text run at (203,2) width 80: " height 50%."
          RenderTableRow {TR} at (0,48) size 290x21
            RenderTableCell {TD} at (2,48) size 286x21 [border: (1px inset #808080)] [r=2 c=0 rs=1 cs=1]
              RenderText {#text} at (2,2) size 128x17
                text run at (2,2) width 128: "This is the third cell."
      RenderTable {TABLE} at (0,273) size 297x200 [border: (1px outset #808080)]
        RenderTableSection {TBODY} at (1,1) size 295x198
          RenderTableRow {TR} at (0,2) size 295x47
            RenderTableCell {TD} at (2,14) size 291x22 [border: (1px inset #808080)] [r=0 c=0 rs=1 cs=1]
              RenderText {#text} at (2,2) size 279x18
                text run at (2,3) width 279: "This is the first cell in a 200 pixel high table."
          RenderTableRow {TR} at (0,50) size 295x98
            RenderTableCell {TD} at (2,88) size 291x22 [border: (1px inset #808080)] [r=1 c=0 rs=1 cs=1]
              RenderText {#text} at (2,2) size 179x17
                text run at (2,2) width 179: "This is the second cell, with "
              RenderInline {B} at (0,0) size 27x17
                RenderText {#text} at (181,2) size 27x17
                  text run at (181,2) width 27: "row"
              RenderText {#text} at (208,2) size 80x17
                text run at (208,2) width 80: " height 50%."
          RenderTableRow {TR} at (0,149) size 295x47
            RenderTableCell {TD} at (2,162) size 291x22 [border: (1px inset #808080)] [r=2 c=0 rs=1 cs=1]
              RenderText {#text} at (2,2) size 128x18
                text run at (2,3) width 128: "This is the third cell."
      RenderTable {TABLE} at (0,473) size 297x73 [border: (1px outset #808080)]
        RenderTableSection {TBODY} at (1,1) size 295x71
          RenderTableRow {TR} at (0,2) size 295x21
            RenderTableCell {TD} at (2,2) size 291x21 [border: (1px inset #808080)] [r=0 c=0 rs=1 cs=1]
              RenderText {#text} at (2,2) size 267x17
                text run at (2,2) width 267: "This is the first cell in an auto-height table."
          RenderTableRow {TR} at (0,25) size 295x21
            RenderTableCell {TD} at (2,25) size 291x21 [border: (1px inset #808080)] [r=1 c=0 rs=1 cs=1]
              RenderText {#text} at (2,2) size 179x17
                text run at (2,2) width 179: "This is the second cell, with "
              RenderInline {B} at (0,0) size 27x17
                RenderText {#text} at (181,2) size 27x17
                  text run at (181,2) width 27: "row"
              RenderText {#text} at (208,2) size 80x17
                text run at (208,2) width 80: " height 50%."
          RenderTableRow {TR} at (0,48) size 295x21
            RenderTableCell {TD} at (2,48) size 291x21 [border: (1px inset #808080)] [r=2 c=0 rs=1 cs=1]
              RenderText {#text} at (2,2) size 128x17
                text run at (2,2) width 128: "This is the third cell."
