layer at (0,0) size 785x1504
  RenderView at (0,0) size 785x600
layer at (0,0) size 785x1504
  RenderBlock {HTML} at (0,0) size 785x1504
    RenderBody {BODY} at (8,8) size 769x1488
      RenderTable {TABLE} at (0,0) size 228x496
        RenderTableSection {TBODY} at (0,0) size 228x496
          RenderTableRow {TR} at (0,2) size 228x19
            RenderTableCell {TD} at (2,2) size 224x19 [r=0 c=0 rs=1 cs=1]
              RenderText {#text} at (1,1) size 221x17
                text run at (1,1) width 221: "Occasional height/width on images"
          RenderTableRow {TR} at (0,23) size 228x34
            RenderTableCell {TD} at (2,23) size 224x34 [r=1 c=0 rs=1 cs=1]
              RenderImage {IMG} at (1,1) size 75x32
          RenderTableRow {TR} at (0,59) size 228x24
            RenderTableCell {TD} at (2,59) size 224x24 [r=2 c=0 rs=1 cs=1]
              RenderImage {IMG} at (1,1) size 44x22
          RenderTableRow {TR} at (0,85) size 228x15
            RenderTableCell {TD} at (2,85) size 224x15 [r=3 c=0 rs=1 cs=1]
              RenderImage {IMG} at (1,1) size 89x13
          RenderTableRow {TR} at (0,102) size 228x15
            RenderTableCell {TD} at (2,102) size 224x15 [r=4 c=0 rs=1 cs=1]
              RenderImage {IMG} at (1,1) size 89x13
          RenderTableRow {TR} at (0,119) size 228x31
            RenderTableCell {TD} at (2,119) size 224x31 [r=5 c=0 rs=1 cs=1]
              RenderImage {IMG} at (1,1) size 31x29
          RenderTableRow {TR} at (0,152) size 228x23
            RenderTableCell {TD} at (2,152) size 224x23 [r=6 c=0 rs=1 cs=1]
              RenderImage {IMG} at (1,1) size 62x21
          RenderTableRow {TR} at (0,177) size 228x17
            RenderTableCell {TD} at (2,177) size 224x17 [r=7 c=0 rs=1 cs=1]
              RenderImage {IMG} at (1,1) size 70x15
          RenderTableRow {TR} at (0,196) size 228x28
            RenderTableCell {TD} at (2,196) size 224x28 [r=8 c=0 rs=1 cs=1]
              RenderImage {IMG} at (1,1) size 42x26
          RenderTableRow {TR} at (0,226) size 228x17
            RenderTableCell {TD} at (2,226) size 224x17 [r=9 c=0 rs=1 cs=1]
              RenderImage {IMG} at (1,1) size 84x15
          RenderTableRow {TR} at (0,245) size 228x17
            RenderTableCell {TD} at (2,245) size 224x17 [r=10 c=0 rs=1 cs=1]
              RenderImage {IMG} at (1,1) size 90x15
          RenderTableRow {TR} at (0,264) size 228x34
            RenderTableCell {TD} at (2,264) size 224x34 [r=11 c=0 rs=1 cs=1]
              RenderImage {IMG} at (1,1) size 59x32
          RenderTableRow {TR} at (0,300) size 228x17
            RenderTableCell {TD} at (2,300) size 224x17 [r=12 c=0 rs=1 cs=1]
              RenderImage {IMG} at (1,1) size 90x15
          RenderTableRow {TR} at (0,319) size 228x17
            RenderTableCell {TD} at (2,319) size 224x17 [r=13 c=0 rs=1 cs=1]
              RenderImage {IMG} at (1,1) size 90x15
          RenderTableRow {TR} at (0,338) size 228x21
            RenderTableCell {TD} at (2,338) size 224x21 [r=14 c=0 rs=1 cs=1]
              RenderImage {IMG} at (1,1) size 83x19
          RenderTableRow {TR} at (0,361) size 228x33
            RenderTableCell {TD} at (2,361) size 224x33 [r=15 c=0 rs=1 cs=1]
              RenderImage {IMG} at (1,1) size 54x31
          RenderTableRow {TR} at (0,396) size 228x27
            RenderTableCell {TD} at (2,396) size 224x27 [r=16 c=0 rs=1 cs=1]
              RenderImage {IMG} at (1,1) size 56x25
          RenderTableRow {TR} at (0,425) size 228x17
            RenderTableCell {TD} at (2,425) size 224x17 [r=17 c=0 rs=1 cs=1]
              RenderImage {IMG} at (1,1) size 53x15
          RenderTableRow {TR} at (0,444) size 228x31
            RenderTableCell {TD} at (2,444) size 224x31 [r=18 c=0 rs=1 cs=1]
              RenderImage {IMG} at (1,1) size 31x29
          RenderTableRow {TR} at (0,477) size 228x17
            RenderTableCell {TD} at (2,477) size 224x17 [r=19 c=0 rs=1 cs=1]
              RenderImage {IMG} at (1,1) size 53x15
      RenderTable {TABLE} at (0,496) size 266x496
        RenderTableSection {TBODY} at (0,0) size 266x496
          RenderTableRow {TR} at (0,2) size 266x19
            RenderTableCell {TD} at (2,2) size 262x19 [r=0 c=0 rs=1 cs=1]
              RenderText {#text} at (1,1) size 259x17
                text run at (1,1) width 259: "Images with height/width never specified"
          RenderTableRow {TR} at (0,23) size 266x34
            RenderTableCell {TD} at (2,23) size 262x34 [r=1 c=0 rs=1 cs=1]
              RenderImage {IMG} at (1,1) size 75x32
          RenderTableRow {TR} at (0,59) size 266x24
            RenderTableCell {TD} at (2,59) size 262x24 [r=2 c=0 rs=1 cs=1]
              RenderImage {IMG} at (1,1) size 44x22
          RenderTableRow {TR} at (0,85) size 266x15
            RenderTableCell {TD} at (2,85) size 262x15 [r=3 c=0 rs=1 cs=1]
              RenderImage {IMG} at (1,1) size 89x13
          RenderTableRow {TR} at (0,102) size 266x15
            RenderTableCell {TD} at (2,102) size 262x15 [r=4 c=0 rs=1 cs=1]
              RenderImage {IMG} at (1,1) size 89x13
          RenderTableRow {TR} at (0,119) size 266x31
            RenderTableCell {TD} at (2,119) size 262x31 [r=5 c=0 rs=1 cs=1]
              RenderImage {IMG} at (1,1) size 31x29
          RenderTableRow {TR} at (0,152) size 266x23
            RenderTableCell {TD} at (2,152) size 262x23 [r=6 c=0 rs=1 cs=1]
              RenderImage {IMG} at (1,1) size 62x21
          RenderTableRow {TR} at (0,177) size 266x17
            RenderTableCell {TD} at (2,177) size 262x17 [r=7 c=0 rs=1 cs=1]
              RenderImage {IMG} at (1,1) size 70x15
          RenderTableRow {TR} at (0,196) size 266x28
            RenderTableCell {TD} at (2,196) size 262x28 [r=8 c=0 rs=1 cs=1]
              RenderImage {IMG} at (1,1) size 42x26
          RenderTableRow {TR} at (0,226) size 266x17
            RenderTableCell {TD} at (2,226) size 262x17 [r=9 c=0 rs=1 cs=1]
              RenderImage {IMG} at (1,1) size 84x15
          RenderTableRow {TR} at (0,245) size 266x17
            RenderTableCell {TD} at (2,245) size 262x17 [r=10 c=0 rs=1 cs=1]
              RenderImage {IMG} at (1,1) size 90x15
          RenderTableRow {TR} at (0,264) size 266x34
            RenderTableCell {TD} at (2,264) size 262x34 [r=11 c=0 rs=1 cs=1]
              RenderImage {IMG} at (1,1) size 59x32
          RenderTableRow {TR} at (0,300) size 266x17
            RenderTableCell {TD} at (2,300) size 262x17 [r=12 c=0 rs=1 cs=1]
              RenderImage {IMG} at (1,1) size 90x15
          RenderTableRow {TR} at (0,319) size 266x17
            RenderTableCell {TD} at (2,319) size 262x17 [r=13 c=0 rs=1 cs=1]
              RenderImage {IMG} at (1,1) size 90x15
          RenderTableRow {TR} at (0,338) size 266x21
            RenderTableCell {TD} at (2,338) size 262x21 [r=14 c=0 rs=1 cs=1]
              RenderImage {IMG} at (1,1) size 83x19
          RenderTableRow {TR} at (0,361) size 266x33
            RenderTableCell {TD} at (2,361) size 262x33 [r=15 c=0 rs=1 cs=1]
              RenderImage {IMG} at (1,1) size 54x31
          RenderTableRow {TR} at (0,396) size 266x27
            RenderTableCell {TD} at (2,396) size 262x27 [r=16 c=0 rs=1 cs=1]
              RenderImage {IMG} at (1,1) size 56x25
          RenderTableRow {TR} at (0,425) size 266x17
            RenderTableCell {TD} at (2,425) size 262x17 [r=17 c=0 rs=1 cs=1]
              RenderImage {IMG} at (1,1) size 53x15
          RenderTableRow {TR} at (0,444) size 266x31
            RenderTableCell {TD} at (2,444) size 262x31 [r=18 c=0 rs=1 cs=1]
              RenderImage {IMG} at (1,1) size 31x29
          RenderTableRow {TR} at (0,477) size 266x17
            RenderTableCell {TD} at (2,477) size 262x17 [r=19 c=0 rs=1 cs=1]
              RenderImage {IMG} at (1,1) size 53x15
      RenderTable {TABLE} at (0,992) size 275x496
        RenderTableSection {TBODY} at (0,0) size 275x496
          RenderTableRow {TR} at (0,2) size 275x19
            RenderTableCell {TD} at (2,2) size 271x19 [r=0 c=0 rs=1 cs=1]
              RenderText {#text} at (1,1) size 268x17
                text run at (1,1) width 268: "Images with height/width always specified"
          RenderTableRow {TR} at (0,23) size 275x34
            RenderTableCell {TD} at (2,23) size 271x34 [r=1 c=0 rs=1 cs=1]
              RenderImage {IMG} at (1,1) size 75x32
          RenderTableRow {TR} at (0,59) size 275x24
            RenderTableCell {TD} at (2,59) size 271x24 [r=2 c=0 rs=1 cs=1]
              RenderImage {IMG} at (1,1) size 44x22
          RenderTableRow {TR} at (0,85) size 275x15
            RenderTableCell {TD} at (2,85) size 271x15 [r=3 c=0 rs=1 cs=1]
              RenderImage {IMG} at (1,1) size 89x13
          RenderTableRow {TR} at (0,102) size 275x15
            RenderTableCell {TD} at (2,102) size 271x15 [r=4 c=0 rs=1 cs=1]
              RenderImage {IMG} at (1,1) size 89x13
          RenderTableRow {TR} at (0,119) size 275x31
            RenderTableCell {TD} at (2,119) size 271x31 [r=5 c=0 rs=1 cs=1]
              RenderImage {IMG} at (1,1) size 31x29
          RenderTableRow {TR} at (0,152) size 275x23
            RenderTableCell {TD} at (2,152) size 271x23 [r=6 c=0 rs=1 cs=1]
              RenderImage {IMG} at (1,1) size 62x21
          RenderTableRow {TR} at (0,177) size 275x17
            RenderTableCell {TD} at (2,177) size 271x17 [r=7 c=0 rs=1 cs=1]
              RenderImage {IMG} at (1,1) size 70x15
          RenderTableRow {TR} at (0,196) size 275x28
            RenderTableCell {TD} at (2,196) size 271x28 [r=8 c=0 rs=1 cs=1]
              RenderImage {IMG} at (1,1) size 42x26
          RenderTableRow {TR} at (0,226) size 275x17
            RenderTableCell {TD} at (2,226) size 271x17 [r=9 c=0 rs=1 cs=1]
              RenderImage {IMG} at (1,1) size 84x15
          RenderTableRow {TR} at (0,245) size 275x17
            RenderTableCell {TD} at (2,245) size 271x17 [r=10 c=0 rs=1 cs=1]
              RenderImage {IMG} at (1,1) size 90x15
          RenderTableRow {TR} at (0,264) size 275x34
            RenderTableCell {TD} at (2,264) size 271x34 [r=11 c=0 rs=1 cs=1]
              RenderImage {IMG} at (1,1) size 59x32
          RenderTableRow {TR} at (0,300) size 275x17
            RenderTableCell {TD} at (2,300) size 271x17 [r=12 c=0 rs=1 cs=1]
              RenderImage {IMG} at (1,1) size 90x15
          RenderTableRow {TR} at (0,319) size 275x17
            RenderTableCell {TD} at (2,319) size 271x17 [r=13 c=0 rs=1 cs=1]
              RenderImage {IMG} at (1,1) size 90x15
          RenderTableRow {TR} at (0,338) size 275x21
            RenderTableCell {TD} at (2,338) size 271x21 [r=14 c=0 rs=1 cs=1]
              RenderImage {IMG} at (1,1) size 83x19
          RenderTableRow {TR} at (0,361) size 275x33
            RenderTableCell {TD} at (2,361) size 271x33 [r=15 c=0 rs=1 cs=1]
              RenderImage {IMG} at (1,1) size 54x31
          RenderTableRow {TR} at (0,396) size 275x27
            RenderTableCell {TD} at (2,396) size 271x27 [r=16 c=0 rs=1 cs=1]
              RenderImage {IMG} at (1,1) size 56x25
          RenderTableRow {TR} at (0,425) size 275x17
            RenderTableCell {TD} at (2,425) size 271x17 [r=17 c=0 rs=1 cs=1]
              RenderImage {IMG} at (1,1) size 53x15
          RenderTableRow {TR} at (0,444) size 275x31
            RenderTableCell {TD} at (2,444) size 271x31 [r=18 c=0 rs=1 cs=1]
              RenderImage {IMG} at (1,1) size 31x29
          RenderTableRow {TR} at (0,477) size 275x17
            RenderTableCell {TD} at (2,477) size 271x17 [r=19 c=0 rs=1 cs=1]
              RenderImage {IMG} at (1,1) size 53x15
