Blocked access to external URL https://wpt.live/css/support/grid.css
Blocked access to external URL https://wpt.live/resources/testharness.js
Blocked access to external URL https://wpt.live/resources/testharnessreport.js
Blocked access to external URL https://wpt.live/resources/check-layout-th.js
CONSOLE MESSAGE: ReferenceError: Can't find variable: checkLayout
layer at (0,0) size 800x600
  RenderView at (0,0) size 800x600
layer at (0,0) size 800x196
  RenderBlock {HTML} at (0,0) size 800x196
    RenderBody {BODY} at (8,16) size 784x172
      RenderBlock {DIV} at (0,0) size 784x0
      RenderBlock {P} at (0,0) size 784x20
        RenderText {#text} at (0,0) size 411x19
          text run at (0,0) width 411: "This test checks that repeat(auto-fit, ) syntax works as expected."
layer at (8,52) size 204x4
  RenderBlock (relative positioned) {DIV} at (0,36) size 204x4 [border: (2px solid #FF00FF)]
    RenderBlock {DIV} at (2,2) size 200x0 [bgcolor=#00FFFF]
layer at (8,56) size 204x4
  RenderBlock (relative positioned) {DIV} at (0,40) size 204x4 [border: (2px solid #FF00FF)]
    RenderBlock {DIV} at (2,2) size 200x0 [bgcolor=#00FFFF]
layer at (8,60) size 204x4
  RenderBlock (relative positioned) {DIV} at (0,44) size 204x4 [border: (2px solid #FF00FF)]
    RenderBlock {DIV} at (2,2) size 200x0 [bgcolor=#00FFFF]
layer at (8,64) size 204x4
  RenderBlock (relative positioned) {DIV} at (0,48) size 204x4 [border: (2px solid #FF00FF)]
    RenderBlock {DIV} at (2,2) size 200x0 [bgcolor=#00FFFF]
layer at (8,68) size 204x4
  RenderBlock (relative positioned) {DIV} at (0,52) size 204x4 [border: (2px solid #FF00FF)]
    RenderBlock {DIV} at (2,2) size 200x0 [bgcolor=#00FFFF]
layer at (8,72) size 204x4
  RenderBlock (relative positioned) {DIV} at (0,56) size 204x4 [border: (2px solid #FF00FF)]
    RenderBlock {DIV} at (2,2) size 200x0 [bgcolor=#00FFFF]
layer at (8,76) size 204x4
  RenderBlock (relative positioned) {DIV} at (0,60) size 204x4 [border: (2px solid #FF00FF)]
    RenderBlock {DIV} at (2,2) size 200x0 [bgcolor=#00FFFF]
layer at (8,80) size 204x4
  RenderBlock (relative positioned) {DIV} at (0,64) size 204x4 [border: (2px solid #FF00FF)]
    RenderBlock {DIV} at (2,2) size 200x0 [bgcolor=#00FFFF]
layer at (8,84) size 204x4
  RenderBlock (relative positioned) {DIV} at (0,68) size 204x4 [border: (2px solid #FF00FF)]
    RenderBlock {DIV} at (2,2) size 200x0 [bgcolor=#00FFFF]
layer at (8,88) size 204x4
  RenderBlock (relative positioned) {DIV} at (0,72) size 204x4 [border: (2px solid #FF00FF)]
    RenderBlock {DIV} at (2,2) size 200x0 [bgcolor=#00FFFF]
layer at (8,92) size 204x4
  RenderBlock (relative positioned) {DIV} at (0,76) size 204x4 [border: (2px solid #FF00FF)]
    RenderBlock {DIV} at (2,2) size 200x0 [bgcolor=#00FFFF]
layer at (8,96) size 204x4
  RenderBlock (relative positioned) {DIV} at (0,80) size 204x4 [border: (2px solid #FF00FF)]
    RenderBlock {DIV} at (2,2) size 200x0 [bgcolor=#00FFFF]
layer at (8,100) size 204x4
  RenderBlock (relative positioned) {DIV} at (0,84) size 204x4 [border: (2px solid #FF00FF)]
    RenderBlock {DIV} at (2,2) size 200x0 [bgcolor=#00FFFF]
layer at (8,104) size 204x4
  RenderBlock (relative positioned) {DIV} at (0,88) size 204x4 [border: (2px solid #FF00FF)]
    RenderBlock {DIV} at (2,2) size 200x0 [bgcolor=#00FFFF]
layer at (8,108) size 204x4
  RenderBlock (relative positioned) {DIV} at (0,92) size 204x4 [border: (2px solid #FF00FF)]
    RenderBlock {DIV} at (2,2) size 200x0 [bgcolor=#00FFFF]
layer at (8,112) size 204x4
  RenderBlock (relative positioned) {DIV} at (0,96) size 204x4 [border: (2px solid #FF00FF)]
    RenderBlock {DIV} at (2,2) size 200x0 [bgcolor=#00FFFF]
layer at (8,116) size 204x4
  RenderBlock (relative positioned) {DIV} at (0,100) size 204x4 [border: (2px solid #FF00FF)]
    RenderBlock {DIV} at (2,2) size 200x0 [bgcolor=#00FFFF]
layer at (8,120) size 204x4
  RenderBlock (relative positioned) {DIV} at (0,104) size 204x4 [border: (2px solid #FF00FF)]
    RenderBlock {DIV} at (2,2) size 200x0 [bgcolor=#00FFFF]
layer at (8,124) size 204x4
  RenderBlock (relative positioned) {DIV} at (0,108) size 204x4 [border: (2px solid #FF00FF)]
    RenderBlock {DIV} at (2,2) size 200x0 [bgcolor=#00FFFF]
layer at (8,128) size 204x4
  RenderBlock (relative positioned) {DIV} at (0,112) size 204x4 [border: (2px solid #FF00FF)]
    RenderBlock {DIV} at (2,2) size 200x0 [bgcolor=#00FFFF]
layer at (8,132) size 204x4
  RenderBlock (relative positioned) {DIV} at (0,116) size 204x4 [border: (2px solid #FF00FF)]
    RenderBlock {DIV} at (2,2) size 200x0 [bgcolor=#00FFFF]
layer at (8,136) size 204x4
  RenderBlock (relative positioned) {DIV} at (0,120) size 204x4 [border: (2px solid #FF00FF)]
    RenderBlock {DIV} at (2,2) size 200x0 [bgcolor=#00FFFF]
layer at (8,140) size 204x4
  RenderBlock (relative positioned) {DIV} at (0,124) size 204x4 [border: (2px solid #FF00FF)]
    RenderBlock {DIV} at (2,2) size 200x0 [bgcolor=#00FFFF]
layer at (8,144) size 204x4
  RenderBlock (relative positioned) {DIV} at (0,128) size 204x4 [border: (2px solid #FF00FF)]
    RenderBlock {DIV} at (2,2) size 200x0 [bgcolor=#00FFFF]
layer at (8,148) size 204x4
  RenderBlock (relative positioned) {DIV} at (0,132) size 204x4 [border: (2px solid #FF00FF)]
    RenderBlock {DIV} at (2,2) size 200x0 [bgcolor=#00FFFF]
layer at (8,152) size 204x4
  RenderBlock (relative positioned) {DIV} at (0,136) size 204x4 [border: (2px solid #FF00FF)]
    RenderBlock {DIV} at (2,2) size 200x0 [bgcolor=#00FFFF]
layer at (8,156) size 204x4
  RenderBlock (relative positioned) {DIV} at (0,140) size 204x4 [border: (2px solid #FF00FF)]
    RenderBlock {DIV} at (2,2) size 200x0 [bgcolor=#00FFFF]
layer at (8,160) size 204x4
  RenderBlock (relative positioned) {DIV} at (0,144) size 204x4 [border: (2px solid #FF00FF)]
    RenderBlock {DIV} at (2,2) size 200x0 [bgcolor=#00FFFF]
layer at (8,164) size 204x4
  RenderBlock (relative positioned) {DIV} at (0,148) size 204x4 [border: (2px solid #FF00FF)]
    RenderBlock {DIV} at (2,2) size 200x0 [bgcolor=#00FFFF]
layer at (8,168) size 204x4
  RenderBlock (relative positioned) {DIV} at (0,152) size 204x4 [border: (2px solid #FF00FF)]
    RenderBlock {DIV} at (2,2) size 200x0 [bgcolor=#00FFFF]
layer at (8,172) size 204x4
  RenderBlock (relative positioned) {DIV} at (0,156) size 204x4 [border: (2px solid #FF00FF)]
    RenderBlock {DIV} at (2,2) size 200x0 [bgcolor=#00FFFF]
    RenderBlock {DIV} at (2,2) size 200x0 [bgcolor=#008000]
layer at (8,176) size 204x4
  RenderBlock (relative positioned) {DIV} at (0,160) size 204x4 [border: (2px solid #FF00FF)]
    RenderBlock {DIV} at (2,2) size 200x0 [bgcolor=#00FFFF]
layer at (8,180) size 204x4
  RenderBlock (relative positioned) {DIV} at (0,164) size 204x4 [border: (2px solid #FF00FF)]
    RenderBlock {DIV} at (2,2) size 200x0 [bgcolor=#00FFFF]
layer at (8,184) size 204x4
  RenderBlock (relative positioned) {DIV} at (0,168) size 204x4 [border: (2px solid #FF00FF)]
    RenderBlock {DIV} at (2,2) size 200x0 [bgcolor=#00FFFF]
    RenderBlock {DIV} at (2,2) size 200x0 [bgcolor=#008000]
