layer at (0,0) size 800x736
  RenderView at (0,0) size 800x600
layer at (0,0) size 800x736
  RenderBlock {HTML} at (0,0) size 800x736
    RenderBody {BODY} at (8,8) size 784x720
      RenderBlock {DIV} at (0,0) size 784x120
        RenderTable at (0,0) size 41x40
          RenderTableSection (anonymous) at (0,0) size 41x40
            RenderTableRow (anonymous) at (0,0) size 41x40
              RenderTableCell (anonymous) at (0,0) size 41x40 [r=0 c=0 rs=1 cs=1]
                RenderText at (0,0) size 41x40
                  text run at (0,0) width 41: "1"
        RenderBlock (anonymous) at (0,40) size 784x40
          RenderText {#text} at (0,0) size 81x40
            text run at (0,0) width 81: "22"
        RenderTable at (0,80) size 121x40
          RenderTableSection (anonymous) at (0,0) size 121x40
            RenderTableRow (anonymous) at (0,0) size 121x40
              RenderTableCell (anonymous) at (0,0) size 121x40 [r=0 c=0 rs=1 cs=1]
                RenderText at (0,0) size 121x40
                  text run at (0,0) width 121: "333"
      RenderBlock {DIV} at (0,120) size 784x120 [color=#0000FF]
        RenderTable at (0,0) size 41x40
          RenderTableSection (anonymous) at (0,0) size 41x40
            RenderTableRow (anonymous) at (0,0) size 41x40
              RenderTableCell (anonymous) at (0,0) size 41x40 [r=0 c=0 rs=1 cs=1]
                RenderText at (0,0) size 41x40
                  text run at (0,0) width 41: "1"
        RenderBlock (anonymous) at (0,40) size 784x40
          RenderText {#text} at (0,0) size 81x40
            text run at (0,0) width 81: "22"
        RenderTable at (0,80) size 121x40
          RenderTableSection (anonymous) at (0,0) size 121x40
            RenderTableRow (anonymous) at (0,0) size 121x40
              RenderTableCell (anonymous) at (0,0) size 121x40 [r=0 c=0 rs=1 cs=1]
                RenderText at (0,0) size 121x40
                  text run at (0,0) width 121: "333"
      RenderBlock {DIV} at (0,240) size 784x120
        RenderTable at (0,0) size 41x40
          RenderTableSection (anonymous) at (0,0) size 41x40
            RenderTableRow (anonymous) at (0,0) size 41x40
              RenderTableCell (anonymous) at (0,0) size 41x40 [r=0 c=0 rs=1 cs=1]
                RenderText at (0,0) size 41x40
                  text run at (0,0) width 41: "1"
        RenderBlock (anonymous) at (0,40) size 784x40
          RenderText {#text} at (0,0) size 81x40
            text run at (0,0) width 81: "22"
        RenderTable at (0,80) size 121x40
          RenderTableSection (anonymous) at (0,0) size 121x40
            RenderTableRow (anonymous) at (0,0) size 121x40
              RenderTableCell (anonymous) at (0,0) size 121x40 [r=0 c=0 rs=1 cs=1]
                RenderText at (0,0) size 121x40
                  text run at (0,0) width 121: "333"
      RenderBlock {DIV} at (0,360) size 784x120 [color=#0000FF]
        RenderTable at (0,0) size 41x40
          RenderTableSection (anonymous) at (0,0) size 41x40
            RenderTableRow (anonymous) at (0,0) size 41x40
              RenderTableCell (anonymous) at (0,0) size 41x40 [r=0 c=0 rs=1 cs=1]
                RenderText at (0,0) size 41x40
                  text run at (0,0) width 41: "1"
        RenderBlock (anonymous) at (0,40) size 784x40
          RenderText {#text} at (0,0) size 81x40
            text run at (0,0) width 81: "22"
        RenderTable at (0,80) size 121x40
          RenderTableSection (anonymous) at (0,0) size 121x40
            RenderTableRow (anonymous) at (0,0) size 121x40
              RenderTableCell (anonymous) at (0,0) size 121x40 [r=0 c=0 rs=1 cs=1]
                RenderText at (0,0) size 121x40
                  text run at (0,0) width 121: "333"
      RenderBlock {DIV} at (0,480) size 784x120
        RenderTable at (0,0) size 41x40
          RenderTableSection (anonymous) at (0,0) size 41x40
            RenderTableRow (anonymous) at (0,0) size 41x40
              RenderTableCell (anonymous) at (0,0) size 41x40 [r=0 c=0 rs=1 cs=1]
                RenderText at (0,0) size 41x40
                  text run at (0,0) width 41: "1"
        RenderBlock (anonymous) at (0,40) size 784x40
          RenderText {#text} at (0,0) size 81x40
            text run at (0,0) width 81: "22"
        RenderTable at (0,80) size 121x40
          RenderTableSection (anonymous) at (0,0) size 121x40
            RenderTableRow (anonymous) at (0,0) size 121x40
              RenderTableCell (anonymous) at (0,0) size 121x40 [r=0 c=0 rs=1 cs=1]
                RenderText at (0,0) size 121x40
                  text run at (0,0) width 121: "333"
      RenderBlock {DIV} at (0,600) size 784x120 [color=#0000FF]
        RenderTable at (0,0) size 41x40
          RenderTableSection (anonymous) at (0,0) size 41x40
            RenderTableRow (anonymous) at (0,0) size 41x40
              RenderTableCell (anonymous) at (0,0) size 41x40 [r=0 c=0 rs=1 cs=1]
                RenderText at (0,0) size 41x40
                  text run at (0,0) width 41: "1"
        RenderBlock (anonymous) at (0,40) size 784x40
          RenderText {#text} at (0,0) size 81x40
            text run at (0,0) width 81: "22"
        RenderTable at (0,80) size 121x40
          RenderTableSection (anonymous) at (0,0) size 121x40
            RenderTableRow (anonymous) at (0,0) size 121x40
              RenderTableCell (anonymous) at (0,0) size 121x40 [r=0 c=0 rs=1 cs=1]
                RenderText at (0,0) size 121x40
                  text run at (0,0) width 121: "333"
