layer at (0,0) size 800x600
  RenderView at (0,0) size 800x600
layer at (0,0) size 800x259
  RenderBlock {HTML} at (0,0) size 800x260
    RenderBody {BODY} at (8,8) size 784x236
      RenderMathMLMath {math} at (0,0) size 784x53 [padding: 0 1 0 1]
        RenderMathMLRow {mrow} at (232,0) size 320x53
          RenderMathMLSquareRoot {msqrt} at (0,0) size 319x53
            RenderMathMLBlock (anonymous, flex) at (0,0) size 17x53
              RenderMathMLRadicalOperator (anonymous) at (0,0) size 17x53
                RenderMathMLBlock (anonymous, flex) at (0,0) size 13x53
                  RenderBlock (anonymous) at (0,0) size 13x53
                    RenderText at (0,-56) size 13x106
                      text run at (0,-56) width 13: "\x{221A}"
            RenderMathMLRootWrapper at (17,2) size 302x51
              RenderMathMLToken {mn} at (0,12) size 8x12
                RenderMathMLBlock (anonymous, flex) at (0,0) size 8x12
                  RenderBlock (anonymous) at (0,0) size 8x12
                    RenderText {#text} at (0,-46) size 8x106
                      text run at (0,-46) width 8: "1"
              RenderMathMLOperator {mo} at (8,13) size 20x12
                RenderMathMLBlock (anonymous, flex) at (3,0) size 13x12
                  RenderBlock (anonymous) at (0,0) size 12x12
                    RenderText at (0,-47) size 12x106
                      text run at (0,-47) width 12: "+"
              RenderMathMLSquareRoot {msqrt} at (27,0) size 275x51
                RenderMathMLBlock (anonymous, flex) at (0,0) size 17x51
                  RenderMathMLRadicalOperator (anonymous) at (0,0) size 17x51
                    RenderMathMLBlock (anonymous, flex) at (0,0) size 13x51
                      RenderBlock (anonymous) at (0,0) size 13x51
                        RenderText at (0,-56) size 13x106
                          text run at (0,-56) width 13: "\x{221A}"
                RenderMathMLRootWrapper at (17,2) size 258x49
                  RenderMathMLToken {mn} at (0,10) size 8x12
                    RenderMathMLBlock (anonymous, flex) at (0,0) size 8x12
                      RenderBlock (anonymous) at (0,0) size 8x12
                        RenderText {#text} at (0,-46) size 8x106
                          text run at (0,-46) width 8: "1"
                  RenderMathMLOperator {mo} at (8,11) size 20x12
                    RenderMathMLBlock (anonymous, flex) at (3,0) size 13x12
                      RenderBlock (anonymous) at (0,0) size 12x12
                        RenderText at (0,-47) size 12x106
                          text run at (0,-47) width 12: "+"
                  RenderMathMLSquareRoot {msqrt} at (27,0) size 231x49
                    RenderMathMLBlock (anonymous, flex) at (0,0) size 17x49
                      RenderMathMLRadicalOperator (anonymous) at (0,0) size 17x49
                        RenderMathMLBlock (anonymous, flex) at (0,0) size 13x48
                          RenderBlock (anonymous) at (0,0) size 13x48
                            RenderText at (0,-56) size 13x106
                              text run at (0,-56) width 13: "\x{221A}"
                    RenderMathMLRootWrapper at (17,2) size 214x47
                      RenderMathMLToken {mn} at (0,8) size 8x12
                        RenderMathMLBlock (anonymous, flex) at (0,0) size 8x12
                          RenderBlock (anonymous) at (0,0) size 8x12
                            RenderText {#text} at (0,-46) size 8x106
                              text run at (0,-46) width 8: "1"
                      RenderMathMLOperator {mo} at (8,9) size 20x12
                        RenderMathMLBlock (anonymous, flex) at (3,0) size 13x12
                          RenderBlock (anonymous) at (0,0) size 12x12
                            RenderText at (0,-47) size 12x106
                              text run at (0,-47) width 12: "+"
                      RenderMathMLSquareRoot {msqrt} at (27,0) size 187x41
                        RenderMathMLBlock (anonymous, flex) at (0,0) size 17x41
                          RenderMathMLRadicalOperator (anonymous) at (0,0) size 17x41
                            RenderMathMLBlock (anonymous, flex) at (0,0) size 13x40
                              RenderBlock (anonymous) at (0,0) size 13x40
                                RenderText at (0,-56) size 13x106
                                  text run at (0,-56) width 13: "\x{221A}"
                        RenderMathMLRootWrapper at (17,2) size 169x39
                          RenderMathMLToken {mn} at (0,6) size 8x12
                            RenderMathMLBlock (anonymous, flex) at (0,0) size 8x12
                              RenderBlock (anonymous) at (0,0) size 8x12
                                RenderText {#text} at (0,-46) size 8x106
                                  text run at (0,-46) width 8: "1"
                          RenderMathMLOperator {mo} at (8,7) size 20x12
                            RenderMathMLBlock (anonymous, flex) at (3,0) size 13x12
                              RenderBlock (anonymous) at (0,0) size 12x12
                                RenderText at (0,-47) size 12x106
                                  text run at (0,-47) width 12: "+"
                          RenderMathMLSquareRoot {msqrt} at (27,0) size 142x31
                            RenderMathMLBlock (anonymous, flex) at (0,0) size 17x31
                              RenderMathMLRadicalOperator (anonymous) at (0,0) size 17x31
                                RenderMathMLBlock (anonymous, flex) at (0,0) size 13x30
                                  RenderBlock (anonymous) at (0,0) size 13x30
                                    RenderText at (0,-56) size 13x106
                                      text run at (0,-56) width 13: "\x{221A}"
                            RenderMathMLRootWrapper at (17,2) size 125x29
                              RenderMathMLToken {mn} at (0,4) size 8x12
                                RenderMathMLBlock (anonymous, flex) at (0,0) size 8x12
                                  RenderBlock (anonymous) at (0,0) size 8x12
                                    RenderText {#text} at (0,-46) size 8x106
                                      text run at (0,-46) width 8: "1"
                              RenderMathMLOperator {mo} at (8,5) size 20x12
                                RenderMathMLBlock (anonymous, flex) at (3,0) size 13x12
                                  RenderBlock (anonymous) at (0,0) size 12x12
                                    RenderText at (0,-47) size 12x106
                                      text run at (0,-47) width 12: "+"
                              RenderMathMLSquareRoot {msqrt} at (27,0) size 98x21
                                RenderMathMLBlock (anonymous, flex) at (0,0) size 17x21
                                  RenderMathMLRadicalOperator (anonymous) at (0,0) size 17x21
                                    RenderMathMLBlock (anonymous, flex) at (0,0) size 13x20
                                      RenderBlock (anonymous) at (0,0) size 13x20
                                        RenderText at (0,-56) size 13x106
                                          text run at (0,-56) width 13: "\x{221A}"
                                RenderMathMLRootWrapper at (17,2) size 81x19
                                  RenderMathMLToken {mn} at (0,2) size 8x12
                                    RenderMathMLBlock (anonymous, flex) at (0,0) size 8x12
                                      RenderBlock (anonymous) at (0,0) size 8x12
                                        RenderText {#text} at (0,-46) size 8x106
                                          text run at (0,-46) width 8: "1"
                                  RenderMathMLOperator {mo} at (8,3) size 20x12
                                    RenderMathMLBlock (anonymous, flex) at (3,0) size 13x12
                                      RenderBlock (anonymous) at (0,0) size 12x12
                                        RenderText at (0,-47) size 12x106
                                          text run at (0,-47) width 12: "+"
                                  RenderMathMLSquareRoot {msqrt} at (27,0) size 54x18
                                    RenderMathMLBlock (anonymous, flex) at (0,0) size 17x18
                                      RenderMathMLRadicalOperator (anonymous) at (0,0) size 17x18
                                        RenderMathMLBlock (anonymous, flex) at (0,0) size 13x17
                                          RenderBlock (anonymous) at (0,0) size 13x17
                                            RenderText at (0,-56) size 13x106
                                              text run at (0,-56) width 13: "\x{221A}"
                                    RenderMathMLRootWrapper at (17,2) size 37x16
                                      RenderMathMLToken {mn} at (0,0) size 8x12
                                        RenderMathMLBlock (anonymous, flex) at (0,0) size 8x12
                                          RenderBlock (anonymous) at (0,0) size 8x12
                                            RenderText {#text} at (0,-46) size 8x106
                                              text run at (0,-46) width 8: "1"
                                      RenderMathMLOperator {mo} at (8,1) size 20x12
                                        RenderMathMLBlock (anonymous, flex) at (3,0) size 13x12
                                          RenderBlock (anonymous) at (0,0) size 12x12
                                            RenderText at (0,-47) size 12x106
                                              text run at (0,-47) width 12: "+"
                                      RenderMathMLToken {mi} at (27,4) size 10x8 [padding: 0 2 0 0]
                                        RenderMathMLBlock (anonymous, flex) at (0,0) size 8x8
                                          RenderBlock (anonymous) at (0,0) size 8x8
                                            RenderText {#text} at (0,-50) size 8x106
                                              text run at (0,-50) width 8: "x"
      RenderMathMLMath {math} at (0,68) size 784x62 [padding: 0 1 0 1]
        RenderMathMLRoot {mroot} at (339,0) size 53x53
          RenderMathMLRootWrapper at (4,10) size 21x43
            RenderMathMLSpace {mspace} at (0,0) size 20x10 [bgcolor=#008000]
          RenderMathMLBlock (anonymous, flex) at (15,0) size 18x53
            RenderMathMLRadicalOperator (anonymous) at (0,0) size 17x53
              RenderMathMLBlock (anonymous, flex) at (0,0) size 13x52
                RenderBlock (anonymous) at (0,0) size 13x52
                  RenderText at (0,-56) size 13x106
                    text run at (0,-56) width 13: "\x{221A}"
          RenderMathMLRootWrapper at (32,2) size 21x51
            RenderMathMLSpace {mspace} at (0,0) size 20x50 [bgcolor=#FF0000]
        RenderMathMLRoot {mroot} at (392,30) size 53x31
          RenderMathMLRootWrapper at (4,7) size 21x24
            RenderMathMLSpace {mspace} at (0,0) size 20x5 [bgcolor=#0000FF]
          RenderMathMLBlock (anonymous, flex) at (15,0) size 18x31
            RenderMathMLRadicalOperator (anonymous) at (0,0) size 17x31
              RenderMathMLBlock (anonymous, flex) at (0,0) size 13x30
                RenderBlock (anonymous) at (0,0) size 13x30
                  RenderText at (0,-56) size 13x106
                    text run at (0,-56) width 13: "\x{221A}"
          RenderMathMLRootWrapper at (32,2) size 21x29
            RenderMathMLSpace {mspace} at (0,0) size 20x20 [bgcolor=#FF0000]
      RenderMathMLMath {math} at (0,145) size 784x91 [padding: 0 1 0 1]
        RenderMathMLRoot {mroot} at (339,0) size 53x82
          RenderMathMLRootWrapper at (4,0) size 21x82
            RenderMathMLSpace {mspace} at (0,0) size 20x50 [bgcolor=#008000]
          RenderMathMLBlock (anonymous, flex) at (15,0) size 18x82
            RenderMathMLRadicalOperator (anonymous) at (0,29) size 17x53
              RenderMathMLBlock (anonymous, flex) at (0,0) size 13x52
                RenderBlock (anonymous) at (0,0) size 13x52
                  RenderText at (0,-56) size 13x106
                    text run at (0,-56) width 13: "\x{221A}"
          RenderMathMLRootWrapper at (32,31) size 21x51
            RenderMathMLSpace {mspace} at (0,0) size 20x50 [bgcolor=#FF0000]
        RenderMathMLRoot {mroot} at (392,52) size 53x38
          RenderMathMLRootWrapper at (4,0) size 21x38
            RenderMathMLSpace {mspace} at (0,0) size 20x20 [bgcolor=#0000FF]
          RenderMathMLBlock (anonymous, flex) at (15,0) size 18x38
            RenderMathMLRadicalOperator (anonymous) at (0,8) size 17x30
              RenderMathMLBlock (anonymous, flex) at (0,0) size 13x30
                RenderBlock (anonymous) at (0,0) size 13x30
                  RenderText at (0,-56) size 13x106
                    text run at (0,-56) width 13: "\x{221A}"
          RenderMathMLRootWrapper at (32,9) size 21x29
            RenderMathMLSpace {mspace} at (0,0) size 20x20 [bgcolor=#FF0000]
