layer at (0,0) size 800x600
  RenderView at (0,0) size 800x600
layer at (0,0) size 800x354
  RenderBlock {HTML} at (0,0) size 800x354
    RenderBody {BODY} at (8,16) size 784x322
      RenderBlock {P} at (0,0) size 784x18
        RenderMathMLMath {math} at (0,2) size 117x16 [padding: 0 1 0 1]
          RenderMathMLOperator {mo} at (1,1) size 7x14
            RenderMathMLBlock (anonymous, flex) at (0,0) size 7x14
              RenderBlock (anonymous) at (0,0) size 5x14
                RenderText at (0,-6) size 5x24
                  text run at (0,-6) width 5: "["
          RenderMathMLOperator {mo} at (8,1) size 7x14
            RenderMathMLBlock (anonymous, flex) at (0,0) size 7x14
              RenderBlock (anonymous) at (0,0) size 5x14
                RenderText at (0,-6) size 5x24
                  text run at (0,-6) width 5: "]"
          RenderMathMLOperator {mo} at (15,1) size 10x14
            RenderMathMLBlock (anonymous, flex) at (0,0) size 10x14
              RenderBlock (anonymous) at (0,0) size 8x14
                RenderText at (0,-6) size 8x24
                  text run at (0,-6) width 8: "{"
          RenderMathMLOperator {mo} at (25,1) size 10x14
            RenderMathMLBlock (anonymous, flex) at (0,0) size 10x14
              RenderBlock (anonymous) at (0,0) size 8x14
                RenderText at (0,-6) size 8x24
                  text run at (0,-6) width 8: "}"
          RenderMathMLOperator {mo} at (35,1) size 7x14
            RenderMathMLBlock (anonymous, flex) at (0,0) size 7x14
              RenderBlock (anonymous) at (0,0) size 5x14
                RenderText at (0,-6) size 5x24
                  text run at (0,-6) width 5: "("
          RenderMathMLOperator {mo} at (42,1) size 7x14
            RenderMathMLBlock (anonymous, flex) at (0,0) size 7x14
              RenderBlock (anonymous) at (0,0) size 5x14
                RenderText at (0,-6) size 5x24
                  text run at (0,-6) width 5: ")"
          RenderMathMLOperator {mo} at (49,1) size 7x12
            RenderMathMLBlock (anonymous, flex) at (1,0) size 4x12
              RenderBlock (anonymous) at (0,0) size 3x12
                RenderText at (0,-6) size 3x24
                  text run at (0,-6) width 3: "|"
          RenderMathMLOperator {mo} at (55,0) size 9x16
            RenderMathMLBlock (anonymous, flex) at (0,0) size 8x16
              RenderBlock (anonymous) at (0,0) size 8x16
                RenderText at (0,-5) size 8x24
                  text run at (0,-5) width 8: "\x{2308}"
          RenderMathMLOperator {mo} at (63,0) size 9x16
            RenderMathMLBlock (anonymous, flex) at (0,0) size 8x16
              RenderBlock (anonymous) at (0,0) size 8x16
                RenderText at (0,-5) size 8x24
                  text run at (0,-5) width 8: "\x{2309}"
          RenderMathMLOperator {mo} at (71,0) size 9x16
            RenderMathMLBlock (anonymous, flex) at (0,0) size 8x16
              RenderBlock (anonymous) at (0,0) size 8x16
                RenderText at (0,-5) size 8x24
                  text run at (0,-5) width 8: "\x{230A}"
          RenderMathMLOperator {mo} at (79,0) size 9x16
            RenderMathMLBlock (anonymous, flex) at (0,0) size 8x16
              RenderBlock (anonymous) at (0,0) size 8x16
                RenderText at (0,-5) size 8x24
                  text run at (0,-5) width 8: "\x{230B}"
          RenderMathMLOperator {mo} at (87,0) size 9x16
            RenderMathMLBlock (anonymous, flex) at (0,0) size 8x16
              RenderBlock (anonymous) at (0,0) size 8x16
                RenderText at (0,-5) size 8x24
                  text run at (0,-5) width 8: "\x{27E6}"
          RenderMathMLOperator {mo} at (95,0) size 9x16
            RenderMathMLBlock (anonymous, flex) at (0,0) size 8x16
              RenderBlock (anonymous) at (0,0) size 8x16
                RenderText at (0,-5) size 8x24
                  text run at (0,-5) width 8: "\x{27E7}"
          RenderMathMLOperator {mo} at (103,0) size 7x16
            RenderMathMLBlock (anonymous, flex) at (0,0) size 6x16
              RenderBlock (anonymous) at (0,0) size 6x16
                RenderText at (0,-5) size 6x24
                  text run at (0,-5) width 6: "\x{27E8}"
          RenderMathMLOperator {mo} at (109,0) size 7x16
            RenderMathMLBlock (anonymous, flex) at (0,0) size 6x16
              RenderBlock (anonymous) at (0,0) size 6x16
                RenderText at (0,-5) size 6x24
                  text run at (0,-5) width 6: "\x{27E9}"
          RenderMathMLSpace {mspace} at (115,4) size 0x8
        RenderText {#text} at (0,0) size 0x0
      RenderBlock {P} at (0,34) size 784x24
        RenderMathMLMath {math} at (0,0) size 117x25 [padding: 0 1 0 1]
          RenderMathMLOperator {mo} at (1,5) size 7x14
            RenderMathMLBlock (anonymous, flex) at (0,0) size 7x14
              RenderBlock (anonymous) at (0,0) size 5x14
                RenderText at (0,-6) size 5x24
                  text run at (0,-6) width 5: "["
          RenderMathMLOperator {mo} at (8,5) size 7x14
            RenderMathMLBlock (anonymous, flex) at (0,0) size 7x14
              RenderBlock (anonymous) at (0,0) size 5x14
                RenderText at (0,-6) size 5x24
                  text run at (0,-6) width 5: "]"
          RenderMathMLOperator {mo} at (15,5) size 10x14
            RenderMathMLBlock (anonymous, flex) at (0,0) size 10x14
              RenderBlock (anonymous) at (0,0) size 8x14
                RenderText at (0,-6) size 8x24
                  text run at (0,-6) width 8: "{"
          RenderMathMLOperator {mo} at (25,5) size 10x14
            RenderMathMLBlock (anonymous, flex) at (0,0) size 10x14
              RenderBlock (anonymous) at (0,0) size 8x14
                RenderText at (0,-6) size 8x24
                  text run at (0,-6) width 8: "}"
          RenderMathMLOperator {mo} at (35,5) size 7x14
            RenderMathMLBlock (anonymous, flex) at (0,0) size 7x14
              RenderBlock (anonymous) at (0,0) size 5x14
                RenderText at (0,-6) size 5x24
                  text run at (0,-6) width 5: "("
          RenderMathMLOperator {mo} at (42,5) size 7x14
            RenderMathMLBlock (anonymous, flex) at (0,0) size 7x14
              RenderBlock (anonymous) at (0,0) size 5x14
                RenderText at (0,-6) size 5x24
                  text run at (0,-6) width 5: ")"
          RenderMathMLOperator {mo} at (49,0) size 7x25
            RenderMathMLBlock (anonymous, flex) at (1,0) size 4x12
              RenderBlock (anonymous) at (0,0) size 3x12
                RenderText at (0,-6) size 3x24
                  text run at (0,-6) width 3: "|"
          RenderMathMLOperator {mo} at (55,4) size 9x16
            RenderMathMLBlock (anonymous, flex) at (0,0) size 8x16
              RenderBlock (anonymous) at (0,0) size 8x16
                RenderText at (0,-5) size 8x24
                  text run at (0,-5) width 8: "\x{2308}"
          RenderMathMLOperator {mo} at (63,4) size 9x16
            RenderMathMLBlock (anonymous, flex) at (0,0) size 8x16
              RenderBlock (anonymous) at (0,0) size 8x16
                RenderText at (0,-5) size 8x24
                  text run at (0,-5) width 8: "\x{2309}"
          RenderMathMLOperator {mo} at (71,4) size 9x16
            RenderMathMLBlock (anonymous, flex) at (0,0) size 8x16
              RenderBlock (anonymous) at (0,0) size 8x16
                RenderText at (0,-5) size 8x24
                  text run at (0,-5) width 8: "\x{230A}"
          RenderMathMLOperator {mo} at (79,4) size 9x16
            RenderMathMLBlock (anonymous, flex) at (0,0) size 8x16
              RenderBlock (anonymous) at (0,0) size 8x16
                RenderText at (0,-5) size 8x24
                  text run at (0,-5) width 8: "\x{230B}"
          RenderMathMLOperator {mo} at (87,4) size 9x16
            RenderMathMLBlock (anonymous, flex) at (0,0) size 8x16
              RenderBlock (anonymous) at (0,0) size 8x16
                RenderText at (0,-5) size 8x24
                  text run at (0,-5) width 8: "\x{27E6}"
          RenderMathMLOperator {mo} at (95,4) size 9x16
            RenderMathMLBlock (anonymous, flex) at (0,0) size 8x16
              RenderBlock (anonymous) at (0,0) size 8x16
                RenderText at (0,-5) size 8x24
                  text run at (0,-5) width 8: "\x{27E7}"
          RenderMathMLOperator {mo} at (103,4) size 7x16
            RenderMathMLBlock (anonymous, flex) at (0,0) size 6x16
              RenderBlock (anonymous) at (0,0) size 6x16
                RenderText at (0,-5) size 6x24
                  text run at (0,-5) width 6: "\x{27E8}"
          RenderMathMLOperator {mo} at (109,4) size 7x16
            RenderMathMLBlock (anonymous, flex) at (0,0) size 6x16
              RenderBlock (anonymous) at (0,0) size 6x16
                RenderText at (0,-5) size 6x24
                  text run at (0,-5) width 6: "\x{27E9}"
          RenderMathMLSpace {mspace} at (115,0) size 0x16
        RenderText {#text} at (116,2) size 5x18
          text run at (116,2) width 5: " "
        RenderMathMLMath {math} at (120,0) size 215x20 [padding: 0 1 0 1]
          RenderMathMLOperator {mo} at (1,5) size 17x14
            RenderMathMLBlock (anonymous, flex) at (4,0) size 9x14
              RenderBlock (anonymous) at (0,0) size 8x14
                RenderText at (0,-6) size 8x24
                  text run at (0,-6) width 8: "\x{2191}"
          RenderMathMLOperator {mo} at (17,5) size 18x14
            RenderMathMLBlock (anonymous, flex) at (4,0) size 9x14
              RenderBlock (anonymous) at (0,0) size 8x14
                RenderText at (0,-6) size 8x24
                  text run at (0,-6) width 8: "\x{2193}"
          RenderMathMLOperator {mo} at (34,4) size 18x16
            RenderMathMLBlock (anonymous, flex) at (4,0) size 9x16
              RenderBlock (anonymous) at (0,0) size 8x16
                RenderText at (0,-5) size 8x24
                  text run at (0,-5) width 8: "\x{2195}"
          RenderMathMLOperator {mo} at (51,5) size 18x14
            RenderMathMLBlock (anonymous, flex) at (4,0) size 9x14
              RenderBlock (anonymous) at (0,0) size 8x14
                RenderText at (0,-6) size 8x24
                  text run at (0,-6) width 8: "\x{21A5}"
          RenderMathMLOperator {mo} at (68,5) size 18x14
            RenderMathMLBlock (anonymous, flex) at (4,0) size 9x14
              RenderBlock (anonymous) at (0,0) size 8x14
                RenderText at (0,-6) size 8x24
                  text run at (0,-6) width 8: "\x{21A7}"
          RenderMathMLOperator {mo} at (85,5) size 18x14
            RenderMathMLBlock (anonymous, flex) at (4,0) size 9x14
              RenderBlock (anonymous) at (0,0) size 8x14
                RenderText at (0,-6) size 8x24
                  text run at (0,-6) width 8: "\x{21BE}"
          RenderMathMLOperator {mo} at (102,5) size 18x14
            RenderMathMLBlock (anonymous, flex) at (4,0) size 9x14
              RenderBlock (anonymous) at (0,0) size 8x14
                RenderText at (0,-6) size 8x24
                  text run at (0,-6) width 8: "\x{21C2}"
          RenderMathMLOperator {mo} at (119,5) size 17x14
            RenderMathMLBlock (anonymous, flex) at (4,0) size 9x14
              RenderBlock (anonymous) at (0,0) size 8x14
                RenderText at (0,-6) size 8x24
                  text run at (0,-6) width 8: "\x{21BF}"
          RenderMathMLOperator {mo} at (136,5) size 17x14
            RenderMathMLBlock (anonymous, flex) at (4,0) size 9x14
              RenderBlock (anonymous) at (0,0) size 8x14
                RenderText at (0,-6) size 8x24
                  text run at (0,-6) width 8: "\x{21C3}"
          RenderMathMLOperator {mo} at (152,5) size 21x14
            RenderMathMLBlock (anonymous, flex) at (4,0) size 12x14
              RenderBlock (anonymous) at (0,0) size 11x14
                RenderText at (0,-6) size 11x24
                  text run at (0,-6) width 11: "\x{21D1}"
          RenderMathMLOperator {mo} at (172,5) size 21x14
            RenderMathMLBlock (anonymous, flex) at (4,0) size 12x14
              RenderBlock (anonymous) at (0,0) size 11x14
                RenderText at (0,-6) size 11x24
                  text run at (0,-6) width 11: "\x{21D3}"
          RenderMathMLOperator {mo} at (192,4) size 21x16
            RenderMathMLBlock (anonymous, flex) at (4,0) size 12x16
              RenderBlock (anonymous) at (0,0) size 11x16
                RenderText at (0,-5) size 11x24
                  text run at (0,-5) width 11: "\x{21D5}"
          RenderMathMLSpace {mspace} at (212,0) size 0x16
        RenderText {#text} at (0,0) size 0x0
      RenderBlock {P} at (0,74) size 784x40
        RenderMathMLMath {math} at (0,0) size 117x41 [padding: 0 1 0 1]
          RenderMathMLOperator {mo} at (1,0) size 7x41
            RenderMathMLBlock (anonymous, flex) at (0,0) size 7x14
              RenderBlock (anonymous) at (0,0) size 5x14
                RenderText at (0,-6) size 5x24
                  text run at (0,-6) width 5: "["
          RenderMathMLOperator {mo} at (8,0) size 7x41
            RenderMathMLBlock (anonymous, flex) at (0,0) size 7x14
              RenderBlock (anonymous) at (0,0) size 5x14
                RenderText at (0,-6) size 5x24
                  text run at (0,-6) width 5: "]"
          RenderMathMLOperator {mo} at (15,13) size 10x14
            RenderMathMLBlock (anonymous, flex) at (0,0) size 10x14
              RenderBlock (anonymous) at (0,0) size 8x14
                RenderText at (0,-6) size 8x24
                  text run at (0,-6) width 8: "{"
          RenderMathMLOperator {mo} at (25,13) size 10x14
            RenderMathMLBlock (anonymous, flex) at (0,0) size 10x14
              RenderBlock (anonymous) at (0,0) size 8x14
                RenderText at (0,-6) size 8x24
                  text run at (0,-6) width 8: "}"
          RenderMathMLOperator {mo} at (35,0) size 7x41
            RenderMathMLBlock (anonymous, flex) at (0,0) size 7x14
              RenderBlock (anonymous) at (0,0) size 5x14
                RenderText at (0,-6) size 5x24
                  text run at (0,-6) width 5: "("
          RenderMathMLOperator {mo} at (42,0) size 7x41
            RenderMathMLBlock (anonymous, flex) at (0,0) size 7x14
              RenderBlock (anonymous) at (0,0) size 5x14
                RenderText at (0,-6) size 5x24
                  text run at (0,-6) width 5: ")"
          RenderMathMLOperator {mo} at (49,0) size 7x41
            RenderMathMLBlock (anonymous, flex) at (1,0) size 4x12
              RenderBlock (anonymous) at (0,0) size 3x12
                RenderText at (0,-6) size 3x24
                  text run at (0,-6) width 3: "|"
          RenderMathMLOperator {mo} at (55,0) size 9x41
            RenderMathMLBlock (anonymous, flex) at (0,0) size 8x16
              RenderBlock (anonymous) at (0,0) size 8x16
                RenderText at (0,-5) size 8x24
                  text run at (0,-5) width 8: "\x{2308}"
          RenderMathMLOperator {mo} at (63,0) size 9x41
            RenderMathMLBlock (anonymous, flex) at (0,0) size 8x16
              RenderBlock (anonymous) at (0,0) size 8x16
                RenderText at (0,-5) size 8x24
                  text run at (0,-5) width 8: "\x{2309}"
          RenderMathMLOperator {mo} at (71,0) size 9x41
            RenderMathMLBlock (anonymous, flex) at (0,0) size 8x16
              RenderBlock (anonymous) at (0,0) size 8x16
                RenderText at (0,-5) size 8x24
                  text run at (0,-5) width 8: "\x{230A}"
          RenderMathMLOperator {mo} at (79,0) size 9x41
            RenderMathMLBlock (anonymous, flex) at (0,0) size 8x16
              RenderBlock (anonymous) at (0,0) size 8x16
                RenderText at (0,-5) size 8x24
                  text run at (0,-5) width 8: "\x{230B}"
          RenderMathMLOperator {mo} at (87,12) size 9x16
            RenderMathMLBlock (anonymous, flex) at (0,0) size 8x16
              RenderBlock (anonymous) at (0,0) size 8x16
                RenderText at (0,-5) size 8x24
                  text run at (0,-5) width 8: "\x{27E6}"
          RenderMathMLOperator {mo} at (95,12) size 9x16
            RenderMathMLBlock (anonymous, flex) at (0,0) size 8x16
              RenderBlock (anonymous) at (0,0) size 8x16
                RenderText at (0,-5) size 8x24
                  text run at (0,-5) width 8: "\x{27E7}"
          RenderMathMLOperator {mo} at (103,12) size 7x16
            RenderMathMLBlock (anonymous, flex) at (0,0) size 6x16
              RenderBlock (anonymous) at (0,0) size 6x16
                RenderText at (0,-5) size 6x24
                  text run at (0,-5) width 6: "\x{27E8}"
          RenderMathMLOperator {mo} at (109,12) size 7x16
            RenderMathMLBlock (anonymous, flex) at (0,0) size 6x16
              RenderBlock (anonymous) at (0,0) size 6x16
                RenderText at (0,-5) size 6x24
                  text run at (0,-5) width 6: "\x{27E9}"
          RenderMathMLSpace {mspace} at (115,0) size 0x24
        RenderText {#text} at (0,0) size 0x0
      RenderBlock {P} at (0,130) size 784x56
        RenderMathMLMath {math} at (0,0) size 117x57 [padding: 0 1 0 1]
          RenderMathMLOperator {mo} at (1,0) size 7x57
            RenderMathMLBlock (anonymous, flex) at (0,0) size 7x14
              RenderBlock (anonymous) at (0,0) size 5x14
                RenderText at (0,-6) size 5x24
                  text run at (0,-6) width 5: "["
          RenderMathMLOperator {mo} at (8,0) size 7x57
            RenderMathMLBlock (anonymous, flex) at (0,0) size 7x14
              RenderBlock (anonymous) at (0,0) size 5x14
                RenderText at (0,-6) size 5x24
                  text run at (0,-6) width 5: "]"
          RenderMathMLOperator {mo} at (15,0) size 10x57
            RenderMathMLBlock (anonymous, flex) at (0,0) size 10x14
              RenderBlock (anonymous) at (0,0) size 8x14
                RenderText at (0,-6) size 8x24
                  text run at (0,-6) width 8: "{"
          RenderMathMLOperator {mo} at (25,0) size 10x57
            RenderMathMLBlock (anonymous, flex) at (0,0) size 10x14
              RenderBlock (anonymous) at (0,0) size 8x14
                RenderText at (0,-6) size 8x24
                  text run at (0,-6) width 8: "}"
          RenderMathMLOperator {mo} at (35,0) size 7x57
            RenderMathMLBlock (anonymous, flex) at (0,0) size 7x14
              RenderBlock (anonymous) at (0,0) size 5x14
                RenderText at (0,-6) size 5x24
                  text run at (0,-6) width 5: "("
          RenderMathMLOperator {mo} at (42,0) size 7x57
            RenderMathMLBlock (anonymous, flex) at (0,0) size 7x14
              RenderBlock (anonymous) at (0,0) size 5x14
                RenderText at (0,-6) size 5x24
                  text run at (0,-6) width 5: ")"
          RenderMathMLOperator {mo} at (49,0) size 7x57
            RenderMathMLBlock (anonymous, flex) at (1,0) size 4x12
              RenderBlock (anonymous) at (0,0) size 3x12
                RenderText at (0,-6) size 3x24
                  text run at (0,-6) width 3: "|"
          RenderMathMLOperator {mo} at (55,0) size 9x57
            RenderMathMLBlock (anonymous, flex) at (0,0) size 8x16
              RenderBlock (anonymous) at (0,0) size 8x16
                RenderText at (0,-5) size 8x24
                  text run at (0,-5) width 8: "\x{2308}"
          RenderMathMLOperator {mo} at (63,0) size 9x57
            RenderMathMLBlock (anonymous, flex) at (0,0) size 8x16
              RenderBlock (anonymous) at (0,0) size 8x16
                RenderText at (0,-5) size 8x24
                  text run at (0,-5) width 8: "\x{2309}"
          RenderMathMLOperator {mo} at (71,0) size 9x57
            RenderMathMLBlock (anonymous, flex) at (0,0) size 8x16
              RenderBlock (anonymous) at (0,0) size 8x16
                RenderText at (0,-5) size 8x24
                  text run at (0,-5) width 8: "\x{230A}"
          RenderMathMLOperator {mo} at (79,0) size 9x57
            RenderMathMLBlock (anonymous, flex) at (0,0) size 8x16
              RenderBlock (anonymous) at (0,0) size 8x16
                RenderText at (0,-5) size 8x24
                  text run at (0,-5) width 8: "\x{230B}"
          RenderMathMLOperator {mo} at (87,20) size 9x16
            RenderMathMLBlock (anonymous, flex) at (0,0) size 8x16
              RenderBlock (anonymous) at (0,0) size 8x16
                RenderText at (0,-5) size 8x24
                  text run at (0,-5) width 8: "\x{27E6}"
          RenderMathMLOperator {mo} at (95,20) size 9x16
            RenderMathMLBlock (anonymous, flex) at (0,0) size 8x16
              RenderBlock (anonymous) at (0,0) size 8x16
                RenderText at (0,-5) size 8x24
                  text run at (0,-5) width 8: "\x{27E7}"
          RenderMathMLOperator {mo} at (103,20) size 7x16
            RenderMathMLBlock (anonymous, flex) at (0,0) size 6x16
              RenderBlock (anonymous) at (0,0) size 6x16
                RenderText at (0,-5) size 6x24
                  text run at (0,-5) width 6: "\x{27E8}"
          RenderMathMLOperator {mo} at (109,20) size 7x16
            RenderMathMLBlock (anonymous, flex) at (0,0) size 6x16
              RenderBlock (anonymous) at (0,0) size 6x16
                RenderText at (0,-5) size 6x24
                  text run at (0,-5) width 6: "\x{27E9}"
          RenderMathMLSpace {mspace} at (115,0) size 0x32
        RenderText {#text} at (116,18) size 5x18
          text run at (116,18) width 5: " "
        RenderMathMLMath {math} at (120,0) size 215x36 [padding: 0 1 0 1]
          RenderMathMLOperator {mo} at (1,21) size 17x14
            RenderMathMLBlock (anonymous, flex) at (4,0) size 9x14
              RenderBlock (anonymous) at (0,0) size 8x14
                RenderText at (0,-6) size 8x24
                  text run at (0,-6) width 8: "\x{2191}"
          RenderMathMLOperator {mo} at (17,21) size 18x14
            RenderMathMLBlock (anonymous, flex) at (4,0) size 9x14
              RenderBlock (anonymous) at (0,0) size 8x14
                RenderText at (0,-6) size 8x24
                  text run at (0,-6) width 8: "\x{2193}"
          RenderMathMLOperator {mo} at (34,20) size 18x16
            RenderMathMLBlock (anonymous, flex) at (4,0) size 9x16
              RenderBlock (anonymous) at (0,0) size 8x16
                RenderText at (0,-5) size 8x24
                  text run at (0,-5) width 8: "\x{2195}"
          RenderMathMLOperator {mo} at (51,21) size 18x14
            RenderMathMLBlock (anonymous, flex) at (4,0) size 9x14
              RenderBlock (anonymous) at (0,0) size 8x14
                RenderText at (0,-6) size 8x24
                  text run at (0,-6) width 8: "\x{21A5}"
          RenderMathMLOperator {mo} at (68,21) size 18x14
            RenderMathMLBlock (anonymous, flex) at (4,0) size 9x14
              RenderBlock (anonymous) at (0,0) size 8x14
                RenderText at (0,-6) size 8x24
                  text run at (0,-6) width 8: "\x{21A7}"
          RenderMathMLOperator {mo} at (85,21) size 18x14
            RenderMathMLBlock (anonymous, flex) at (4,0) size 9x14
              RenderBlock (anonymous) at (0,0) size 8x14
                RenderText at (0,-6) size 8x24
                  text run at (0,-6) width 8: "\x{21BE}"
          RenderMathMLOperator {mo} at (102,21) size 18x14
            RenderMathMLBlock (anonymous, flex) at (4,0) size 9x14
              RenderBlock (anonymous) at (0,0) size 8x14
                RenderText at (0,-6) size 8x24
                  text run at (0,-6) width 8: "\x{21C2}"
          RenderMathMLOperator {mo} at (119,21) size 17x14
            RenderMathMLBlock (anonymous, flex) at (4,0) size 9x14
              RenderBlock (anonymous) at (0,0) size 8x14
                RenderText at (0,-6) size 8x24
                  text run at (0,-6) width 8: "\x{21BF}"
          RenderMathMLOperator {mo} at (136,21) size 17x14
            RenderMathMLBlock (anonymous, flex) at (4,0) size 9x14
              RenderBlock (anonymous) at (0,0) size 8x14
                RenderText at (0,-6) size 8x24
                  text run at (0,-6) width 8: "\x{21C3}"
          RenderMathMLOperator {mo} at (152,21) size 21x14
            RenderMathMLBlock (anonymous, flex) at (4,0) size 12x14
              RenderBlock (anonymous) at (0,0) size 11x14
                RenderText at (0,-6) size 11x24
                  text run at (0,-6) width 11: "\x{21D1}"
          RenderMathMLOperator {mo} at (172,21) size 21x14
            RenderMathMLBlock (anonymous, flex) at (4,0) size 12x14
              RenderBlock (anonymous) at (0,0) size 11x14
                RenderText at (0,-6) size 11x24
                  text run at (0,-6) width 11: "\x{21D3}"
          RenderMathMLOperator {mo} at (192,20) size 21x16
            RenderMathMLBlock (anonymous, flex) at (4,0) size 12x16
              RenderBlock (anonymous) at (0,0) size 11x16
                RenderText at (0,-5) size 11x24
                  text run at (0,-5) width 11: "\x{21D5}"
          RenderMathMLSpace {mspace} at (212,0) size 0x32
        RenderText {#text} at (0,0) size 0x0
      RenderBlock {P} at (0,202) size 784x120
        RenderMathMLMath {math} at (0,0) size 117x121 [padding: 0 1 0 1]
          RenderMathMLOperator {mo} at (1,0) size 7x121
            RenderMathMLBlock (anonymous, flex) at (0,0) size 7x14
              RenderBlock (anonymous) at (0,0) size 5x14
                RenderText at (0,-6) size 5x24
                  text run at (0,-6) width 5: "["
          RenderMathMLOperator {mo} at (8,0) size 7x121
            RenderMathMLBlock (anonymous, flex) at (0,0) size 7x14
              RenderBlock (anonymous) at (0,0) size 5x14
                RenderText at (0,-6) size 5x24
                  text run at (0,-6) width 5: "]"
          RenderMathMLOperator {mo} at (15,0) size 10x121
            RenderMathMLBlock (anonymous, flex) at (0,0) size 10x14
              RenderBlock (anonymous) at (0,0) size 8x14
                RenderText at (0,-6) size 8x24
                  text run at (0,-6) width 8: "{"
          RenderMathMLOperator {mo} at (25,0) size 10x121
            RenderMathMLBlock (anonymous, flex) at (0,0) size 10x14
              RenderBlock (anonymous) at (0,0) size 8x14
                RenderText at (0,-6) size 8x24
                  text run at (0,-6) width 8: "}"
          RenderMathMLOperator {mo} at (35,0) size 7x121
            RenderMathMLBlock (anonymous, flex) at (0,0) size 7x14
              RenderBlock (anonymous) at (0,0) size 5x14
                RenderText at (0,-6) size 5x24
                  text run at (0,-6) width 5: "("
          RenderMathMLOperator {mo} at (42,0) size 7x121
            RenderMathMLBlock (anonymous, flex) at (0,0) size 7x14
              RenderBlock (anonymous) at (0,0) size 5x14
                RenderText at (0,-6) size 5x24
                  text run at (0,-6) width 5: ")"
          RenderMathMLOperator {mo} at (49,0) size 7x121
            RenderMathMLBlock (anonymous, flex) at (1,0) size 4x12
              RenderBlock (anonymous) at (0,0) size 3x12
                RenderText at (0,-6) size 3x24
                  text run at (0,-6) width 3: "|"
          RenderMathMLOperator {mo} at (55,0) size 9x121
            RenderMathMLBlock (anonymous, flex) at (0,0) size 8x16
              RenderBlock (anonymous) at (0,0) size 8x16
                RenderText at (0,-5) size 8x24
                  text run at (0,-5) width 8: "\x{2308}"
          RenderMathMLOperator {mo} at (63,0) size 9x121
            RenderMathMLBlock (anonymous, flex) at (0,0) size 8x16
              RenderBlock (anonymous) at (0,0) size 8x16
                RenderText at (0,-5) size 8x24
                  text run at (0,-5) width 8: "\x{2309}"
          RenderMathMLOperator {mo} at (71,0) size 9x121
            RenderMathMLBlock (anonymous, flex) at (0,0) size 8x16
              RenderBlock (anonymous) at (0,0) size 8x16
                RenderText at (0,-5) size 8x24
                  text run at (0,-5) width 8: "\x{230A}"
          RenderMathMLOperator {mo} at (79,0) size 9x121
            RenderMathMLBlock (anonymous, flex) at (0,0) size 8x16
              RenderBlock (anonymous) at (0,0) size 8x16
                RenderText at (0,-5) size 8x24
                  text run at (0,-5) width 8: "\x{230B}"
          RenderMathMLOperator {mo} at (87,52) size 9x16
            RenderMathMLBlock (anonymous, flex) at (0,0) size 8x16
              RenderBlock (anonymous) at (0,0) size 8x16
                RenderText at (0,-5) size 8x24
                  text run at (0,-5) width 8: "\x{27E6}"
          RenderMathMLOperator {mo} at (95,52) size 9x16
            RenderMathMLBlock (anonymous, flex) at (0,0) size 8x16
              RenderBlock (anonymous) at (0,0) size 8x16
                RenderText at (0,-5) size 8x24
                  text run at (0,-5) width 8: "\x{27E7}"
          RenderMathMLOperator {mo} at (103,52) size 7x16
            RenderMathMLBlock (anonymous, flex) at (0,0) size 6x16
              RenderBlock (anonymous) at (0,0) size 6x16
                RenderText at (0,-5) size 6x24
                  text run at (0,-5) width 6: "\x{27E8}"
          RenderMathMLOperator {mo} at (109,52) size 7x16
            RenderMathMLBlock (anonymous, flex) at (0,0) size 6x16
              RenderBlock (anonymous) at (0,0) size 6x16
                RenderText at (0,-5) size 6x24
                  text run at (0,-5) width 6: "\x{27E9}"
          RenderMathMLSpace {mspace} at (115,0) size 0x64
        RenderText {#text} at (116,50) size 5x18
          text run at (116,50) width 5: " "
        RenderMathMLMath {math} at (120,0) size 215x68 [padding: 0 1 0 1]
          RenderMathMLOperator {mo} at (1,53) size 17x14
            RenderMathMLBlock (anonymous, flex) at (4,0) size 9x14
              RenderBlock (anonymous) at (0,0) size 8x14
                RenderText at (0,-6) size 8x24
                  text run at (0,-6) width 8: "\x{2191}"
          RenderMathMLOperator {mo} at (17,53) size 18x14
            RenderMathMLBlock (anonymous, flex) at (4,0) size 9x14
              RenderBlock (anonymous) at (0,0) size 8x14
                RenderText at (0,-6) size 8x24
                  text run at (0,-6) width 8: "\x{2193}"
          RenderMathMLOperator {mo} at (34,52) size 18x16
            RenderMathMLBlock (anonymous, flex) at (4,0) size 9x16
              RenderBlock (anonymous) at (0,0) size 8x16
                RenderText at (0,-5) size 8x24
                  text run at (0,-5) width 8: "\x{2195}"
          RenderMathMLOperator {mo} at (51,53) size 18x14
            RenderMathMLBlock (anonymous, flex) at (4,0) size 9x14
              RenderBlock (anonymous) at (0,0) size 8x14
                RenderText at (0,-6) size 8x24
                  text run at (0,-6) width 8: "\x{21A5}"
          RenderMathMLOperator {mo} at (68,53) size 18x14
            RenderMathMLBlock (anonymous, flex) at (4,0) size 9x14
              RenderBlock (anonymous) at (0,0) size 8x14
                RenderText at (0,-6) size 8x24
                  text run at (0,-6) width 8: "\x{21A7}"
          RenderMathMLOperator {mo} at (85,53) size 18x14
            RenderMathMLBlock (anonymous, flex) at (4,0) size 9x14
              RenderBlock (anonymous) at (0,0) size 8x14
                RenderText at (0,-6) size 8x24
                  text run at (0,-6) width 8: "\x{21BE}"
          RenderMathMLOperator {mo} at (102,53) size 18x14
            RenderMathMLBlock (anonymous, flex) at (4,0) size 9x14
              RenderBlock (anonymous) at (0,0) size 8x14
                RenderText at (0,-6) size 8x24
                  text run at (0,-6) width 8: "\x{21C2}"
          RenderMathMLOperator {mo} at (119,53) size 17x14
            RenderMathMLBlock (anonymous, flex) at (4,0) size 9x14
              RenderBlock (anonymous) at (0,0) size 8x14
                RenderText at (0,-6) size 8x24
                  text run at (0,-6) width 8: "\x{21BF}"
          RenderMathMLOperator {mo} at (136,53) size 17x14
            RenderMathMLBlock (anonymous, flex) at (4,0) size 9x14
              RenderBlock (anonymous) at (0,0) size 8x14
                RenderText at (0,-6) size 8x24
                  text run at (0,-6) width 8: "\x{21C3}"
          RenderMathMLOperator {mo} at (152,53) size 21x14
            RenderMathMLBlock (anonymous, flex) at (4,0) size 12x14
              RenderBlock (anonymous) at (0,0) size 11x14
                RenderText at (0,-6) size 11x24
                  text run at (0,-6) width 11: "\x{21D1}"
          RenderMathMLOperator {mo} at (172,53) size 21x14
            RenderMathMLBlock (anonymous, flex) at (4,0) size 12x14
              RenderBlock (anonymous) at (0,0) size 11x14
                RenderText at (0,-6) size 11x24
                  text run at (0,-6) width 11: "\x{21D3}"
          RenderMathMLOperator {mo} at (192,52) size 21x16
            RenderMathMLBlock (anonymous, flex) at (4,0) size 12x16
              RenderBlock (anonymous) at (0,0) size 11x16
                RenderText at (0,-5) size 11x24
                  text run at (0,-5) width 11: "\x{21D5}"
          RenderMathMLSpace {mspace} at (212,0) size 0x64
        RenderText {#text} at (0,0) size 0x0
