layer at (0,0) size 800x606
  RenderView at (0,0) size 800x600
layer at (0,0) size 800x606
  RenderBlock {HTML} at (0,0) size 800x606
    RenderBody {BODY} at (8,8) size 784x590
      RenderBlock {FORM} at (0,0) size 784x590
        RenderBlock {DIV} at (0,0) size 784x155
          RenderTextControl {INPUT} at (2,2) size 97x22 [bgcolor=#FFFFFF] [border: (1px solid #4C4C4C)]
          RenderBR {BR} at (101,2) size 0x19
          RenderTextControl {INPUT} at (2,28) size 150x22 [bgcolor=#FFFFFF] [border: (1px solid #4C4C4C)]
          RenderBR {BR} at (154,28) size 0x19
          RenderTextControl {INPUT} at (2,54) size 150x22 [bgcolor=#FFFFFF] [border: (1px solid #4C4C4C)]
          RenderBR {BR} at (154,54) size 0x19
          RenderTextControl {INPUT} at (2,80) size 112x22 [bgcolor=#FFFFFF] [border: (1px solid #4C4C4C)]
          RenderBR {BR} at (116,80) size 0x19
          RenderTextControl {INPUT} at (2,106) size 78x22 [bgcolor=#FFFFFF] [border: (1px solid #4C4C4C)]
          RenderBR {BR} at (82,106) size 0x19
          RenderTextControl {INPUT} at (2,132) size 135x21 [bgcolor=#FFFFFF] [border: (1px solid #4C4C4C)]
          RenderBR {BR} at (139,131) size 0x19
        RenderBlock (anonymous) at (0,155) size 784x20
          RenderBR {BR} at (0,0) size 0x19
        RenderBlock {DIV} at (0,175) size 784x155
          RenderTextControl {INPUT} at (0,2) size 212x22 [bgcolor=#FFFFFF] [border: (1px solid #4C4C4C)]
          RenderBR {BR} at (212,2) size 0x19
          RenderTextControl {INPUT} at (0,28) size 212x22 [bgcolor=#FFFFFF] [border: (1px solid #4C4C4C)]
          RenderBR {BR} at (212,28) size 0x19
          RenderTextControl {INPUT} at (0,54) size 212x22 [bgcolor=#FFFFFF] [border: (1px solid #4C4C4C)]
          RenderBR {BR} at (212,54) size 0x19
          RenderTextControl {INPUT} at (0,80) size 212x22 [bgcolor=#FFFFFF] [border: (1px solid #4C4C4C)]
          RenderBR {BR} at (212,80) size 0x19
          RenderTextControl {INPUT} at (0,106) size 212x22 [bgcolor=#FFFFFF] [border: (1px solid #4C4C4C)]
          RenderBR {BR} at (212,106) size 0x19
          RenderTextControl {INPUT} at (0,132) size 212x21 [bgcolor=#FFFFFF] [border: (1px solid #4C4C4C)]
          RenderBR {BR} at (212,131) size 0x19
        RenderBlock (anonymous) at (0,330) size 784x20
          RenderBR {BR} at (0,0) size 0x19
        RenderBlock {DIV} at (0,350) size 784x196
          RenderTextControl {INPUT} at (2,2) size 232x29 [color=#008000] [bgcolor=#FFFFFF] [border: (1px solid #008000)]
          RenderBR {BR} at (236,7) size 0x19
          RenderTextControl {INPUT} at (2,35) size 393x29 [color=#008000] [bgcolor=#FFFFFF] [border: (1px solid #008000)]
          RenderBR {BR} at (397,40) size 0x19
          RenderTextControl {INPUT} at (2,68) size 393x29 [color=#008000] [bgcolor=#FFFFFF] [border: (1px solid #008000)]
          RenderBR {BR} at (397,73) size 0x19
          RenderTextControl {INPUT} at (2,101) size 273x29 [color=#008000] [bgcolor=#FFFFFF] [border: (1px solid #008000)]
          RenderBR {BR} at (277,106) size 0x19
          RenderTextControl {INPUT} at (2,134) size 170x29 [color=#008000] [bgcolor=#FFFFFF] [border: (1px solid #008000)]
          RenderBR {BR} at (174,139) size 0x19
          RenderTextControl {INPUT} at (2,167) size 236x27 [color=#008000] [bgcolor=#FFFFFF] [border: (1px solid #008000)]
          RenderBR {BR} at (240,170) size 0x19
        RenderBlock (anonymous) at (0,546) size 784x44
          RenderBR {BR} at (0,0) size 0x19
          RenderButton {INPUT} at (2,22) size 59x20 [bgcolor=#FFFFFF02] [border: (1px solid #4C4C4C)]
            RenderBlock (anonymous) at (12,3) size 35x14
              RenderText at (0,0) size 35x14
                text run at (0,0) width 35: "Submit"
          RenderText {#text} at (0,0) size 0x0
layer at (16,14) size 85x14
  RenderBlock {DIV} at (6,4) size 85x14
    RenderText {#text} at (0,0) size 63x14
      text run at (0,0) width 63: "Apr 27, 2011"
layer at (16,40) size 138x14
  RenderBlock {DIV} at (6,4) size 138x14
    RenderText {#text} at (0,0) size 111x14
      text run at (0,0) width 111: "Apr 26, 2011, 6:56 PM"
layer at (16,66) size 138x14
  RenderBlock {DIV} at (6,4) size 138x14
    RenderText {#text} at (0,0) size 111x14
      text run at (0,0) width 111: "Apr 27, 2011, 1:56 AM"
layer at (16,92) size 100x14
  RenderBlock {DIV} at (6,4) size 100x14
    RenderText {#text} at (0,0) size 50x14
      text run at (0,0) width 50: "April 2011"
layer at (16,118) size 66x14
  RenderBlock {DIV} at (6,4) size 66x14
    RenderText {#text} at (0,0) size 41x14
      text run at (0,0) width 41: "1:56 AM"
layer at (16,143) size 123x14
  RenderBlock {DIV} at (6,3) size 123x14
    RenderText {#text} at (0,0) size 51x14
      text run at (0,0) width 51: "2011-W17"
layer at (14,189) size 200x14
  RenderBlock {DIV} at (6,4) size 200x14
    RenderText {#text} at (0,0) size 63x14
      text run at (0,0) width 63: "Apr 27, 2011"
layer at (14,215) size 200x14
  RenderBlock {DIV} at (6,4) size 200x14
    RenderText {#text} at (0,0) size 111x14
      text run at (0,0) width 111: "Apr 26, 2011, 6:56 PM"
layer at (14,241) size 200x14
  RenderBlock {DIV} at (6,4) size 200x14
    RenderText {#text} at (0,0) size 111x14
      text run at (0,0) width 111: "Apr 27, 2011, 1:56 AM"
layer at (14,267) size 200x14
  RenderBlock {DIV} at (6,4) size 200x14
    RenderText {#text} at (0,0) size 50x14
      text run at (0,0) width 50: "April 2011"
layer at (14,293) size 200x14
  RenderBlock {DIV} at (6,4) size 200x14
    RenderText {#text} at (0,0) size 41x14
      text run at (0,0) width 41: "1:56 AM"
layer at (14,318) size 200x14
  RenderBlock {DIV} at (6,3) size 200x14
    RenderText {#text} at (0,0) size 51x14
      text run at (0,0) width 51: "2011-W17"
layer at (18,366) size 216x18
  RenderBlock {DIV} at (8,6) size 216x18
    RenderText {#text} at (0,0) size 190x18
      text run at (0,0) width 190: "Apr 27, 2011"
layer at (18,399) size 377x18
  RenderBlock {DIV} at (8,6) size 377x18
    RenderText {#text} at (0,0) size 336x18
      text run at (0,0) width 336: "Apr 26, 2011, 6:56 PM"
layer at (18,432) size 377x18
  RenderBlock {DIV} at (8,6) size 377x18
    RenderText {#text} at (0,0) size 333x18
      text run at (0,0) width 333: "Apr 27, 2011, 1:56 AM"
layer at (18,465) size 257x18
  RenderBlock {DIV} at (8,6) size 257x18
    RenderText {#text} at (0,0) size 158x18
      text run at (0,0) width 158: "April 2011"
layer at (18,498) size 154x18
  RenderBlock {DIV} at (8,6) size 154x18
    RenderText {#text} at (0,0) size 119x18
      text run at (0,0) width 119: "1:56 AM"
layer at (18,529) size 220x18
  RenderBlock {DIV} at (8,4) size 220x18
    RenderText {#text} at (0,0) size 137x18
      text run at (0,0) width 137: "2011-W17"
