layer at (0,0) size 800x600
  RenderView at (0,0) size 800x600
layer at (0,0) size 800x600
  RenderBlock {HTML} at (0,0) size 800x600
    RenderBody {BODY} at (8,8) size 784x584
      RenderInline {SPAN} at (0,0) size 13x19
        RenderText {#text} at (0,11) size 13x19
          text run at (0,11) width 13: "\x{F8FF}"
      RenderText {#text} at (12,11) size 5x19
        text run at (12,11) width 5: " "
      RenderInline {SPAN} at (0,0) size 17x23
        RenderText {#text} at (16,8) size 17x23
          text run at (16,8) width 17: "\x{F8FF}"
      RenderText {#text} at (32,11) size 5x19
        text run at (32,11) width 5: " "
      RenderInline {SPAN} at (0,0) size 14x19
        RenderText {#text} at (36,11) size 14x19
          text run at (36,11) width 14: "\x{F8FF}"
      RenderText {#text} at (49,11) size 5x19
        text run at (49,11) width 5: " "
      RenderInline {SPAN} at (0,0) size 21x30
        RenderText {#text} at (53,2) size 21x30
          text run at (53,2) width 21: "\x{F8FF}"
      RenderText {#text} at (73,11) size 5x19
        text run at (73,11) width 5: " "
      RenderInline {SPAN} at (0,0) size 19x26
        RenderText {#text} at (77,5) size 19x26
          text run at (77,5) width 19: "\x{F8FF}"
      RenderText {#text} at (95,11) size 5x19
        text run at (95,11) width 5: " "
      RenderInline {SPAN} at (0,0) size 19x26
        RenderText {#text} at (99,5) size 19x26
          text run at (99,5) width 19: "\x{F8FF}"
      RenderText {#text} at (117,11) size 5x19
        text run at (117,11) width 5: " "
      RenderInline {SPAN} at (0,0) size 22x30
        RenderText {#text} at (121,2) size 22x30
          text run at (121,2) width 22: "\x{F8FF}"
      RenderText {#text} at (142,11) size 5x19
        text run at (142,11) width 5: " "
      RenderInline {SPAN} at (0,0) size 14x20
        RenderText {#text} at (146,10) size 14x20
          text run at (146,10) width 14: "\x{F8FF}"
      RenderText {#text} at (159,11) size 5x19
        text run at (159,11) width 5: " "
      RenderInline {SPAN} at (0,0) size 21x31
        RenderText {#text} at (163,1) size 21x31
          text run at (163,1) width 21: "\x{F8FF}"
      RenderText {#text} at (183,11) size 5x19
        text run at (183,11) width 5: " "
      RenderInline {SPAN} at (0,0) size 22x32
        RenderText {#text} at (187,0) size 22x32
          text run at (187,0) width 22: "\x{F8FF}"
      RenderText {#text} at (208,11) size 5x19
        text run at (208,11) width 5: " "
      RenderInline {SPAN} at (0,0) size 21x31
        RenderText {#text} at (212,1) size 21x31
          text run at (212,1) width 21: "\x{F8FF}"
      RenderText {#text} at (0,0) size 0x0
