layer at (0,0) size 800x1243
  RenderView at (0,0) size 800x600
layer at (0,0) size 800x1243
  RenderBlock {HTML} at (0,0) size 800x1243
    RenderBody {BODY} at (8,8) size 784x1219
      RenderBlock {H2} at (0,0) size 784x23
        RenderText {#text} at (0,1) size 158x21
          text run at (0,1) width 158: "Normal Weight"
      RenderBlock {P} at (0,39) size 784x56
        RenderText {#text} at (0,0) size 778x55
          text run at (0,0) width 778: "Body Text: Lorem ipsum dolor sit amet, consectetur adipiscing elit. Quisque"
          text run at (0,28) width 170: "ornare ornare mi"
      RenderBlock {H2} at (0,111) size 784x23
        RenderText {#text} at (0,1) size 119x21
          text run at (0,1) width 119: "100 Weight"
      RenderBlock {P} at (0,150) size 784x56
        RenderText {#text} at (0,0) size 755x55
          text run at (0,0) width 755: "Body Text: Lorem ipsum dolor sit amet, consectetur adipiscing elit. Quisque ornare"
          text run at (0,28) width 86: "ornare mi"
      RenderBlock {H2} at (0,222) size 784x23
        RenderText {#text} at (0,1) size 119x21
          text run at (0,1) width 119: "200 Weight"
      RenderBlock {P} at (0,261) size 784x58
        RenderText {#text} at (0,0) size 720x57
          text run at (0,0) width 720: "Body Text: Lorem ipsum dolor sit amet, consectetur adipiscing elit. Quisque"
          text run at (0,29) width 156: "ornare ornare mi"
      RenderBlock {H2} at (0,335) size 784x23
        RenderText {#text} at (0,1) size 119x21
          text run at (0,1) width 119: "300 Weight"
      RenderBlock {P} at (0,374) size 784x58
        RenderText {#text} at (0,0) size 747x57
          text run at (0,0) width 747: "Body Text: Lorem ipsum dolor sit amet, consectetur adipiscing elit. Quisque"
          text run at (0,29) width 164: "ornare ornare mi"
      RenderBlock {H2} at (0,448) size 784x23
        RenderText {#text} at (0,1) size 119x21
          text run at (0,1) width 119: "400 Weight"
      RenderBlock {P} at (0,487) size 784x56
        RenderText {#text} at (0,0) size 778x55
          text run at (0,0) width 778: "Body Text: Lorem ipsum dolor sit amet, consectetur adipiscing elit. Quisque"
          text run at (0,28) width 170: "ornare ornare mi"
      RenderBlock {H2} at (0,559) size 784x23
        RenderText {#text} at (0,1) size 119x21
          text run at (0,1) width 119: "500 Weight"
      RenderBlock {P} at (0,598) size 784x56
        RenderText {#text} at (0,0) size 778x55
          text run at (0,0) width 778: "Body Text: Lorem ipsum dolor sit amet, consectetur adipiscing elit. Quisque"
          text run at (0,28) width 170: "ornare ornare mi"
      RenderBlock {H2} at (0,670) size 784x23
        RenderText {#text} at (0,1) size 130x21
          text run at (0,1) width 130: "Bold Weight"
      RenderBlock {P} at (0,709) size 784x58
        RenderText {#text} at (0,0) size 710x57
          text run at (0,0) width 710: "Body Text: Lorem ipsum dolor sit amet, consectetur adipiscing elit."
          text run at (0,29) width 271: "Quisque ornare ornare mi"
      RenderBlock {H2} at (0,783) size 784x23
        RenderText {#text} at (0,1) size 119x21
          text run at (0,1) width 119: "600 Weight"
      RenderBlock {P} at (0,822) size 784x58
        RenderText {#text} at (0,0) size 710x57
          text run at (0,0) width 710: "Body Text: Lorem ipsum dolor sit amet, consectetur adipiscing elit."
          text run at (0,29) width 271: "Quisque ornare ornare mi"
      RenderBlock {H2} at (0,896) size 784x23
        RenderText {#text} at (0,1) size 119x21
          text run at (0,1) width 119: "700 Weight"
      RenderBlock {P} at (0,935) size 784x58
        RenderText {#text} at (0,0) size 710x57
          text run at (0,0) width 710: "Body Text: Lorem ipsum dolor sit amet, consectetur adipiscing elit."
          text run at (0,29) width 271: "Quisque ornare ornare mi"
      RenderBlock {H2} at (0,1009) size 784x23
        RenderText {#text} at (0,1) size 119x21
          text run at (0,1) width 119: "800 Weight"
      RenderBlock {P} at (0,1048) size 784x58
        RenderText {#text} at (0,0) size 710x57
          text run at (0,0) width 710: "Body Text: Lorem ipsum dolor sit amet, consectetur adipiscing elit."
          text run at (0,29) width 271: "Quisque ornare ornare mi"
      RenderBlock {H2} at (0,1122) size 784x23
        RenderText {#text} at (0,1) size 119x21
          text run at (0,1) width 119: "900 Weight"
      RenderBlock {P} at (0,1161) size 784x58
        RenderText {#text} at (0,0) size 710x57
          text run at (0,0) width 710: "Body Text: Lorem ipsum dolor sit amet, consectetur adipiscing elit."
          text run at (0,29) width 271: "Quisque ornare ornare mi"
