layer at (0,0) size 800x1454
  RenderView at (0,0) size 800x600
layer at (0,0) size 800x1454
  RenderBlock {HTML} at (0,0) size 800x1454
    RenderBody {BODY} at (8,8) size 784x1438
      RenderBlock {DIV} at (0,0) size 784x37
        RenderText {#text} at (0,0) size 493x36
          text run at (0,0) width 493: "This is a test for -webkit-system-font"
      RenderBlock {DIV} at (0,37) size 784x60
        RenderText {#text} at (0,0) size 744x59
          text run at (0,0) width 744: "This is a test for -apple-system-font. It should be the same as the line"
          text run at (0,30) width 73: "above."
      RenderBlock {DIV} at (0,97) size 784x90
        RenderText {#text} at (0,1) size 759x88
          text run at (0,1) width 759: "This is a test for -webkit-system-font, using the"
          text run at (0,46) width 229: "'font' property"
      RenderBlock {DIV} at (0,187) size 784x74
        RenderText {#text} at (0,0) size 696x73
          text run at (0,0) width 696: "This is a test for -apple-system-font, using the 'font'"
          text run at (0,37) width 113: "property"
      RenderBlock {DIV} at (0,261) size 784x38
        RenderInline {B} at (0,0) size 685x37
          RenderText {#text} at (0,0) size 685x37
            text run at (0,0) width 685: "This is a test for -webkit-system-font in bold form"
      RenderBlock {DIV} at (0,299) size 784x37
        RenderInline {I} at (0,0) size 659x36
          RenderText {#text} at (0,0) size 659x36
            text run at (0,0) width 659: "This is a test for -webkit-system-font in italic form"
      RenderBlock {DIV} at (0,336) size 784x90
        RenderText {#text} at (0,1) size 705x88
          text run at (0,1) width 705: "This is a test for -webkit-system-font at size"
          text run at (0,46) width 81: "30px"
      RenderBlock {DIV} at (0,426) size 784x90
        RenderText {#text} at (0,1) size 705x88
          text run at (0,1) width 705: "This is a test for -webkit-system-font at size"
          text run at (0,46) width 81: "36px"
      RenderBlock {DIV} at (0,516) size 784x102
        RenderText {#text} at (0,1) size 738x100
          text run at (0,1) width 738: "This is a test for -webkit-system-font at"
          text run at (0,52) width 179: "size 42px"
      RenderBlock {DIV} at (0,618) size 784x118
        RenderText {#text} at (0,1) size 705x116
          text run at (0,1) width 705: "This is a test for -webkit-system-"
          text run at (0,60) width 355: "font at size 48px"
      RenderBlock {DIV} at (0,736) size 784x132
        RenderText {#text} at (0,1) size 600x130
          text run at (0,1) width 600: "This is a test for -webkit-"
          text run at (0,67) width 594: "system-font at size 54px"
      RenderBlock {DIV} at (0,868) size 784x146
        RenderText {#text} at (0,1) size 666x144
          text run at (0,1) width 666: "This is a test for -webkit-"
          text run at (0,74) width 659: "system-font at size 60px"
      RenderBlock {DIV} at (0,1014) size 784x160
        RenderText {#text} at (0,1) size 733x158
          text run at (0,1) width 733: "This is a test for -webkit-"
          text run at (0,81) width 725: "system-font at size 66px"
      RenderBlock {DIV} at (0,1174) size 784x264
        RenderText {#text} at (0,1) size 706x261
          text run at (0,1) width 559: "This is a test for -"
          text run at (0,89) width 706: "webkit-system-font at"
          text run at (0,177) width 306: "size 72px"
