layer at (0,0) size 320x507
  RenderView at (0,0) size 320x240
layer at (0,0) size 320x507
  RenderBlock {HTML} at (0,0) size 320x507
    RenderBody {BODY} at (8,8) size 304x491
      RenderBlock {H1} at (0,0) size 304x184
        RenderText {#text} at (0,2) size 247x180
          text run at (0,2) width 202: "This is an H1"
          text run at (0,48) width 201: "element with"
          text run at (0,94) width 247: "multiple lines of"
          text run at (0,140) width 70: "text."
      RenderBlock {DIV} at (0,206) size 304x285
        RenderText {#text} at (0,1) size 264x60
          text run at (0,1) width 264: "This is body text spanning multiple"
          text run at (0,40) width 98: "lines. This is "
        RenderInline {SPAN} at (0,0) size 276x124
          RenderText {#text} at (97,26) size 276x124
            text run at (97,26) width 179: "font-size xx-"
            text run at (0,69) width 210: "large spanning"
            text run at (0,112) width 205: "multiple lines. "
        RenderText {#text} at (204,126) size 297x73
          text run at (204,126) width 93: "This is body"
          text run at (0,154) width 265: "text spanning multiple lines. This is"
          text run at (0,178) width 255: "body text spanning multiple lines."
        RenderInline {SPAN} at (0,0) size 302x34
          RenderText {#text} at (254,187) size 302x34
            text run at (254,187) width 48: " This is some"
            text run at (0,211) width 167: "text with 8px font size that spans multiple lines"
        RenderText {#text} at (166,202) size 290x45
          text run at (166,202) width 124: ". The rest of this"
          text run at (0,226) width 265: "text is back to apple system body. "
        RenderInline {SPAN} at (0,0) size 302x54
          RenderText {#text} at (264,230) size 302x54
            text run at (264,230) width 38: "Finally"
            text run at (0,250) width 256: "some text that has fontsize small that spans"
            text run at (0,268) width 80: "multiple lines."
        RenderText {#text} at (0,0) size 0x0
