layer at (0,0) size 800x600
  RenderView at (0,0) size 800x600
layer at (0,0) size 800x291
  RenderBlock {HTML} at (0,0) size 800x291
    RenderBody {BODY} at (8,8) size 784x275
      RenderBlock {P} at (0,0) size 784x21
        RenderText {#text} at (0,0) size 132x20
          text run at (0,0) width 132: "font-size is default"
      RenderBlock {P} at (0,21) size 784x11
        RenderText {#text} at (0,0) size 55x10
          text run at (0,0) width 55: "font-size is 8px"
      RenderBlock {P} at (0,32) size 784x16
        RenderText {#text} at (0,0) size 89x15
          text run at (0,0) width 89: "font-size is 12px"
      RenderBlock {P} at (0,48) size 784x21
        RenderText {#text} at (0,0) size 118x20
          text run at (0,0) width 118: "font-size is 16px"
      RenderBlock {P} at (0,69) size 784x26
        RenderText {#text} at (0,0) size 148x25
          text run at (0,0) width 148: "font-size is 20px"
      RenderBlock {P} at (0,95) size 784x30
        RenderText {#text} at (0,0) size 177x29
          text run at (0,0) width 177: "font-size is 24px"
      RenderBlock {P} at (0,125) size 784x39
        RenderText {#text} at (0,0) size 236x38
          text run at (0,0) width 236: "font-size is 32px"
      RenderBlock {P} at (0,164) size 784x50
        RenderText {#text} at (0,1) size 295x48
          text run at (0,1) width 295: "font-size is 40px"
      RenderBlock {P} at (0,214) size 784x61
        RenderText {#text} at (0,1) size 369x59
          text run at (0,1) width 369: "font-size is 50px"
