layer at (0,0) size 800x600
  RenderView at (0,0) size 800x600
layer at (0,0) size 800x84
  RenderBlock {test} at (0,0) size 800x84
    RenderBlock {p} at (0,16) size 800x18
      RenderText {#text} at (0,0) size 82x17
        text run at (0,0) width 82: "This test has "
      RenderInline {span} at (0,0) size 60x17
        RenderInline (generated) at (0,0) size 60x17 [bgcolor=#00FF00]
          RenderText at (82,0) size 60x17
            text run at (82,0) width 60: "PASSED"
      RenderText {#text} at (142,0) size 4x17
        text run at (142,0) width 4: "."
    RenderBlock {p} at (0,50) size 800x18
      RenderText {#text} at (0,0) size 445x17
        text run at (0,0) width 445: "(If the previous line just reads \"This test has .\" then this test has failed.)"
