layer at (0,0) size 800x600
  RenderView at (0,0) size 800x600
layer at (0,0) size 800x68
  RenderBlock {test} at (0,0) size 800x68
    RenderBlock {p} at (0,16) size 800x18 [bgcolor=#00FF00]
      RenderText {#text} at (0,0) size 484x17
        text run at (0,0) width 406: "This paragraph should have green background because CLASS "
        text run at (406,0) width 78: "contains \"b\""
    RenderBlock {address} at (0,50) size 800x18 [bgcolor=#00FF00]
      RenderInline {span} at (0,0) size 155x17
        RenderText {#text} at (0,0) size 155x17
          text run at (0,0) width 155: "This address should also"
      RenderText {#text} at (155,0) size 4x17
        text run at (155,0) width 4: " "
      RenderInline {span} at (0,0) size 596x17
        RenderText {#text} at (159,0) size 596x17
          text run at (159,0) width 348: "have green background because the selector in the last "
          text run at (507,0) width 248: "rule does not apply to the inner SPANs."
      RenderText {#text} at (0,0) size 0x0
