layer at (0,0) size 800x600
  RenderView at (0,0) size 800x600
layer at (0,0) size 800x600
  RenderBlock {HTML} at (0,0) size 800x600
    RenderBody {BODY} at (8,8) size 784x584
      RenderBlock (anonymous) at (0,0) size 784x0
        RenderInline {SPAN} at (0,0) size 0x0
          RenderText {#text} at (0,0) size 0x0
      RenderBlock (anonymous) at (0,0) size 784x73
        RenderBlock {P} at (0,0) size 784x18
          RenderText {#text} at (0,0) size 348x18
            text run at (0,0) width 180: "Regression test for 154875. "
            text run at (179,0) width 169: "This test should not crash."
        RenderBlock {DIV} at (0,34) size 784x21
          RenderText {#text} at (0,1) size 215x18
            text run at (0,1) width 168: "This is a Unicode string: \""
            text run at (167,1) width 15: "\x{600}"
            text run at (181,1) width 34: " \x{D801}\x{DC29}\x{D801}\x{DC2A}\x{D801}\x{DC2B}\""
        RenderBlock {DIV} at (0,55) size 784x18
          RenderText {#text} at (0,0) size 150x18
            text run at (0,0) width 150: "PASS: Test didn't crash"
      RenderBlock (anonymous) at (0,73) size 784x0
        RenderInline {SPAN} at (0,0) size 0x0
