layer at (0,0) size 800x600
  RenderView at (0,0) size 800x600
layer at (0,0) size 800x600
  RenderBlock {HTML} at (0,0) size 800x600
    RenderBody {BODY} at (8,8) size 784x584
      RenderTable {TABLE} at (0,0) size 86x114 [border: (1px outset #808080)]
        RenderTableSection {TBODY} at (1,1) size 84x112
          RenderTableRow {TR} at (0,2) size 84x22
            RenderTableCell {TD} at (2,2) size 80x22 [border: (1px inset #808080)] [r=0 c=0 rs=1 cs=1]
              RenderBlock {HR} at (3,10) size 73x2 [border: (1px inset #000000)]
          RenderTableRow {TR} at (0,26) size 84x84
            RenderTableCell {TD} at (2,26) size 80x84 [border: (1px inset #808080)] [r=1 c=0 rs=1 cs=1]
              RenderText {#text} at (2,2) size 70x79
                text run at (2,2) width 70: "this should"
                text run at (2,22) width 32: "wrap"
                text run at (2,42) width 69: "within this"
                text run at (2,62) width 22: "TD"
      RenderBlock (anonymous) at (0,114) size 784x20
        RenderBR {BR} at (0,0) size 0x19
      RenderTable {TABLE} at (0,134) size 93x94 [border: (1px outset #808080)]
        RenderTableSection {TBODY} at (1,1) size 91x92
          RenderTableRow {TR} at (0,2) size 91x22
            RenderTableCell {TD} at (2,2) size 87x22 [border: (1px inset #808080)] [r=0 c=0 rs=1 cs=1]
              RenderBlock {HR} at (2,10) size 82x2 [border: (1px inset #000000)]
          RenderTableRow {TR} at (0,26) size 91x64
            RenderTableCell {TD} at (2,26) size 87x64 [border: (1px inset #808080)] [r=1 c=0 rs=1 cs=1]
              RenderText {#text} at (2,2) size 77x59
                text run at (2,2) width 70: "this should"
                text run at (2,22) width 77: "wrap within"
                text run at (2,42) width 49: "this TD"
