layer at (0,0) size 800x600
  RenderView at (0,0) size 800x600
layer at (0,0) size 800x600
  RenderBlock {HTML} at (0,0) size 800x600
    RenderBody {BODY} at (8,8) size 784x584
      RenderBlock (anonymous) at (0,0) size 784x20
        RenderText {#text} at (0,0) size 40x19
          text run at (0,0) width 40: "25016"
      RenderTable {TABLE} at (0,20) size 39x30
        RenderTableSection {TBODY} at (0,0) size 39x26
          RenderTableRow {TR} at (0,2) size 39x22
            RenderTableCell {TD} at (2,2) size 35x22 [r=0 c=0 rs=1 cs=1]
              RenderText {#text} at (1,1) size 32x19
                text run at (1,1) width 32: "4659"
        RenderBlock {CAPTION} at (0,0) size 39x0
        RenderTableSection {TBODY} at (0,26) size 39x4
          RenderTableRow {TR} at (0,0) size 39x2
            RenderTableCell {TH} at (2,0) size 35x2 [r=0 c=0 rs=1 cs=1]
        RenderTableCol {COLGROUP} at (0,0) size 0x0
