layer at (0,0) size 800x741
  RenderView at (0,0) size 800x600
layer at (0,0) size 800x741
  RenderBlock {HTML} at (0,0) size 800x741
    RenderBody {BODY} at (8,8) size 784x725
      RenderBlock (anonymous) at (0,0) size 784x20
        RenderText {#text} at (0,0) size 253x19
          text run at (0,0) width 253: "This tests minMaxWidth for text fields."
      RenderBlock {P} at (0,36) size 784x20
        RenderText {#text} at (0,0) size 70x19
          text run at (0,0) width 70: "Test case 1"
      RenderTable {TABLE} at (0,72) size 119x43 [border: (3px solid #0000FF)]
        RenderTableSection {TBODY} at (3,3) size 113x37
          RenderTableRow {TR} at (0,2) size 113x33
            RenderTableCell {TD} at (2,2) size 109x33 [border: (3px solid #FF0000)] [r=0 c=0 rs=1 cs=1]
              RenderTextControl {INPUT} at (4,6) size 100x22 [bgcolor=#FFFFFF] [border: (1px solid #4C4C4C)]
      RenderBlock {P} at (0,131) size 784x20
        RenderText {#text} at (0,0) size 70x19
          text run at (0,0) width 70: "Test case 2"
      RenderTable {TABLE} at (0,167) size 167x78 [border: (3px solid #0000FF)]
        RenderTableSection {TBODY} at (3,3) size 161x72
          RenderTableRow {TR} at (0,2) size 161x33
            RenderTableCell {TD} at (2,7) size 47x23 [r=0 c=0 rs=1 cs=1]
              RenderText {#text} at (1,1) size 26x20
                text run at (1,2) width 26: "first"
            RenderTableCell {TD} at (50,2) size 109x33 [border: (3px solid #FF0000)] [r=0 c=1 rs=1 cs=1]
              RenderTextControl {INPUT} at (4,6) size 100x22 [bgcolor=#FFFFFF] [border: (1px solid #4C4C4C)]
          RenderTableRow {TR} at (0,37) size 161x33
            RenderTableCell {TD} at (2,42) size 47x23 [r=1 c=0 rs=1 cs=1]
              RenderText {#text} at (1,1) size 45x20
                text run at (1,2) width 45: "second"
            RenderTableCell {TD} at (50,37) size 109x33 [border: (3px solid #FF0000)] [r=1 c=1 rs=1 cs=1]
              RenderTextControl {INPUT} at (4,6) size 101x22 [bgcolor=#FFFFFF] [border: (1px solid #4C4C4C)]
      RenderBlock {P} at (0,261) size 784x20
        RenderText {#text} at (0,0) size 70x19
          text run at (0,0) width 70: "Test case 3"
      RenderTable {TABLE} at (0,297) size 55x83 [border: (3px solid #0000FF)]
        RenderTableSection {TBODY} at (3,3) size 49x77
          RenderTableRow {TR} at (0,2) size 49x73
            RenderTableCell {TD} at (2,2) size 45x73 [border: (3px solid #FF0000)] [r=0 c=0 rs=1 cs=1]
              RenderText {#text} at (4,4) size 37x39
                text run at (4,4) width 37: "width"
                text run at (4,24) width 32: "30px"
              RenderTextControl {INPUT} at (4,46) size 30x22 [bgcolor=#FFFFFF] [border: (1px solid #4C4C4C)]
      RenderBlock {P} at (0,396) size 784x20
        RenderText {#text} at (0,0) size 70x19
          text run at (0,0) width 70: "Test case 4"
      RenderTable {TABLE} at (0,432) size 219x73 [border: (3px solid #0000FF)]
        RenderTableSection {TBODY} at (3,3) size 213x67
          RenderTableRow {TR} at (0,2) size 213x33
            RenderTableCell {TD} at (2,2) size 209x33 [border: (3px solid #FF0000)] [r=0 c=0 rs=1 cs=1]
              RenderTextControl {INPUT} at (4,6) size 201x22 [bgcolor=#FFFFFF] [border: (1px solid #4C4C4C)]
          RenderTableRow {TR} at (0,37) size 213x28
            RenderTableCell {TD} at (2,37) size 209x28 [border: (3px solid #FF0000)] [r=1 c=0 rs=1 cs=1]
              RenderBlock {DIV} at (4,4) size 200x20
                RenderText {#text} at (0,0) size 40x19
                  text run at (0,0) width 40: "200px"
      RenderBlock {P} at (0,521) size 784x20
        RenderText {#text} at (0,0) size 70x19
          text run at (0,0) width 70: "Test case 5"
      RenderTable {TABLE} at (0,557) size 93x43 [border: (3px solid #0000FF)]
        RenderTableSection {TBODY} at (3,3) size 87x37
          RenderTableRow {TR} at (0,2) size 87x33
            RenderTableCell {TD} at (2,2) size 83x33 [border: (3px solid #FF0000)] [r=0 c=0 rs=1 cs=1]
              RenderTextControl {INPUT} at (6,6) size 70x22 [bgcolor=#FFFFFF] [border: (1px solid #4C4C4C)]
      RenderBlock {P} at (0,616) size 784x20
        RenderText {#text} at (0,0) size 70x19
          text run at (0,0) width 70: "Test case 6"
      RenderTable {TABLE} at (0,652) size 158x73 [border: (3px solid #0000FF)]
        RenderTableSection {TBODY} at (3,3) size 152x67
          RenderTableRow {TR} at (0,2) size 152x33
            RenderTableCell {TD} at (2,2) size 148x33 [border: (3px solid #FF0000)] [r=0 c=0 rs=1 cs=1]
              RenderTextControl {INPUT} at (6,6) size 136x22 [bgcolor=#FFFFFF] [border: (1px solid #4C4C4C)]
          RenderTableRow {TR} at (0,37) size 152x28
            RenderTableCell {TD} at (2,37) size 148x28 [border: (3px solid #FF0000)] [r=1 c=0 rs=1 cs=1]
              RenderBlock {DIV} at (4,4) size 70x20
                RenderText {#text} at (0,0) size 32x19
                  text run at (0,0) width 32: "70px"
layer at (24,94) size 87x14
  RenderBlock {DIV} at (6,3) size 88x15
layer at (72,189) size 87x14
  RenderBlock {DIV} at (6,3) size 88x15
layer at (72,224) size 87x14
  RenderBlock {DIV} at (6,3) size 88x15
layer at (24,359) size 17x14
  RenderBlock {DIV} at (6,3) size 18x15
layer at (24,454) size 187x14
  RenderBlock {DIV} at (6,3) size 188x15
    RenderText {#text} at (0,0) size 57x14
      text run at (0,0) width 57: "width 100%"
layer at (26,579) size 57x14
  RenderBlock {DIV} at (6,3) size 58x15
    RenderText {#text} at (0,0) size 48x14
      text run at (0,0) width 48: "max 70px"
layer at (26,674) size 122x14
  RenderBlock {DIV} at (6,3) size 123x15
    RenderText {#text} at (0,0) size 81x14
      text run at (0,0) width 81: "min-width 100px"
