layer at (0,0) size 800x600
  RenderView at (0,0) size 800x600
layer at (0,0) size 800x600
  RenderBlock {HTML} at (0,0) size 800x600
    RenderBody {BODY} at (8,10) size 784x580
      RenderTable {TABLE} at (0,0) size 96x76 [border: (4px solid #008000)]
        RenderTableSection {TBODY} at (4,4) size 88x68
          RenderTableRow {TR} at (0,0) size 88x24
            RenderTableCell {TD} at (0,9) size 7x6 [border: (4px none #000000)] [r=0 c=0 rs=1 cs=1]
            RenderTableCell {TD} at (6,0) size 82x24 [border: (4px none #000000)] [r=0 c=1 rs=1 cs=1]
              RenderText {#text} at (1,5) size 42x17
                text run at (1,5) width 42: "Lorem"
          RenderTableRow {TR} at (0,24) size 88x20
            RenderTableCell {TD} at (0,33) size 7x2 [border: none] [r=1 c=0 rs=1 cs=1]
            RenderTableCell {TD} at (6,24) size 82x20 [border: none] [r=1 c=1 rs=1 cs=1]
              RenderText {#text} at (1,1) size 75x17
                text run at (1,1) width 75: "ipsum dolor"
          RenderTableRow {TR} at (0,44) size 88x24
            RenderTableCell {TD} at (0,53) size 7x6 [border: none] [r=2 c=0 rs=1 cs=1]
            RenderTableCell {TD} at (6,44) size 82x24 [border: none] [r=2 c=1 rs=1 cs=1]
              RenderText {#text} at (1,1) size 48x17
                text run at (1,1) width 48: "sit amet"
      RenderTable {TABLE} at (0,86) size 73x76 [border: (4px solid #000000)]
        RenderTableSection {TBODY} at (4,4) size 65x68
          RenderTableRow {TR} at (0,0) size 65x24
            RenderTableCell {TD} at (0,9) size 11x6 [border: (4px none #000000)] [r=0 c=0 rs=1 cs=1]
            RenderTableCell {TD} at (10,0) size 55x24 [border: (4px none #000000)] [r=0 c=1 rs=1 cs=1]
              RenderText {#text} at (1,5) size 42x17
                text run at (1,5) width 42: "Lorem"
          RenderTableRow {TR} at (0,24) size 65x20
            RenderTableCell {TD} at (0,24) size 11x20 [border: none] [r=1 c=0 rs=1 cs=1]
              RenderText {#text} at (5,1) size 4x17
                text run at (5,1) width 4: " "
          RenderTableRow {TR} at (0,44) size 65x24
            RenderTableCell {TD} at (0,53) size 11x6 [border: none] [r=2 c=0 rs=1 cs=1]
            RenderTableCell {TD} at (10,44) size 55x24 [border: none] [r=2 c=1 rs=1 cs=1]
              RenderText {#text} at (1,1) size 48x17
                text run at (1,1) width 48: "sit amet"
      RenderTable {TABLE} at (0,172) size 109x76 [border: (4px solid #000000)]
        RenderTableSection {TBODY} at (4,4) size 101x68
          RenderTableRow {TR} at (0,0) size 101x24
            RenderTableCell {TD} at (0,9) size 11x6 [border: (4px none #000000)] [r=0 c=0 rs=1 cs=1]
            RenderTableCell {TD} at (10,0) size 91x24 [border: (4px none #000000)] [r=0 c=1 rs=1 cs=1]
              RenderText {#text} at (1,5) size 84x17
                text run at (1,5) width 84: "Lorem ipsum"
          RenderTableRow {TR} at (0,24) size 101x20
            RenderTableCell {TD} at (0,24) size 11x20 [border: none] [r=1 c=0 rs=1 cs=1]
              RenderText {#text} at (5,1) size 4x17
                text run at (5,1) width 4: " "
          RenderTableRow {TR} at (0,44) size 101x24
            RenderTableCell {TD} at (0,53) size 11x6 [border: none] [r=2 c=0 rs=1 cs=1]
            RenderTableCell {TD} at (10,44) size 91x24 [border: none] [r=2 c=1 rs=1 cs=1]
              RenderText {#text} at (1,1) size 48x17
                text run at (1,1) width 48: "sit amet"
      RenderTable {TABLE} at (0,258) size 100x76 [border: (4px solid #000000)]
        RenderTableSection {TBODY} at (4,4) size 92x68
          RenderTableRow {TR} at (0,0) size 92x24
            RenderTableCell {TD} at (0,9) size 11x6 [border: (4px none #000000)] [r=0 c=0 rs=1 cs=1]
            RenderTableCell {TD} at (10,0) size 82x24 [border: (4px none #000000)] [r=0 c=1 rs=1 cs=1]
              RenderText {#text} at (1,5) size 42x17
                text run at (1,5) width 42: "Lorem"
          RenderTableRow {TR} at (0,24) size 92x20
            RenderTableCell {TD} at (0,24) size 11x20 [border: none] [r=1 c=0 rs=1 cs=1]
              RenderText {#text} at (5,1) size 4x17
                text run at (5,1) width 4: " "
            RenderTableCell {TD} at (10,24) size 82x20 [border: none] [r=1 c=1 rs=1 cs=1]
              RenderText {#text} at (1,1) size 75x17
                text run at (1,1) width 75: "ipsum dolor"
          RenderTableRow {TR} at (0,44) size 92x24
            RenderTableCell {TD} at (0,53) size 11x6 [border: none] [r=2 c=0 rs=1 cs=1]
            RenderTableCell {TD} at (10,44) size 82x24 [border: none] [r=2 c=1 rs=1 cs=1]
              RenderText {#text} at (1,1) size 48x17
                text run at (1,1) width 48: "sit amet"
