layer at (0,0) size 800x600
  RenderView at (0,0) size 800x600
layer at (0,0) size 800x477
  RenderBlock {HTML} at (0,0) size 800x477
    RenderBody {BODY} at (8,16) size 784x445
      RenderBlock {P} at (0,0) size 784x18
        RenderText {#text} at (0,0) size 504x17
          text run at (0,0) width 504: "The following two columns should be pixel perfect identical with no red visible."
      RenderTable {TABLE} at (0,34) size 78x377 [border: (3px solid #000000)]
        RenderTableSection {TBODY} at (3,3) size 72x371
          RenderTableRow {TR} at (0,0) size 72x371
            RenderTableCell {TD} at (0,0) size 36x371 [bgcolor=#FFA500] [r=0 c=0 rs=1 cs=1]
            RenderTableCell {TD} at (36,0) size 36x371 [bgcolor=#FFA500] [r=0 c=1 rs=1 cs=1]
              RenderBlock {DIV} at (0,50) size 36x271 [bgcolor=#0000FF]
                RenderBlock {DIV} at (0,0) size 36x57 [bgcolor=#FFFF00]
                  RenderText {#text} at (0,0) size 36x56
                    text run at (0,0) width 36: "A"
                RenderBlock {DIV} at (0,107) size 36x57 [bgcolor=#00FF00]
                  RenderText {#text} at (0,0) size 33x56
                    text run at (0,0) width 33: "B"
                RenderBlock {DIV} at (0,214) size 36x57 [bgcolor=#00FFFF]
                  RenderText {#text} at (0,0) size 33x56
                    text run at (0,0) width 33: "C"
      RenderBlock {P} at (0,427) size 784x18
        RenderText {#text} at (0,0) size 259x17
          text run at (0,0) width 259: "This test is meaningless if you don't pass "
        RenderInline {A} at (0,0) size 49x17 [color=#0000EE]
          RenderText {#text} at (259,0) size 49x17
            text run at (259,0) width 49: "test 006"
        RenderText {#text} at (308,0) size 4x17
          text run at (308,0) width 4: "."
layer at (11,103) size 36x271
  RenderBlock (relative positioned) {DIV} at (0,50) size 36x271 [bgcolor=#0000FF]
layer at (11,103) size 36x57
  RenderBlock (relative positioned) {DIV} at (0,0) size 36x57 [bgcolor=#FF0000]
layer at (11,103) size 36x57
  RenderBlock (relative positioned) {DIV} at (0,0) size 36x57
layer at (11,103) size 36x57
  RenderBlock (relative positioned) {DIV} at (0,0) size 36x57 [bgcolor=#FFFF00]
    RenderText {#text} at (0,0) size 36x56
      text run at (0,0) width 36: "A"
layer at (11,210) size 36x57
  RenderBlock (relative positioned) {DIV} at (0,107) size 36x57 [bgcolor=#FF0000]
layer at (11,210) size 36x57
  RenderBlock (relative positioned) {DIV} at (0,0) size 36x57 [bgcolor=#00FF00]
    RenderBlock (anonymous) at (0,0) size 36x57
      RenderText {#text} at (0,0) size 33x56
        text run at (0,0) width 33: "B"
layer at (11,317) size 36x57
  RenderBlock (relative positioned) {DIV} at (0,214) size 36x57 [bgcolor=#00FFFF]
    RenderText {#text} at (0,0) size 33x56
      text run at (0,0) width 33: "C"
