layer at (0,0) size 800x600
  RenderView at (0,0) size 800x600
layer at (0,0) size 800x600
  RenderBlock {HTML} at (0,0) size 800x600
    RenderBody {BODY} at (8,8) size 784x584
      RenderText {#text} at (0,0) size 777x36
        text run at (0,0) width 777: "This tests the width of a breaking space after a Hindi character to ensure that it's measured properly and enough space is left"
        text run at (0,18) width 752: "for it. Neither the Hindi on the button below nor the same text on two lines below that should be truncated at either end."
      RenderBR {BR} at (752,32) size 0x0
      RenderButton {INPUT} at (2,38) size 99x18 [bgcolor=#C0C0C0]
        RenderBlock (anonymous) at (8,2) size 83x17
          RenderText at (0,1) size 83x13
            text run at (0,1) width 83: "\x{915}\x{93F}\x{938}\x{940} \x{92D}\x{940} \x{924}\x{930}\x{939} \x{906}\x{917}\x{947} \x{92C}"
      RenderBR {BR} at (102,52) size 1x0
      RenderInline {SPAN} at (0,0) size 112x18
        RenderText {#text} at (0,62) size 112x18
          text run at (0,62) width 112: "\x{915}\x{93F}\x{938}\x{940} \x{92D}\x{940} \x{924}\x{930}\x{939} \x{906}\x{917}\x{947} \x{92C}"
      RenderText {#text} at (112,62) size 25x18
        text run at (112,62) width 25: "Foo"
      RenderBR {BR} at (137,76) size 0x0
      RenderInline {SPAN} at (0,0) size 112x17
        RenderText {#text} at (0,87) size 112x17
          text run at (0,87) width 112: "\x{915}\x{93F}\x{938}\x{940} \x{92D}\x{940} \x{924}\x{930}\x{939} \x{906}\x{917}\x{947} \x{92C}"
      RenderText {#text} at (112,87) size 25x18
        text run at (112,87) width 25: "Foo"
      RenderBR {BR} at (137,101) size 0x0
