layer at (0,0) size 800x600
  RenderView at (0,0) size 800x600
layer at (0,0) size 800x386
  RenderBlock {HTML} at (0,0) size 800x386
    RenderBody {BODY} at (8,8) size 784x370
      RenderBlock (anonymous) at (0,0) size 784x72
        RenderText {#text} at (0,0) size 537x17
          text run at (0,0) width 537: "Tests for basic button rendering. Creates a table with seven columns and seven rows. "
        RenderBR {BR} at (536,0) size 1x17
        RenderText {#text} at (0,18) size 511x17
          text run at (0,18) width 511: "Creates two different types of buttons, one with an image (a red dot) and another "
        RenderBR {BR} at (510,18) size 1x17
        RenderText {#text} at (0,36) size 648x17
          text run at (0,36) width 648: "with text (\"foo\") and then uses six different paddings to make sure each of the buttons render properly. "
        RenderBR {BR} at (647,36) size 1x17
        RenderBR {BR} at (0,54) size 0x17
      RenderTable {TABLE} at (0,72) size 684x298
        RenderTableSection {TBODY} at (0,0) size 684x298
          RenderTableRow {TR} at (0,0) size 684x20
            RenderTableCell {TD} at (0,0) size 169x20 [r=0 c=0 rs=1 cs=1]
              RenderText {#text} at (1,1) size 42x17
                text run at (1,1) width 42: "styling"
            RenderTableCell {TD} at (169,0) size 60x20 [r=0 c=1 rs=1 cs=1]
              RenderText {#text} at (1,1) size 58x17
                text run at (1,1) width 58: "<button>"
            RenderTableCell {TD} at (229,0) size 157x20 [r=0 c=2 rs=1 cs=1]
              RenderText {#text} at (1,1) size 155x17
                text run at (1,1) width 155: "(offsetH,W) (clientH,W)"
            RenderTableCell {TD} at (385,0) size 133x20 [r=0 c=3 rs=1 cs=1]
              RenderText {#text} at (1,1) size 130x17
                text run at (1,1) width 130: "<input type=button>"
            RenderTableCell {TD} at (517,0) size 167x20 [r=0 c=4 rs=1 cs=1]
              RenderText {#text} at (1,1) size 164x17
                text run at (1,1) width 164: "(offsetH,W) (clientH, -W)"
          RenderTableRow {TR} at (0,20) size 684x33
            RenderTableCell {TD} at (0,26) size 169x21 [r=1 c=0 rs=1 cs=1]
              RenderText {#text} at (1,1) size 53x18
                text run at (1,2) width 53: "(default)"
            RenderTableCell {TD} at (169,20) size 60x33 [r=1 c=1 rs=1 cs=1]
              RenderButton {BUTTON} at (3,3) size 26x27 [bgcolor=#C0C0C0] [border: (2px outset #C0C0C0)]
                RenderBlock (anonymous) at (8,4) size 10x18
                  RenderImage {IMG} at (0,4) size 10x10
            RenderTableCell {TD} at (229,26) size 157x21 [r=1 c=2 rs=1 cs=1]
              RenderText {#text} at (1,1) size 104x18
                text run at (1,2) width 104: "(27, 26) (23, 22)"
            RenderTableCell {TD} at (385,22) size 133x29 [r=1 c=3 rs=1 cs=1]
              RenderButton {INPUT} at (3,3) size 34x23 [bgcolor=#C0C0C0]
                RenderBlock (anonymous) at (6,2) size 22x18
                  RenderText at (0,0) size 22x17
                    text run at (0,0) width 22: "foo"
            RenderTableCell {TD} at (517,26) size 167x21 [r=1 c=4 rs=1 cs=1]
              RenderText {#text} at (1,1) size 104x18
                text run at (1,2) width 104: "(23, 34) (23, 34)"
          RenderTableRow {TR} at (0,53) size 684x28
            RenderTableCell {TD} at (0,57) size 169x20 [r=2 c=0 rs=1 cs=1]
              RenderText {#text} at (1,1) size 67x17
                text run at (1,1) width 67: "padding: 0"
            RenderTableCell {TD} at (169,53) size 60x28 [r=2 c=1 rs=1 cs=1]
              RenderButton {BUTTON} at (3,3) size 14x22 [bgcolor=#C0C0C0] [border: (2px outset #C0C0C0)]
                RenderBlock (anonymous) at (2,2) size 10x18
                  RenderImage {IMG} at (0,4) size 10x10
            RenderTableCell {TD} at (229,57) size 157x20 [r=2 c=2 rs=1 cs=1]
              RenderText {#text} at (1,1) size 104x17
                text run at (1,1) width 104: "(22, 14) (18, 10)"
            RenderTableCell {TD} at (385,55) size 133x24 [r=2 c=3 rs=1 cs=1]
              RenderButton {INPUT} at (3,3) size 22x18 [bgcolor=#C0C0C0]
                RenderBlock (anonymous) at (0,0) size 22x18
                  RenderText at (0,0) size 22x17
                    text run at (0,0) width 22: "foo"
            RenderTableCell {TD} at (517,57) size 167x20 [r=2 c=4 rs=1 cs=1]
              RenderText {#text} at (1,1) size 104x17
                text run at (1,1) width 104: "(18, 22) (18, 22)"
          RenderTableRow {TR} at (0,81) size 684x50
            RenderTableCell {TD} at (0,96) size 169x20 [r=3 c=0 rs=1 cs=1]
              RenderText {#text} at (1,1) size 88x17
                text run at (1,1) width 88: "padding: 10%"
            RenderTableCell {TD} at (169,86) size 60x40 [r=3 c=1 rs=1 cs=1]
              RenderButton {BUTTON} at (3,3) size 26x34 [bgcolor=#C0C0C0] [border: (2px outset #C0C0C0)]
                RenderBlock (anonymous) at (7,7) size 11x19
                  RenderImage {IMG} at (0,4) size 10x10
            RenderTableCell {TD} at (229,96) size 157x20 [r=3 c=2 rs=1 cs=1]
              RenderText {#text} at (1,1) size 104x17
                text run at (1,1) width 104: "(34, 26) (30, 22)"
            RenderTableCell {TD} at (385,81) size 133x50 [r=3 c=3 rs=1 cs=1]
              RenderButton {INPUT} at (3,3) size 48x44 [bgcolor=#C0C0C0]
                RenderBlock (anonymous) at (13,13) size 22x18
                  RenderText at (0,0) size 22x17
                    text run at (0,0) width 22: "foo"
            RenderTableCell {TD} at (517,96) size 167x20 [r=3 c=4 rs=1 cs=1]
              RenderText {#text} at (1,1) size 104x17
                text run at (1,1) width 104: "(44, 48) (44, 48)"
          RenderTableRow {TR} at (0,131) size 684x32
            RenderTableCell {TD} at (0,137) size 169x20 [r=4 c=0 rs=1 cs=1]
              RenderText {#text} at (1,1) size 83x17
                text run at (1,1) width 83: "padding: 2px"
            RenderTableCell {TD} at (169,131) size 60x32 [r=4 c=1 rs=1 cs=1]
              RenderButton {BUTTON} at (3,3) size 18x26 [bgcolor=#C0C0C0] [border: (2px outset #C0C0C0)]
                RenderBlock (anonymous) at (4,4) size 10x18
                  RenderImage {IMG} at (0,4) size 10x10
            RenderTableCell {TD} at (229,137) size 157x20 [r=4 c=2 rs=1 cs=1]
              RenderText {#text} at (1,1) size 104x17
                text run at (1,1) width 104: "(26, 18) (22, 14)"
            RenderTableCell {TD} at (385,133) size 133x28 [r=4 c=3 rs=1 cs=1]
              RenderButton {INPUT} at (3,3) size 26x22 [bgcolor=#C0C0C0]
                RenderBlock (anonymous) at (2,2) size 22x18
                  RenderText at (0,0) size 22x17
                    text run at (0,0) width 22: "foo"
            RenderTableCell {TD} at (517,137) size 167x20 [r=4 c=4 rs=1 cs=1]
              RenderText {#text} at (1,1) size 104x17
                text run at (1,1) width 104: "(22, 26) (22, 26)"
          RenderTableRow {TR} at (0,163) size 684x33
            RenderTableCell {TD} at (0,169) size 169x21 [r=5 c=0 rs=1 cs=1]
              RenderText {#text} at (1,1) size 167x18
                text run at (1,2) width 167: "padding: 2px 6px 3px 6px"
            RenderTableCell {TD} at (169,163) size 60x33 [r=5 c=1 rs=1 cs=1]
              RenderButton {BUTTON} at (3,3) size 26x27 [bgcolor=#C0C0C0] [border: (2px outset #C0C0C0)]
                RenderBlock (anonymous) at (8,4) size 10x18
                  RenderImage {IMG} at (0,4) size 10x10
            RenderTableCell {TD} at (229,169) size 157x21 [r=5 c=2 rs=1 cs=1]
              RenderText {#text} at (1,1) size 104x18
                text run at (1,2) width 104: "(27, 26) (23, 22)"
            RenderTableCell {TD} at (385,165) size 133x29 [r=5 c=3 rs=1 cs=1]
              RenderButton {INPUT} at (3,3) size 34x23 [bgcolor=#C0C0C0]
                RenderBlock (anonymous) at (6,2) size 22x18
                  RenderText at (0,0) size 22x17
                    text run at (0,0) width 22: "foo"
            RenderTableCell {TD} at (517,169) size 167x21 [r=5 c=4 rs=1 cs=1]
              RenderText {#text} at (1,1) size 104x18
                text run at (1,2) width 104: "(23, 34) (23, 34)"
          RenderTableRow {TR} at (0,196) size 684x34
            RenderTableCell {TD} at (0,203) size 169x20 [r=6 c=0 rs=1 cs=1]
              RenderText {#text} at (1,1) size 111x17
                text run at (1,1) width 111: "padding: 3px 7px"
            RenderTableCell {TD} at (169,196) size 60x34 [r=6 c=1 rs=1 cs=1]
              RenderButton {BUTTON} at (3,3) size 28x28 [bgcolor=#C0C0C0] [border: (2px outset #C0C0C0)]
                RenderBlock (anonymous) at (9,5) size 10x18
                  RenderImage {IMG} at (0,4) size 10x10
            RenderTableCell {TD} at (229,203) size 157x20 [r=6 c=2 rs=1 cs=1]
              RenderText {#text} at (1,1) size 104x17
                text run at (1,1) width 104: "(28, 28) (24, 24)"
            RenderTableCell {TD} at (385,198) size 133x30 [r=6 c=3 rs=1 cs=1]
              RenderButton {INPUT} at (3,3) size 36x24 [bgcolor=#C0C0C0]
                RenderBlock (anonymous) at (7,3) size 22x18
                  RenderText at (0,0) size 22x17
                    text run at (0,0) width 22: "foo"
            RenderTableCell {TD} at (517,203) size 167x20 [r=6 c=4 rs=1 cs=1]
              RenderText {#text} at (1,1) size 104x17
                text run at (1,1) width 104: "(24, 36) (24, 36)"
          RenderTableRow {TR} at (0,230) size 684x68
            RenderTableCell {TD} at (0,254) size 169x20 [r=7 c=0 rs=1 cs=1]
              RenderText {#text} at (1,1) size 91x17
                text run at (1,1) width 91: "padding: 20px"
            RenderTableCell {TD} at (169,230) size 60x68 [r=7 c=1 rs=1 cs=1]
              RenderButton {BUTTON} at (3,3) size 54x62 [bgcolor=#C0C0C0] [border: (2px outset #C0C0C0)]
                RenderBlock (anonymous) at (22,22) size 10x18
                  RenderImage {IMG} at (0,4) size 10x10
            RenderTableCell {TD} at (229,254) size 157x20 [r=7 c=2 rs=1 cs=1]
              RenderText {#text} at (1,1) size 104x17
                text run at (1,1) width 104: "(62, 54) (58, 50)"
            RenderTableCell {TD} at (385,232) size 133x64 [r=7 c=3 rs=1 cs=1]
              RenderButton {INPUT} at (3,3) size 62x58 [bgcolor=#C0C0C0]
                RenderBlock (anonymous) at (20,20) size 22x18
                  RenderText at (0,0) size 22x17
                    text run at (0,0) width 22: "foo"
            RenderTableCell {TD} at (517,254) size 167x20 [r=7 c=4 rs=1 cs=1]
              RenderText {#text} at (1,1) size 104x17
                text run at (1,1) width 104: "(58, 62) (58, 62)"
