layer at (0,0) size 800x600
  RenderView at (0,0) size 800x600
layer at (0,0) size 800x600
  RenderBlock {HTML} at (0,0) size 800x600
    RenderBody {BODY} at (8,8) size 784x584
      RenderButton {BUTTON} at (2,2) size 95x27 [color=#2E3436] [bgcolor=#C0C0C0] [border: (2px outset #C0C0C0)]
        RenderBlock (anonymous) at (8,4) size 79x18
          RenderText {#text} at (0,0) size 79x17
            text run at (0,0) width 79: "Test Button"
      RenderText {#text} at (99,6) size 4x17
        text run at (99,6) width 4: " "
      RenderButton {BUTTON} at (105,2) size 95x27 [color=#FF0000] [bgcolor=#C0C0C0] [border: (2px outset #C0C0C0)]
        RenderBlock (anonymous) at (8,4) size 79x18
          RenderText {#text} at (0,0) size 79x17
            text run at (0,0) width 79: "Test Button"
      RenderText {#text} at (202,6) size 4x17
        text run at (202,6) width 4: " "
      RenderButton {BUTTON} at (208,2) size 95x27 [color=#2E3436] [bgcolor=#008000] [border: (2px outset #C0C0C0)]
        RenderBlock (anonymous) at (8,4) size 79x18
          RenderText {#text} at (0,0) size 79x17
            text run at (0,0) width 79: "Test Button"
      RenderText {#text} at (305,6) size 4x17
        text run at (305,6) width 4: " "
      RenderButton {BUTTON} at (311,2) size 95x27 [color=#FF0000] [bgcolor=#008000] [border: (2px outset #C0C0C0)]
        RenderBlock (anonymous) at (8,4) size 79x18
          RenderText {#text} at (0,0) size 79x17
            text run at (0,0) width 79: "Test Button"
      RenderText {#text} at (408,6) size 4x17
        text run at (408,6) width 4: " "
      RenderButton {INPUT} at (414,2) size 95x27 [color=#2E3436] [bgcolor=#C0C0C0] [border: (2px outset #C0C0C0)]
        RenderBlock (anonymous) at (8,4) size 79x18
          RenderText at (0,0) size 79x17
            text run at (0,0) width 79: "Test Button"
      RenderText {#text} at (511,6) size 4x17
        text run at (511,6) width 4: " "
      RenderButton {INPUT} at (517,2) size 95x27 [color=#FF0000] [bgcolor=#C0C0C0] [border: (2px outset #C0C0C0)]
        RenderBlock (anonymous) at (8,4) size 79x18
          RenderText at (0,0) size 79x17
            text run at (0,0) width 79: "Test Button"
      RenderText {#text} at (614,6) size 4x17
        text run at (614,6) width 4: " "
      RenderButton {INPUT} at (620,2) size 95x27 [color=#2E3436] [bgcolor=#008000] [border: (2px outset #C0C0C0)]
        RenderBlock (anonymous) at (8,4) size 79x18
          RenderText at (0,0) size 79x17
            text run at (0,0) width 79: "Test Button"
      RenderText {#text} at (717,6) size 4x17
        text run at (717,6) width 4: " "
      RenderButton {INPUT} at (2,33) size 95x27 [color=#FF0000] [bgcolor=#008000] [border: (2px outset #C0C0C0)]
        RenderBlock (anonymous) at (8,4) size 79x18
          RenderText at (0,0) size 79x17
            text run at (0,0) width 79: "Test Button"
      RenderText {#text} at (0,0) size 0x0
