layer at (0,0) size 800x600
  RenderView at (0,0) size 800x600
layer at (0,0) size 800x600
  RenderBlock {HTML} at (0,0) size 800x600
    RenderBody {BODY} at (8,8) size 784x584
      RenderBlock (anonymous) at (0,0) size 784x18
        RenderText {#text} at (0,0) size 342x17
          text run at (0,0) width 342: "This tests that buttons don't honor table display styles. "
        RenderBR {BR} at (342,14) size 0x0
      RenderButton {INPUT} at (2,20) size 106x23 [bgcolor=#C0C0C0]
        RenderBlock (anonymous) at (6,2) size 94x18
          RenderText at (0,0) size 94x17
            text run at (0,0) width 94: "display: table"
      RenderButton {INPUT} at (2,45) size 106x23 [bgcolor=#C0C0C0]
        RenderBlock (anonymous) at (6,2) size 94x18
          RenderText at (0,0) size 94x17
            text run at (0,0) width 94: "display: table"
      RenderBlock (anonymous) at (0,70) size 784x423
        RenderBR {BR} at (0,0) size 0x17
        RenderBR {BR} at (0,18) size 0x17
        RenderButton {INPUT} at (2,38) size 150x23 [bgcolor=#C0C0C0]
          RenderBlock (anonymous) at (6,2) size 138x18
            RenderText at (0,0) size 138x17
              text run at (0,0) width 138: "display: inline-table"
        RenderText {#text} at (154,40) size 4x17
          text run at (154,40) width 4: " "
        RenderButton {INPUT} at (160,38) size 150x23 [bgcolor=#C0C0C0]
          RenderBlock (anonymous) at (6,2) size 138x18
            RenderText at (0,0) size 138x17
              text run at (0,0) width 138: "display: inline-table"
        RenderText {#text} at (312,40) size 4x17
          text run at (312,40) width 4: " "
        RenderBR {BR} at (316,54) size 0x0
        RenderBR {BR} at (0,63) size 0x17
        RenderButton {INPUT} at (2,83) size 183x23 [bgcolor=#C0C0C0]
          RenderBlock (anonymous) at (6,2) size 171x18
            RenderText at (0,0) size 171x17
              text run at (0,0) width 171: "display: table-row-group"
        RenderText {#text} at (187,85) size 4x17
          text run at (187,85) width 4: " "
        RenderButton {INPUT} at (193,83) size 183x23 [bgcolor=#C0C0C0]
          RenderBlock (anonymous) at (6,2) size 171x18
            RenderText at (0,0) size 171x17
              text run at (0,0) width 171: "display: table-row-group"
        RenderText {#text} at (378,85) size 4x17
          text run at (378,85) width 4: " "
        RenderBR {BR} at (382,99) size 0x0
        RenderBR {BR} at (0,108) size 0x17
        RenderButton {INPUT} at (2,128) size 207x23 [bgcolor=#C0C0C0]
          RenderBlock (anonymous) at (6,2) size 195x18
            RenderText at (0,0) size 195x17
              text run at (0,0) width 195: "display: table-header-group"
        RenderText {#text} at (211,130) size 4x17
          text run at (211,130) width 4: " "
        RenderButton {INPUT} at (217,128) size 207x23 [bgcolor=#C0C0C0]
          RenderBlock (anonymous) at (6,2) size 195x18
            RenderText at (0,0) size 195x17
              text run at (0,0) width 195: "display: table-header-group"
        RenderText {#text} at (426,130) size 4x17
          text run at (426,130) width 4: " "
        RenderBR {BR} at (430,144) size 0x0
        RenderBR {BR} at (0,153) size 0x17
        RenderButton {INPUT} at (2,173) size 197x23 [bgcolor=#C0C0C0]
          RenderBlock (anonymous) at (6,2) size 185x18
            RenderText at (0,0) size 185x17
              text run at (0,0) width 185: "display: table-footer-group"
        RenderText {#text} at (201,175) size 4x17
          text run at (201,175) width 4: " "
        RenderButton {INPUT} at (207,173) size 197x23 [bgcolor=#C0C0C0]
          RenderBlock (anonymous) at (6,2) size 185x18
            RenderText at (0,0) size 185x17
              text run at (0,0) width 185: "display: table-footer-group"
        RenderText {#text} at (406,175) size 4x17
          text run at (406,175) width 4: " "
        RenderBR {BR} at (410,189) size 0x0
        RenderBR {BR} at (0,198) size 0x17
        RenderButton {INPUT} at (2,218) size 137x23 [bgcolor=#C0C0C0]
          RenderBlock (anonymous) at (6,2) size 125x18
            RenderText at (0,0) size 125x17
              text run at (0,0) width 125: "display: table-row"
        RenderText {#text} at (141,220) size 4x17
          text run at (141,220) width 4: " "
        RenderButton {INPUT} at (147,218) size 137x23 [bgcolor=#C0C0C0]
          RenderBlock (anonymous) at (6,2) size 125x18
            RenderText at (0,0) size 125x17
              text run at (0,0) width 125: "display: table-row"
        RenderText {#text} at (286,220) size 4x17
          text run at (286,220) width 4: " "
        RenderBR {BR} at (290,234) size 0x0
        RenderBR {BR} at (0,243) size 0x17
        RenderButton {INPUT} at (2,263) size 209x23 [bgcolor=#C0C0C0]
          RenderBlock (anonymous) at (6,2) size 197x18
            RenderText at (0,0) size 197x17
              text run at (0,0) width 197: "display: table-column-group"
        RenderText {#text} at (213,265) size 4x17
          text run at (213,265) width 4: " "
        RenderButton {INPUT} at (219,263) size 209x23 [bgcolor=#C0C0C0]
          RenderBlock (anonymous) at (6,2) size 197x18
            RenderText at (0,0) size 197x17
              text run at (0,0) width 197: "display: table-column-group"
        RenderText {#text} at (430,265) size 4x17
          text run at (430,265) width 4: " "
        RenderBR {BR} at (434,279) size 0x0
        RenderBR {BR} at (0,288) size 0x17
        RenderButton {INPUT} at (2,308) size 163x23 [bgcolor=#C0C0C0]
          RenderBlock (anonymous) at (6,2) size 151x18
            RenderText at (0,0) size 151x17
              text run at (0,0) width 151: "display: table-column"
        RenderText {#text} at (167,310) size 4x17
          text run at (167,310) width 4: " "
        RenderButton {INPUT} at (173,308) size 163x23 [bgcolor=#C0C0C0]
          RenderBlock (anonymous) at (6,2) size 151x18
            RenderText at (0,0) size 151x17
              text run at (0,0) width 151: "display: table-column"
        RenderText {#text} at (338,310) size 4x17
          text run at (338,310) width 4: " "
        RenderBR {BR} at (342,324) size 0x0
        RenderBR {BR} at (0,333) size 0x17
        RenderButton {INPUT} at (2,353) size 136x23 [bgcolor=#C0C0C0]
          RenderBlock (anonymous) at (6,2) size 124x18
            RenderText at (0,0) size 124x17
              text run at (0,0) width 124: "display: table-cell"
        RenderText {#text} at (140,355) size 4x17
          text run at (140,355) width 4: " "
        RenderButton {INPUT} at (146,353) size 136x23 [bgcolor=#C0C0C0]
          RenderBlock (anonymous) at (6,2) size 124x18
            RenderText at (0,0) size 124x17
              text run at (0,0) width 124: "display: table-cell"
        RenderText {#text} at (284,355) size 4x17
          text run at (284,355) width 4: " "
        RenderBR {BR} at (288,369) size 0x0
        RenderBR {BR} at (0,378) size 0x17
        RenderButton {INPUT} at (2,398) size 163x23 [bgcolor=#C0C0C0]
          RenderBlock (anonymous) at (6,2) size 151x18
            RenderText at (0,0) size 151x17
              text run at (0,0) width 151: "display: table-caption"
        RenderText {#text} at (167,400) size 4x17
          text run at (167,400) width 4: " "
        RenderButton {INPUT} at (173,398) size 163x23 [bgcolor=#C0C0C0]
          RenderBlock (anonymous) at (6,2) size 151x18
            RenderText at (0,0) size 151x17
              text run at (0,0) width 151: "display: table-caption"
        RenderText {#text} at (0,0) size 0x0
