layer at (0,0) size 800x600
  RenderView at (0,0) size 800x600
layer at (0,0) size 800x600
  RenderBlock {HTML} at (0,0) size 800x600
    RenderBody {BODY} at (8,8) size 784x584
      RenderButton {BUTTON} at (0,11) size 40x15 [color=#2E3436] [bgcolor=#C0C0C0] [border: (2px outset #C0C0C0)]
        RenderBlock (anonymous) at (8,4) size 24x6
          RenderText {#text} at (0,0) size 24x6
            text run at (0,0) width 24: "Test Button"
      RenderText {#text} at (40,6) size 4x17
        text run at (40,6) width 4: " "
      RenderButton {BUTTON} at (44,11) size 46x15 [color=#2E3436] [bgcolor=#C0C0C0] [border: (2px outset #C0C0C0)]
        RenderBlock (anonymous) at (8,4) size 30x6
          RenderText {#text} at (0,0) size 30x6
            text run at (0,0) width 30: "Test Button"
      RenderText {#text} at (90,6) size 4x17
        text run at (90,6) width 4: " "
      RenderButton {BUTTON} at (94,10) size 52x16 [color=#2E3436] [bgcolor=#C0C0C0] [border: (2px outset #C0C0C0)]
        RenderBlock (anonymous) at (8,4) size 36x7
          RenderText {#text} at (0,0) size 36x7
            text run at (0,0) width 36: "Test Button"
      RenderText {#text} at (146,6) size 4x17
        text run at (146,6) width 4: " "
      RenderButton {BUTTON} at (150,9) size 53x18 [color=#2E3436] [bgcolor=#C0C0C0] [border: (2px outset #C0C0C0)]
        RenderBlock (anonymous) at (8,4) size 37x9
          RenderText {#text} at (0,0) size 37x9
            text run at (0,0) width 37: "Test Button"
      RenderText {#text} at (203,6) size 4x17
        text run at (203,6) width 4: " "
      RenderButton {BUTTON} at (207,8) size 64x19 [color=#2E3436] [bgcolor=#C0C0C0] [border: (2px outset #C0C0C0)]
        RenderBlock (anonymous) at (8,4) size 48x10
          RenderText {#text} at (0,0) size 48x10
            text run at (0,0) width 48: "Test Button"
      RenderText {#text} at (271,6) size 4x17
        text run at (271,6) width 4: " "
      RenderButton {BUTTON} at (275,7) size 69x20 [color=#2E3436] [bgcolor=#C0C0C0] [border: (2px outset #C0C0C0)]
        RenderBlock (anonymous) at (8,4) size 53x11
          RenderText {#text} at (0,0) size 53x11
            text run at (0,0) width 53: "Test Button"
      RenderText {#text} at (344,6) size 4x17
        text run at (344,6) width 4: " "
      RenderButton {BUTTON} at (350,6) size 71x21 [color=#2E3436] [bgcolor=#C0C0C0] [border: (2px outset #C0C0C0)]
        RenderBlock (anonymous) at (8,4) size 55x12
          RenderText {#text} at (0,0) size 55x12
            text run at (0,0) width 55: "Test Button"
      RenderText {#text} at (423,6) size 4x17
        text run at (423,6) width 4: " "
      RenderButton {INPUT} at (429,2) size 95x27 [color=#2E3436] [bgcolor=#C0C0C0] [border: (2px outset #C0C0C0)]
        RenderBlock (anonymous) at (8,4) size 79x18
          RenderText at (0,0) size 79x17
            text run at (0,0) width 79: "Test Button"
      RenderText {#text} at (526,6) size 4x17
        text run at (526,6) width 4: " "
      RenderButton {BUTTON} at (532,5) size 76x23 [color=#2E3436] [bgcolor=#C0C0C0] [border: (2px outset #C0C0C0)]
        RenderBlock (anonymous) at (8,4) size 60x14
          RenderText {#text} at (0,0) size 60x14
            text run at (0,0) width 60: "Test Button"
      RenderText {#text} at (610,6) size 4x17
        text run at (610,6) width 4: " "
      RenderButton {BUTTON} at (616,4) size 83x24 [color=#2E3436] [bgcolor=#C0C0C0] [border: (2px outset #C0C0C0)]
        RenderBlock (anonymous) at (8,4) size 67x15
          RenderText {#text} at (0,0) size 67x15
            text run at (0,0) width 67: "Test Button"
      RenderText {#text} at (701,6) size 4x17
        text run at (701,6) width 4: " "
      RenderButton {BUTTON} at (2,38) size 87x25 [color=#2E3436] [bgcolor=#C0C0C0] [border: (2px outset #C0C0C0)]
        RenderBlock (anonymous) at (8,4) size 71x16
          RenderText {#text} at (0,0) size 71x16
            text run at (0,0) width 71: "Test Button"
      RenderText {#text} at (91,41) size 4x17
        text run at (91,41) width 4: " "
      RenderButton {BUTTON} at (97,37) size 89x26 [color=#2E3436] [bgcolor=#C0C0C0] [border: (2px outset #C0C0C0)]
        RenderBlock (anonymous) at (8,4) size 73x17
          RenderText {#text} at (0,0) size 73x17
            text run at (0,0) width 73: "Test Button"
      RenderText {#text} at (188,41) size 4x17
        text run at (188,41) width 4: " "
      RenderButton {BUTTON} at (194,37) size 95x27 [color=#2E3436] [bgcolor=#C0C0C0] [border: (2px outset #C0C0C0)]
        RenderBlock (anonymous) at (8,4) size 79x18
          RenderText {#text} at (0,0) size 79x17
            text run at (0,0) width 79: "Test Button"
      RenderText {#text} at (291,41) size 4x17
        text run at (291,41) width 4: " "
      RenderButton {BUTTON} at (297,36) size 100x29 [color=#2E3436] [bgcolor=#C0C0C0] [border: (2px outset #C0C0C0)]
        RenderBlock (anonymous) at (8,4) size 84x20
          RenderText {#text} at (0,0) size 84x19
            text run at (0,0) width 84: "Test Button"
      RenderText {#text} at (399,41) size 4x17
        text run at (399,41) width 4: " "
      RenderButton {BUTTON} at (405,35) size 106x30 [color=#2E3436] [bgcolor=#C0C0C0] [border: (2px outset #C0C0C0)]
        RenderBlock (anonymous) at (8,4) size 90x21
          RenderText {#text} at (0,0) size 90x20
            text run at (0,0) width 90: "Test Button"
      RenderText {#text} at (513,41) size 4x17
        text run at (513,41) width 4: " "
      RenderButton {BUTTON} at (519,34) size 113x31 [color=#2E3436] [bgcolor=#C0C0C0] [border: (2px outset #C0C0C0)]
        RenderBlock (anonymous) at (8,4) size 97x22
          RenderText {#text} at (0,0) size 97x21
            text run at (0,0) width 97: "Test Button"
      RenderText {#text} at (634,41) size 4x17
        text run at (634,41) width 4: " "
      RenderButton {BUTTON} at (640,33) size 117x32 [color=#2E3436] [bgcolor=#C0C0C0] [border: (2px outset #C0C0C0)]
        RenderBlock (anonymous) at (8,4) size 101x23
          RenderText {#text} at (0,0) size 101x22
            text run at (0,0) width 101: "Test Button"
      RenderText {#text} at (759,41) size 4x17
        text run at (759,41) width 4: " "
      RenderButton {BUTTON} at (2,69) size 124x33 [color=#2E3436] [bgcolor=#C0C0C0] [border: (2px outset #C0C0C0)]
        RenderBlock (anonymous) at (8,4) size 108x24
          RenderText {#text} at (0,0) size 108x23
            text run at (0,0) width 108: "Test Button"
      RenderText {#text} at (0,0) size 0x0
