layer at (0,0) size 800x600
  RenderView at (0,0) size 800x600
layer at (0,0) size 800x600
  RenderBlock {HTML} at (0,0) size 800x600
    RenderBody {BODY} at (8,8) size 784x584
layer at (10,10) size 209x9
  RenderButton {BUTTON} at (10,10) size 209x9 [bgcolor=#C0C0C0] [border: (2px outset #C0C0C0)]
    RenderBlock (anonymous) at (8,4) size 193x17
      RenderText {#text} at (8,0) size 177x17
        text run at (8,0) width 177: "This button is positioned."
layer at (10,10) size 239x9
  RenderButton {INPUT} at (10,10) size 239x9 [bgcolor=#C0C0C0] [border: (2px outset #C0C0C0)]
    RenderBlock (anonymous) at (8,4) size 223x17
      RenderText at (8,0) size 207x17
        text run at (8,0) width 207: "This button is also positioned"
