layer at (0,0) size 800x600
  RenderView at (0,0) size 800x600
layer at (0,0) size 800x600
  RenderBlock {HTML} at (0,0) size 800x600
    RenderBody {BODY} at (8,8) size 784x584
      RenderText {#text} at (0,0) size 519x17
        text run at (0,0) width 519: "This tests that we don't honor line-height for controls that have restricted font size. "
      RenderBR {BR} at (0,0) size 0x0
      RenderMenuList {SELECT} at (2,20) size 386x38 [bgcolor=#FFFFFF] [border: (1px solid #000000)]
        RenderBlock (anonymous) at (1,1) size 384x36
          RenderText at (5,9) size 358x17
            text run at (5,9) width 358: "This text should be centered vertically in the button"
      RenderText {#text} at (390,30) size 4x17
        text run at (390,30) width 4: " "
      RenderBR {BR} at (0,0) size 0x0
      RenderButton {INPUT} at (2,62) size 370x31 [bgcolor=#C0C0C0]
        RenderBlock (anonymous) at (6,2) size 358x26
          RenderText at (0,4) size 358x17
            text run at (0,4) width 358: "This text should be centered vertically in the button"
      RenderText {#text} at (374,68) size 4x17
        text run at (374,68) width 4: " "
      RenderBR {BR} at (0,0) size 0x0
      RenderTextControl {INPUT} at (2,97) size 207x32 [bgcolor=#FFFFFF] [border: (2px inset #000000)]
        RenderFlexibleBox {DIV} at (3,3) size 201x26
          RenderBlock {DIV} at (0,13) size 0x0
          RenderBlock {DIV} at (0,0) size 185x26
          RenderImage {DIV} at (185,5) size 16x16
      RenderText {#text} at (0,0) size 0x0
layer at (13,108) size 185x26 scrollWidth 359
  RenderBlock {DIV} at (0,0) size 185x26
    RenderText {#text} at (0,4) size 358x17
      text run at (0,4) width 358: "This text should be centered vertically in the button"
