layer at (0,0) size 800x600
  RenderView at (0,0) size 800x600
layer at (0,0) size 800x600
  RenderBlock {HTML} at (0,0) size 800x600
    RenderBody {BODY} at (8,8) size 784x576
      RenderBlock (anonymous) at (0,0) size 784x18
        RenderText {#text} at (0,0) size 762x17
          text run at (0,0) width 762: "This tests the height attribute of form elements. The only element that should honour this value is the Image type of input."
      RenderBlock {FORM} at (0,18) size 784x303
        RenderText {#text} at (0,5) size 36x17
          text run at (0,5) width 36: "input "
        RenderTextControl {INPUT} at (38,2) size 191x24 [bgcolor=#FFFFFF] [border: (2px inset #000000)]
        RenderText {#text} at (231,5) size 4x17
          text run at (231,5) width 4: " "
        RenderBR {BR} at (235,19) size 0x0
        RenderText {#text} at (0,33) size 27x17
          text run at (0,33) width 27: "text "
        RenderTextControl {INPUT} at (29,30) size 191x24 [bgcolor=#FFFFFF] [border: (2px inset #000000)]
        RenderText {#text} at (222,33) size 4x17
          text run at (222,33) width 4: " "
        RenderBR {BR} at (226,47) size 0x0
        RenderText {#text} at (0,57) size 65x17
          text run at (0,57) width 65: "checkbox "
        RenderBlock {INPUT} at (67,59) size 12x12
        RenderText {#text} at (81,57) size 4x17
          text run at (81,57) width 4: " "
        RenderBR {BR} at (85,71) size 0x0
        RenderText {#text} at (0,79) size 24x17
          text run at (0,79) width 24: "file "
        RenderFileUploadControl {INPUT} at (26,77) size 306x23 "no file selected"
          RenderButton {INPUT} at (0,0) size 99x23 [bgcolor=#C0C0C0]
            RenderBlock (anonymous) at (6,2) size 87x18
              RenderText at (0,0) size 87x17
                text run at (0,0) width 87: "Choose File"
        RenderText {#text} at (334,79) size 4x17
          text run at (334,79) width 4: " "
        RenderBR {BR} at (338,93) size 0x0
        RenderText {#text} at (0,102) size 42x17
          text run at (0,102) width 42: "image "
        RenderImage {INPUT} at (42,115) size 10x1
        RenderText {#text} at (52,102) size 4x17
          text run at (52,102) width 4: " "
        RenderBR {BR} at (56,116) size 0x0
        RenderText {#text} at (0,121) size 36x17
          text run at (0,121) width 36: "radio "
        RenderBlock {INPUT} at (38,123) size 12x12
        RenderText {#text} at (52,121) size 4x17
          text run at (52,121) width 4: " "
        RenderBR {BR} at (56,135) size 0x0
        RenderText {#text} at (0,147) size 39x17
          text run at (0,147) width 39: "range "
        RenderSlider {INPUT} at (41,141) size 129x20 [color=#909090] [bgcolor=#FFFFFF]
          RenderFlexibleBox {DIV} at (0,0) size 129x20
            RenderBlock {DIV} at (0,0) size 129x20
              RenderBlock {DIV} at (54,0) size 21x20
        RenderText {#text} at (172,147) size 4x17
          text run at (172,147) width 4: " "
        RenderBR {BR} at (176,161) size 0x0
        RenderText {#text} at (0,169) size 33x17
          text run at (0,169) width 33: "reset "
        RenderButton {INPUT} at (35,167) size 54x23 [bgcolor=#C0C0C0]
          RenderBlock (anonymous) at (6,2) size 42x18
            RenderText at (0,0) size 42x17
              text run at (0,0) width 42: "Reset"
        RenderText {#text} at (91,169) size 4x17
          text run at (91,169) width 4: " "
        RenderBR {BR} at (95,183) size 0x0
        RenderText {#text} at (0,196) size 46x17
          text run at (0,196) width 46: "submit "
        RenderButton {INPUT} at (48,194) size 62x23 [bgcolor=#C0C0C0]
          RenderBlock (anonymous) at (6,2) size 50x18
            RenderText at (0,0) size 50x17
              text run at (0,0) width 50: "Submit"
        RenderText {#text} at (112,196) size 4x17
          text run at (112,196) width 4: " "
        RenderBR {BR} at (116,210) size 0x0
        RenderText {#text} at (0,224) size 49x17
          text run at (0,224) width 49: "isindex "
        RenderTextControl {INPUT} at (51,221) size 191x24 [bgcolor=#FFFFFF] [border: (2px inset #000000)]
        RenderText {#text} at (244,224) size 4x17
          text run at (244,224) width 4: " "
        RenderBR {BR} at (248,238) size 0x0
        RenderText {#text} at (0,252) size 64x17
          text run at (0,252) width 64: "password "
        RenderTextControl {INPUT} at (66,249) size 191x24 [bgcolor=#FFFFFF] [border: (2px inset #000000)]
          RenderFlexibleBox {DIV} at (3,3) size 185x18
            RenderBlock {DIV} at (0,0) size 185x18
        RenderText {#text} at (259,252) size 4x17
          text run at (259,252) width 4: " "
        RenderBR {BR} at (263,266) size 0x0
        RenderText {#text} at (0,280) size 44x17
          text run at (0,280) width 44: "search "
        RenderTextControl {INPUT} at (46,277) size 207x24 [bgcolor=#FFFFFF] [border: (2px inset #000000)]
          RenderFlexibleBox {DIV} at (3,3) size 201x18
            RenderBlock {DIV} at (0,9) size 0x0
            RenderBlock {DIV} at (0,0) size 185x18
            RenderImage {DIV} at (185,1) size 16x16
        RenderText {#text} at (0,0) size 0x0
layer at (49,31) size 185x18
  RenderBlock {DIV} at (3,3) size 185x18
layer at (40,59) size 185x18
  RenderBlock {DIV} at (3,3) size 185x18
layer at (62,250) size 185x18
  RenderBlock {DIV} at (3,3) size 185x18
layer at (77,278) size 185x18
  RenderBlock {DIV} at (0,0) size 185x18
layer at (57,306) size 185x18
  RenderBlock {DIV} at (0,0) size 185x18
