layer at (0,0) size 800x600
  RenderView at (0,0) size 800x600
layer at (0,0) size 800x600
  RenderBlock {HTML} at (0,0) size 800x600
    RenderBody {BODY} at (8,8) size 784x584
      RenderButton {INPUT} at (0,10) size 40x15 [color=#2E3436] [bgcolor=#C0C0C0] [border: (2px outset #C0C0C0)]
        RenderBlock (anonymous) at (8,4) size 24x6
          RenderText at (0,0) size 24x6
            text run at (0,0) width 24: "Test Button"
      RenderText {#text} at (40,5) size 4x17
        text run at (40,5) width 4: " "
      RenderButton {INPUT} at (44,10) size 46x15 [color=#2E3436] [bgcolor=#C0C0C0] [border: (2px outset #C0C0C0)]
        RenderBlock (anonymous) at (8,4) size 30x6
          RenderText at (0,0) size 30x6
            text run at (0,0) width 30: "Test Button"
      RenderText {#text} at (90,5) size 4x17
        text run at (90,5) width 4: " "
      RenderButton {INPUT} at (94,9) size 52x16 [color=#2E3436] [bgcolor=#C0C0C0] [border: (2px outset #C0C0C0)]
        RenderBlock (anonymous) at (8,4) size 36x7
          RenderText at (0,0) size 36x7
            text run at (0,0) width 36: "Test Button"
      RenderText {#text} at (146,5) size 4x17
        text run at (146,5) width 4: " "
      RenderButton {INPUT} at (150,8) size 53x18 [color=#2E3436] [bgcolor=#C0C0C0] [border: (2px outset #C0C0C0)]
        RenderBlock (anonymous) at (8,4) size 37x9
          RenderText at (0,0) size 37x9
            text run at (0,0) width 37: "Test Button"
      RenderText {#text} at (203,5) size 4x17
        text run at (203,5) width 4: " "
      RenderButton {INPUT} at (207,7) size 64x19 [color=#2E3436] [bgcolor=#C0C0C0] [border: (2px outset #C0C0C0)]
        RenderBlock (anonymous) at (8,4) size 48x10
          RenderText at (0,0) size 48x10
            text run at (0,0) width 48: "Test Button"
      RenderText {#text} at (271,5) size 4x17
        text run at (271,5) width 4: " "
      RenderButton {INPUT} at (275,6) size 69x20 [color=#2E3436] [bgcolor=#C0C0C0] [border: (2px outset #C0C0C0)]
        RenderBlock (anonymous) at (8,4) size 53x11
          RenderText at (0,0) size 53x11
            text run at (0,0) width 53: "Test Button"
      RenderText {#text} at (344,5) size 4x17
        text run at (344,5) width 4: " "
      RenderButton {INPUT} at (350,5) size 71x21 [color=#2E3436] [bgcolor=#C0C0C0] [border: (2px outset #C0C0C0)]
        RenderBlock (anonymous) at (8,4) size 55x12
          RenderText at (0,0) size 55x12
            text run at (0,0) width 55: "Test Button"
      RenderText {#text} at (423,5) size 4x17
        text run at (423,5) width 4: " "
      RenderButton {INPUT} at (429,4) size 76x23 [color=#2E3436] [bgcolor=#C0C0C0] [border: (2px outset #C0C0C0)]
        RenderBlock (anonymous) at (8,4) size 60x14
          RenderText at (0,0) size 60x14
            text run at (0,0) width 60: "Test Button"
      RenderText {#text} at (507,5) size 4x17
        text run at (507,5) width 4: " "
      RenderButton {INPUT} at (513,3) size 83x24 [color=#2E3436] [bgcolor=#C0C0C0] [border: (2px outset #C0C0C0)]
        RenderBlock (anonymous) at (8,4) size 67x15
          RenderText at (0,0) size 67x15
            text run at (0,0) width 67: "Test Button"
      RenderText {#text} at (598,5) size 4x17
        text run at (598,5) width 4: " "
      RenderButton {INPUT} at (604,2) size 87x25 [color=#2E3436] [bgcolor=#C0C0C0] [border: (2px outset #C0C0C0)]
        RenderBlock (anonymous) at (8,4) size 71x16
          RenderText at (0,0) size 71x16
            text run at (0,0) width 71: "Test Button"
      RenderText {#text} at (693,5) size 4x17
        text run at (693,5) width 4: " "
      RenderButton {INPUT} at (2,35) size 89x26 [color=#2E3436] [bgcolor=#C0C0C0] [border: (2px outset #C0C0C0)]
        RenderBlock (anonymous) at (8,4) size 73x17
          RenderText at (0,0) size 73x17
            text run at (0,0) width 73: "Test Button"
      RenderText {#text} at (93,39) size 4x17
        text run at (93,39) width 4: " "
      RenderButton {INPUT} at (99,35) size 95x27 [color=#2E3436] [bgcolor=#C0C0C0] [border: (2px outset #C0C0C0)]
        RenderBlock (anonymous) at (8,4) size 79x18
          RenderText at (0,0) size 79x17
            text run at (0,0) width 79: "Test Button"
      RenderText {#text} at (196,39) size 4x17
        text run at (196,39) width 4: " "
      RenderButton {INPUT} at (202,34) size 100x29 [color=#2E3436] [bgcolor=#C0C0C0] [border: (2px outset #C0C0C0)]
        RenderBlock (anonymous) at (8,4) size 84x20
          RenderText at (0,0) size 84x19
            text run at (0,0) width 84: "Test Button"
      RenderText {#text} at (304,39) size 4x17
        text run at (304,39) width 4: " "
      RenderButton {INPUT} at (310,33) size 106x30 [color=#2E3436] [bgcolor=#C0C0C0] [border: (2px outset #C0C0C0)]
        RenderBlock (anonymous) at (8,4) size 90x21
          RenderText at (0,0) size 90x20
            text run at (0,0) width 90: "Test Button"
      RenderText {#text} at (418,39) size 4x17
        text run at (418,39) width 4: " "
      RenderButton {INPUT} at (424,32) size 113x31 [color=#2E3436] [bgcolor=#C0C0C0] [border: (2px outset #C0C0C0)]
        RenderBlock (anonymous) at (8,4) size 97x22
          RenderText at (0,0) size 97x21
            text run at (0,0) width 97: "Test Button"
      RenderText {#text} at (539,39) size 4x17
        text run at (539,39) width 4: " "
      RenderButton {INPUT} at (545,31) size 117x32 [color=#2E3436] [bgcolor=#C0C0C0] [border: (2px outset #C0C0C0)]
        RenderBlock (anonymous) at (8,4) size 101x23
          RenderText at (0,0) size 101x22
            text run at (0,0) width 101: "Test Button"
      RenderText {#text} at (664,39) size 4x17
        text run at (664,39) width 4: " "
      RenderButton {INPUT} at (2,67) size 124x33 [color=#2E3436] [bgcolor=#C0C0C0] [border: (2px outset #C0C0C0)]
        RenderBlock (anonymous) at (8,4) size 108x24
          RenderText at (0,0) size 108x23
            text run at (0,0) width 108: "Test Button"
      RenderText {#text} at (0,0) size 0x0
