layer at (0,0) size 800x600
  RenderView at (0,0) size 800x600
layer at (0,0) size 800x600
  RenderBlock {HTML} at (0,0) size 800x600
    RenderBody {BODY} at (8,8) size 784x576
      RenderBlock {P} at (0,0) size 784x18
        RenderText {#text} at (0,0) size 52x17
          text run at (0,0) width 52: "Test for "
        RenderInline {I} at (0,0) size 572x17
          RenderInline {A} at (0,0) size 299x17 [color=#0000EE]
            RenderText {#text} at (52,0) size 299x17
              text run at (52,0) width 299: "http://bugs.webkit.org/show_bug.cgi?id=11362"
          RenderText {#text} at (351,0) size 273x17
            text run at (351,0) width 4: " "
            text run at (355,0) width 269: "Native popup with size=\"1\" wraps options"
        RenderText {#text} at (624,0) size 4x17
          text run at (624,0) width 4: "."
      RenderBlock {P} at (0,34) size 784x24
        RenderText {#text} at (0,3) size 34x17
          text run at (0,3) width 34: "With "
        RenderInline {TT} at (0,0) size 64x15
          RenderText {#text} at (34,6) size 64x15
            text run at (34,6) width 64: "size=\"1\""
        RenderText {#text} at (98,3) size 8x17
          text run at (98,3) width 8: ": "
        RenderMenuList {SELECT} at (106,2) size 100x20 [bgcolor=#FFFFFF] [border: (1px solid #000000)]
          RenderBlock (anonymous) at (1,1) size 98x18
            RenderText at (0,0) size 226x17
              text run at (0,0) width 226: "Very long option that does not fit"
        RenderText {#text} at (0,0) size 0x0
      RenderBlock {P} at (0,74) size 784x24
        RenderText {#text} at (0,3) size 54x17
          text run at (0,3) width 54: "Without "
        RenderInline {TT} at (0,0) size 32x15
          RenderText {#text} at (54,6) size 32x15
            text run at (54,6) width 32: "size"
        RenderText {#text} at (86,3) size 8x17
          text run at (86,3) width 8: ": "
        RenderMenuList {SELECT} at (94,2) size 100x20 [bgcolor=#FFFFFF] [border: (1px solid #000000)]
          RenderBlock (anonymous) at (1,1) size 98x18
            RenderText at (0,0) size 226x17
              text run at (0,0) width 226: "Very long option that does not fit"
        RenderText {#text} at (0,0) size 0x0
