layer at (0,0) size 800x600
  RenderView at (0,0) size 800x600
layer at (0,0) size 800x600
  RenderBlock {HTML} at (0,0) size 800x600
    RenderBody {BODY} at (8,8) size 784x584
      RenderText {#text} at (0,0) size 344x17
        text run at (0,0) width 111: "TEST PASSED: "
        text run at (111,0) width 233: "If the popup menu only says \"Text\". "
      RenderBR {BR} at (344,14) size 0x0
      RenderText {#text} at (0,18) size 423x17
        text run at (0,18) width 108: "TEST FAILED: "
        text run at (108,18) width 315: "If the popup menu says \"document.write('Text')\". "
      RenderBR {BR} at (423,32) size 0x0
      RenderMenuList {SELECT} at (2,38) size 65x30 [color=#2E3436] [bgcolor=#FFFFFF] [border: (1px solid #2E3436)]
        RenderBlock (anonymous) at (1,1) size 63x28
          RenderText at (9,5) size 29x17
            text run at (9,5) width 29: "Text"
      RenderText {#text} at (0,0) size 0x0
