layer at (0,0) size 800x600
  RenderView at (0,0) size 800x600
layer at (0,0) size 800x600
  RenderBlock {HTML} at (0,0) size 800x600
    RenderBody {BODY} at (8,8) size 784x584
      RenderTextControl {INPUT} at (2,2) size 207x24 [bgcolor=#FFFFFF] [border: (2px inset #000000)]
        RenderFlexibleBox {DIV} at (3,3) size 201x18
          RenderBlock {DIV} at (0,9) size 0x0
          RenderBlock {DIV} at (0,0) size 185x18
          RenderImage {DIV} at (185,1) size 16x16
      RenderBR {BR} at (211,19) size 0x0
      RenderTextControl {INPUT} at (2,30) size 191x24 [bgcolor=#FFFFFF] [border: (2px inset #000000)]
      RenderBR {BR} at (195,47) size 0x0
      RenderTextControl {INPUT} at (2,58) size 207x24 [bgcolor=#FFFFFF] [border: (2px inset #000000)]
        RenderFlexibleBox {DIV} at (3,3) size 201x18
          RenderBlock {DIV} at (201,9) size 0x0
          RenderBlock {DIV} at (16,0) size 185x18
          RenderImage {DIV} at (0,1) size 16x16
      RenderBR {BR} at (211,75) size 0x0
      RenderTextControl {INPUT} at (2,86) size 223x24 [bgcolor=#FFFFFF] [border: (2px inset #000000)]
        RenderFlexibleBox {DIV} at (3,3) size 217x18
          RenderImage {DIV} at (0,1) size 16x16
          RenderBlock {DIV} at (16,0) size 185x18
          RenderImage {DIV} at (201,1) size 16x16
      RenderBR {BR} at (227,103) size 0x0
      RenderBR {BR} at (205,158) size 0x0
      RenderTextControl {INPUT} at (2,160) size 191x38 [bgcolor=#FFFFFF] [border: (2px inset #000000)]
      RenderBR {BR} at (195,177) size 0x0
      RenderBR {BR} at (205,259) size 0x0
      RenderTextControl {INPUT} at (5,264) size 178x29 [bgcolor=#FFFFFF] [border: (5px solid #000000)]
      RenderBR {BR} at (188,284) size 0x0
      RenderTextControl {INPUT} at (2,300) size 191x31 [bgcolor=#FFFFFF] [border: (2px inset #000000)]
      RenderText {#text} at (195,307) size 4x17
        text run at (195,307) width 4: " "
      RenderTextControl {INPUT} at (201,300) size 191x31 [bgcolor=#FFFFFF] [border: (2px inset #000000)]
      RenderText {#text} at (394,307) size 4x17
        text run at (394,307) width 4: " "
      RenderBR {BR} at (398,321) size 0x0
      RenderTextControl {INPUT} at (2,335) size 191x24 [bgcolor=#FFFFFF] [border: (2px inset #000000)]
      RenderText {#text} at (195,338) size 4x17
        text run at (195,338) width 4: " "
      RenderTextControl {INPUT} at (201,335) size 191x24 [bgcolor=#FFFFFF] [border: (2px inset #000000)]
      RenderText {#text} at (394,338) size 4x17
        text run at (394,338) width 4: " "
      RenderTextControl {INPUT} at (400,335) size 191x24 [bgcolor=#FFFFFF] [border: (2px inset #000000)]
      RenderText {#text} at (593,338) size 4x17
        text run at (593,338) width 4: " "
      RenderBR {BR} at (597,352) size 0x0
      RenderBR {BR} at (195,394) size 0x0
layer at (13,13) size 185x18
  RenderBlock {DIV} at (3,3) size 185x18 [color=#A9A9A9]
    RenderText {#text} at (0,0) size 84x17
      text run at (0,0) width 84: "placeholder"
layer at (13,13) size 185x18
  RenderBlock {DIV} at (0,0) size 185x18
layer at (13,41) size 185x18
  RenderBlock {DIV} at (3,3) size 185x18 [color=#A9A9A9]
    RenderText {#text} at (0,0) size 84x17
      text run at (0,0) width 84: "placeholder"
layer at (13,41) size 185x18
  RenderBlock {DIV} at (3,3) size 185x18
layer at (29,69) size 185x18
  RenderBlock {DIV} at (19,3) size 185x18 [color=#A9A9A9]
    RenderText {#text} at (101,0) size 84x17
      text run at (101,0) width 84: "placeholder"
layer at (29,69) size 185x18
  RenderBlock {DIV} at (0,0) size 185x18
layer at (29,97) size 185x18
  RenderBlock {DIV} at (19,3) size 185x18 [color=#A9A9A9]
    RenderText {#text} at (0,0) size 84x17
      text run at (0,0) width 84: "placeholder"
layer at (29,97) size 185x18
  RenderBlock {DIV} at (0,0) size 185x18
layer at (10,122) size 201x42 clip at (11,123) size 199x40
  RenderTextControl {TEXTAREA} at (2,114) size 201x42 [bgcolor=#FFFFFF] [border: (1px solid #000000)]
    RenderBlock {DIV} at (3,3) size 195x18
    RenderBlock {DIV} at (3,3) size 195x18 [color=#A9A9A9]
      RenderText {#text} at (0,0) size 84x17
        text run at (0,0) width 84: "placeholder"
layer at (13,171) size 185x18
  RenderBlock {DIV} at (3,3) size 185x18 [color=#A9A9A9]
    RenderText {#text} at (0,0) size 84x17
      text run at (0,0) width 84: "placeholder"
layer at (13,171) size 185x18
  RenderBlock {DIV} at (3,3) size 185x18
layer at (10,210) size 201x55 clip at (11,211) size 199x53
  RenderTextControl {TEXTAREA} at (2,202) size 201x55 [bgcolor=#FFFFFF] [border: (1px solid #000000)]
    RenderBlock {DIV} at (3,16) size 195x18
    RenderBlock {DIV} at (3,16) size 195x18 [color=#A9A9A9]
      RenderText {#text} at (0,0) size 84x17
        text run at (0,0) width 84: "placeholder"
layer at (19,278) size 166x17
  RenderBlock {DIV} at (6,6) size 166x17 [color=#A9A9A9]
    RenderText {#text} at (0,0) size 75x17
      text run at (0,0) width 75: "placeholder"
layer at (19,278) size 166x17
  RenderBlock {DIV} at (6,6) size 166x17
layer at (13,311) size 185x25
  RenderBlock {DIV} at (3,3) size 185x25
    RenderText {#text} at (0,4) size 41x17
      text run at (0,4) width 41: "Value"
layer at (212,315) size 185x18
  RenderBlock {DIV} at (3,6) size 185x19 [color=#A9A9A9]
    RenderText {#text} at (0,0) size 84x17
      text run at (0,0) width 84: "placeholder"
layer at (212,311) size 185x25
  RenderBlock {DIV} at (3,3) size 185x25
layer at (13,346) size 185x18
  RenderBlock {DIV} at (3,3) size 185x18
    RenderText {#text} at (72,0) size 41x17
      text run at (72,0) width 41: "Value"
layer at (212,346) size 185x18
  RenderBlock {DIV} at (3,3) size 185x18 [color=#A9A9A9]
    RenderText {#text} at (50,0) size 85x17
      text run at (50,0) width 85: "placeholder"
layer at (212,346) size 185x18
  RenderBlock {DIV} at (3,3) size 185x18
layer at (411,346) size 185x18
  RenderBlock {DIV} at (3,3) size 185x18 [color=#A9A9A9]
    RenderText {#text} at (50,0) size 85x17
      text run at (50,0) width 85: "placeholder"
layer at (411,346) size 185x18
  RenderBlock {DIV} at (3,3) size 185x18
layer at (10,371) size 191x38
  RenderTextControl {INPUT} at (2,363) size 191x38 [bgcolor=#FFFFFF] [border: (2px inset #000000)]
layer at (13,388) size 185x18
  RenderBlock {DIV} at (3,17) size 185x18 [color=#A9A9A9]
    RenderText {#text} at (0,0) size 84x17
      text run at (0,0) width 84: "placeholder"
layer at (13,388) size 185x18
  RenderBlock {DIV} at (3,17) size 185x18
