layer at (0,0) size 800x600
  RenderView at (0,0) size 800x600
layer at (0,0) size 800x43
  RenderBlock {HTML} at (0,0) size 800x43
    RenderBody {BODY} at (8,8) size 784x27
      RenderTextControl {INPUT} at (2,2) size 176x23 [bgcolor=#FFFFFF] [border: (1px solid #BDC7D8)]
        RenderFlexibleBox {DIV} at (18,4) size 154x15
          RenderBlock {DIV} at (0,0) size 15x15
          RenderBlock {DIV} at (15,1) size 124x13
          RenderBlock {DIV} at (139,0) size 15x15
      RenderText {#text} at (0,0) size 0x0
layer at (43,16) size 124x12
  RenderBlock {DIV} at (33,5) size 124x13 [color=#A9A9A9]
    RenderText {#text} at (0,0) size 88x12
      text run at (0,0) width 88: "Search for Events"
layer at (43,16) size 124x12
  RenderBlock {DIV} at (0,0) size 124x12
