layer at (0,0) size 800x600
  RenderView at (0,0) size 800x600
layer at (0,0) size 800x600
  RenderBlock {HTML} at (0,0) size 800x600
    RenderBody {BODY} at (8,8) size 784x584
      RenderBlock {P} at (0,0) size 784x17
        RenderText {#text} at (0,0) size 385x17
          text run at (0,0) width 385: "Only the second search field should have a cancel button (\x{D7})."
      RenderBlock (anonymous) at (0,33) size 784x30
        RenderTextControl {INPUT} at (2,2) size 211x26 [bgcolor=#FFFFFF] [border: (2px inset #000000)]
          RenderFlexibleBox {DIV} at (3,3) size 205x20
            RenderBlock {DIV} at (0,10) size 0x0
            RenderBlock {DIV} at (0,1) size 185x18
            RenderBlock {DIV} at (185,0) size 20x20
        RenderText {#text} at (215,6) size 4x17
          text run at (215,6) width 4: " "
        RenderTextControl {INPUT} at (221,2) size 211x26 [bgcolor=#FFFFFF] [border: (2px inset #000000)]
          RenderFlexibleBox {DIV} at (3,3) size 205x20
            RenderBlock {DIV} at (0,10) size 0x0
            RenderBlock {DIV} at (0,1) size 185x18
            RenderBlock {DIV} at (185,0) size 20x20
        RenderText {#text} at (0,0) size 0x0
layer at (13,48) size 185x17
  RenderBlock {DIV} at (0,0) size 185x17
layer at (232,48) size 185x17
  RenderBlock {DIV} at (0,0) size 185x17
    RenderText {#text} at (0,0) size 56x17
      text run at (0,0) width 56: "this one"
