layer at (0,0) size 800x600
  RenderView at (0,0) size 800x600
layer at (0,0) size 800x600
  RenderBlock {HTML} at (0,0) size 800x600
    RenderBody {BODY} at (8,8) size 784x576
      RenderBlock {P} at (0,0) size 784x36
        RenderText {#text} at (0,0) size 52x17
          text run at (0,0) width 52: "Test for "
        RenderInline {I} at (0,0) size 769x35
          RenderInline {A} at (0,0) size 300x17 [color=#0000EE]
            RenderText {#text} at (52,0) size 300x17
              text run at (52,0) width 300: "http://bugs.webkit.org/show_bug.cgi?id=13896"
          RenderText {#text} at (352,0) size 769x35
            text run at (352,0) width 4: " "
            text run at (356,0) width 413: "REGRESSION (NativePopup): Reproductible crasher on Google"
            text run at (0,18) width 122: "Coop control panel"
        RenderText {#text} at (122,18) size 4x17
          text run at (122,18) width 4: "."
      RenderBlock {P} at (0,52) size 784x18
        RenderText {#text} at (0,0) size 180x17
          text run at (0,0) width 180: "No crash means SUCCESS."
