layer at (0,0) size 800x600
  RenderView at (0,0) size 800x600
layer at (0,0) size 800x119
  RenderBlock {HTML} at (0,0) size 800x119
    RenderBody {BODY} at (8,16) size 784x87 [color=#008000]
      RenderBlock {P} at (0,0) size 784x20 [color=#FF0000]
        RenderInline {SPAN} at (0,0) size 166x19 [color=#008000]
          RenderText {#text} at (0,0) size 166x19
            text run at (0,0) width 166: "This line should be green."
        RenderText {#text} at (0,0) size 0x0
      RenderBlock {PRE} at (0,36) size 784x15
        RenderText {#text} at (0,0) size 219x15
          text run at (0,0) width 219: " This line should be green. "
      RenderBlock {UL} at (0,67) size 784x20
        RenderListItem {LI} at (40,0) size 744x20
          RenderListMarker at (-18,0) size 7x19: bullet
          RenderText {#text} at (0,0) size 166x19
            text run at (0,0) width 166: "This line should be green."
