layer at (0,0) size 800x600
  RenderView at (0,0) size 800x600
layer at (0,0) size 800x127
  RenderBlock {HTML} at (0,0) size 800x127
    RenderBody {BODY} at (8,16) size 784x96
      RenderBlock {P} at (0,0) size 784x20
        RenderText {#text} at (0,0) size 248x19
          text run at (0,0) width 248: "There should be a green square below:"
      RenderBlock {DIV} at (15,36) size 75x60 [bgcolor=#FF0000]
        RenderBlock {P} at (0,0) size 75x90 [color=#FFFFFF] [bgcolor=#FFFFFF]
          RenderText {#text} at (0,0) size 31x30
            text run at (0,0) width 31: "xx"
            text run at (0,15) width 31: "xx"
          RenderInline {SPAN} at (0,0) size 31x30 [color=#008000] [bgcolor=#FF0000]
            RenderText {#text} at (0,30) size 31x30
              text run at (0,30) width 31: "xx"
              text run at (0,45) width 31: "xx"
          RenderText {#text} at (0,60) size 31x30
            text run at (0,60) width 31: "xx"
            text run at (0,75) width 31: "xx"
