layer at (0,0) size 800x600
  RenderView at (0,0) size 800x600
layer at (0,0) size 800x320
  RenderBlock {HTML} at (0,0) size 800x320
    RenderBody {BODY} at (8,16) size 784x296
      RenderBlock {P} at (0,0) size 784x20
        RenderText {#text} at (0,0) size 446x19
          text run at (0,0) width 446: "There should be no red below, just the outline of an empty green box."
      RenderBlock {DIV} at (0,36) size 430x260 [color=#FFFFFF] [bgcolor=#FF0000] [border: (10px solid #008000)]
        RenderText {#text} at (20,20) size 341x105
          text run at (20,20) width 341: "xxxx xxxx xxxx xxxx xxxx xxxx xxxx"
          text run at (20,115) width 50: "xxxx "
          text run at (70,115) width 50: "xxxx "
        RenderImage {IMG} at (135,50) size 60x60 [border: (10px solid #FFFFFF)]
        RenderText {#text} at (210,115) size 110x10
          text run at (210,115) width 10: " "
          text run at (220,115) width 100: "xxxx xxxx "
        RenderImage {IMG} at (335,130) size 60x60 [border: (10px solid #FFFFFF)]
        RenderText {#text} at (20,210) size 341x30
          text run at (20,210) width 50: "xxxx "
          text run at (70,210) width 291: "xxxx xxxx xxxx xxxx xxxx xxxx"
          text run at (20,230) width 91: "xxxx xxxx"
