layer at (0,0) size 800x600
  RenderView at (0,0) size 800x600
layer at (0,0) size 800x246
  RenderBlock {HTML} at (0,0) size 800x246
    RenderBody {BODY} at (8,16) size 784x214 [color=#0000FF]
      RenderBlock {P} at (0,0) size 784x37
        RenderText {#text} at (0,15) size 489x17
          text run at (0,15) width 489: "There should be a solid blue line to the right of every occurance of the word \""
        RenderInline {SPAN} at (0,0) size 141x36 [border: none (2px solid #0000FF) none]
          RenderText {#text} at (489,0) size 139x36
            text run at (489,0) width 139: "THERE \x{2799}"
        RenderText {#text} at (630,15) size 11x17
          text run at (630,15) width 11: "\"."
      RenderTable {TABLE} at (0,53) size 301x127
        RenderTableSection {TBODY} at (0,0) size 301x127
          RenderTableRow {TR} at (0,2) size 301x39
            RenderTableCell {TD} at (2,2) size 297x39 [border: none (2px solid #0000FF) none] [r=0 c=0 rs=1 cs=2]
              RenderText {#text} at (154,1) size 140x36
                text run at (154,1) width 140: "THERE \x{2799}"
          RenderTableRow {TR} at (0,43) size 301x82
            RenderTableCell {TD} at (2,64) size 144x40 [border: none (2px solid #0000FF) none] [r=1 c=0 rs=1 cs=1]
              RenderText {#text} at (1,1) size 140x37
                text run at (1,2) width 140: "THERE \x{2799}"
            RenderTableCell {TD} at (147,43) size 152x82 [border: none (2px solid #0000FF) none] [r=1 c=1 rs=1 cs=1]
              RenderBlock (anonymous) at (1,1) size 148x37
                RenderText {#text} at (8,0) size 140x36
                  text run at (8,0) width 140: "THERE \x{2798}"
              RenderTable {TABLE} at (1,38) size 148x43
                RenderTableSection {TBODY} at (0,0) size 148x43
                  RenderTableRow {TR} at (0,2) size 148x39
                    RenderTableCell {TD} at (2,2) size 144x39 [border: none (2px solid #0000FF) none] [r=0 c=0 rs=1 cs=1]
                      RenderText {#text} at (1,1) size 140x36
                        text run at (1,1) width 140: "THERE \x{2799}"
      RenderBlock {P} at (0,196) size 784x18
        RenderText {#text} at (0,0) size 337x17
          text run at (0,0) width 337: "There should be 3 short lines and 2 long lines in total."
