layer at (0,0) size 800x600
  RenderView at (0,0) size 800x600
layer at (0,0) size 800x600
  RenderBlock {HTML} at (0,0) size 800x600
    RenderBody {BODY} at (8,8) size 784x584
      RenderBlock {P} at (0,0) size 784x18
        RenderText {#text} at (0,0) size 52x17
          text run at (0,0) width 52: "Test for "
        RenderInline {I} at (0,0) size 527x17
          RenderInline {A} at (0,0) size 292x17 [color=#0000EE]
            RenderText {#text} at (52,0) size 292x17
              text run at (52,0) width 292: "http://bugs.webkit.org/show_bug.cgi?id=9276"
          RenderText {#text} at (344,0) size 235x17
            text run at (344,0) width 4: " "
            text run at (348,0) width 231: "Quirksmode: Image swap resize bug"
        RenderText {#text} at (579,0) size 4x17
          text run at (579,0) width 4: "."
      RenderBlock {P} at (0,34) size 784x18
        RenderText {#text} at (0,0) size 286x17
          text run at (0,0) width 286: "This should be a blue 100\x{D7}100 pixels square."
      RenderBlock (anonymous) at (0,68) size 784x100
        RenderImage {IMG} at (0,0) size 100x100
        RenderText {#text} at (0,0) size 0x0
