layer at (0,0) size 800x600
  RenderView at (0,0) size 800x600
layer at (0,0) size 800x600
  RenderBlock {HTML} at (0,0) size 800x600
    RenderBody {BODY} at (8,8) size 784x584
      RenderBlock (anonymous) at (0,0) size 784x17
        RenderText {#text} at (0,0) size 224x17
          text run at (0,0) width 224: "These textfields should not overlap."
      RenderTable {TABLE} at (0,17) size 784x31
        RenderTableSection {TBODY} at (0,0) size 784x31
          RenderTableRow {TR} at (0,1) size 784x29
            RenderTableCell {TD} at (1,1) size 9x29 [r=0 c=0 rs=1 cs=1]
              RenderTextControl {INPUT} at (1,3) size 7x23 [bgcolor=#FFFFFF] [border: (2px inset #000000)]
            RenderTableCell {TD} at (10,1) size 9x29 [r=0 c=1 rs=1 cs=1]
              RenderTextControl {INPUT} at (1,3) size 7x23 [bgcolor=#FFFFFF] [border: (2px inset #000000)]
            RenderTableCell {TD} at (19,1) size 9x29 [r=0 c=2 rs=1 cs=1]
              RenderTextControl {INPUT} at (1,3) size 7x23 [bgcolor=#FFFFFF] [border: (2px inset #000000)]
            RenderTableCell {TD} at (28,6) size 755x19 [r=0 c=3 rs=1 cs=1]
              RenderText {#text} at (1,1) size 4x17
                text run at (1,1) width 4: " "
      RenderBlock (anonymous) at (0,48) size 784x34
        RenderBR {BR} at (0,0) size 0x17
        RenderBR {BR} at (0,17) size 0x17
      RenderTable {TABLE} at (0,82) size 784x31
        RenderTableSection {TBODY} at (0,0) size 784x31
          RenderTableRow {TR} at (0,1) size 784x29
            RenderTableCell {TD} at (1,1) size 9x29 [r=0 c=0 rs=1 cs=1]
              RenderTextControl {INPUT} at (1,3) size 7x23 [bgcolor=#FFFFFF] [border: (2px inset #000000)]
            RenderTableCell {TD} at (10,1) size 9x29 [r=0 c=1 rs=1 cs=1]
              RenderTextControl {INPUT} at (1,3) size 7x23 [bgcolor=#FFFFFF] [border: (2px inset #000000)]
            RenderTableCell {TD} at (19,1) size 9x29 [r=0 c=2 rs=1 cs=1]
              RenderTextControl {INPUT} at (1,3) size 7x23 [bgcolor=#FFFFFF] [border: (2px inset #000000)]
            RenderTableCell {TD} at (28,6) size 755x19 [r=0 c=3 rs=1 cs=1]
              RenderText {#text} at (1,1) size 4x17
                text run at (1,1) width 4: " "
layer at (13,32) size 0x17 scrollWidth 68
  RenderBlock {DIV} at (3,3) size 1x17
    RenderText {#text} at (0,0) size 67x17
      text run at (0,0) width 67: "New Mail"
layer at (22,32) size 0x17 scrollWidth 43
  RenderBlock {DIV} at (3,3) size 1x17
    RenderText {#text} at (0,0) size 42x17
      text run at (0,0) width 42: "Reply"
layer at (31,32) size 0x17 scrollWidth 66
  RenderBlock {DIV} at (3,3) size 1x17
    RenderText {#text} at (0,0) size 65x17
      text run at (0,0) width 65: "Reply All"
layer at (13,97) size 0x17 scrollWidth 68
  RenderBlock {DIV} at (3,3) size 1x17
    RenderText {#text} at (0,0) size 67x17
      text run at (0,0) width 67: "New Mail"
layer at (22,97) size 0x17 scrollWidth 43
  RenderBlock {DIV} at (3,3) size 1x17
    RenderText {#text} at (0,0) size 42x17
      text run at (0,0) width 42: "Reply"
layer at (31,97) size 0x17 scrollWidth 66
  RenderBlock {DIV} at (3,3) size 1x17
    RenderText {#text} at (0,0) size 65x17
      text run at (0,0) width 65: "Reply All"
