layer at (0,0) size 800x600
  RenderView at (0,0) size 800x600
layer at (0,0) size 800x600
  RenderBlock {HTML} at (0,0) size 800x600
    RenderBody {BODY} at (8,8) size 784x584
      RenderBlock (anonymous) at (0,0) size 784x17
        RenderText {#text} at (0,0) size 309x17
          text run at (0,0) width 309: "The following sets of buttons should not overlap."
      RenderTable {TABLE} at (0,17) size 784x34
        RenderTableSection {TBODY} at (0,0) size 784x34
          RenderTableRow {TR} at (0,1) size 784x32
            RenderTableCell {TD} at (1,1) size 86x32 [r=0 c=0 rs=1 cs=1]
              RenderButton {INPUT} at (1,3) size 84x26 [bgcolor=#C0C0C0] [border: (2px outset #C0C0C0)]
                RenderBlock (anonymous) at (8,4) size 68x17
                  RenderText at (0,0) size 68x17
                    text run at (0,0) width 68: "New Mail"
            RenderTableCell {TD} at (87,1) size 61x32 [r=0 c=1 rs=1 cs=1]
              RenderButton {INPUT} at (1,3) size 59x26 [bgcolor=#C0C0C0] [border: (2px outset #C0C0C0)]
                RenderBlock (anonymous) at (8,4) size 43x17
                  RenderText at (0,0) size 43x17
                    text run at (0,0) width 43: "Reply"
            RenderTableCell {TD} at (148,1) size 84x32 [r=0 c=2 rs=1 cs=1]
              RenderButton {INPUT} at (1,3) size 82x26 [bgcolor=#C0C0C0] [border: (2px outset #C0C0C0)]
                RenderBlock (anonymous) at (8,4) size 66x17
                  RenderText at (0,0) size 66x17
                    text run at (0,0) width 66: "Reply All"
            RenderTableCell {TD} at (232,7) size 551x20 [r=0 c=3 rs=1 cs=1]
              RenderText {#text} at (1,1) size 4x18
                text run at (1,2) width 4: " "
      RenderBlock (anonymous) at (0,51) size 784x34
        RenderBR {BR} at (0,0) size 0x17
        RenderBR {BR} at (0,17) size 0x17
      RenderTable {TABLE} at (0,85) size 784x34
        RenderTableSection {TBODY} at (0,0) size 784x34
          RenderTableRow {TR} at (0,1) size 784x32
            RenderTableCell {TD} at (1,1) size 86x32 [r=0 c=0 rs=1 cs=1]
              RenderButton {INPUT} at (1,3) size 84x26 [bgcolor=#C0C0C0] [border: (2px outset #C0C0C0)]
                RenderBlock (anonymous) at (8,4) size 68x17
                  RenderText at (0,0) size 68x17
                    text run at (0,0) width 68: "New Mail"
            RenderTableCell {TD} at (87,1) size 61x32 [r=0 c=1 rs=1 cs=1]
              RenderButton {INPUT} at (1,3) size 59x26 [bgcolor=#C0C0C0] [border: (2px outset #C0C0C0)]
                RenderBlock (anonymous) at (8,4) size 43x17
                  RenderText at (0,0) size 43x17
                    text run at (0,0) width 43: "Reply"
            RenderTableCell {TD} at (148,1) size 84x32 [r=0 c=2 rs=1 cs=1]
              RenderButton {INPUT} at (1,3) size 82x26 [bgcolor=#C0C0C0] [border: (2px outset #C0C0C0)]
                RenderBlock (anonymous) at (8,4) size 66x17
                  RenderText at (0,0) size 66x17
                    text run at (0,0) width 66: "Reply All"
            RenderTableCell {TD} at (232,7) size 551x20 [r=0 c=3 rs=1 cs=1]
              RenderText {#text} at (1,1) size 4x18
                text run at (1,2) width 4: " "
