layer at (0,0) size 800x600
  RenderView at (0,0) size 800x600
layer at (0,0) size 800x600
  RenderBlock {HTML} at (0,0) size 800x600
    RenderBody {BODY} at (8,8) size 784x584
      RenderBlock {P} at (0,0) size 784x18
        RenderText {#text} at (0,0) size 220x18
          text run at (0,0) width 220: "This test passes if it does not crash."
      RenderBlock {PRE} at (0,34) size 784x0
      RenderBlock (anonymous) at (0,34) size 784x150
        RenderEmbeddedObject {OBJECT} at (0,0) size 300x150
        RenderText {#text} at (0,0) size 0x0
