layer at (0,0) size 1023x585
  RenderView at (0,0) size 800x585
layer at (0,0) size 800x585
  RenderBlock {HTML} at (0,0) size 800x585
    RenderBody {BODY} at (8,8) size 784x569
      RenderTable {TABLE} at (0,0) size 1015x108
        RenderTableSection {TBODY} at (0,0) size 1015x108
          RenderTableRow {TR} at (0,2) size 1015x20
            RenderTableCell {TH} at (2,11) size 83x2 [r=0 c=0 rs=1 cs=1]
            RenderTableCell {TH} at (87,11) size 230x2 [r=0 c=1 rs=1 cs=1]
            RenderTableCell {TH} at (319,2) size 230x20 [r=0 c=2 rs=1 cs=1]
              RenderText {#text} at (70,1) size 90x18
                text run at (70,1) width 90: "text-align:left"
            RenderTableCell {TH} at (551,2) size 230x20 [r=0 c=3 rs=1 cs=1]
              RenderText {#text} at (60,1) size 110x18
                text run at (60,1) width 110: "text-align:center"
            RenderTableCell {TH} at (783,2) size 230x20 [r=0 c=4 rs=1 cs=1]
              RenderText {#text} at (64,1) size 102x18
                text run at (64,1) width 102: "text-align:right"
          RenderTableRow {TR} at (0,24) size 1015x26
            RenderTableCell {TH} at (2,36) size 83x2 [r=1 c=0 rs=1 cs=1]
            RenderTableCell {TD} at (87,24) size 230x26 [border: (1px solid #000000)] [r=1 c=1 rs=1 cs=1]
              RenderFileUploadControl {INPUT} at (4,4) size 222x18 "no file selected"
                RenderButton {INPUT} at (0,0) size 79x18 [bgcolor=#C0C0C0]
                  RenderBlock (anonymous) at (8,2) size 63x13
                    RenderText at (0,0) size 63x13
                      text run at (0,0) width 63: "Choose File"
            RenderTableCell {TD} at (319,24) size 230x26 [border: (1px solid #000000)] [r=1 c=2 rs=1 cs=1]
              RenderFileUploadControl {INPUT} at (4,4) size 222x18 "no file selected"
                RenderButton {INPUT} at (0,0) size 79x18 [bgcolor=#C0C0C0]
                  RenderBlock (anonymous) at (8,2) size 63x13
                    RenderText at (0,0) size 63x13
                      text run at (0,0) width 63: "Choose File"
            RenderTableCell {TD} at (551,24) size 230x26 [border: (1px solid #000000)] [r=1 c=3 rs=1 cs=1]
              RenderFileUploadControl {INPUT} at (4,4) size 222x18 "no file selected"
                RenderButton {INPUT} at (0,0) size 79x18 [bgcolor=#C0C0C0]
                  RenderBlock (anonymous) at (8,2) size 63x13
                    RenderText at (0,0) size 63x13
                      text run at (0,0) width 63: "Choose File"
            RenderTableCell {TD} at (783,24) size 230x26 [border: (1px solid #000000)] [r=1 c=4 rs=1 cs=1]
              RenderFileUploadControl {INPUT} at (4,4) size 222x18 "no file selected"
                RenderButton {INPUT} at (0,0) size 79x18 [bgcolor=#C0C0C0]
                  RenderBlock (anonymous) at (8,2) size 63x13
                    RenderText at (0,0) size 63x13
                      text run at (0,0) width 63: "Choose File"
          RenderTableRow {TR} at (0,52) size 1015x26
            RenderTableCell {TH} at (2,55) size 83x20 [r=2 c=0 rs=1 cs=1]
              RenderText {#text} at (1,1) size 81x18
                text run at (1,1) width 81: "direction:ltr"
            RenderTableCell {TD} at (87,52) size 230x26 [border: (1px solid #000000)] [r=2 c=1 rs=1 cs=1]
              RenderFileUploadControl {INPUT} at (4,4) size 222x18 "no file selected"
                RenderButton {INPUT} at (0,0) size 79x18 [bgcolor=#C0C0C0]
                  RenderBlock (anonymous) at (8,2) size 63x13
                    RenderText at (0,0) size 63x13
                      text run at (0,0) width 63: "Choose File"
            RenderTableCell {TD} at (319,52) size 230x26 [border: (1px solid #000000)] [r=2 c=2 rs=1 cs=1]
              RenderFileUploadControl {INPUT} at (4,4) size 222x18 "no file selected"
                RenderButton {INPUT} at (0,0) size 79x18 [bgcolor=#C0C0C0]
                  RenderBlock (anonymous) at (8,2) size 63x13
                    RenderText at (0,0) size 63x13
                      text run at (0,0) width 63: "Choose File"
            RenderTableCell {TD} at (551,52) size 230x26 [border: (1px solid #000000)] [r=2 c=3 rs=1 cs=1]
              RenderFileUploadControl {INPUT} at (4,4) size 222x18 "no file selected"
                RenderButton {INPUT} at (0,0) size 79x18 [bgcolor=#C0C0C0]
                  RenderBlock (anonymous) at (8,2) size 63x13
                    RenderText at (0,0) size 63x13
                      text run at (0,0) width 63: "Choose File"
            RenderTableCell {TD} at (783,52) size 230x26 [border: (1px solid #000000)] [r=2 c=4 rs=1 cs=1]
              RenderFileUploadControl {INPUT} at (4,4) size 222x18 "no file selected"
                RenderButton {INPUT} at (0,0) size 79x18 [bgcolor=#C0C0C0]
                  RenderBlock (anonymous) at (8,2) size 63x13
                    RenderText at (0,0) size 63x13
                      text run at (0,0) width 63: "Choose File"
          RenderTableRow {TR} at (0,80) size 1015x26
            RenderTableCell {TH} at (2,83) size 83x20 [r=3 c=0 rs=1 cs=1]
              RenderText {#text} at (1,1) size 81x18
                text run at (1,1) width 81: "direction:rtl"
            RenderTableCell {TD} at (87,80) size 230x26 [border: (1px solid #000000)] [r=3 c=1 rs=1 cs=1]
              RenderFileUploadControl {INPUT} at (4,4) size 222x18 "no file selected"
                RenderButton {INPUT} at (143,0) size 79x18 [bgcolor=#C0C0C0]
                  RenderBlock (anonymous) at (8,2) size 63x13
                    RenderText at (0,0) size 63x13
                      text run at (0,0) width 63: "Choose File"
            RenderTableCell {TD} at (319,80) size 230x26 [border: (1px solid #000000)] [r=3 c=2 rs=1 cs=1]
              RenderFileUploadControl {INPUT} at (4,4) size 222x18 "no file selected"
                RenderButton {INPUT} at (143,0) size 79x18 [bgcolor=#C0C0C0]
                  RenderBlock (anonymous) at (8,2) size 63x13
                    RenderText at (0,0) size 63x13
                      text run at (0,0) width 63: "Choose File"
            RenderTableCell {TD} at (551,80) size 230x26 [border: (1px solid #000000)] [r=3 c=3 rs=1 cs=1]
              RenderFileUploadControl {INPUT} at (4,4) size 222x18 "no file selected"
                RenderButton {INPUT} at (143,0) size 79x18 [bgcolor=#C0C0C0]
                  RenderBlock (anonymous) at (8,2) size 63x13
                    RenderText at (0,0) size 63x13
                      text run at (0,0) width 63: "Choose File"
            RenderTableCell {TD} at (783,80) size 230x26 [border: (1px solid #000000)] [r=3 c=4 rs=1 cs=1]
              RenderFileUploadControl {INPUT} at (4,4) size 222x18 "no file selected"
                RenderButton {INPUT} at (143,0) size 79x18 [bgcolor=#C0C0C0]
                  RenderBlock (anonymous) at (8,2) size 63x13
                    RenderText at (0,0) size 63x13
                      text run at (0,0) width 63: "Choose File"
