layer at (0,0) size 800x2828
  RenderView at (0,0) size 800x600
layer at (0,0) size 800x2828
  RenderBlock {HTML} at (0,0) size 800x2828
    RenderBody {BODY} at (8,8) size 784x2812 [bgcolor=#CCCCCC]
      RenderBlock {P} at (0,0) size 784x20
        RenderText {#text} at (0,0) size 363x19
          text run at (0,0) width 363: "The style declarations which apply to the text below are:"
      RenderBlock {PRE} at (0,36) size 784x300
        RenderText {#text} at (0,0) size 219x300
          text run at (0,0) width 196: ".one {font-size: medium;}"
          text run at (195,0) width 1: " "
          text run at (0,15) width 196: ".two {font-size: larger;}"
          text run at (195,15) width 1: " "
          text run at (0,30) width 219: ".three {font-size: smaller;}"
          text run at (218,30) width 1: " "
          text run at (0,45) width 219: ".four {font-size: xx-small;}"
          text run at (218,45) width 1: " "
          text run at (0,60) width 211: ".five {font-size: x-small;}"
          text run at (210,60) width 1: " "
          text run at (0,75) width 188: ".six {font-size: small;}"
          text run at (187,75) width 1: " "
          text run at (0,90) width 203: ".seven {font-size: large;}"
          text run at (202,90) width 1: " "
          text run at (0,105) width 219: ".eight {font-size: x-large;}"
          text run at (218,105) width 1: " "
          text run at (0,120) width 219: ".nine {font-size: xx-large;}"
          text run at (218,120) width 1: " "
          text run at (0,135) width 172: ".a {font-size: 0.5in;}"
          text run at (171,135) width 1: " "
          text run at (0,150) width 157: ".b {font-size: 1cm;}"
          text run at (156,150) width 1: " "
          text run at (0,165) width 164: ".c {font-size: 10mm;}"
          text run at (163,165) width 1: " "
          text run at (0,180) width 164: ".d {font-size: 18pt;}"
          text run at (163,180) width 1: " "
          text run at (0,195) width 172: ".e {font-size: 1.5pc;}"
          text run at (171,195) width 1: " "
          text run at (0,210) width 157: ".f {font-size: 2em;}"
          text run at (156,210) width 1: " "
          text run at (0,225) width 157: ".g {font-size: 3ex;}"
          text run at (156,225) width 1: " "
          text run at (0,240) width 164: ".h {font-size: 25px;}"
          text run at (163,240) width 1: " "
          text run at (0,255) width 164: ".i {font-size: 200%;}"
          text run at (163,255) width 1: " "
          text run at (0,270) width 180: ".j {font-size: -0.5in;}"
          text run at (179,270) width 1: " "
          text run at (0,285) width 0: " "
      RenderBlock {HR} at (0,349) size 784x2 [border: (1px inset #000000)]
      RenderBlock {P} at (0,367) size 784x20
        RenderText {#text} at (0,0) size 707x19
          text run at (0,0) width 707: "This paragraph element is unstyled, so the size of the font in this element is the default size for this user agent."
      RenderBlock {P} at (0,403) size 784x20
        RenderText {#text} at (0,0) size 190x19
          text run at (0,0) width 190: "This sentence has been set to "
        RenderInline {CODE} at (0,0) size 48x15
          RenderText {#text} at (189,4) size 48x15
            text run at (189,4) width 48: "medium"
        RenderText {#text} at (236,0) size 368x19
          text run at (236,0) width 368: ", which may or may not be the same size as unstyled text."
      RenderBlock {P} at (0,442) size 784x23
        RenderText {#text} at (0,0) size 376x22
          text run at (0,0) width 376: "This sentence should be larger than unstyled text."
      RenderBlock {P} at (0,484) size 784x16
        RenderText {#text} at (0,0) size 265x15
          text run at (0,0) width 265: "This sentence should be smaller than unstyled text."
      RenderBlock {P} at (0,513) size 784x20
        RenderText {#text} at (0,6) size 286x11
          text run at (0,6) width 286: "This sentence should be very small, but the last word in the sentence should be "
        RenderInline {SPAN} at (0,0) size 54x19
          RenderText {#text} at (285,0) size 54x19
            text run at (285,0) width 54: "medium"
        RenderText {#text} at (338,6) size 3x11
          text run at (338,6) width 3: "."
      RenderBlock {P} at (0,543) size 784x20
        RenderText {#text} at (0,6) size 324x12
          text run at (0,6) width 324: "This sentence should be rather small, but the last word in the sentence should be "
        RenderInline {SPAN} at (0,0) size 53x19
          RenderText {#text} at (323,0) size 53x19
            text run at (323,0) width 53: "medium"
        RenderText {#text} at (375,6) size 4x12
          text run at (375,6) width 4: "."
      RenderBlock {P} at (0,576) size 784x20
        RenderText {#text} at (0,3) size 387x15
          text run at (0,3) width 387: "This sentence should be small, but the last word in the sentence should be "
        RenderInline {SPAN} at (0,0) size 54x19
          RenderText {#text} at (386,0) size 54x19
            text run at (386,0) width 54: "medium"
        RenderText {#text} at (439,3) size 4x15
          text run at (439,3) width 4: "."
      RenderBlock {P} at (0,614) size 784x22
        RenderText {#text} at (0,0) size 533x21
          text run at (0,0) width 533: "This sentence should be large, but the last word in the sentence should be "
        RenderInline {SPAN} at (0,0) size 53x19
          RenderText {#text} at (532,2) size 53x19
            text run at (532,2) width 53: "medium"
        RenderText {#text} at (584,0) size 6x21
          text run at (584,0) width 6: "."
      RenderBlock {P} at (0,660) size 784x60
        RenderText {#text} at (0,1) size 766x28
          text run at (0,1) width 766: "This sentence should be rather large, but the last word in the sentence should be"
        RenderInline {SPAN} at (0,0) size 53x19
          RenderText {#text} at (0,38) size 53x19
            text run at (0,38) width 53: "medium"
        RenderText {#text} at (52,31) size 7x28
          text run at (52,31) width 7: "."
      RenderBlock {P} at (0,752) size 784x76
        RenderText {#text} at (0,1) size 754x74
          text run at (0,1) width 754: "This sentence should be very large, but the last word in the"
          text run at (0,39) width 250: "sentence should be "
        RenderInline {SPAN} at (0,0) size 54x19
          RenderText {#text} at (249,53) size 54x19
            text run at (249,53) width 54: "medium"
        RenderText {#text} at (302,39) size 9x36
          text run at (302,39) width 9: "."
      RenderBlock {P} at (0,876) size 784x57
        RenderText {#text} at (0,1) size 784x54
          text run at (0,1) width 784: "This sentence should be half an inch tall."
      RenderBlock {P} at (0,981) size 784x45
        RenderText {#text} at (0,1) size 666x43
          text run at (0,1) width 666: "This sentence should be one centimeter tall."
      RenderBlock {P} at (0,1063) size 784x45
        RenderText {#text} at (0,1) size 671x43
          text run at (0,1) width 671: "This sentence should be ten millimeters tall."
      RenderBlock {P} at (0,1145) size 784x30
        RenderText {#text} at (0,1) size 425x28
          text run at (0,1) width 425: "This sentence should be eighteen points tall."
      RenderBlock {P} at (0,1199) size 784x30
        RenderText {#text} at (0,1) size 494x28
          text run at (0,1) width 494: "This sentence should be one and one half picas tall."
      RenderBlock {P} at (0,1261) size 784x38
        RenderText {#text} at (0,1) size 467x36
          text run at (0,1) width 467: "This sentence should be two em tall."
      RenderBlock {P} at (0,1331) size 784x25
        RenderText {#text} at (0,0) size 311x24
          text run at (0,0) width 311: "This sentence should be three ex tall."
      RenderBlock {P} at (0,1381) size 784x31
        RenderText {#text} at (0,1) size 472x29
          text run at (0,1) width 472: "This sentence should be twenty-five pixels tall."
      RenderBlock {P} at (0,1444) size 784x38
        RenderText {#text} at (0,1) size 549x36
          text run at (0,1) width 549: "This sentence should be twice normal size."
      RenderBlock {P} at (0,1514) size 784x20
        RenderText {#text} at (0,0) size 686x19
          text run at (0,0) width 686: "This sentence should be normal size, since no negative values are allowed and therefore should be ignored."
      RenderTable {TABLE} at (0,1550) size 784x1262 [border: (1px outset #808080)]
        RenderTableSection {TBODY} at (1,1) size 782x1260
          RenderTableRow {TR} at (0,0) size 782x28
            RenderTableCell {TD} at (0,0) size 782x28 [bgcolor=#C0C0C0] [border: (1px inset #808080)] [r=0 c=0 rs=1 cs=2]
              RenderInline {STRONG} at (0,0) size 163x19
                RenderText {#text} at (4,4) size 163x19
                  text run at (4,4) width 163: "TABLE Testing Section"
          RenderTableRow {TR} at (0,28) size 782x1232
            RenderTableCell {TD} at (0,630) size 12x28 [bgcolor=#C0C0C0] [border: (1px inset #808080)] [r=1 c=0 rs=1 cs=1]
              RenderText {#text} at (4,4) size 4x19
                text run at (4,4) width 4: " "
            RenderTableCell {TD} at (12,28) size 770x1232 [border: (1px inset #808080)] [r=1 c=1 rs=1 cs=1]
              RenderBlock {P} at (4,4) size 762x20
                RenderText {#text} at (0,0) size 707x19
                  text run at (0,0) width 707: "This paragraph element is unstyled, so the size of the font in this element is the default size for this user agent."
              RenderBlock {P} at (4,40) size 762x20
                RenderText {#text} at (0,0) size 190x19
                  text run at (0,0) width 190: "This sentence has been set to "
                RenderInline {CODE} at (0,0) size 48x15
                  RenderText {#text} at (189,4) size 48x15
                    text run at (189,4) width 48: "medium"
                RenderText {#text} at (236,0) size 368x19
                  text run at (236,0) width 368: ", which may or may not be the same size as unstyled text."
              RenderBlock {P} at (4,79) size 762x23
                RenderText {#text} at (0,0) size 376x22
                  text run at (0,0) width 376: "This sentence should be larger than unstyled text."
              RenderBlock {P} at (4,121) size 762x16
                RenderText {#text} at (0,0) size 265x15
                  text run at (0,0) width 265: "This sentence should be smaller than unstyled text."
              RenderBlock {P} at (4,150) size 762x20
                RenderText {#text} at (0,6) size 286x11
                  text run at (0,6) width 286: "This sentence should be very small, but the last word in the sentence should be "
                RenderInline {SPAN} at (0,0) size 54x19
                  RenderText {#text} at (285,0) size 54x19
                    text run at (285,0) width 54: "medium"
                RenderText {#text} at (338,6) size 3x11
                  text run at (338,6) width 3: "."
              RenderBlock {P} at (4,180) size 762x20
                RenderText {#text} at (0,6) size 324x12
                  text run at (0,6) width 324: "This sentence should be rather small, but the last word in the sentence should be "
                RenderInline {SPAN} at (0,0) size 53x19
                  RenderText {#text} at (323,0) size 53x19
                    text run at (323,0) width 53: "medium"
                RenderText {#text} at (375,6) size 4x12
                  text run at (375,6) width 4: "."
              RenderBlock {P} at (4,213) size 762x20
                RenderText {#text} at (0,3) size 387x15
                  text run at (0,3) width 387: "This sentence should be small, but the last word in the sentence should be "
                RenderInline {SPAN} at (0,0) size 54x19
                  RenderText {#text} at (386,0) size 54x19
                    text run at (386,0) width 54: "medium"
                RenderText {#text} at (439,3) size 4x15
                  text run at (439,3) width 4: "."
              RenderBlock {P} at (4,251) size 762x22
                RenderText {#text} at (0,0) size 533x21
                  text run at (0,0) width 533: "This sentence should be large, but the last word in the sentence should be "
                RenderInline {SPAN} at (0,0) size 53x19
                  RenderText {#text} at (532,2) size 53x19
                    text run at (532,2) width 53: "medium"
                RenderText {#text} at (584,0) size 6x21
                  text run at (584,0) width 6: "."
              RenderBlock {P} at (4,297) size 762x60
                RenderText {#text} at (0,1) size 738x58
                  text run at (0,1) width 738: "This sentence should be rather large, but the last word in the sentence should"
                  text run at (0,31) width 29: "be "
                RenderInline {SPAN} at (0,0) size 54x19
                  RenderText {#text} at (28,38) size 54x19
                    text run at (28,38) width 54: "medium"
                RenderText {#text} at (81,31) size 7x28
                  text run at (81,31) width 7: "."
              RenderBlock {P} at (4,389) size 762x76
                RenderText {#text} at (0,1) size 754x74
                  text run at (0,1) width 754: "This sentence should be very large, but the last word in the"
                  text run at (0,39) width 250: "sentence should be "
                RenderInline {SPAN} at (0,0) size 54x19
                  RenderText {#text} at (249,53) size 54x19
                    text run at (249,53) width 54: "medium"
                RenderText {#text} at (302,39) size 9x36
                  text run at (302,39) width 9: "."
              RenderBlock {P} at (4,513) size 762x114
                RenderText {#text} at (0,1) size 699x111
                  text run at (0,1) width 699: "This sentence should be half an inch"
                  text run at (0,58) width 74: "tall."
              RenderBlock {P} at (4,675) size 762x45
                RenderText {#text} at (0,1) size 666x43
                  text run at (0,1) width 666: "This sentence should be one centimeter tall."
              RenderBlock {P} at (4,757) size 762x45
                RenderText {#text} at (0,1) size 671x43
                  text run at (0,1) width 671: "This sentence should be ten millimeters tall."
              RenderBlock {P} at (4,839) size 762x30
                RenderText {#text} at (0,1) size 425x28
                  text run at (0,1) width 425: "This sentence should be eighteen points tall."
              RenderBlock {P} at (4,893) size 762x30
                RenderText {#text} at (0,1) size 494x28
                  text run at (0,1) width 494: "This sentence should be one and one half picas tall."
              RenderBlock {P} at (4,955) size 762x38
                RenderText {#text} at (0,1) size 467x36
                  text run at (0,1) width 467: "This sentence should be two em tall."
              RenderBlock {P} at (4,1025) size 762x25
                RenderText {#text} at (0,0) size 311x24
                  text run at (0,0) width 311: "This sentence should be three ex tall."
              RenderBlock {P} at (4,1075) size 762x31
                RenderText {#text} at (0,1) size 472x29
                  text run at (0,1) width 472: "This sentence should be twenty-five pixels tall."
              RenderBlock {P} at (4,1138) size 762x38
                RenderText {#text} at (0,1) size 549x36
                  text run at (0,1) width 549: "This sentence should be twice normal size."
              RenderBlock {P} at (4,1208) size 762x20
                RenderText {#text} at (0,0) size 686x19
                  text run at (0,0) width 686: "This sentence should be normal size, since no negative values are allowed and therefore should be ignored."
