layer at (0,0) size 800x1327
  RenderView at (0,0) size 800x600
layer at (0,0) size 800x1327
  RenderBlock {HTML} at (0,0) size 800x1327
    RenderBody {BODY} at (8,8) size 784x1311 [bgcolor=#CCCCCC]
      RenderBlock {P} at (0,0) size 784x20
        RenderText {#text} at (0,0) size 363x19
          text run at (0,0) width 363: "The style declarations which apply to the text below are:"
      RenderBlock {PRE} at (0,36) size 784x135
        RenderText {#text} at (0,0) size 305x135
          text run at (0,0) width 211: "DIV.a {font-family: serif;}"
          text run at (210,0) width 1: " "
          text run at (0,15) width 242: "DIV.b {font-family: monospace;}"
          text run at (241,15) width 1: " "
          text run at (0,30) width 203: ".one {font-family: serif;}"
          text run at (202,30) width 1: " "
          text run at (0,45) width 242: ".two {font-family: sans-serif;}"
          text run at (241,45) width 1: " "
          text run at (0,60) width 235: ".three {font-family: cursive;}"
          text run at (234,60) width 1: " "
          text run at (0,75) width 227: ".four {font-family: fantasy;}"
          text run at (226,75) width 1: " "
          text run at (0,90) width 242: ".five {font-family: monospace;}"
          text run at (241,90) width 1: " "
          text run at (0,105) width 305: ".six {font-family: sans-serif,cursive;}"
          text run at (304,105) width 1: " "
          text run at (0,120) width 297: ".seven {font-family: monospace,serif;}"
          text run at (296,120) width 1: " "
      RenderBlock {HR} at (0,184) size 784x2 [border: (1px inset #000000)]
      RenderBlock {DIV} at (0,202) size 784x201
        RenderBlock {P} at (0,0) size 784x20
          RenderText {#text} at (0,0) size 655x19
            text run at (0,0) width 655: "This sentence is normal for the first division, which is the next five sentences; it should be a serif font."
        RenderBlock {P} at (0,36) size 784x20
          RenderText {#text} at (0,0) size 248x19
            text run at (0,0) width 248: "This sentence should be in a serif font."
        RenderBlock {P} at (0,72) size 784x20
          RenderText {#text} at (0,0) size 314x20
            text run at (0,0) width 314: "This sentence should be in a sans-serif font."
        RenderBlock {P} at (0,108) size 784x20
          RenderText {#text} at (0,0) size 265x19
            text run at (0,0) width 265: "This sentence should be in a cursive font."
        RenderBlock {P} at (0,144) size 784x26
          RenderText {#text} at (0,0) size 298x26
            text run at (0,0) width 298: "This sentence should be in a fantasy font."
        RenderBlock {P} at (0,186) size 784x15
          RenderText {#text} at (0,0) size 344x15
            text run at (0,0) width 344: "This sentence should be in a monospace font."
      RenderBlock {HR} at (0,416) size 784x2 [border: (1px inset #000000)]
      RenderBlock {P} at (0,434) size 784x20
        RenderText {#text} at (0,0) size 400x20
          text run at (0,0) width 400: "This sentence should be in a sans-serif font, not cursive."
      RenderBlock {P} at (0,470) size 784x19
        RenderText {#text} at (0,0) size 529x19
          text run at (0,0) width 529: "This sentence should be in a monospace font, not serif."
      RenderBlock {HR} at (0,505) size 784x2 [border: (1px inset #000000)]
      RenderBlock {DIV} at (0,520) size 784x211
        RenderBlock {P} at (0,0) size 784x30
          RenderText {#text} at (0,0) size 749x30
            text run at (0,0) width 749: "This sentence is normal for the first division, which is the next five sentences; it should be a"
            text run at (0,15) width 118: "monospace font."
        RenderBlock {P} at (0,46) size 784x20
          RenderText {#text} at (0,0) size 248x19
            text run at (0,0) width 248: "This sentence should be in a serif font."
        RenderBlock {P} at (0,82) size 784x20
          RenderText {#text} at (0,0) size 314x20
            text run at (0,0) width 314: "This sentence should be in a sans-serif font."
        RenderBlock {P} at (0,118) size 784x20
          RenderText {#text} at (0,0) size 265x19
            text run at (0,0) width 265: "This sentence should be in a cursive font."
        RenderBlock {P} at (0,154) size 784x26
          RenderText {#text} at (0,0) size 298x26
            text run at (0,0) width 298: "This sentence should be in a fantasy font."
        RenderBlock {P} at (0,196) size 784x15
          RenderText {#text} at (0,0) size 344x15
            text run at (0,0) width 344: "This sentence should be in a monospace font."
      RenderTable {TABLE} at (0,744) size 784x567 [border: (1px outset #808080)]
        RenderTableSection {TBODY} at (1,1) size 782x565
          RenderTableRow {TR} at (0,0) size 782x28
            RenderTableCell {TD} at (0,0) size 782x28 [bgcolor=#C0C0C0] [border: (1px inset #808080)] [r=0 c=0 rs=1 cs=2]
              RenderInline {STRONG} at (0,0) size 163x19
                RenderText {#text} at (4,4) size 163x19
                  text run at (4,4) width 163: "TABLE Testing Section"
          RenderTableRow {TR} at (0,28) size 782x537
            RenderTableCell {TD} at (0,282) size 12x28 [bgcolor=#C0C0C0] [border: (1px inset #808080)] [r=1 c=0 rs=1 cs=1]
              RenderText {#text} at (4,4) size 4x19
                text run at (4,4) width 4: " "
            RenderTableCell {TD} at (12,28) size 770x537 [border: (1px inset #808080)] [r=1 c=1 rs=1 cs=1]
              RenderBlock {DIV} at (4,4) size 762x201
                RenderBlock {P} at (0,0) size 762x20
                  RenderText {#text} at (0,0) size 655x19
                    text run at (0,0) width 655: "This sentence is normal for the first division, which is the next five sentences; it should be a serif font."
                RenderBlock {P} at (0,36) size 762x20
                  RenderText {#text} at (0,0) size 248x19
                    text run at (0,0) width 248: "This sentence should be in a serif font."
                RenderBlock {P} at (0,72) size 762x20
                  RenderText {#text} at (0,0) size 314x20
                    text run at (0,0) width 314: "This sentence should be in a sans-serif font."
                RenderBlock {P} at (0,108) size 762x20
                  RenderText {#text} at (0,0) size 265x19
                    text run at (0,0) width 265: "This sentence should be in a cursive font."
                RenderBlock {P} at (0,144) size 762x26
                  RenderText {#text} at (0,0) size 298x26
                    text run at (0,0) width 298: "This sentence should be in a fantasy font."
                RenderBlock {P} at (0,186) size 762x15
                  RenderText {#text} at (0,0) size 344x15
                    text run at (0,0) width 344: "This sentence should be in a monospace font."
              RenderBlock {HR} at (4,218) size 762x2 [border: (1px inset #000000)]
              RenderBlock {P} at (4,236) size 762x20
                RenderText {#text} at (0,0) size 400x20
                  text run at (0,0) width 400: "This sentence should be in a sans-serif font, not cursive."
              RenderBlock {P} at (4,272) size 762x19
                RenderText {#text} at (0,0) size 529x19
                  text run at (0,0) width 529: "This sentence should be in a monospace font, not serif."
              RenderBlock {HR} at (4,307) size 762x2 [border: (1px inset #000000)]
              RenderBlock {DIV} at (4,322) size 762x211
                RenderBlock {P} at (0,0) size 762x30
                  RenderText {#text} at (0,0) size 749x30
                    text run at (0,0) width 749: "This sentence is normal for the first division, which is the next five sentences; it should be a"
                    text run at (0,15) width 118: "monospace font."
                RenderBlock {P} at (0,46) size 762x20
                  RenderText {#text} at (0,0) size 248x19
                    text run at (0,0) width 248: "This sentence should be in a serif font."
                RenderBlock {P} at (0,82) size 762x20
                  RenderText {#text} at (0,0) size 314x20
                    text run at (0,0) width 314: "This sentence should be in a sans-serif font."
                RenderBlock {P} at (0,118) size 762x20
                  RenderText {#text} at (0,0) size 265x19
                    text run at (0,0) width 265: "This sentence should be in a cursive font."
                RenderBlock {P} at (0,154) size 762x26
                  RenderText {#text} at (0,0) size 298x26
                    text run at (0,0) width 298: "This sentence should be in a fantasy font."
                RenderBlock {P} at (0,196) size 762x15
                  RenderText {#text} at (0,0) size 344x15
                    text run at (0,0) width 344: "This sentence should be in a monospace font."
