layer at (0,0) size 800x1092
  RenderView at (0,0) size 800x600
layer at (0,0) size 800x1092
  RenderBlock {HTML} at (0,0) size 800x1092
    RenderBody {BODY} at (8,8) size 784x1076 [bgcolor=#CCCCCC]
      RenderBlock {P} at (0,0) size 784x20
        RenderText {#text} at (0,0) size 363x19
          text run at (0,0) width 363: "The style declarations which apply to the text below are:"
      RenderBlock {PRE} at (0,36) size 784x165
        RenderText {#text} at (0,0) size 235x165
          text run at (0,0) width 196: ".one {font-weight: bold;}"
          text run at (195,0) width 1: " "
          text run at (0,15) width 211: ".two {font-weight: bolder;}"
          text run at (210,15) width 1: " "
          text run at (0,30) width 235: ".three {font-weight: lighter;}"
          text run at (234,30) width 1: " "
          text run at (0,45) width 196: ".four {font-weight: 100;}"
          text run at (195,45) width 1: " "
          text run at (0,60) width 196: ".five {font-weight: 300;}"
          text run at (195,60) width 1: " "
          text run at (0,75) width 188: ".six {font-weight: 500;}"
          text run at (187,75) width 1: " "
          text run at (0,90) width 203: ".seven {font-weight: 700;}"
          text run at (202,90) width 1: " "
          text run at (0,105) width 203: ".eight {font-weight: 900;}"
          text run at (202,105) width 1: " "
          text run at (0,120) width 219: ".nine {font-weight: normal;}"
          text run at (218,120) width 1: " "
          text run at (0,135) width 196: "B {font-weight: lighter;}"
          text run at (195,135) width 1: " "
          text run at (0,150) width 0: " "
      RenderBlock {HR} at (0,214) size 784x2 [border: (1px inset #000000)]
      RenderBlock {P} at (0,232) size 784x20
        RenderText {#text} at (0,0) size 200x19
          text run at (0,0) width 200: "This sentence should be bold."
      RenderBlock {P} at (0,268) size 784x20
        RenderText {#text} at (0,0) size 303x19
          text run at (0,0) width 303: "This sentence should be bolder than normal."
      RenderBlock {H4} at (0,309) size 784x20
        RenderText {#text} at (0,0) size 133x19
          text run at (0,0) width 133: "This is a heading-4."
      RenderBlock {H4} at (0,350) size 784x20
        RenderText {#text} at (0,0) size 181x19
          text run at (0,0) width 181: "This is a bolder heading-4."
      RenderBlock {P} at (0,391) size 784x20
        RenderInline {B} at (0,0) size 361x19
          RenderText {#text} at (0,0) size 361x19
            text run at (0,0) width 361: "This sentence should be normal (boldface made lighter)."
        RenderText {#text} at (0,0) size 0x0
      RenderBlock {P} at (0,427) size 784x20
        RenderText {#text} at (0,0) size 233x19
          text run at (0,0) width 233: "This sentence should be weight 100."
      RenderBlock {P} at (0,463) size 784x20
        RenderText {#text} at (0,0) size 233x19
          text run at (0,0) width 233: "This sentence should be weight 300."
      RenderBlock {P} at (0,499) size 784x20
        RenderText {#text} at (0,0) size 233x19
          text run at (0,0) width 233: "This sentence should be weight 500."
      RenderBlock {P} at (0,535) size 784x20
        RenderText {#text} at (0,0) size 243x19
          text run at (0,0) width 243: "This sentence should be weight 700."
      RenderBlock {P} at (0,571) size 784x20
        RenderText {#text} at (0,0) size 243x19
          text run at (0,0) width 243: "This sentence should be weight 900."
      RenderBlock {P} at (0,607) size 784x20
        RenderText {#text} at (0,0) size 498x19
          text run at (0,0) width 498: "This sentence should be bold, but the last word in the sentence should be "
        RenderInline {SPAN} at (0,0) size 46x19
          RenderText {#text} at (497,0) size 46x19
            text run at (497,0) width 46: "normal"
        RenderText {#text} at (542,0) size 5x19
          text run at (542,0) width 5: "."
      RenderTable {TABLE} at (0,643) size 569x433 [border: (1px outset #808080)]
        RenderTableSection {TBODY} at (1,1) size 567x431
          RenderTableRow {TR} at (0,0) size 567x28
            RenderTableCell {TD} at (0,0) size 567x28 [bgcolor=#C0C0C0] [border: (1px inset #808080)] [r=0 c=0 rs=1 cs=2]
              RenderInline {STRONG} at (0,0) size 163x19
                RenderText {#text} at (4,4) size 163x19
                  text run at (4,4) width 163: "TABLE Testing Section"
          RenderTableRow {TR} at (0,28) size 567x403
            RenderTableCell {TD} at (0,215) size 12x28 [bgcolor=#C0C0C0] [border: (1px inset #808080)] [r=1 c=0 rs=1 cs=1]
              RenderText {#text} at (4,4) size 4x19
                text run at (4,4) width 4: " "
            RenderTableCell {TD} at (12,28) size 555x403 [border: (1px inset #808080)] [r=1 c=1 rs=1 cs=1]
              RenderBlock {P} at (4,4) size 547x20
                RenderText {#text} at (0,0) size 200x19
                  text run at (0,0) width 200: "This sentence should be bold."
              RenderBlock {P} at (4,40) size 547x20
                RenderText {#text} at (0,0) size 303x19
                  text run at (0,0) width 303: "This sentence should be bolder than normal."
              RenderBlock {H4} at (4,81) size 547x20
                RenderText {#text} at (0,0) size 133x19
                  text run at (0,0) width 133: "This is a heading-4."
              RenderBlock {H4} at (4,122) size 547x20
                RenderText {#text} at (0,0) size 181x19
                  text run at (0,0) width 181: "This is a bolder heading-4."
              RenderBlock {P} at (4,163) size 547x20
                RenderInline {B} at (0,0) size 361x19
                  RenderText {#text} at (0,0) size 361x19
                    text run at (0,0) width 361: "This sentence should be normal (boldface made lighter)."
                RenderText {#text} at (0,0) size 0x0
              RenderBlock {P} at (4,199) size 547x20
                RenderText {#text} at (0,0) size 233x19
                  text run at (0,0) width 233: "This sentence should be weight 100."
              RenderBlock {P} at (4,235) size 547x20
                RenderText {#text} at (0,0) size 233x19
                  text run at (0,0) width 233: "This sentence should be weight 300."
              RenderBlock {P} at (4,271) size 547x20
                RenderText {#text} at (0,0) size 233x19
                  text run at (0,0) width 233: "This sentence should be weight 500."
              RenderBlock {P} at (4,307) size 547x20
                RenderText {#text} at (0,0) size 243x19
                  text run at (0,0) width 243: "This sentence should be weight 700."
              RenderBlock {P} at (4,343) size 547x20
                RenderText {#text} at (0,0) size 243x19
                  text run at (0,0) width 243: "This sentence should be weight 900."
              RenderBlock {P} at (4,379) size 547x20
                RenderText {#text} at (0,0) size 498x19
                  text run at (0,0) width 498: "This sentence should be bold, but the last word in the sentence should be "
                RenderInline {SPAN} at (0,0) size 46x19
                  RenderText {#text} at (497,0) size 46x19
                    text run at (497,0) width 46: "normal"
                RenderText {#text} at (542,0) size 5x19
                  text run at (542,0) width 5: "."
