layer at (0,0) size 800x600
  RenderView at (0,0) size 800x600
layer at (0,0) size 800x284
  RenderBlock {test} at (0,0) size 800x284
    RenderBlock {div} at (0,16) size 800x252
      RenderBlock {p} at (0,0) size 800x34
        RenderText {#text} at (0,0) size 749x17
          text run at (0,0) width 749: "The background color of this paragraph should turn to green when the mouse pointer hovers over any of the following:"
        RenderBR {br} at (749,0) size 0x17
        RenderInline {strong} at (0,0) size 63x17
          RenderText {#text} at (0,17) size 63x17
            text run at (0,17) width 63: "This text."
      RenderBlock {p} at (0,50) size 800x17
        RenderText {#text} at (0,0) size 59x17
          text run at (0,0) width 59: "This text."
      RenderTable {table} at (0,83) size 112x99
        RenderTableSection (anonymous) at (0,0) size 112x99
          RenderTableRow {tr} at (0,2) size 112x74
            RenderTableCell {td} at (2,2) size 108x74 [r=0 c=0 rs=1 cs=1]
              RenderTable {table} at (1,1) size 106x72
                RenderTableSection (anonymous) at (0,0) size 106x72
                  RenderTableRow {tr} at (0,2) size 106x68
                    RenderTableCell {td} at (2,2) size 102x68 [r=0 c=0 rs=1 cs=1]
                      RenderBlock {dl} at (1,17) size 100x34
                        RenderBlock {dt} at (0,0) size 100x17
                          RenderText {#text} at (0,0) size 59x17
                            text run at (0,0) width 59: "This text."
                        RenderBlock {dd} at (40,17) size 60x17
                          RenderText {#text} at (0,0) size 59x17
                            text run at (0,0) width 59: "This text."
          RenderTableRow {tr} at (0,78) size 112x19
            RenderTableCell {td} at (2,78) size 108x19 [r=1 c=0 rs=1 cs=1]
              RenderText {#text} at (1,1) size 59x17
                text run at (1,1) width 59: "This text."
      RenderBlock {p} at (0,198) size 800x21
        RenderInline {sub} at (0,0) size 51x15
          RenderText {#text} at (0,6) size 51x15
            text run at (0,6) width 51: "This text."
      RenderBlock {p} at (0,235) size 800x17
        RenderText {#text} at (0,0) size 573x17
          text run at (0,0) width 573: "...and anything else between the top of the first paragraph and the bottom of this paragraph."
