layer at (0,0) size 800x600
  RenderView at (0,0) size 800x600
layer at (0,0) size 800x159
  RenderBlock {test} at (0,0) size 800x159
    RenderBlock {div} at (0,16) size 800x88
      RenderBlock {p} at (0,0) size 800x17 [bgcolor=#00FF00]
        RenderText {#text} at (0,0) size 304x17
          text run at (0,0) width 304: "This paragraph should have a green background"
      RenderTable {table} at (0,33) size 311x55
        RenderTableSection {tbody} at (0,0) size 311x55
          RenderTableRow {tr} at (0,2) size 311x51
            RenderTableCell {td} at (2,2) size 307x51 [r=0 c=0 rs=1 cs=1]
              RenderBlock {p} at (1,17) size 305x17 [bgcolor=#00FF00]
                RenderText {#text} at (0,0) size 304x17
                  text run at (0,0) width 304: "This paragraph should have a green background"
    RenderTable {table} at (0,104) size 228x55
      RenderTableSection {tbody} at (0,0) size 228x55
        RenderTableRow {tr} at (0,2) size 228x51
          RenderTableCell {td} at (2,2) size 224x51 [r=0 c=0 rs=1 cs=1]
            RenderBlock {p} at (1,17) size 222x17
              RenderText {#text} at (0,0) size 221x17
                text run at (0,0) width 221: "This paragraph should be unstyled."
