layer at (0,0) size 800x600
  RenderView at (0,0) size 800x600
layer at (0,0) size 800x406
  RenderBlock {HTML} at (0,0) size 800x407
    RenderBody {BODY} at (8,16) size 784x186
      RenderBlock {P} at (0,0) size 784x17
        RenderText {#text} at (0,0) size 439x17
          text run at (0,0) width 439: "For each of pairs, the first one and the second one should be identical."
        RenderText {#text} at (0,0) size 0x0
      RenderTable {TABLE} at (0,33) size 153x358
        RenderTableSection {TBODY} at (0,0) size 153x358
          RenderTableRow {TR} at (0,2) size 153x74
            RenderTableCell {TD} at (2,2) size 74x74 [r=0 c=0 rs=1 cs=1]
              RenderBlock {SECTION} at (1,1) size 72x72
                RenderBlock {HR} at (0,0) size 72x2 [border: (1px inset #000000)]
                RenderBlock {H1} at (0,21) size 72x29 [border: (1px solid #00FF00)]
                  RenderText {#text} at (1,1) size 69x26
                    text run at (1,1) width 69: "MMM"
                RenderBlock {HR} at (0,69) size 72x3 [border: (1px inset #000000)]
            RenderTableCell {TD} at (77,2) size 74x74 [r=0 c=1 rs=1 cs=1]
              RenderBlock {HR} at (1,1) size 72x2 [border: (1px inset #000000)]
              RenderBlock {H2} at (1,22) size 72x29 [border: (1px solid #00FF00)]
                RenderText {#text} at (1,1) size 69x26
                  text run at (1,1) width 69: "MMM"
              RenderBlock {HR} at (1,70) size 72x3 [border: (1px inset #000000)]
          RenderTableRow {TR} at (0,77) size 153x68
            RenderTableCell {TD} at (2,77) size 74x68 [r=1 c=0 rs=1 cs=1]
              RenderBlock {ARTICLE} at (1,1) size 72x65
                RenderBlock {SECTION} at (0,0) size 72x65
                  RenderBlock {HR} at (0,0) size 72x2 [border: (1px inset #000000)]
                  RenderBlock {H1} at (0,20) size 72x24 [border: (1px solid #00FF00)]
                    RenderText {#text} at (1,1) size 54x21
                      text run at (1,1) width 54: "MMM"
                  RenderBlock {HR} at (0,62) size 72x3 [border: (1px inset #000000)]
            RenderTableCell {TD} at (77,77) size 74x68 [r=1 c=1 rs=1 cs=1]
              RenderBlock {HR} at (1,1) size 72x2 [border: (1px inset #000000)]
              RenderBlock {H3} at (1,21) size 72x24 [border: (1px solid #00FF00)]
                RenderText {#text} at (1,1) size 54x21
                  text run at (1,1) width 54: "MMM"
              RenderBlock {HR} at (1,63) size 72x3 [border: (1px inset #000000)]
          RenderTableRow {TR} at (0,146) size 153x68
            RenderTableCell {TD} at (2,146) size 74x68 [r=2 c=0 rs=1 cs=1]
              RenderBlock {NAV} at (1,1) size 72x66
                RenderBlock {ARTICLE} at (0,0) size 72x66
                  RenderBlock {SECTION} at (0,0) size 72x66
                    RenderBlock {HR} at (0,0) size 72x2 [border: (1px inset #000000)]
                    RenderBlock {H1} at (0,23) size 72x20 [border: (1px solid #00FF00)]
                      RenderText {#text} at (1,1) size 45x17
                        text run at (1,1) width 45: "MMM"
                    RenderBlock {HR} at (0,63) size 72x3 [border: (1px inset #000000)]
            RenderTableCell {TD} at (77,146) size 74x68 [r=2 c=1 rs=1 cs=1]
              RenderBlock {HR} at (1,1) size 72x2 [border: (1px inset #000000)]
              RenderBlock {H4} at (1,24) size 72x20 [border: (1px solid #00FF00)]
                RenderText {#text} at (1,1) size 45x17
                  text run at (1,1) width 45: "MMM"
              RenderBlock {HR} at (1,64) size 72x3 [border: (1px inset #000000)]
          RenderTableRow {TR} at (0,215) size 153x69
            RenderTableCell {TD} at (2,215) size 74x69 [r=3 c=0 rs=1 cs=1]
              RenderBlock {NAV} at (1,1) size 72x66
                RenderBlock {ASIDE} at (0,0) size 72x66
                  RenderBlock {ARTICLE} at (0,0) size 72x66
                    RenderBlock {SECTION} at (0,0) size 72x66
                      RenderBlock {HR} at (0,0) size 72x2 [border: (1px inset #000000)]
                      RenderBlock {H1} at (0,24) size 72x18 [border: (1px solid #00FF00)]
                        RenderText {#text} at (1,1) size 36x15
                          text run at (1,1) width 36: "MMM"
                      RenderBlock {HR} at (0,63) size 72x3 [border: (1px inset #000000)]
            RenderTableCell {TD} at (77,215) size 74x69 [r=3 c=1 rs=1 cs=1]
              RenderBlock {HR} at (1,1) size 72x2 [border: (1px inset #000000)]
              RenderBlock {H5} at (1,25) size 72x18 [border: (1px solid #00FF00)]
                RenderText {#text} at (1,1) size 36x15
                  text run at (1,1) width 36: "MMM"
              RenderBlock {HR} at (1,64) size 72x3 [border: (1px inset #000000)]
          RenderTableRow {TR} at (0,285) size 153x71
            RenderTableCell {TD} at (2,285) size 74x71 [r=4 c=0 rs=1 cs=1]
              RenderBlock {SECTION} at (1,1) size 72x68
                RenderBlock {DIV} at (0,0) size 72x68
                  RenderBlock {NAV} at (0,0) size 72x68
                    RenderBlock {ASIDE} at (0,0) size 72x68
                      RenderBlock {ARTICLE} at (0,0) size 72x68
                        RenderBlock {SECTION} at (0,0) size 72x68
                          RenderBlock {HR} at (0,0) size 72x2 [border: (1px inset #000000)]
                          RenderBlock {H1} at (0,26) size 72x15 [border: (1px solid #00FF00)]
                            RenderText {#text} at (1,1) size 30x12
                              text run at (1,1) width 30: "MMM"
                          RenderBlock {HR} at (0,65) size 72x3 [border: (1px inset #000000)]
                  RenderBlock {DIV} at (0,67) size 72x0
            RenderTableCell {TD} at (77,285) size 74x71 [r=4 c=1 rs=1 cs=1]
              RenderBlock {HR} at (1,1) size 72x2 [border: (1px inset #000000)]
              RenderBlock {H6} at (1,27) size 72x15 [border: (1px solid #00FF00)]
                RenderText {#text} at (1,1) size 30x12
                  text run at (1,1) width 30: "MMM"
              RenderBlock {HR} at (1,66) size 72x3 [border: (1px inset #000000)]
      RenderTable {TABLE} at (152,33) size 358x153
        RenderTableSection {TBODY} at (0,0) size 358x153
          RenderTableRow {TR} at (0,2) size 74x153
            RenderTableCell {TD} at (2,2) size 74x74 [r=0 c=0 rs=1 cs=1]
              RenderBlock {SECTION} at (1,1) size 72x72
                RenderBlock {HR} at (0,0) size 2x72 [border: (1px inset #000000)]
                RenderBlock {H1} at (21,0) size 29x72 [border: (1px solid #00FF00)]
                  RenderText {#text} at (1,1) size 26x69
                    text run at (1,1) width 69: "MMM"
                RenderBlock {HR} at (69,0) size 3x72 [border: (1px inset #000000)]
            RenderTableCell {TD} at (2,77) size 74x74 [r=0 c=1 rs=1 cs=1]
              RenderBlock {HR} at (1,1) size 2x72 [border: (1px inset #000000)]
              RenderBlock {H2} at (22,1) size 29x72 [border: (1px solid #00FF00)]
                RenderText {#text} at (1,1) size 26x69
                  text run at (1,1) width 69: "MMM"
              RenderBlock {HR} at (70,1) size 3x72 [border: (1px inset #000000)]
          RenderTableRow {TR} at (0,77) size 67x153
            RenderTableCell {TD} at (77,2) size 68x74 [r=1 c=0 rs=1 cs=1]
              RenderBlock {ARTICLE} at (1,1) size 65x72
                RenderBlock {SECTION} at (0,0) size 65x72
                  RenderBlock {HR} at (0,0) size 2x72 [border: (1px inset #000000)]
                  RenderBlock {H1} at (20,0) size 24x72 [border: (1px solid #00FF00)]
                    RenderText {#text} at (1,1) size 21x54
                      text run at (1,1) width 54: "MMM"
                  RenderBlock {HR} at (62,0) size 3x72 [border: (1px inset #000000)]
            RenderTableCell {TD} at (77,77) size 68x74 [r=1 c=1 rs=1 cs=1]
              RenderBlock {HR} at (1,1) size 2x72 [border: (1px inset #000000)]
              RenderBlock {H3} at (21,1) size 24x72 [border: (1px solid #00FF00)]
                RenderText {#text} at (1,1) size 21x54
                  text run at (1,1) width 54: "MMM"
              RenderBlock {HR} at (63,1) size 3x72 [border: (1px inset #000000)]
          RenderTableRow {TR} at (0,146) size 68x153
            RenderTableCell {TD} at (146,2) size 68x74 [r=2 c=0 rs=1 cs=1]
              RenderBlock {NAV} at (1,1) size 66x72
                RenderBlock {ARTICLE} at (0,0) size 66x72
                  RenderBlock {SECTION} at (0,0) size 66x72
                    RenderBlock {HR} at (0,0) size 2x72 [border: (1px inset #000000)]
                    RenderBlock {H1} at (23,0) size 20x72 [border: (1px solid #00FF00)]
                      RenderText {#text} at (1,1) size 17x45
                        text run at (1,1) width 45: "MMM"
                    RenderBlock {HR} at (63,0) size 3x72 [border: (1px inset #000000)]
            RenderTableCell {TD} at (146,77) size 68x74 [r=2 c=1 rs=1 cs=1]
              RenderBlock {HR} at (1,1) size 2x72 [border: (1px inset #000000)]
              RenderBlock {H4} at (24,1) size 20x72 [border: (1px solid #00FF00)]
                RenderText {#text} at (1,1) size 17x45
                  text run at (1,1) width 45: "MMM"
              RenderBlock {HR} at (64,1) size 3x72 [border: (1px inset #000000)]
          RenderTableRow {TR} at (0,215) size 68x153
            RenderTableCell {TD} at (215,2) size 69x74 [r=3 c=0 rs=1 cs=1]
              RenderBlock {NAV} at (1,1) size 66x72
                RenderBlock {ASIDE} at (0,0) size 66x72
                  RenderBlock {ARTICLE} at (0,0) size 66x72
                    RenderBlock {SECTION} at (0,0) size 66x72
                      RenderBlock {HR} at (0,0) size 2x72 [border: (1px inset #000000)]
                      RenderBlock {H1} at (24,0) size 18x72 [border: (1px solid #00FF00)]
                        RenderText {#text} at (1,1) size 15x36
                          text run at (1,1) width 36: "MMM"
                      RenderBlock {HR} at (63,0) size 3x72 [border: (1px inset #000000)]
            RenderTableCell {TD} at (215,77) size 69x74 [r=3 c=1 rs=1 cs=1]
              RenderBlock {HR} at (1,1) size 2x72 [border: (1px inset #000000)]
              RenderBlock {H5} at (25,1) size 18x72 [border: (1px solid #00FF00)]
                RenderText {#text} at (1,1) size 15x36
                  text run at (1,1) width 36: "MMM"
              RenderBlock {HR} at (64,1) size 3x72 [border: (1px inset #000000)]
          RenderTableRow {TR} at (0,285) size 70x153
            RenderTableCell {TD} at (285,2) size 71x74 [r=4 c=0 rs=1 cs=1]
              RenderBlock {SECTION} at (1,1) size 68x72
                RenderBlock {DIV} at (0,0) size 68x72
                  RenderBlock {NAV} at (0,0) size 68x72
                    RenderBlock {ASIDE} at (0,0) size 68x72
                      RenderBlock {ARTICLE} at (0,0) size 68x72
                        RenderBlock {SECTION} at (0,0) size 68x72
                          RenderBlock {HR} at (0,0) size 2x72 [border: (1px inset #000000)]
                          RenderBlock {H1} at (26,0) size 15x72 [border: (1px solid #00FF00)]
                            RenderText {#text} at (1,1) size 12x30
                              text run at (1,1) width 30: "MMM"
                          RenderBlock {HR} at (65,0) size 3x72 [border: (1px inset #000000)]
                  RenderBlock {DIV} at (67,0) size 0x72
            RenderTableCell {TD} at (285,77) size 71x74 [r=4 c=1 rs=1 cs=1]
              RenderBlock {HR} at (1,1) size 2x72 [border: (1px inset #000000)]
              RenderBlock {H6} at (27,1) size 15x72 [border: (1px solid #00FF00)]
                RenderText {#text} at (1,1) size 12x30
                  text run at (1,1) width 30: "MMM"
              RenderBlock {HR} at (66,1) size 3x72 [border: (1px inset #000000)]
