layer at (0,0) size 800x600
  RenderView at (0,0) size 800x600
layer at (0,0) size 800x138
  RenderBlock {HTML} at (0,0) size 800x139
    RenderBody {BODY} at (8,21) size 784x96 [color=#008000]
      RenderBlock {H1} at (0,0) size 784x37
        RenderText {#text} at (0,0) size 396x36
          text run at (0,0) width 396: "This should be green, not red"
      RenderBlock {H1} at (0,58) size 784x38
        RenderText {#text} at (0,0) size 410x36
          text run at (0,0) width 410: "This should be green, not blue"
