layer at (0,0) size 800x600
  RenderView at (0,0) size 800x600
layer at (0,0) size 800x600
  RenderBlock {HTML} at (0,0) size 800x600
    RenderBody {BODY} at (8,8) size 784x584
      RenderText {#text} at (0,0) size 273x18
        text run at (0,0) width 273: "The image below should not actually load."
      RenderBR {BR} at (272,14) size 1x0
      RenderImage {IMG} at (0,18) size 0x0
      RenderText {#text} at (0,0) size 0x0
