layer at (0,0) size 800x1417
  RenderView at (0,0) size 800x600
layer at (0,0) size 800x1417
  RenderBlock {HTML} at (0,0) size 800x1417
    RenderBody {BODY} at (8,8) size 784x1396
      RenderBlock {H2} at (0,0) size 784x60
        RenderText {#text} at (0,1) size 737x58
          text run at (0,1) width 737: "It's OK if nothing drawn for a scrollbar (for an outermost frame and an"
          text run at (0,31) width 227: "element with overlow)"
      RenderBlock {P} at (0,79) size 784x20
        RenderText {#text} at (0,0) size 591x19
          text run at (0,0) width 591: "Note that Safari doesn't allow to customize the outermost scdrollbars and just show Cocoa's."
      RenderBlock {PRE} at (0,228) size 784x1168 [bgcolor=#008000]
      RenderBlock {PRE} at (0,1409) size 1568x0 [bgcolor=#008000]
layer at (8,123) size 100x100 clip at (8,123) size 87x87 scrollWidth 1397 scrollHeight 105
  RenderBlock {PRE} at (0,115) size 100x100 [bgcolor=#008000]
    RenderText {#text} at (0,0) size 1397x105
      text run at (0,0) width 1397: "The quick brown fox jumps over the lazy dog. The quick brown fox jumps over the lazy dog. The quick brown fox jumps over the lazy dog. The quick brown fox jumps over the lazy dog."
      text run at (1396,0) width 1: " "
      text run at (0,15) width 1397: "The quick brown fox jumps over the lazy dog. The quick brown fox jumps over the lazy dog. The quick brown fox jumps over the lazy dog. The quick brown fox jumps over the lazy dog."
      text run at (1396,15) width 1: " "
      text run at (0,30) width 1397: "The quick brown fox jumps over the lazy dog. The quick brown fox jumps over the lazy dog. The quick brown fox jumps over the lazy dog. The quick brown fox jumps over the lazy dog."
      text run at (1396,30) width 1: " "
      text run at (0,45) width 1397: "The quick brown fox jumps over the lazy dog. The quick brown fox jumps over the lazy dog. The quick brown fox jumps over the lazy dog. The quick brown fox jumps over the lazy dog."
      text run at (1396,45) width 1: " "
      text run at (0,60) width 1397: "The quick brown fox jumps over the lazy dog. The quick brown fox jumps over the lazy dog. The quick brown fox jumps over the lazy dog. The quick brown fox jumps over the lazy dog."
      text run at (1396,60) width 1: " "
      text run at (0,75) width 1397: "The quick brown fox jumps over the lazy dog. The quick brown fox jumps over the lazy dog. The quick brown fox jumps over the lazy dog. The quick brown fox jumps over the lazy dog."
      text run at (1396,75) width 1: " "
      text run at (0,90) width 1397: "The quick brown fox jumps over the lazy dog. The quick brown fox jumps over the lazy dog. The quick brown fox jumps over the lazy dog. The quick brown fox jumps over the lazy dog."
      text run at (1396,90) width 1: " "
