layer at (0,0) size 800x600
  RenderView at (0,0) size 800x600
layer at (0,0) size 800x600
  RenderBlock {HTML} at (0,0) size 800x600
    RenderBody {BODY} at (8,8) size 784x576
      RenderBlock (anonymous) at (0,0) size 784x40
        RenderText {#text} at (0,0) size 764x39
          text run at (0,0) width 493: "This tests whether alt text is shown for image-type form input elements with "
          text run at (492,0) width 272: "no src attribute. You should see \"Success\""
          text run at (0,20) width 229: "twice, followed by a blue rectangle."
      RenderBlock {P} at (0,56) size 784x0
      RenderBlock {FORM} at (0,56) size 784x91
        RenderImage {INPUT} at (0,0) size 41x14
        RenderBR {BR} at (41,14) size 0x0
        RenderImage {INPUT} at (0,14) size 102x52 [border: (1px solid #000000)]
        RenderBR {BR} at (102,66) size 0x0
        RenderImage {INPUT} at (0,66) size 75x25
        RenderBR {BR} at (75,91) size 0x0
