layer at (0,0) size 800x600
  RenderView at (0,0) size 800x600
layer at (0,0) size 800x422
  RenderBlock {html} at (0,0) size 800x422
    RenderInline {body} at (0,0) size 662x421
      RenderText {#text} at (0,0) size 0x0
      RenderInline {p} at (0,0) size 658x17
        RenderText {#text} at (0,0) size 658x17
          text run at (0,0) width 658: "Test if clip-path doesn't cause isolation. This test passes if you see a green rectangle with yellow borders."
      RenderText {#text} at (658,0) size 4x17
        text run at (658,0) width 4: " "
      RenderSVGRoot {svg} at (0,18) size 160x160
        RenderSVGHiddenContainer {defs} at (0,0) size 0x0
          RenderSVGResourceClipper {clipPath} [id="clip"] [clipPathUnits=userSpaceOnUse]
            RenderSVGRect {rect} at (10,28) size 20x20 [fill={[type=SOLID] [color=#000000]}] [x=10.00] [y=10.00] [width=20.00] [height=20.00]
        RenderSVGContainer {g} at (0,18) size 160x160 [transform={m=((4.00,0.00)(0.00,4.00)) t=(0.00,0.00)}]
          RenderSVGRect {rect} at (0,18) size 160x160 [fill={[type=SOLID] [color=#FFFF00]}] [x=0.00] [y=0.00] [width=40.00] [height=40.00]
          RenderSVGContainer {g} at (40,58) size 80x80
            [clipPath="clip"] RenderSVGResourceClipper {clipPath} at (10,10) size 20x20
            RenderSVGRect {rect} at (0,18) size 160x160 [fill={[type=SOLID] [color=#FF0000]}] [x=0.00] [y=0.00] [width=40.00] [height=40.00]
      RenderText {#text} at (0,0) size 0x0
    RenderText {#text} at (0,0) size 0x0
