layer at (0,0) size 800x600
  RenderView at (0,0) size 800x600
layer at (0,0) size 800x600
  RenderBlock {HTML} at (0,0) size 800x600
    RenderBody {BODY} at (8,8) size 784x584
      RenderBlock {P} at (0,0) size 784x20
        RenderText {#text} at (0,0) size 624x19
          text run at (0,0) width 624: "This tests for a bug where style would not be applied to a selection that ended just after an image."
      RenderBlock {DIV} at (0,36) size 784x128
        RenderBlock (anonymous) at (0,0) size 784x20
          RenderBR {BR} at (0,0) size 0x19
        RenderBlock {DIV} at (0,20) size 784x108
          RenderText {#text} at (0,88) size 159x19
            text run at (0,88) width 159: "This text should be bold."
          RenderImage {IMG} at (158,0) size 77x103
caret: position 0 of child 0 {#text} of child 0 {P} of body
