EDITING DELEGATE: shouldBeginEditingInDOMRange:range from 0 of BODY > HTML > #document to 6 of BODY > HTML > #document
EDITING DELEGATE: shouldEndEditingInDOMRange:range from 0 of BODY > HTML > #document to 6 of BODY > HTML > #document
EDITING DELEGATE: webViewDidChangeSelection:WebViewDidChangeSelectionNotification
EDITING DELEGATE: webViewDidEndEditing:WebViewDidEndEditingNotification
EDITING DELEGATE: webViewDidChangeSelection:WebViewDidChangeSelectionNotification
layer at (0,0) size 800x600
  RenderView at (0,0) size 800x600
layer at (0,0) size 800x600
  RenderBlock {HTML} at (0,0) size 800x600
    RenderBody {BODY} at (8,8) size 784x584
      RenderBlock {DIV} at (0,0) size 784x88 [border: (2px solid #0000FF)]
        RenderText {#text} at (14,15) size 756x58
          text run at (14,15) width 756: "Should see \"bar\" centered in its own red box. The \"foo\" and \"baz\" lines should"
          text run at (769,15) width 1: " "
          text run at (14,45) width 153: "not be centered."
      RenderBlock {DIV} at (0,112) size 784x146
        RenderBlock {DIV} at (0,0) size 784x146 [border: (2px solid #FF0000)]
          RenderBlock (anonymous) at (14,14) size 756x30
            RenderText {#text} at (0,1) size 32x28
              text run at (0,1) width 32: "foo"
          RenderBlock {DIV} at (14,44) size 756x58 [border: (2px solid #FF0000)]
            RenderText {#text} at (14,15) size 31x28
              text run at (14,15) width 31: "bar"
          RenderBlock (anonymous) at (14,102) size 756x30
            RenderText {#text} at (0,1) size 34x28
              text run at (0,1) width 34: "baz"
