EDITING DELEGATE: shouldBeginEditingInDOMRange:range from 0 of BODY > HTML > #document to 6 of BODY > HTML > #document
EDITING DELEGATE: shouldEndEditingInDOMRange:range from 0 of BODY > HTML > #document to 6 of BODY > HTML > #document
EDITING DELEGATE: webViewDidChangeSelection:WebViewDidChangeSelectionNotification
EDITING DELEGATE: webViewDidEndEditing:WebViewDidEndEditingNotification
EDITING DELEGATE: webViewDidChangeSelection:WebViewDidChangeSelectionNotification
layer at (0,0) size 800x600
  RenderView at (0,0) size 800x600
layer at (0,0) size 800x600
  RenderBlock {HTML} at (0,0) size 800x600
    RenderBody {BODY} at (8,8) size 784x584
      RenderBlock {DIV} at (0,0) size 784x88 [border: (2px solid #0000FF)]
        RenderText {#text} at (14,15) size 718x58
          text run at (14,15) width 712: "Should see \"baz\" centered in its own red box, with a two left-aligned lines"
          text run at (725,15) width 7: " "
          text run at (14,45) width 224: "above, \"foo\" and \"bar\"."
      RenderBlock {DIV} at (0,112) size 784x118
        RenderBlock {DIV} at (0,0) size 784x118 [border: (2px solid #FF0000)]
          RenderText {#text} at (14,15) size 32x28
            text run at (14,15) width 32: "foo"
          RenderBR {BR} at (45,37) size 1x0
          RenderText {#text} at (14,45) size 31x28
            text run at (14,45) width 31: "bar"
          RenderBR {BR} at (44,67) size 1x0
          RenderText {#text} at (14,75) size 34x28
            text run at (14,75) width 34: "baz"
