EDITING DELEGATE: shouldBeginEditingInDOMRange:range from 0 of BODY > HTML > #document to 8 of BODY > HTML > #document
EDITING DELEGATE: webViewDidBeginEditing:WebViewDidBeginEditingNotification
EDITING DELEGATE: webViewDidChangeSelection:WebViewDidChangeSelectionNotification
EDITING DELEGATE: webViewDidChangeSelection:WebViewDidChangeSelectionNotification
EDITING DELEGATE: webViewDidChangeSelection:WebViewDidChangeSelectionNotification
EDITING DELEGATE: webViewDidChangeSelection:WebViewDidChangeSelectionNotification
EDITING DELEGATE: webViewDidChangeSelection:WebViewDidChangeSelectionNotification
EDITING DELEGATE: shouldChangeSelectedDOMRange:range from 1 of DIV > DIV > BODY > HTML > #document to 8 of #text > SPAN > DIV > DIV > DIV > BODY > HTML > #document toDOMRange:range from 0 of #text > SPAN > DIV > DIV > BODY > HTML > #document to 8 of #text > SPAN > DIV > DIV > DIV > BODY > HTML > #document affinity:NSSelectionAffinityDownstream stillSelecting:FALSE
EDITING DELEGATE: webViewDidChangeSelection:WebViewDidChangeSelectionNotification
EDITING DELEGATE: webViewDidChange:WebViewDidChangeNotification
EDITING DELEGATE: webViewDidChangeSelection:WebViewDidChangeSelectionNotification
EDITING DELEGATE: webViewDidChange:WebViewDidChangeNotification
EDITING DELEGATE: webViewDidChangeSelection:WebViewDidChangeSelectionNotification
EDITING DELEGATE: shouldEndEditingInDOMRange:range from 0 of BODY > HTML > #document to 8 of BODY > HTML > #document
EDITING DELEGATE: webViewDidChangeSelection:WebViewDidChangeSelectionNotification
EDITING DELEGATE: webViewDidEndEditing:WebViewDidEndEditingNotification
EDITING DELEGATE: webViewDidChange:WebViewDidChangeNotification
layer at (0,0) size 800x600
  RenderView at (0,0) size 800x600
layer at (0,0) size 800x600
  RenderBlock {HTML} at (0,0) size 800x600
    RenderBody {BODY} at (8,8) size 784x584
      RenderBlock {DIV} at (0,0) size 784x88 [border: (2px solid #0000FF)]
        RenderText {#text} at (14,15) size 748x58
          text run at (14,15) width 742: "Size check should say: 30px. All text on the first line, and the first two words"
          text run at (755,15) width 7: " "
          text run at (14,45) width 430: "of the second line, should appear to be 30px."
      RenderBlock {DIV} at (0,112) size 784x30
        RenderText {#text} at (0,1) size 116x28
          text run at (0,1) width 116: "Size check: "
        RenderInline {SPAN} at (0,0) size 49x28
          RenderText {#text} at (115,1) size 49x28
            text run at (115,1) width 49: "27px"
      RenderBlock {DIV} at (0,158) size 784x152
        RenderBlock {DIV} at (0,0) size 784x152 [border: (2px solid #FF0000)]
          RenderBlock (anonymous) at (14,14) size 756x33
            RenderInline {SPAN} at (0,0) size 154x31
              RenderText {#text} at (0,1) size 154x31
                text run at (0,1) width 154: "There is a tide"
          RenderBlock {DIV} at (14,47) size 756x61 [border: (2px solid #FF0000)]
            RenderInline {SPAN} at (0,0) size 69x31
              RenderText {#text} at (14,15) size 69x31
                text run at (14,15) width 69: "In the "
            RenderText {#text} at (82,18) size 136x28
              text run at (82,18) width 136: "affairs of men"
          RenderBlock (anonymous) at (14,108) size 756x30
            RenderText {#text} at (0,1) size 238x28
              text run at (0,1) width 238: "Which taken at the flood"
