EDITING DELEGATE: shouldBeginEditingInDOMRange:range from 0 of DIV > BODY > HTML > #document to 4 of DIV > BODY > HTML > #document
EDITING DELEGATE: shouldDeleteDOMRange:range from 1 of #text > DIV > DIV > DIV > BODY > HTML > #document to 4 of #text > DIV > DIV > DIV > BODY > HTML > #document
EDITING DELEGATE: webViewDidBeginEditing:WebViewDidBeginEditingNotification
EDITING DELEGATE: webViewDidChangeSelection:WebViewDidChangeSelectionNotification
EDITING DELEGATE: webViewDidChangeSelection:WebViewDidChangeSelectionNotification
EDITING DELEGATE: webViewDidChangeSelection:WebViewDidChangeSelectionNotification
EDITING DELEGATE: shouldChangeSelectedDOMRange:range from 0 of DIV > DIV > DIV > BODY > HTML > #document to 0 of DIV > DIV > DIV > BODY > HTML > #document toDOMRange:range from 0 of DIV > DIV > DIV > BODY > HTML > #document to 0 of DIV > DIV > DIV > BODY > HTML > #document affinity:NSSelectionAffinityDownstream stillSelecting:FALSE
EDITING DELEGATE: webViewDidChangeSelection:WebViewDidChangeSelectionNotification
EDITING DELEGATE: webViewDidChange:WebViewDidChangeNotification
EDITING DELEGATE: shouldInsertNode:#document-fragment replacingDOMRange:range from 0 of DIV > DIV > DIV > BODY > HTML > #document to 0 of DIV > DIV > DIV > BODY > HTML > #document givenAction:WebViewInsertActionPasted
EDITING DELEGATE: shouldChangeSelectedDOMRange:range from 3 of #text > DIV > DIV > DIV > BODY > HTML > #document to 3 of #text > DIV > DIV > DIV > BODY > HTML > #document toDOMRange:range from 0 of #text > DIV > DIV > DIV > BODY > HTML > #document to 3 of #text > DIV > DIV > DIV > BODY > HTML > #document affinity:NSSelectionAffinityDownstream stillSelecting:FALSE
EDITING DELEGATE: webViewDidChangeSelection:WebViewDidChangeSelectionNotification
EDITING DELEGATE: webViewDidChange:WebViewDidChangeNotification
EDITING DELEGATE: shouldApplyStyle:<DOMCSSStyleDeclaration: 0x7fd59a535dc0> toElementsInDOMRange:range from 0 of #text > DIV > DIV > DIV > BODY > HTML > #document to 3 of #text > DIV > DIV > DIV > BODY > HTML > #document
EDITING DELEGATE: shouldChangeSelectedDOMRange:range from 3 of #text > SPAN > FONT > DIV > DIV > DIV > BODY > HTML > #document to 3 of #text > SPAN > FONT > DIV > DIV > DIV > BODY > HTML > #document toDOMRange:range from 0 of #text > SPAN > FONT > DIV > DIV > DIV > BODY > HTML > #document to 3 of #text > SPAN > FONT > DIV > DIV > DIV > BODY > HTML > #document affinity:NSSelectionAffinityDownstream stillSelecting:FALSE
EDITING DELEGATE: webViewDidChangeSelection:WebViewDidChangeSelectionNotification
EDITING DELEGATE: webViewDidChange:WebViewDidChangeNotification
EDITING DELEGATE: webViewDidChangeSelection:WebViewDidChangeSelectionNotification
layer at (0,0) size 800x600
  RenderView at (0,0) size 800x600
layer at (0,0) size 800x600
  RenderBlock {HTML} at (0,0) size 800x600
    RenderBody {BODY} at (8,8) size 784x584
      RenderBlock {DIV} at (0,0) size 784x284 [border: (2px solid #0000FF)]
        RenderBlock {DIV} at (14,14) size 756x120
          RenderText {#text} at (0,1) size 66x28
            text run at (0,1) width 66: "Tests: "
          RenderBR {BR} at (0,0) size 0x0
          RenderText {#text} at (0,31) size 747x58
            text run at (0,31) width 747: "Pasting styles we should not remove during the \"smoosh styles\" process. This"
            text run at (0,61) width 151: "tests the fix for "
          RenderInline {A} at (0,0) size 257x28 [color=#0000EE]
            RenderText {#text} at (150,61) size 257x28
              text run at (150,61) width 257: "<rdar://problem/3972665>"
          RenderText {#text} at (406,61) size 732x58
            text run at (406,61) width 326: " 8A360: HTML message partially"
            text run at (0,91) width 553: "truncated on left hand side, text-indent from Script Editor"
        RenderBlock {DIV} at (14,150) size 756x120
          RenderText {#text} at (0,1) size 190x28
            text run at (0,1) width 190: "Expected Results: "
          RenderBR {BR} at (189,23) size 1x0
          RenderText {#text} at (0,31) size 754x58
            text run at (0,31) width 754: "Should see this content in the red box below: foo. Note that there should be no"
            text run at (0,61) width 142: "visible indent. "
          RenderBR {BR} at (141,83) size 1x0
          RenderText {#text} at (0,91) size 182x28
            text run at (0,91) width 182: "This demonstrates "
          RenderInline {A} at (0,0) size 53x28 [color=#0000EE]
            RenderText {#text} at (181,91) size 53x28
              text run at (181,91) width 53: "a bug"
          RenderText {#text} at (233,91) size 252x28
            text run at (233,91) width 252: ", the caret is one pixel off."
      RenderBlock {DIV} at (0,308) size 784x24
        RenderBlock {DIV} at (0,0) size 784x24 [border: (2px solid #FF0000)]
          RenderBlock {DIV} at (42,2) size 740x20
            RenderInline {FONT} at (0,0) size 22x19
              RenderInline {SPAN} at (0,0) size 22x19 [bgcolor=#FFFFFF00]
                RenderText {#text} at (0,0) size 22x19
                  text run at (0,0) width 22: "foo"
caret: position 3 of child 0 {#text} of child 0 {SPAN} of child 0 {FONT} of child 1 {DIV} of child 1 {DIV} of child 3 {DIV} of body (upstream affinity)
