EDITING DELEGATE: shouldBeginEditingInDOMRange:range from 0 of DIV > BODY > HTML > #document to 3 of DIV > BODY > HTML > #document
EDITING DELEGATE: shouldChangeSelectedDOMRange:range from 1 of #text > B > DIV > DIV > BODY > HTML > #document to 1 of #text > B > DIV > DIV > BODY > HTML > #document toDOMRange:range from 2 of #text > B > DIV > DIV > BODY > HTML > #document to 2 of #text > B > DIV > DIV > BODY > HTML > #document affinity:NSSelectionAffinityDownstream stillSelecting:FALSE
EDITING DELEGATE: shouldEndEditingInDOMRange:range from 0 of DIV > BODY > HTML > #document to 3 of DIV > BODY > HTML > #document
EDITING DELEGATE: webViewDidChangeSelection:WebViewDidChangeSelectionNotification
EDITING DELEGATE: webViewDidEndEditing:WebViewDidEndEditingNotification
EDITING DELEGATE: webViewDidBeginEditing:WebViewDidBeginEditingNotification
EDITING DELEGATE: webViewDidChangeSelection:WebViewDidChangeSelectionNotification
EDITING DELEGATE: webViewDidChangeSelection:WebViewDidChangeSelectionNotification
EDITING DELEGATE: shouldBeginEditingInDOMRange:range from 0 of DIV > BODY > HTML > #document to 3 of DIV > BODY > HTML > #document
EDITING DELEGATE: shouldEndEditingInDOMRange:range from 0 of DIV > BODY > HTML > #document to 3 of DIV > BODY > HTML > #document
EDITING DELEGATE: webViewDidChangeSelection:WebViewDidChangeSelectionNotification
EDITING DELEGATE: webViewDidEndEditing:WebViewDidEndEditingNotification
EDITING DELEGATE: webViewDidChangeSelection:WebViewDidChangeSelectionNotification
EDITING DELEGATE: webViewDidChange:WebViewDidChangeNotification
layer at (0,0) size 800x600
  RenderView at (0,0) size 800x600
layer at (0,0) size 800x600
  RenderBlock {HTML} at (0,0) size 800x600
    RenderBody {BODY} at (8,8) size 784x584
      RenderBlock {DIV} at (0,0) size 784x164 [border: (2px solid #0000FF)]
        RenderBlock {DIV} at (14,14) size 756x60
          RenderText {#text} at (0,1) size 66x28
            text run at (0,1) width 66: "Tests: "
          RenderBR {BR} at (0,0) size 0x0
          RenderText {#text} at (0,31) size 595x28
            text run at (0,31) width 595: "Style checks performed on boundaries between style changes."
        RenderBlock {DIV} at (14,90) size 756x60
          RenderText {#text} at (0,1) size 190x28
            text run at (0,1) width 190: "Expected Results: "
          RenderBR {BR} at (189,23) size 1x0
          RenderText {#text} at (0,31) size 438x28
            text run at (0,31) width 438: "Should see this content in the red box below: "
          RenderInline {B} at (0,0) size 27x28
            RenderText {#text} at (437,31) size 27x28
              text run at (437,31) width 27: "ab"
          RenderText {#text} at (463,31) size 11x28
            text run at (463,31) width 11: "c"
      RenderBlock {DIV} at (0,188) size 784x34
        RenderBlock {DIV} at (0,0) size 784x34 [border: (2px solid #FF0000)]
          RenderInline {B} at (0,0) size 26x28
            RenderText {#text} at (2,3) size 26x28
              text run at (2,3) width 26: "ab"
          RenderText {#text} at (27,3) size 11x28
            text run at (27,3) width 11: "c"
