layer at (0,0) size 800x600
  RenderView at (0,0) size 800x600
layer at (0,0) size 800x338
  RenderBlock {HTML} at (0,0) size 800x338
    RenderBody {BODY} at (5,5) size 790x328
      RenderTable {TABLE} at (0,0) size 455x328
        RenderTableSection {TBODY} at (0,0) size 455x328
          RenderTableRow {TR} at (0,1) size 455x14
            RenderTableCell {TH} at (1,1) size 63x14 [bgcolor=#DDDD99] [r=0 c=0 rs=1 cs=1]
              RenderText {#text} at (5,0) size 53x14
                text run at (5,0) width 53: "viewBox?"
            RenderTableCell {TH} at (65,1) size 111x14 [bgcolor=#DDDD99] [r=0 c=1 rs=1 cs=1]
              RenderText {#text} at (0,0) size 111x14
                text run at (0,0) width 111: "preserve\x{AD}Aspect\x{AD}Ratio"
            RenderTableCell {TH} at (177,1) size 138x14 [bgcolor=#DDDD99] [r=0 c=2 rs=1 cs=1]
              RenderText {#text} at (52,0) size 34x14
                text run at (52,0) width 34: "<img>"
            RenderTableCell {TH} at (316,1) size 138x14 [bgcolor=#DDDD99] [r=0 c=3 rs=1 cs=1]
              RenderText {#text} at (46,0) size 46x14
                text run at (46,0) width 46: "<object>"
          RenderTableRow {TR} at (0,16) size 455x38
            RenderTableCell {TH} at (1,86) size 63x14 [bgcolor=#DDDD99] [r=1 c=0 rs=4 cs=1]
              RenderText {#text} at (0,0) size 63x14
                text run at (0,0) width 63: "No viewBox"
            RenderTableCell {TH} at (65,35) size 111x0 [bgcolor=#DDDD99] [r=1 c=1 rs=1 cs=1]
            RenderTableCell {TD} at (177,16) size 138x38 [r=1 c=2 rs=1 cs=1]
              RenderImage {IMG} at (0,0) size 138x34 [border: (1px dashed #800000)]
              RenderText {#text} at (0,0) size 0x0
            RenderTableCell {TD} at (316,16) size 138x38 [r=1 c=3 rs=1 cs=1]
              RenderEmbeddedObject {OBJECT} at (0,0) size 138x34 [border: (1px dashed #008000)]
                layer at (0,0) size 132x28
                  RenderView at (0,0) size 132x28
                layer at (0,0) size 132x28
                  RenderSVGRoot {svg} at (0,0) size 132x28
                    RenderSVGEllipse {circle} at (0,0) size 132x28 [stroke={[type=SOLID] [color=#000000]}] [fill={[type=SOLID] [color=#D9BB7A] [fill rule=EVEN-ODD]}] [cx=110.00] [cy=110.00] [r=110.00]
              RenderText {#text} at (0,0) size 0x0
          RenderTableRow {TR} at (0,55) size 455x38
            RenderTableCell {TH} at (65,67) size 111x14 [bgcolor=#DDDD99] [r=2 c=1 rs=1 cs=1]
              RenderText {#text} at (42,0) size 27x14
                text run at (42,0) width 27: "none"
            RenderTableCell {TD} at (177,55) size 138x38 [r=2 c=2 rs=1 cs=1]
              RenderImage {IMG} at (0,0) size 138x34 [border: (1px dashed #800000)]
              RenderText {#text} at (0,0) size 0x0
            RenderTableCell {TD} at (316,55) size 138x38 [r=2 c=3 rs=1 cs=1]
              RenderEmbeddedObject {OBJECT} at (0,0) size 138x34 [border: (1px dashed #008000)]
                layer at (0,0) size 132x28
                  RenderView at (0,0) size 132x28
                layer at (0,0) size 132x28
                  RenderSVGRoot {svg} at (0,0) size 132x28
                    RenderSVGHiddenContainer {defs} at (0,0) size 0x0
                    RenderSVGContainer {g} at (0,0) size 132x28 [transform={m=((1.00,0.00)(0.00,1.00)) t=(-162.36,-403.29)}]
                      RenderSVGPath {path} at (0,0) size 132x28 [stroke={[type=SOLID] [color=#000000]}] [fill={[type=SOLID] [color=#D9BB7A] [fill rule=EVEN-ODD]}] [data="M 525.714 585.219 C 525.714 685.419 444.486 766.648 344.286 766.648 C 244.085 766.648 162.857 685.42 162.857 585.219 C 162.857 485.019 244.085 403.791 344.286 403.791 C 444.486 403.791 525.714 485.019 525.714 585.219 Z"]
              RenderText {#text} at (0,0) size 0x0
          RenderTableRow {TR} at (0,94) size 455x38
            RenderTableCell {TH} at (65,106) size 111x14 [bgcolor=#DDDD99] [r=3 c=1 rs=1 cs=1]
              RenderText {#text} at (42,0) size 27x14
                text run at (42,0) width 27: "meet"
            RenderTableCell {TD} at (177,94) size 138x38 [r=3 c=2 rs=1 cs=1]
              RenderImage {IMG} at (0,0) size 138x34 [border: (1px dashed #800000)]
              RenderText {#text} at (0,0) size 0x0
            RenderTableCell {TD} at (316,94) size 138x38 [r=3 c=3 rs=1 cs=1]
              RenderEmbeddedObject {OBJECT} at (0,0) size 138x34 [border: (1px dashed #008000)]
                layer at (0,0) size 132x28
                  RenderView at (0,0) size 132x28
                layer at (0,0) size 132x28
                  RenderSVGRoot {svg} at (0,0) size 132x28
                    RenderSVGHiddenContainer {defs} at (0,0) size 0x0
                    RenderSVGContainer {g} at (0,0) size 132x28 [transform={m=((1.00,0.00)(0.00,1.00)) t=(-162.36,-403.29)}]
                      RenderSVGPath {path} at (0,0) size 132x28 [stroke={[type=SOLID] [color=#000000]}] [fill={[type=SOLID] [color=#D9BB7A] [fill rule=EVEN-ODD]}] [data="M 525.714 585.219 C 525.714 685.419 444.486 766.648 344.286 766.648 C 244.085 766.648 162.857 685.42 162.857 585.219 C 162.857 485.019 244.085 403.791 344.286 403.791 C 444.486 403.791 525.714 485.019 525.714 585.219 Z"]
              RenderText {#text} at (0,0) size 0x0
          RenderTableRow {TR} at (0,133) size 455x38
            RenderTableCell {TH} at (65,145) size 111x14 [bgcolor=#DDDD99] [r=4 c=1 rs=1 cs=1]
              RenderText {#text} at (43,0) size 25x14
                text run at (43,0) width 25: "slice"
            RenderTableCell {TD} at (177,133) size 138x38 [r=4 c=2 rs=1 cs=1]
              RenderImage {IMG} at (0,0) size 138x34 [border: (1px dashed #800000)]
              RenderText {#text} at (0,0) size 0x0
            RenderTableCell {TD} at (316,133) size 138x38 [r=4 c=3 rs=1 cs=1]
              RenderEmbeddedObject {OBJECT} at (0,0) size 138x34 [border: (1px dashed #008000)]
                layer at (0,0) size 132x28
                  RenderView at (0,0) size 132x28
                layer at (0,0) size 132x28
                  RenderSVGRoot {svg} at (0,0) size 132x28
                    RenderSVGHiddenContainer {defs} at (0,0) size 0x0
                    RenderSVGContainer {g} at (0,0) size 132x28 [transform={m=((1.00,0.00)(0.00,1.00)) t=(-162.36,-403.29)}]
                      RenderSVGPath {path} at (0,0) size 132x28 [stroke={[type=SOLID] [color=#000000]}] [fill={[type=SOLID] [color=#D9BB7A] [fill rule=EVEN-ODD]}] [data="M 525.714 585.219 C 525.714 685.419 444.486 766.648 344.286 766.648 C 244.085 766.648 162.857 685.42 162.857 585.219 C 162.857 485.019 244.085 403.791 344.286 403.791 C 444.486 403.791 525.714 485.019 525.714 585.219 Z"]
              RenderText {#text} at (0,0) size 0x0
          RenderTableRow {TR} at (0,172) size 455x38
            RenderTableCell {TH} at (1,242) size 63x14 [bgcolor=#DDDD99] [r=5 c=0 rs=4 cs=1]
              RenderText {#text} at (9,0) size 45x14
                text run at (9,0) width 45: "viewBox"
            RenderTableCell {TH} at (65,191) size 111x0 [bgcolor=#DDDD99] [r=5 c=1 rs=1 cs=1]
            RenderTableCell {TD} at (177,172) size 138x38 [r=5 c=2 rs=1 cs=1]
              RenderImage {IMG} at (0,0) size 138x34 [border: (1px dashed #800000)]
              RenderText {#text} at (0,0) size 0x0
            RenderTableCell {TD} at (316,172) size 138x38 [r=5 c=3 rs=1 cs=1]
              RenderEmbeddedObject {OBJECT} at (0,0) size 138x34 [border: (1px dashed #008000)]
                layer at (0,0) size 132x28
                  RenderView at (0,0) size 132x28
                layer at (0,0) size 132x28
                  RenderSVGRoot {svg} at (52,0) size 21x21
                    RenderSVGHiddenContainer {defs} at (0,0) size 0x0
                    RenderSVGContainer {g} at (52,0) size 21x21 [transform={m=((1.00,0.00)(0.00,1.00)) t=(-162.36,-403.29)}]
                      RenderSVGPath {path} at (52,0) size 21x21 [stroke={[type=SOLID] [color=#000000]}] [fill={[type=SOLID] [color=#D9BB7A] [fill rule=EVEN-ODD]}] [data="M 525.714 585.219 C 525.714 685.419 444.486 766.648 344.286 766.648 C 244.085 766.648 162.857 685.42 162.857 585.219 C 162.857 485.019 244.085 403.791 344.286 403.791 C 444.486 403.791 525.714 485.019 525.714 585.219 Z"]
              RenderText {#text} at (0,0) size 0x0
          RenderTableRow {TR} at (0,211) size 455x38
            RenderTableCell {TH} at (65,223) size 111x14 [bgcolor=#DDDD99] [r=6 c=1 rs=1 cs=1]
              RenderText {#text} at (42,0) size 27x14
                text run at (42,0) width 27: "none"
            RenderTableCell {TD} at (177,211) size 138x38 [r=6 c=2 rs=1 cs=1]
              RenderImage {IMG} at (0,0) size 138x34 [border: (1px dashed #800000)]
              RenderText {#text} at (0,0) size 0x0
            RenderTableCell {TD} at (316,211) size 138x38 [r=6 c=3 rs=1 cs=1]
              RenderEmbeddedObject {OBJECT} at (0,0) size 138x34 [border: (1px dashed #008000)]
                layer at (0,0) size 132x28
                  RenderView at (0,0) size 132x28
                layer at (0,0) size 132x28
                  RenderSVGRoot {svg} at (0,0) size 97x21
                    RenderSVGHiddenContainer {defs} at (0,0) size 0x0
                    RenderSVGContainer {g} at (0,0) size 97x21 [transform={m=((1.00,0.00)(0.00,1.00)) t=(-162.36,-403.29)}]
                      RenderSVGPath {path} at (0,0) size 97x21 [stroke={[type=SOLID] [color=#000000]}] [fill={[type=SOLID] [color=#D9BB7A] [fill rule=EVEN-ODD]}] [data="M 525.714 585.219 C 525.714 685.419 444.486 766.648 344.286 766.648 C 244.085 766.648 162.857 685.42 162.857 585.219 C 162.857 485.019 244.085 403.791 344.286 403.791 C 444.486 403.791 525.714 485.019 525.714 585.219 Z"]
              RenderText {#text} at (0,0) size 0x0
          RenderTableRow {TR} at (0,250) size 455x38
            RenderTableCell {TH} at (65,262) size 111x14 [bgcolor=#DDDD99] [r=7 c=1 rs=1 cs=1]
              RenderText {#text} at (42,0) size 27x14
                text run at (42,0) width 27: "meet"
            RenderTableCell {TD} at (177,250) size 138x38 [r=7 c=2 rs=1 cs=1]
              RenderImage {IMG} at (0,0) size 138x34 [border: (1px dashed #800000)]
              RenderText {#text} at (0,0) size 0x0
            RenderTableCell {TD} at (316,250) size 138x38 [r=7 c=3 rs=1 cs=1]
              RenderEmbeddedObject {OBJECT} at (0,0) size 138x34 [border: (1px dashed #008000)]
                layer at (0,0) size 132x28
                  RenderView at (0,0) size 132x28
                layer at (0,0) size 132x28
                  RenderSVGRoot {svg} at (52,0) size 21x21
                    RenderSVGHiddenContainer {defs} at (0,0) size 0x0
                    RenderSVGContainer {g} at (52,0) size 21x21 [transform={m=((1.00,0.00)(0.00,1.00)) t=(-162.36,-403.29)}]
                      RenderSVGPath {path} at (52,0) size 21x21 [stroke={[type=SOLID] [color=#000000]}] [fill={[type=SOLID] [color=#D9BB7A] [fill rule=EVEN-ODD]}] [data="M 525.714 585.219 C 525.714 685.419 444.486 766.648 344.286 766.648 C 244.085 766.648 162.857 685.42 162.857 585.219 C 162.857 485.019 244.085 403.791 344.286 403.791 C 444.486 403.791 525.714 485.019 525.714 585.219 Z"]
              RenderText {#text} at (0,0) size 0x0
          RenderTableRow {TR} at (0,289) size 455x38
            RenderTableCell {TH} at (65,301) size 111x14 [bgcolor=#DDDD99] [r=8 c=1 rs=1 cs=1]
              RenderText {#text} at (43,0) size 25x14
                text run at (43,0) width 25: "slice"
            RenderTableCell {TD} at (177,289) size 138x38 [r=8 c=2 rs=1 cs=1]
              RenderImage {IMG} at (0,0) size 138x34 [border: (1px dashed #800000)]
              RenderText {#text} at (0,0) size 0x0
            RenderTableCell {TD} at (316,289) size 138x38 [r=8 c=3 rs=1 cs=1]
              RenderEmbeddedObject {OBJECT} at (0,0) size 138x34 [border: (1px dashed #008000)]
                layer at (0,0) size 132x28
                  RenderView at (0,0) size 132x28
                layer at (0,0) size 132x28
                  RenderSVGRoot {svg} at (0,0) size 97x28
                    RenderSVGHiddenContainer {defs} at (0,0) size 0x0
                    RenderSVGContainer {g} at (0,0) size 97x28 [transform={m=((1.00,0.00)(0.00,1.00)) t=(-162.36,-403.29)}]
                      RenderSVGPath {path} at (0,0) size 97x28 [stroke={[type=SOLID] [color=#000000]}] [fill={[type=SOLID] [color=#D9BB7A] [fill rule=EVEN-ODD]}] [data="M 525.714 585.219 C 525.714 685.419 444.486 766.648 344.286 766.648 C 244.085 766.648 162.857 685.42 162.857 585.219 C 162.857 485.019 244.085 403.791 344.286 403.791 C 444.486 403.791 525.714 485.019 525.714 585.219 Z"]
              RenderText {#text} at (0,0) size 0x0
