layer at (0,0) size 800x600
  RenderView at (0,0) size 800x600
layer at (0,0) size 800x240
  RenderBlock {HTML} at (0,0) size 800x240
    RenderBody {BODY} at (8,8) size 784x212
      RenderBlock (anonymous) at (0,0) size 784x192
        RenderText {#text} at (0,1) size 743x62
          text run at (0,1) width 693: "This test checks that the text-overflow: ellipsis property is handled"
          text run at (0,33) width 743: "correctly when using an SVG font and having kerning and ligatures on."
        RenderBR {BR} at (742,42) size 1x19
        RenderBR {BR} at (0,74) size 0x19
        RenderText {#text} at (0,97) size 780x62
          text run at (0,97) width 780: "Pass if some text is shown followed by an ellipsis (NOT just the ellipsis by"
          text run at (0,129) width 74: "itself). "
        RenderBR {BR} at (73,138) size 1x19
        RenderBR {BR} at (0,170) size 0x19
layer at (8,200) size 182x20 clip at (9,201) size 180x18 scrollWidth 334
  RenderBlock {DIV} at (0,192) size 182x20 [border: (1px solid #000000)]
    RenderText {#text} at (1,2) size 334x16
      text run at (1,2) width 334: "abc abc abc abc abc abc abc abc abc abc"
