layer at (0,0) size 320x360
  RenderView at (0,0) size 320x240
layer at (0,0) size 320x360
  RenderBlock {HTML} at (0,0) size 320x360
    RenderBody {BODY} at (8,8) size 304x344
      RenderBlock {P} at (0,0) size 304x20
        RenderText {#text} at (0,0) size 99x19
          text run at (0,0) width 99: "This is a\x{E227}test"
      RenderBlock {P} at (0,20) size 304x20
        RenderText {#text} at (0,0) size 99x19
          text run at (0,0) width 99: "This is a\x{E105}test"
      RenderBlock {P} at (0,40) size 304x22
        RenderText {#text} at (0,0) size 108x21
          text run at (0,0) width 108: "This is a\x{E101}test"
      RenderBlock {P} at (0,62) size 304x22
        RenderText {#text} at (0,0) size 108x21
          text run at (0,0) width 108: "This is a\x{E110}test"
      RenderBlock {P} at (0,84) size 304x30
        RenderText {#text} at (0,1) size 137x28
          text run at (0,1) width 137: "This is a\x{E109}test"
      RenderBlock {P} at (0,114) size 304x30
        RenderText {#text} at (0,1) size 137x28
          text run at (0,1) width 137: "This is a\x{E220}test"
      RenderBlock {P} at (0,144) size 304x43
        RenderText {#text} at (0,1) size 194x41
          text run at (0,1) width 194: "This is a\x{E215}test"
      RenderBlock {P} at (0,187) size 304x43
        RenderText {#text} at (0,1) size 194x41
          text run at (0,1) width 194: "This is a\x{E122}test"
      RenderBlock {P} at (0,230) size 304x57
        RenderText {#text} at (0,1) size 252x54
          text run at (0,1) width 252: "This is a\x{E22F}test"
      RenderBlock {P} at (0,287) size 304x57
        RenderText {#text} at (0,1) size 252x54
          text run at (0,1) width 252: "This is a\x{E231}test"
