layer at (0,0) size 320x542
  RenderView at (0,0) size 320x240
layer at (0,0) size 320x542
  RenderBlock {HTML} at (0,0) size 320x542
    RenderBody {BODY} at (8,16) size 304x518
      RenderBlock {P} at (0,0) size 304x80
        RenderText {#text} at (0,0) size 277x79
          text run at (0,0) width 262: "Test checks to make sure emoji icons are"
          text run at (0,20) width 277: "displayed when placed along with complex"
          text run at (0,40) width 206: "texts like Thai and Devanagari -"
          text run at (0,60) width 175: "<rdar://problem/7266253>."
      RenderBlock {P} at (0,96) size 304x25
        RenderText {#text} at (0,1) size 85x19
          text run at (0,1) width 85: "\x{907}\x{92E}\x{94B}\x{91C}\x{940}\x{E227}\x{924}\x{947}\x{938}\x{94D}\x{924}"
      RenderBlock {P} at (0,121) size 304x24
        RenderText {#text} at (0,4) size 95x19
          text run at (0,4) width 95: "\x{E0E}\x{E17}\x{E19}\x{E48}\x{E23}\x{E105}\x{E18}\x{E33}\x{E2B}\x{E30}"
      RenderBlock {P} at (0,145) size 304x28
        RenderText {#text} at (0,1) size 93x21
          text run at (0,1) width 93: "\x{907}\x{92E}\x{94B}\x{91C}\x{940}\x{E101}\x{924}\x{947}\x{938}\x{94D}\x{924}"
      RenderBlock {P} at (0,173) size 304x27
        RenderText {#text} at (0,4) size 104x21
          text run at (0,4) width 104: "\x{E0E}\x{E17}\x{E19}\x{E48}\x{E23}\x{E110}\x{E18}\x{E33}\x{E2B}\x{E30}"
      RenderBlock {P} at (0,200) size 304x38
        RenderText {#text} at (0,3) size 116x28
          text run at (0,3) width 116: "\x{907}\x{92E}\x{94B}\x{91C}\x{940}\x{E109}\x{924}\x{947}\x{938}\x{94D}\x{924}"
      RenderBlock {P} at (0,238) size 304x34
        RenderText {#text} at (0,5) size 131x28
          text run at (0,5) width 131: "\x{E0E}\x{E17}\x{E19}\x{E48}\x{E23}\x{E220}\x{E18}\x{E33}\x{E2B}\x{E30}"
      RenderBlock {P} at (0,272) size 304x55
        RenderText {#text} at (0,3) size 163x41
          text run at (0,3) width 163: "\x{907}\x{92E}\x{94B}\x{91C}\x{940}\x{E215}\x{924}\x{947}\x{938}\x{94D}\x{924}"
      RenderBlock {P} at (0,327) size 304x51
        RenderText {#text} at (0,7) size 185x41
          text run at (0,7) width 185: "\x{E0E}\x{E17}\x{E19}\x{E48}\x{E23}\x{E122}\x{E18}\x{E33}\x{E2B}\x{E30}"
      RenderBlock {P} at (0,378) size 304x73
        RenderText {#text} at (0,5) size 210x54
          text run at (0,5) width 210: "\x{907}\x{92E}\x{94B}\x{91C}\x{940}\x{E22F}\x{924}\x{947}\x{938}\x{94D}\x{924}"
      RenderBlock {P} at (0,451) size 304x67
        RenderText {#text} at (0,11) size 240x54
          text run at (0,11) width 240: "\x{E0E}\x{E17}\x{E19}\x{E48}\x{E23}\x{E231}\x{E18}\x{E33}\x{E2B}\x{E30}"
