layer at (0,0) size 800x929
  RenderView at (0,0) size 800x600
layer at (0,0) size 800x929
  RenderBlock {HTML} at (0,0) size 800x929
    RenderBody {BODY} at (8,8) size 784x905 [bgcolor=#FFFFFF]
      RenderBlock {H1} at (0,0) size 784x38
        RenderText {#text} at (0,1) size 360x36
          text run at (0,1) width 360: "Tests de conformit\x{E9} CSS 2"
      RenderBlock {H3} at (0,59) size 784x23
        RenderText {#text} at (0,0) size 152x22
          text run at (0,0) width 152: "Tableaux, test 13.8"
      RenderBlock {H6} at (0,106) size 784x14
        RenderText {#text} at (0,0) size 117x13
          text run at (0,0) width 117: "\x{A9} \x{C9}ditions Eyrolles 1998"
      RenderTable {TABLE} at (196,144) size 588x48
        RenderTableSection {TBODY} at (0,0) size 588x48
          RenderTableRow {TR} at (0,2) size 588x20
            RenderTableCell {TD} at (2,2) size 584x20 [r=0 c=0 rs=1 cs=3]
              RenderBlock {HR} at (1,9) size 584x2 [bgcolor=#808080] [border: (1px solid #808080)]
          RenderTableRow {TR} at (0,24) size 588x22
            RenderTableCell {TD} at (2,24) size 145x22 [r=1 c=0 rs=1 cs=1]
              RenderInline {A} at (0,0) size 89x19 [color=#0000EE]
                RenderText {#text} at (1,1) size 89x19
                  text run at (1,1) width 89: "test pr\x{E9}c\x{E9}dent"
            RenderTableCell {TD} at (149,24) size 290x22 [r=1 c=1 rs=1 cs=1]
              RenderInline {B} at (0,0) size 132x19
                RenderText {#text} at (79,1) size 132x19
                  text run at (79,1) width 132: "Cadres de tableaux"
            RenderTableCell {TD} at (441,24) size 145x22 [r=1 c=2 rs=1 cs=1]
              RenderInline {A} at (0,0) size 73x19 [color=#0000EE]
                RenderText {#text} at (71,1) size 73x19
                  text run at (71,1) width 73: "test suivant"
      RenderBlock {P} at (0,144) size 784x20
        RenderText {#text} at (0,0) size 4x19
          text run at (0,0) width 4: " "
      RenderBlock {P} at (0,180) size 784x20
        RenderText {#text} at (0,0) size 4x19
          text run at (0,0) width 4: " "
      RenderBlock {P} at (0,216) size 784x20
        RenderText {#text} at (0,0) size 385x19
          text run at (0,0) width 385: "Ce test v\x{E9}rifie que les cadres s'appliquent bien aux tableaux."
      RenderBlock {PRE} at (0,252) size 784x180
        RenderText {#text} at (0,0) size 562x180
          text run at (0,0) width 461: ".firsttable { border-width : 10pt ; border-color : yellow ;"
          text run at (460,0) width 1: " "
          text run at (0,15) width 305: "                border-style : double }"
          text run at (304,15) width 1: " "
          text run at (0,30) width 406: ".t1 { border-color : black ; border-style : double ;"
          text run at (405,30) width 1: " "
          text run at (0,45) width 281: "                border-width : 5pt }"
          text run at (280,45) width 1: " "
          text run at (0,60) width 383: ".t2 { border-color : red ; border-style : solid ;"
          text run at (382,60) width 1: " "
          text run at (0,75) width 289: "                border-width : 5pt  }"
          text run at (288,75) width 1: " "
          text run at (0,90) width 398: ".t3 { border-color : lime ; border-style : groove ;"
          text run at (397,90) width 1: " "
          text run at (0,105) width 289: "                border-width : 5pt  }"
          text run at (288,105) width 1: " "
          text run at (0,120) width 562: ".t4 { border-color : blue ; border-style : inset ; border-width : 5pt  }"
          text run at (561,120) width 1: " "
          text run at (0,135) width 469: ".secondtable { border-width : 10pt ; border-color : yellow ;"
          text run at (468,135) width 1: " "
          text run at (0,150) width 305: "                border-style : double ;"
          text run at (304,150) width 1: " "
          text run at (0,165) width 344: "                border-collapse : collapse }"
      RenderTable {TABLE} at (98,445) size 588x136 [border: (13px double #FFFF00)]
        RenderTableSection {TBODY} at (13,13) size 562x110
          RenderTableRow {TR} at (0,2) size 562x34
            RenderTableCell {TD} at (2,2) size 184x34 [border: (6px double #000000)] [r=0 c=0 rs=1 cs=1]
              RenderText {#text} at (7,7) size 8x19
                text run at (7,7) width 8: "1"
            RenderTableCell {TD} at (188,2) size 185x34 [border: (6px solid #FF0000)] [r=0 c=1 rs=1 cs=1]
              RenderText {#text} at (7,7) size 8x19
                text run at (7,7) width 8: "2"
            RenderTableCell {TD} at (375,2) size 185x34 [border: (6px groove #00FF00)] [r=0 c=2 rs=1 cs=1]
              RenderText {#text} at (7,7) size 8x19
                text run at (7,7) width 8: "3"
          RenderTableRow {TR} at (0,38) size 562x34
            RenderTableCell {TD} at (2,38) size 184x34 [border: (6px inset #0000FF)] [r=1 c=0 rs=1 cs=1]
              RenderText {#text} at (7,7) size 8x19
                text run at (7,7) width 8: "4"
            RenderTableCell {TD} at (188,38) size 185x34 [border: (6px double #000000)] [r=1 c=1 rs=1 cs=1]
              RenderText {#text} at (7,7) size 8x19
                text run at (7,7) width 8: "5"
            RenderTableCell {TD} at (375,38) size 185x34 [border: (6px solid #FF0000)] [r=1 c=2 rs=1 cs=1]
              RenderText {#text} at (7,7) size 8x19
                text run at (7,7) width 8: "6"
          RenderTableRow {TR} at (0,74) size 562x34
            RenderTableCell {TD} at (2,74) size 184x34 [border: (6px groove #00FF00)] [r=2 c=0 rs=1 cs=1]
              RenderText {#text} at (7,7) size 8x19
                text run at (7,7) width 8: "7"
            RenderTableCell {TD} at (188,74) size 185x34 [border: (6px inset #0000FF)] [r=2 c=1 rs=1 cs=1]
              RenderText {#text} at (7,7) size 8x19
                text run at (7,7) width 8: "8"
            RenderTableCell {TD} at (375,74) size 185x34 [border: (6px double #000000)] [r=2 c=2 rs=1 cs=1]
              RenderText {#text} at (7,7) size 8x19
                text run at (7,7) width 8: "9"
      RenderBlock (anonymous) at (0,581) size 784x20
        RenderBR {BR} at (0,0) size 0x19
      RenderTable {TABLE} at (98,601) size 588x104 [border: (6px double #FFFF00)]
        RenderTableSection {TBODY} at (6,6) size 575x91
          RenderTableRow {TR} at (0,0) size 575x32
            RenderTableCell {TD} at (0,0) size 209x32 [border: (7px double #000000)] [r=0 c=0 rs=1 cs=1]
              RenderText {#text} at (8,8) size 8x19
                text run at (8,8) width 8: "1"
            RenderTableCell {TD} at (209,0) size 167x32 [border: (7px solid #FF0000)] [r=0 c=1 rs=1 cs=1]
              RenderText {#text} at (4,8) size 8x19
                text run at (4,8) width 8: "2"
            RenderTableCell {TD} at (376,0) size 199x32 [border: (7px groove #00FF00)] [r=0 c=2 rs=1 cs=1]
              RenderText {#text} at (4,8) size 8x19
                text run at (4,8) width 8: "3"
          RenderTableRow {TR} at (0,32) size 575x28
            RenderTableCell {TD} at (0,32) size 209x28 [border: (3px inset #0000FF)] [r=1 c=0 rs=1 cs=1]
              RenderText {#text} at (8,4) size 8x19
                text run at (8,4) width 8: "4"
            RenderTableCell {TD} at (209,32) size 167x28 [border: (3px double #000000)] [r=1 c=1 rs=1 cs=1]
              RenderText {#text} at (4,4) size 8x19
                text run at (4,4) width 8: "5"
            RenderTableCell {TD} at (376,32) size 199x28 [border: (3px solid #FF0000)] [r=1 c=2 rs=1 cs=1]
              RenderText {#text} at (4,4) size 8x19
                text run at (4,4) width 8: "6"
          RenderTableRow {TR} at (0,60) size 575x31
            RenderTableCell {TD} at (0,60) size 209x31 [border: (3px groove #00FF00)] [r=2 c=0 rs=1 cs=1]
              RenderText {#text} at (8,4) size 8x19
                text run at (8,4) width 8: "7"
            RenderTableCell {TD} at (209,60) size 167x31 [border: (3px inset #0000FF)] [r=2 c=1 rs=1 cs=1]
              RenderText {#text} at (4,4) size 8x19
                text run at (4,4) width 8: "8"
            RenderTableCell {TD} at (376,60) size 199x31 [border: (3px double #000000)] [r=2 c=2 rs=1 cs=1]
              RenderText {#text} at (4,4) size 8x19
                text run at (4,4) width 8: "9"
      RenderBlock {P} at (0,721) size 784x40
        RenderText {#text} at (0,0) size 772x39
          text run at (0,0) width 311: "Si toutes les conditions exprim\x{E9}es par les r\x{E8}gles "
          text run at (310,0) width 462: "CSS ci-dessus se retrouvent dans le formatage des tableaux ci-dessus, la"
          text run at (0,20) width 44: "valeur "
          text run at (43,20) width 165: "de ce test est 2 et 0 sinon."
      RenderTable {TABLE} at (196,777) size 588x48
        RenderTableSection {TBODY} at (0,0) size 588x48
          RenderTableRow {TR} at (0,2) size 588x20
            RenderTableCell {TD} at (2,2) size 584x20 [r=0 c=0 rs=1 cs=3]
              RenderBlock {HR} at (1,9) size 584x2 [bgcolor=#808080] [border: (1px solid #808080)]
          RenderTableRow {TR} at (0,24) size 588x22
            RenderTableCell {TD} at (2,24) size 145x22 [r=1 c=0 rs=1 cs=1]
              RenderText {#text} at (1,1) size 89x19
                text run at (1,1) width 89: "test pr\x{E9}c\x{E9}dent"
            RenderTableCell {TD} at (149,24) size 290x22 [r=1 c=1 rs=1 cs=1]
              RenderInline {B} at (0,0) size 132x19
                RenderText {#text} at (79,1) size 132x19
                  text run at (79,1) width 132: "Cadres de tableaux"
            RenderTableCell {TD} at (441,24) size 145x22 [r=1 c=2 rs=1 cs=1]
              RenderInline {A} at (0,0) size 73x19 [color=#0000EE]
                RenderText {#text} at (71,1) size 73x19
                  text run at (71,1) width 73: "test suivant"
      RenderBlock {P} at (0,777) size 784x20
        RenderText {#text} at (0,0) size 4x19
          text run at (0,0) width 4: " "
      RenderBlock {P} at (0,813) size 784x20
        RenderText {#text} at (0,0) size 4x19
          text run at (0,0) width 4: " "
      RenderBlock {P} at (0,849) size 784x20
        RenderText {#text} at (0,0) size 4x19
          text run at (0,0) width 4: " "
      RenderBlock {P} at (0,885) size 784x20
        RenderText {#text} at (0,0) size 166x19
          text run at (0,0) width 166: "Auteur : Daniel Glazman."
