layer at (0,0) size 800x1847
  RenderView at (0,0) size 800x600
layer at (0,0) size 800x1847
  RenderBlock {HTML} at (0,0) size 800x1847 [border: (1px solid #000000)]
    RenderBody {BODY} at (9,9) size 782x1829 [bgcolor=#FFFFFF] [border: (1px solid #000000)]
      RenderBlock {H1} at (1,1) size 780x40 [border: (1px solid #000000)]
        RenderText {#text} at (1,2) size 288x36
          text run at (1,2) width 288: "Caption Margin Test"
      RenderBlock {DIV} at (1,62) size 102x22 [border: (1px solid #008000)]
        RenderText {#text} at (1,1) size 40x19
          text run at (1,1) width 40: "100px"
      RenderBlock {DIV} at (1,84) size 52x22 [border: (1px solid #FF0000)]
        RenderText {#text} at (1,1) size 32x19
          text run at (1,1) width 32: "50px"
      RenderBlock {H2} at (1,125) size 780x32 [border: (1px solid #000000)]
        RenderText {#text} at (1,2) size 80x28
          text run at (1,2) width 80: "Control"
      RenderTable {TABLE} at (1,176) size 176x52 [border: (1px solid #000000)]
        RenderBlock {CAPTION} at (0,0) size 176x22 [border: (1px solid #000000)]
          RenderText {#text} at (77,1) size 22x19
            text run at (77,1) width 22: "TA"
        RenderTableSection {TBODY} at (1,23) size 174x28 [border: (1px solid #000000)]
          RenderTableRow {TR} at (0,2) size 174x24 [border: (1px solid #000000)]
            RenderTableCell {TD} at (2,2) size 84x24 [border: (1px solid #000000)] [r=0 c=0 rs=1 cs=1]
              RenderText {#text} at (2,2) size 80x19
                text run at (2,2) width 80: "Table Cell 1"
            RenderTableCell {TD} at (88,2) size 84x24 [border: (1px solid #000000)] [r=0 c=1 rs=1 cs=1]
              RenderText {#text} at (2,2) size 80x19
                text run at (2,2) width 80: "Table Cell 2"
      RenderTable {TABLE} at (1,228) size 342x52 [border: (1px solid #000000)]
        RenderBlock {CAPTION} at (0,0) size 342x22 [border: (1px solid #000000)]
          RenderText {#text} at (160,1) size 22x19
            text run at (160,1) width 22: "TB"
        RenderTableSection {TBODY} at (1,23) size 340x28 [border: (1px solid #000000)]
          RenderTableRow {TR} at (0,2) size 340x24 [border: (1px solid #000000)]
            RenderTableCell {TD} at (2,2) size 167x24 [border: (1px solid #000000)] [r=0 c=0 rs=1 cs=1]
              RenderText {#text} at (2,2) size 163x19
                text run at (2,2) width 163: "Table Cell 1 Table Cell 1"
            RenderTableCell {TD} at (171,2) size 167x24 [border: (1px solid #000000)] [r=0 c=1 rs=1 cs=1]
              RenderText {#text} at (2,2) size 163x19
                text run at (2,2) width 163: "Table Cell 2 Table Cell 2"
      RenderBlock {H2} at (1,299) size 780x32 [border: (1px solid #000000)]
        RenderText {#text} at (1,2) size 288x28
          text run at (1,2) width 288: "Test 1 - \"margin-left: 50px\""
      RenderTable {TABLE} at (1,350) size 176x52 [border: (1px solid #000000)]
        RenderBlock {CAPTION} at (50,0) size 126x22 [border: (1px solid #000000)]
          RenderText {#text} at (52,1) size 22x19
            text run at (52,1) width 22: "TA"
        RenderTableSection {TBODY} at (1,23) size 174x28 [border: (1px solid #000000)]
          RenderTableRow {TR} at (0,2) size 174x24 [border: (1px solid #000000)]
            RenderTableCell {TD} at (2,2) size 84x24 [border: (1px solid #000000)] [r=0 c=0 rs=1 cs=1]
              RenderText {#text} at (2,2) size 80x19
                text run at (2,2) width 80: "Table Cell 1"
            RenderTableCell {TD} at (88,2) size 84x24 [border: (1px solid #000000)] [r=0 c=1 rs=1 cs=1]
              RenderText {#text} at (2,2) size 80x19
                text run at (2,2) width 80: "Table Cell 2"
      RenderTable {TABLE} at (1,402) size 342x52 [border: (1px solid #000000)]
        RenderBlock {CAPTION} at (50,0) size 292x22 [border: (1px solid #000000)]
          RenderText {#text} at (135,1) size 22x19
            text run at (135,1) width 22: "TB"
        RenderTableSection {TBODY} at (1,23) size 340x28 [border: (1px solid #000000)]
          RenderTableRow {TR} at (0,2) size 340x24 [border: (1px solid #000000)]
            RenderTableCell {TD} at (2,2) size 167x24 [border: (1px solid #000000)] [r=0 c=0 rs=1 cs=1]
              RenderText {#text} at (2,2) size 163x19
                text run at (2,2) width 163: "Table Cell 1 Table Cell 1"
            RenderTableCell {TD} at (171,2) size 167x24 [border: (1px solid #000000)] [r=0 c=1 rs=1 cs=1]
              RenderText {#text} at (2,2) size 163x19
                text run at (2,2) width 163: "Table Cell 2 Table Cell 2"
      RenderBlock {H2} at (1,473) size 780x32 [border: (1px solid #000000)]
        RenderText {#text} at (1,2) size 306x28
          text run at (1,2) width 306: "Test 2 - \"margin-right: 50px\""
      RenderTable {TABLE} at (1,524) size 176x52 [border: (1px solid #000000)]
        RenderBlock {CAPTION} at (0,0) size 126x22 [border: (1px solid #000000)]
          RenderText {#text} at (52,1) size 22x19
            text run at (52,1) width 22: "TA"
        RenderTableSection {TBODY} at (1,23) size 174x28 [border: (1px solid #000000)]
          RenderTableRow {TR} at (0,2) size 174x24 [border: (1px solid #000000)]
            RenderTableCell {TD} at (2,2) size 84x24 [border: (1px solid #000000)] [r=0 c=0 rs=1 cs=1]
              RenderText {#text} at (2,2) size 80x19
                text run at (2,2) width 80: "Table Cell 1"
            RenderTableCell {TD} at (88,2) size 84x24 [border: (1px solid #000000)] [r=0 c=1 rs=1 cs=1]
              RenderText {#text} at (2,2) size 80x19
                text run at (2,2) width 80: "Table Cell 2"
      RenderTable {TABLE} at (1,576) size 342x52 [border: (1px solid #000000)]
        RenderBlock {CAPTION} at (0,0) size 292x22 [border: (1px solid #000000)]
          RenderText {#text} at (135,1) size 22x19
            text run at (135,1) width 22: "TB"
        RenderTableSection {TBODY} at (1,23) size 340x28 [border: (1px solid #000000)]
          RenderTableRow {TR} at (0,2) size 340x24 [border: (1px solid #000000)]
            RenderTableCell {TD} at (2,2) size 167x24 [border: (1px solid #000000)] [r=0 c=0 rs=1 cs=1]
              RenderText {#text} at (2,2) size 163x19
                text run at (2,2) width 163: "Table Cell 1 Table Cell 1"
            RenderTableCell {TD} at (171,2) size 167x24 [border: (1px solid #000000)] [r=0 c=1 rs=1 cs=1]
              RenderText {#text} at (2,2) size 163x19
                text run at (2,2) width 163: "Table Cell 2 Table Cell 2"
      RenderBlock {H2} at (1,647) size 780x32 [border: (1px solid #000000)]
        RenderText {#text} at (1,2) size 247x28
          text run at (1,2) width 247: "Test 3 - \"margin: 50px\""
      RenderTable {TABLE} at (1,698) size 176x152 [border: (1px solid #000000)]
        RenderBlock {CAPTION} at (50,50) size 76x22 [border: (1px solid #000000)]
          RenderText {#text} at (27,1) size 22x19
            text run at (27,1) width 22: "TA"
        RenderTableSection {TBODY} at (1,123) size 174x28 [border: (1px solid #000000)]
          RenderTableRow {TR} at (0,2) size 174x24 [border: (1px solid #000000)]
            RenderTableCell {TD} at (2,2) size 84x24 [border: (1px solid #000000)] [r=0 c=0 rs=1 cs=1]
              RenderText {#text} at (2,2) size 80x19
                text run at (2,2) width 80: "Table Cell 1"
            RenderTableCell {TD} at (88,2) size 84x24 [border: (1px solid #000000)] [r=0 c=1 rs=1 cs=1]
              RenderText {#text} at (2,2) size 80x19
                text run at (2,2) width 80: "Table Cell 2"
      RenderTable {TABLE} at (1,850) size 342x152 [border: (1px solid #000000)]
        RenderBlock {CAPTION} at (50,50) size 242x22 [border: (1px solid #000000)]
          RenderText {#text} at (110,1) size 22x19
            text run at (110,1) width 22: "TB"
        RenderTableSection {TBODY} at (1,123) size 340x28 [border: (1px solid #000000)]
          RenderTableRow {TR} at (0,2) size 340x24 [border: (1px solid #000000)]
            RenderTableCell {TD} at (2,2) size 167x24 [border: (1px solid #000000)] [r=0 c=0 rs=1 cs=1]
              RenderText {#text} at (2,2) size 163x19
                text run at (2,2) width 163: "Table Cell 1 Table Cell 1"
            RenderTableCell {TD} at (171,2) size 167x24 [border: (1px solid #000000)] [r=0 c=1 rs=1 cs=1]
              RenderText {#text} at (2,2) size 163x19
                text run at (2,2) width 163: "Table Cell 2 Table Cell 2"
      RenderTable {TABLE} at (1,1002) size 508x152 [border: (1px solid #000000)]
        RenderBlock {CAPTION} at (50,50) size 408x22 [border: (1px solid #000000)]
          RenderText {#text} at (193,1) size 22x19
            text run at (193,1) width 22: "TC"
        RenderTableSection {TBODY} at (1,123) size 506x28 [border: (1px solid #000000)]
          RenderTableRow {TR} at (0,2) size 506x24 [border: (1px solid #000000)]
            RenderTableCell {TD} at (2,2) size 250x24 [border: (1px solid #000000)] [r=0 c=0 rs=1 cs=1]
              RenderText {#text} at (2,2) size 246x19
                text run at (2,2) width 246: "Table Cell 1 Table Cell 1 Table Cell 1"
            RenderTableCell {TD} at (254,2) size 250x24 [border: (1px solid #000000)] [r=0 c=1 rs=1 cs=1]
              RenderText {#text} at (2,2) size 246x19
                text run at (2,2) width 246: "Table Cell 2 Table Cell 2 Table Cell 2"
      RenderBlock {H2} at (1,1173) size 780x32 [border: (1px solid #000000)]
        RenderText {#text} at (1,2) size 275x28
          text run at (1,2) width 275: "Test 4 - \"margin-left: 5%\""
      RenderTable {TABLE} at (1,1224) size 176x52 [border: (1px solid #000000)]
        RenderBlock {CAPTION} at (8,0) size 168x22 [border: (1px solid #000000)]
          RenderText {#text} at (73,1) size 22x19
            text run at (73,1) width 22: "TA"
        RenderTableSection {TBODY} at (1,23) size 174x28 [border: (1px solid #000000)]
          RenderTableRow {TR} at (0,2) size 174x24 [border: (1px solid #000000)]
            RenderTableCell {TD} at (2,2) size 84x24 [border: (1px solid #000000)] [r=0 c=0 rs=1 cs=1]
              RenderText {#text} at (2,2) size 80x19
                text run at (2,2) width 80: "Table Cell 1"
            RenderTableCell {TD} at (88,2) size 84x24 [border: (1px solid #000000)] [r=0 c=1 rs=1 cs=1]
              RenderText {#text} at (2,2) size 80x19
                text run at (2,2) width 80: "Table Cell 2"
      RenderTable {TABLE} at (1,1276) size 342x52 [border: (1px solid #000000)]
        RenderBlock {CAPTION} at (17,0) size 325x22 [border: (1px solid #000000)]
          RenderText {#text} at (152,1) size 21x19
            text run at (152,1) width 21: "TB"
        RenderTableSection {TBODY} at (1,23) size 340x28 [border: (1px solid #000000)]
          RenderTableRow {TR} at (0,2) size 340x24 [border: (1px solid #000000)]
            RenderTableCell {TD} at (2,2) size 167x24 [border: (1px solid #000000)] [r=0 c=0 rs=1 cs=1]
              RenderText {#text} at (2,2) size 163x19
                text run at (2,2) width 163: "Table Cell 1 Table Cell 1"
            RenderTableCell {TD} at (171,2) size 167x24 [border: (1px solid #000000)] [r=0 c=1 rs=1 cs=1]
              RenderText {#text} at (2,2) size 163x19
                text run at (2,2) width 163: "Table Cell 2 Table Cell 2"
      RenderBlock {H2} at (1,1347) size 780x32 [border: (1px solid #000000)]
        RenderText {#text} at (1,2) size 292x28
          text run at (1,2) width 292: "Test 5 - \"margin-right: 5%\""
      RenderTable {TABLE} at (1,1398) size 176x52 [border: (1px solid #000000)]
        RenderBlock {CAPTION} at (0,0) size 168x22 [border: (1px solid #000000)]
          RenderText {#text} at (73,1) size 22x19
            text run at (73,1) width 22: "TA"
        RenderTableSection {TBODY} at (1,23) size 174x28 [border: (1px solid #000000)]
          RenderTableRow {TR} at (0,2) size 174x24 [border: (1px solid #000000)]
            RenderTableCell {TD} at (2,2) size 84x24 [border: (1px solid #000000)] [r=0 c=0 rs=1 cs=1]
              RenderText {#text} at (2,2) size 80x19
                text run at (2,2) width 80: "Table Cell 1"
            RenderTableCell {TD} at (88,2) size 84x24 [border: (1px solid #000000)] [r=0 c=1 rs=1 cs=1]
              RenderText {#text} at (2,2) size 80x19
                text run at (2,2) width 80: "Table Cell 2"
      RenderTable {TABLE} at (1,1450) size 342x52 [border: (1px solid #000000)]
        RenderBlock {CAPTION} at (0,0) size 325x22 [border: (1px solid #000000)]
          RenderText {#text} at (152,1) size 21x19
            text run at (152,1) width 21: "TB"
        RenderTableSection {TBODY} at (1,23) size 340x28 [border: (1px solid #000000)]
          RenderTableRow {TR} at (0,2) size 340x24 [border: (1px solid #000000)]
            RenderTableCell {TD} at (2,2) size 167x24 [border: (1px solid #000000)] [r=0 c=0 rs=1 cs=1]
              RenderText {#text} at (2,2) size 163x19
                text run at (2,2) width 163: "Table Cell 1 Table Cell 1"
            RenderTableCell {TD} at (171,2) size 167x24 [border: (1px solid #000000)] [r=0 c=1 rs=1 cs=1]
              RenderText {#text} at (2,2) size 163x19
                text run at (2,2) width 163: "Table Cell 2 Table Cell 2"
      RenderBlock {H2} at (1,1521) size 780x32 [border: (1px solid #000000)]
        RenderText {#text} at (1,2) size 234x28
          text run at (1,2) width 234: "Test 6 - \"margin: 5%\""
      RenderTable {TABLE} at (1,1572) size 176x68 [border: (1px solid #000000)]
        RenderBlock {CAPTION} at (8,8) size 160x22 [border: (1px solid #000000)]
          RenderText {#text} at (69,1) size 22x19
            text run at (69,1) width 22: "TA"
        RenderTableSection {TBODY} at (1,39) size 174x28 [border: (1px solid #000000)]
          RenderTableRow {TR} at (0,2) size 174x24 [border: (1px solid #000000)]
            RenderTableCell {TD} at (2,2) size 84x24 [border: (1px solid #000000)] [r=0 c=0 rs=1 cs=1]
              RenderText {#text} at (2,2) size 80x19
                text run at (2,2) width 80: "Table Cell 1"
            RenderTableCell {TD} at (88,2) size 84x24 [border: (1px solid #000000)] [r=0 c=1 rs=1 cs=1]
              RenderText {#text} at (2,2) size 80x19
                text run at (2,2) width 80: "Table Cell 2"
      RenderTable {TABLE} at (1,1640) size 342x86 [border: (1px solid #000000)]
        RenderBlock {CAPTION} at (17,17) size 308x22 [border: (1px solid #000000)]
          RenderText {#text} at (143,1) size 22x19
            text run at (143,1) width 22: "TB"
        RenderTableSection {TBODY} at (1,57) size 340x28 [border: (1px solid #000000)]
          RenderTableRow {TR} at (0,2) size 340x24 [border: (1px solid #000000)]
            RenderTableCell {TD} at (2,2) size 167x24 [border: (1px solid #000000)] [r=0 c=0 rs=1 cs=1]
              RenderText {#text} at (2,2) size 163x19
                text run at (2,2) width 163: "Table Cell 1 Table Cell 1"
            RenderTableCell {TD} at (171,2) size 167x24 [border: (1px solid #000000)] [r=0 c=1 rs=1 cs=1]
              RenderText {#text} at (2,2) size 163x19
                text run at (2,2) width 163: "Table Cell 2 Table Cell 2"
      RenderTable {TABLE} at (1,1726) size 508x102 [border: (1px solid #000000)]
        RenderBlock {CAPTION} at (25,25) size 458x22 [border: (1px solid #000000)]
          RenderText {#text} at (218,1) size 22x19
            text run at (218,1) width 22: "TB"
        RenderTableSection {TBODY} at (1,73) size 506x28 [border: (1px solid #000000)]
          RenderTableRow {TR} at (0,2) size 506x24 [border: (1px solid #000000)]
            RenderTableCell {TD} at (2,2) size 250x24 [border: (1px solid #000000)] [r=0 c=0 rs=1 cs=1]
              RenderText {#text} at (2,2) size 246x19
                text run at (2,2) width 246: "Table Cell 1 Table Cell 1 Table Cell 1"
            RenderTableCell {TD} at (254,2) size 250x24 [border: (1px solid #000000)] [r=0 c=1 rs=1 cs=1]
              RenderText {#text} at (2,2) size 246x19
                text run at (2,2) width 246: "Table Cell 2 Table Cell 2 Table Cell 2"
