layer at (0,0) size 800x600
  RenderView at (0,0) size 800x600
layer at (0,0) size 800x600
  RenderBlock {HTML} at (0,0) size 800x600
    RenderBody {BODY} at (8,8) size 784x584
      RenderBlock {P} at (0,0) size 784x20
        RenderText {#text} at (0,0) size 707x19
          text run at (0,0) width 707: "This tests for a bug where hitting return after a line break in text that preserves newlines wouldn't do anything."
      RenderBlock {DIV} at (0,36) size 784x40
        RenderText {#text} at (0,0) size 676x39
          text run at (0,0) width 24: "xxx"
          text run at (24,0) width 0: " "
          text run at (0,20) width 676: "There should be an empty paragraph before this one, and the caret should be at the start of this paragraph."
