layer at (0,0) size 800x600
  RenderView at (0,0) size 800x600
layer at (0,0) size 800x600
  RenderBlock {HTML} at (0,0) size 800x600
    RenderBody {BODY} at (8,8) size 784x584
      RenderBlock {P} at (0,0) size 784x20
        RenderText {#text} at (0,0) size 639x19
          text run at (0,0) width 639: "This tests for a bug where inserting at the end of a link would place content in the wrong paragraph."
      RenderBlock {DIV} at (0,36) size 784x20
        RenderInline {A} at (0,0) size 76x19 [color=#0000EE]
          RenderText {#text} at (0,0) size 76x19
            text run at (0,0) width 76: "Everything "
          RenderBR {BR} at (75,15) size 1x0
