EDITING DELEGATE: shouldBeginEditingInDOMRange:range from 0 of DIV > BODY > HTML > #document to 3 of DIV > BODY > HTML > #document
EDITING DELEGATE: shouldEndEditingInDOMRange:range from 0 of DIV > BODY > HTML > #document to 3 of DIV > BODY > HTML > #document
EDITING DELEGATE: webViewDidChangeSelection:WebViewDidChangeSelectionNotification
EDITING DELEGATE: webViewDidEndEditing:WebViewDidEndEditingNotification
EDITING DELEGATE: webViewDidChangeSelection:WebViewDidChangeSelectionNotification
layer at (0,0) size 800x600
  RenderView at (0,0) size 800x600
layer at (0,0) size 800x600
  RenderBlock {HTML} at (0,0) size 800x600
    RenderBody {BODY} at (8,8) size 784x584
      RenderBlock {DIV} at (0,0) size 784x166 [border: (2px solid #FF0000)]
        RenderBlock {DIV} at (14,14) size 756x138
          RenderBlock (anonymous) at (0,0) size 756x30
            RenderText {#text} at (0,1) size 40x28
              text run at (0,1) width 40: "Test"
          RenderBlock {BLOCKQUOTE} at (40,54) size 676x30
            RenderText {#text} at (0,1) size 40x28
              text run at (0,1) width 40: "Test"
          RenderBlock (anonymous) at (0,108) size 756x30
            RenderBR {BR} at (0,1) size 0x28
