layer at (0,0) size 785x4321
  RenderView at (0,0) size 785x600
layer at (0,0) size 785x4321
  RenderBlock {HTML} at (0,0) size 785x4322
    RenderBody {BODY} at (8,8) size 769x4306
      RenderTable {TABLE} at (0,0) size 40x584 [bgcolor=#0000FF] [border: (1px outset #808080)]
        RenderTableSection {TBODY} at (1,1) size 38x582
          RenderTableRow {TR} at (0,2) size 38x115
            RenderTableCell {TD} at (2,48) size 34x22 [border: (1px inset #808080)] [r=0 c=0 rs=1 cs=1]
              RenderText {#text} at (2,2) size 29x18
                text run at (2,3) width 29: "20%"
          RenderTableRow {TR} at (0,118) size 38x462
            RenderTableCell {TD} at (2,338) size 34x22 [border: (1px inset #808080)] [r=1 c=0 rs=1 cs=1]
              RenderText {#text} at (2,1) size 29x18
                text run at (2,2) width 29: "80%"
      RenderBlock (anonymous) at (0,584) size 769x17
        RenderBR {BR} at (0,0) size 0x17
      RenderTable {TABLE} at (0,601) size 56x108 [bgcolor=#0000FF] [border: (1px outset #808080)]
        RenderTableSection {TBODY} at (1,1) size 54x106
          RenderTableRow {TR} at (0,2) size 54x50
            RenderTableCell {TD} at (2,16) size 50x22 [border: (1px inset #808080)] [r=0 c=0 rs=1 cs=1]
              RenderText {#text} at (2,2) size 45x18
                text run at (2,3) width 45: "row 50"
          RenderTableRow {TR} at (0,54) size 54x50
            RenderTableCell {TD} at (2,68) size 50x22 [border: (1px inset #808080)] [r=1 c=0 rs=1 cs=1]
              RenderText {#text} at (2,2) size 16x18
                text run at (2,3) width 16: "50"
      RenderBlock (anonymous) at (0,709) size 769x17
        RenderBR {BR} at (0,0) size 0x17
      RenderTable {TABLE} at (0,726) size 27x113 [bgcolor=#0000FF] [border: (1px outset #808080)]
        RenderTableSection {TBODY} at (1,1) size 25x111
          RenderTableRow {TR} at (0,2) size 25x55
            RenderTableCell {TD} at (2,2) size 21x55 [border: (1px inset #808080)] [r=0 c=0 rs=1 cs=1]
              RenderText {#text} at (2,2) size 8x51
                text run at (2,2) width 8: "5"
                text run at (2,19) width 8: "5"
                text run at (2,36) width 8: "5"
          RenderTableRow {TR} at (0,59) size 25x50
            RenderTableCell {TD} at (2,73) size 21x22 [border: (1px inset #808080)] [r=1 c=0 rs=1 cs=1]
              RenderText {#text} at (2,2) size 16x18
                text run at (2,3) width 16: "50"
      RenderTable {TABLE} at (0,839) size 35x258 [bgcolor=#0000FF] [border: (1px outset #808080)]
        RenderTableSection {TBODY} at (1,1) size 33x256
          RenderTableRow {TR} at (0,2) size 33x200
            RenderTableCell {TD} at (2,91) size 29x22 [border: (1px inset #808080)] [r=0 c=0 rs=1 cs=1]
              RenderText {#text} at (2,2) size 24x18
                text run at (2,3) width 24: "200"
          RenderTableRow {TR} at (0,204) size 33x50
            RenderTableCell {TD} at (2,218) size 29x22 [border: (1px inset #808080)] [r=1 c=0 rs=1 cs=1]
              RenderText {#text} at (2,2) size 16x18
                text run at (2,3) width 16: "50"
      RenderBlock (anonymous) at (0,1097) size 769x17
        RenderBR {BR} at (0,0) size 0x17
      RenderTable {TABLE} at (0,1114) size 35x258 [bgcolor=#0000FF] [border: (1px outset #808080)]
        RenderTableSection {TBODY} at (1,1) size 33x256
          RenderTableRow {TR} at (0,2) size 33x200
            RenderTableCell {TD} at (2,91) size 29x22 [border: (1px inset #808080)] [r=0 c=0 rs=1 cs=1]
              RenderText {#text} at (2,2) size 24x18
                text run at (2,3) width 24: "200"
          RenderTableRow {TR} at (0,204) size 33x50
            RenderTableCell {TD} at (2,218) size 29x22 [border: (1px inset #808080)] [r=1 c=0 rs=1 cs=1]
              RenderText {#text} at (2,2) size 16x18
                text run at (2,3) width 16: "50"
      RenderBlock (anonymous) at (0,1372) size 769x17
        RenderBR {BR} at (0,0) size 0x17
      RenderTable {TABLE} at (0,1389) size 65x208 [bgcolor=#FFA500] [border: (1px outset #808080)]
        RenderTableSection {TBODY} at (1,1) size 63x206
          RenderTableRow {TR} at (0,2) size 63x100
            RenderTableCell {TD} at (2,92) size 29x22 [border: (1px inset #808080)] [r=0 c=0 rs=2 cs=1]
              RenderText {#text} at (2,2) size 24x18
                text run at (2,3) width 24: "100"
            RenderTableCell {TD} at (32,41) size 29x22 [border: (1px inset #808080)] [r=0 c=1 rs=1 cs=1]
              RenderText {#text} at (2,2) size 24x18
                text run at (2,3) width 24: "100"
          RenderTableRow {TR} at (0,104) size 63x100
            RenderTableCell {TD} at (32,126) size 29x56 [border: (1px inset #808080)] [r=1 c=1 rs=1 cs=1]
              RenderText {#text} at (2,2) size 24x52
                text run at (2,3) width 24: "100"
                text run at (2,20) width 24: "100"
                text run at (2,37) width 24: "100"
      RenderBlock (anonymous) at (0,1597) size 769x17
        RenderBR {BR} at (0,0) size 0x17
      RenderTable {TABLE} at (0,1614) size 48x27 [bgcolor=#FFFF00] [border: (1px outset #808080)]
        RenderTableSection {TBODY} at (1,1) size 46x25
          RenderTableRow {TR} at (0,2) size 46x21
            RenderTableCell {TD} at (2,2) size 42x21 [border: (1px inset #808080)] [r=0 c=0 rs=1 cs=1]
              RenderText {#text} at (2,2) size 37x17
                text run at (2,2) width 37: "100%"
      RenderBlock (anonymous) at (0,1641) size 769x17
        RenderBR {BR} at (0,0) size 0x17
      RenderTable {TABLE} at (0,1658) size 40x584 [bgcolor=#FFA500] [border: (1px outset #808080)]
        RenderTableSection {TBODY} at (1,1) size 38x582
          RenderTableRow {TR} at (0,2) size 38x115
            RenderTableCell {TD} at (2,48) size 34x22 [border: (1px inset #808080)] [r=0 c=0 rs=1 cs=1]
              RenderText {#text} at (2,2) size 29x18
                text run at (2,3) width 29: "20%"
          RenderTableRow {TR} at (0,118) size 38x462
            RenderTableCell {TD} at (2,338) size 34x22 [border: (1px inset #808080)] [r=1 c=0 rs=1 cs=1]
              RenderText {#text} at (2,1) size 29x18
                text run at (2,2) width 29: "80%"
      RenderBlock (anonymous) at (0,2242) size 769x17
        RenderBR {BR} at (0,0) size 0x17
      RenderTable {TABLE} at (0,2259) size 62x206 [bgcolor=#808080] [border: (1px outset #808080)]
        RenderTableSection {TBODY} at (1,1) size 60x204
          RenderTableRow {TR} at (0,2) size 60x200
            RenderTableCell {TD} at (2,91) size 26x22 [border: (1px inset #808080)] [r=0 c=0 rs=1 cs=1]
              RenderText {#text} at (2,2) size 21x18
                text run at (2,3) width 21: "5%"
            RenderTableCell {TD} at (29,91) size 29x22 [border: (1px inset #808080)] [r=0 c=1 rs=1 cs=1]
              RenderText {#text} at (2,2) size 24x18
                text run at (2,3) width 24: "200"
      RenderBlock (anonymous) at (0,2465) size 769x17
        RenderBR {BR} at (0,0) size 0x17
      RenderTable {TABLE} at (0,2482) size 62x199 [bgcolor=#FFA500] [border: (1px outset #808080)]
        RenderTableSection {TBODY} at (1,1) size 60x197
          RenderTableRow {TR} at (0,2) size 60x193
            RenderTableCell {TD} at (2,87) size 34x22 [border: (1px inset #808080)] [r=0 c=0 rs=1 cs=1]
              RenderText {#text} at (2,2) size 29x18
                text run at (2,3) width 29: "50%"
            RenderTableCell {TD} at (37,87) size 21x22 [border: (1px inset #808080)] [r=0 c=1 rs=1 cs=1]
              RenderText {#text} at (2,2) size 16x18
                text run at (2,3) width 16: "20"
      RenderBlock (anonymous) at (0,2680) size 769x18
        RenderBR {BR} at (0,0) size 0x17
      RenderTable {TABLE} at (0,2697) size 40x585 [border: (1px outset #808080)]
        RenderTableSection {TBODY} at (1,1) size 38x582
          RenderTableRow {TR} at (0,2) size 38x500
            RenderTableCell {TD} at (2,241) size 34x22 [border: (1px inset #808080)] [r=0 c=0 rs=1 cs=1]
              RenderText {#text} at (2,2) size 24x18
                text run at (2,3) width 24: "500"
          RenderTableRow {TR} at (0,504) size 38x76
            RenderTableCell {TD} at (2,531) size 34x22 [border: (1px inset #808080)] [r=1 c=0 rs=1 cs=1]
              RenderText {#text} at (2,2) size 29x18
                text run at (2,3) width 29: "80%"
      RenderBlock (anonymous) at (0,3281) size 769x18
        RenderBR {BR} at (0,0) size 0x17
      RenderTable {TABLE} at (0,3298) size 104x585 [bgcolor=#FF0000] [border: (1px outset #808080)]
        RenderTableSection {TBODY} at (1,1) size 102x582
          RenderTableRow {TR} at (0,2) size 102x40
            RenderTableCell {TD} at (2,259) size 32x22 [border: (1px inset #808080)] [r=0 c=0 rs=2 cs=1]
              RenderText {#text} at (2,2) size 24x18
                text run at (2,3) width 24: "500"
            RenderTableCell {TD} at (35,11) size 32x22 [border: (1px inset #808080)] [r=0 c=1 rs=1 cs=1]
              RenderText {#text} at (2,1) size 27x18
                text run at (2,2) width 27: "auto"
          RenderTableRow {TR} at (0,43) size 102x496
            RenderTableCell {TD} at (35,280) size 32x22 [border: (1px inset #808080)] [r=1 c=1 rs=1 cs=1]
              RenderText {#text} at (2,1) size 27x18
                text run at (2,2) width 27: "auto"
            RenderTableCell {TD} at (68,280) size 32x22 [border: (1px inset #808080)] [r=1 c=2 rs=1 cs=1]
              RenderText {#text} at (2,1) size 27x18
                text run at (2,2) width 27: "auto"
          RenderTableRow {TR} at (0,540) size 102x40
            RenderTableCell {TD} at (2,549) size 32x22 [border: (1px inset #808080)] [r=2 c=0 rs=1 cs=1]
              RenderText {#text} at (2,1) size 27x18
                text run at (2,2) width 27: "auto"
            RenderTableCell {TD} at (35,549) size 32x22 [border: (1px inset #808080)] [r=2 c=1 rs=1 cs=1]
              RenderText {#text} at (2,1) size 27x18
                text run at (2,2) width 27: "auto"
      RenderBlock (anonymous) at (0,3882) size 769x18
        RenderBR {BR} at (0,0) size 0x17
      RenderTable {TABLE} at (0,3899) size 54x407 [bgcolor=#FFA500] [border: (1px outset #808080)]
        RenderTableSection {TBODY} at (1,1) size 52x404
          RenderTableRow {TR} at (0,2) size 52x400
            RenderTableCell {TD} at (2,2) size 48x400 [border: (1px inset #808080)] [r=0 c=0 rs=1 cs=1]
              RenderTable {TABLE} at (2,2) size 44x396 [bgcolor=#0000FF]
                RenderTableSection {TBODY} at (0,0) size 44x396
                  RenderTableRow {TR} at (0,2) size 44x392
                    RenderTableCell {TD} at (2,188) size 40x20 [r=0 c=0 rs=1 cs=1]
                      RenderText {#text} at (1,1) size 37x18
                        text run at (1,2) width 37: "100%"
