layer at (0,0) size 800x600
  RenderView at (0,0) size 800x600
layer at (0,0) size 800x188
  RenderBlock {html} at (0,0) size 800x188
    RenderBlock {parsererror} at (16,16) size 768x136 [bgcolor=#FFDDDD] [border: (2px solid #CC7777)]
      RenderBlock {h3} at (18,20) size 732x23
        RenderText {#text} at (0,0) size 323x22
          text run at (0,0) width 323: "This page contains the following errors:"
      RenderBlock {div} at (18,61) size 732x14
        RenderText {#text} at (0,0) size 569x14
          text run at (0,0) width 569: "error on line 7 at column 8: Opening and ending tag mismatch: p line 0 and body"
          text run at (568,0) width 1: " "
      RenderBlock {h3} at (18,93) size 732x23
        RenderText {#text} at (0,0) size 428x22
          text run at (0,0) width 428: "Below is a rendering of the page up to the first error."
    RenderBlock (anonymous) at (0,168) size 800x20
      RenderInline {body} at (0,0) size 183x19
        RenderText {#text} at (0,0) size 0x0
        RenderInline {p} at (0,0) size 183x19
          RenderText {#text} at (0,0) size 183x19
            text run at (0,0) width 183: "You should see errors above"
        RenderText {#text} at (0,0) size 0x0
        RenderInline {p} at (0,0) size 0x0
