layer at (0,0) size 800x600
  RenderView at (0,0) size 800x600
layer at (0,0) size 800x504
  RenderBlock {HTML} at (0,0) size 800x504
    RenderBody {BODY} at (8,8) size 784x488
      RenderTable {TABLE} at (0,0) size 671x488
        RenderTableSection {TBODY} at (0,0) size 671x488
          RenderTableRow {TR} at (0,2) size 671x20
            RenderTableCell {TH} at (2,2) size 94x20 [bgcolor=#DDDD99] [r=0 c=0 rs=1 cs=1]
              RenderText {#text} at (9,1) size 76x18
                text run at (9,1) width 76: "viewBox?"
            RenderTableCell {TH} at (97,2) size 164x20 [bgcolor=#DDDD99] [r=0 c=1 rs=1 cs=1]
              RenderText {#text} at (1,1) size 162x18
                text run at (1,1) width 162: "preserve\x{AD}Aspect\x{AD}Ratio"
            RenderTableCell {TH} at (262,2) size 203x20 [bgcolor=#DDDD99] [r=0 c=2 rs=1 cs=1]
              RenderText {#text} at (78,1) size 47x18
                text run at (78,1) width 47: "<img>"
            RenderTableCell {TH} at (466,2) size 203x20 [bgcolor=#DDDD99] [r=0 c=3 rs=1 cs=1]
              RenderText {#text} at (80,1) size 42x18
                text run at (80,1) width 42: "<div>"
          RenderTableRow {TR} at (0,24) size 671x56
            RenderTableCell {TH} at (2,129) size 94x20 [bgcolor=#DDDD99] [r=1 c=0 rs=4 cs=1]
              RenderText {#text} at (1,1) size 92x18
                text run at (1,1) width 92: "No viewBox"
            RenderTableCell {TH} at (97,51) size 164x2 [bgcolor=#DDDD99] [r=1 c=1 rs=1 cs=1]
            RenderTableCell {TD} at (262,24) size 203x56 [r=1 c=2 rs=1 cs=1]
              RenderImage {IMG} at (1,1) size 200x50 [border: (2px dashed #800000)]
              RenderText {#text} at (0,0) size 0x0
            RenderTableCell {TD} at (466,26) size 203x52 [r=1 c=3 rs=1 cs=1]
              RenderBlock {DIV} at (1,1) size 200x50 [border: (2px dashed #800000)]
          RenderTableRow {TR} at (0,82) size 671x56
            RenderTableCell {TH} at (97,100) size 164x20 [bgcolor=#DDDD99] [r=2 c=1 rs=1 cs=1]
              RenderText {#text} at (62,1) size 40x18
                text run at (62,1) width 40: "none"
            RenderTableCell {TD} at (262,82) size 203x56 [r=2 c=2 rs=1 cs=1]
              RenderImage {IMG} at (1,1) size 200x50 [border: (2px dashed #800000)]
              RenderText {#text} at (0,0) size 0x0
            RenderTableCell {TD} at (466,84) size 203x52 [r=2 c=3 rs=1 cs=1]
              RenderBlock {DIV} at (1,1) size 200x50 [border: (2px dashed #800000)]
          RenderTableRow {TR} at (0,140) size 671x56
            RenderTableCell {TH} at (97,158) size 164x20 [bgcolor=#DDDD99] [r=3 c=1 rs=1 cs=1]
              RenderText {#text} at (63,1) size 38x18
                text run at (63,1) width 38: "meet"
            RenderTableCell {TD} at (262,140) size 203x56 [r=3 c=2 rs=1 cs=1]
              RenderImage {IMG} at (1,1) size 200x50 [border: (2px dashed #800000)]
              RenderText {#text} at (0,0) size 0x0
            RenderTableCell {TD} at (466,142) size 203x52 [r=3 c=3 rs=1 cs=1]
              RenderBlock {DIV} at (1,1) size 200x50 [border: (2px dashed #800000)]
          RenderTableRow {TR} at (0,198) size 671x56
            RenderTableCell {TH} at (97,216) size 164x20 [bgcolor=#DDDD99] [r=4 c=1 rs=1 cs=1]
              RenderText {#text} at (64,1) size 36x18
                text run at (64,1) width 36: "slice"
            RenderTableCell {TD} at (262,198) size 203x56 [r=4 c=2 rs=1 cs=1]
              RenderImage {IMG} at (1,1) size 200x50 [border: (2px dashed #800000)]
              RenderText {#text} at (0,0) size 0x0
            RenderTableCell {TD} at (466,200) size 203x52 [r=4 c=3 rs=1 cs=1]
              RenderBlock {DIV} at (1,1) size 200x50 [border: (2px dashed #800000)]
          RenderTableRow {TR} at (0,256) size 671x56
            RenderTableCell {TH} at (2,361) size 94x20 [bgcolor=#DDDD99] [r=5 c=0 rs=4 cs=1]
              RenderText {#text} at (14,1) size 66x18
                text run at (14,1) width 66: "viewBox"
            RenderTableCell {TH} at (97,283) size 164x2 [bgcolor=#DDDD99] [r=5 c=1 rs=1 cs=1]
            RenderTableCell {TD} at (262,256) size 203x56 [r=5 c=2 rs=1 cs=1]
              RenderImage {IMG} at (1,1) size 200x50 [border: (2px dashed #800000)]
              RenderText {#text} at (0,0) size 0x0
            RenderTableCell {TD} at (466,258) size 203x52 [r=5 c=3 rs=1 cs=1]
              RenderBlock {DIV} at (1,1) size 200x50 [border: (2px dashed #800000)]
          RenderTableRow {TR} at (0,314) size 671x56
            RenderTableCell {TH} at (97,332) size 164x20 [bgcolor=#DDDD99] [r=6 c=1 rs=1 cs=1]
              RenderText {#text} at (62,1) size 40x18
                text run at (62,1) width 40: "none"
            RenderTableCell {TD} at (262,314) size 203x56 [r=6 c=2 rs=1 cs=1]
              RenderImage {IMG} at (1,1) size 200x50 [border: (2px dashed #800000)]
              RenderText {#text} at (0,0) size 0x0
            RenderTableCell {TD} at (466,316) size 203x52 [r=6 c=3 rs=1 cs=1]
              RenderBlock {DIV} at (1,1) size 200x50 [border: (2px dashed #800000)]
          RenderTableRow {TR} at (0,372) size 671x56
            RenderTableCell {TH} at (97,390) size 164x20 [bgcolor=#DDDD99] [r=7 c=1 rs=1 cs=1]
              RenderText {#text} at (63,1) size 38x18
                text run at (63,1) width 38: "meet"
            RenderTableCell {TD} at (262,372) size 203x56 [r=7 c=2 rs=1 cs=1]
              RenderImage {IMG} at (1,1) size 200x50 [border: (2px dashed #800000)]
              RenderText {#text} at (0,0) size 0x0
            RenderTableCell {TD} at (466,374) size 203x52 [r=7 c=3 rs=1 cs=1]
              RenderBlock {DIV} at (1,1) size 200x50 [border: (2px dashed #800000)]
          RenderTableRow {TR} at (0,430) size 671x56
            RenderTableCell {TH} at (97,448) size 164x20 [bgcolor=#DDDD99] [r=8 c=1 rs=1 cs=1]
              RenderText {#text} at (64,1) size 36x18
                text run at (64,1) width 36: "slice"
            RenderTableCell {TD} at (262,430) size 203x56 [r=8 c=2 rs=1 cs=1]
              RenderImage {IMG} at (1,1) size 200x50 [border: (2px dashed #800000)]
              RenderText {#text} at (0,0) size 0x0
            RenderTableCell {TD} at (466,432) size 203x52 [r=8 c=3 rs=1 cs=1]
              RenderBlock {DIV} at (1,1) size 200x50 [border: (2px dashed #800000)]
