EDITING DELEGATE: shouldBeginEditingInDOMRange:range from 0 of DIV > BODY > HTML > #document to 3 of DIV > BODY > HTML > #document
EDITING DELEGATE: shouldEndEditingInDOMRange:range from 0 of DIV > BODY > HTML > #document to 3 of DIV > BODY > HTML > #document
EDITING DELEGATE: webViewDidChangeSelection:WebViewDidChangeSelectionNotification
EDITING DELEGATE: webViewDidEndEditing:WebViewDidEndEditingNotification
EDITING DELEGATE: webViewDidBeginEditing:WebViewDidBeginEditingNotification
EDITING DELEGATE: webViewDidChangeSelection:WebViewDidChangeSelectionNotification
EDITING DELEGATE: webViewDidChangeSelection:WebViewDidChangeSelectionNotification
EDITING DELEGATE: shouldChangeSelectedDOMRange:range from 28 of #text > B > DIV > DIV > BODY > HTML > #document to 28 of #text > B > DIV > DIV > BODY > HTML > #document toDOMRange:range from 0 of #text > B > DIV > DIV > BODY > HTML > #document to 28 of #text > B > DIV > DIV > BODY > HTML > #document affinity:NSSelectionAffinityDownstream stillSelecting:FALSE
EDITING DELEGATE: shouldBeginEditingInDOMRange:range from 0 of DIV > BODY > HTML > #document to 3 of DIV > BODY > HTML > #document
EDITING DELEGATE: shouldEndEditingInDOMRange:range from 0 of DIV > BODY > HTML > #document to 3 of DIV > BODY > HTML > #document
EDITING DELEGATE: webViewDidChangeSelection:WebViewDidChangeSelectionNotification
EDITING DELEGATE: webViewDidEndEditing:WebViewDidEndEditingNotification
EDITING DELEGATE: webViewDidChangeSelection:WebViewDidChangeSelectionNotification
EDITING DELEGATE: webViewDidChange:WebViewDidChangeNotification
layer at (0,0) size 800x600
  RenderView at (0,0) size 800x600
layer at (0,0) size 800x600
  RenderBlock {HTML} at (0,0) size 800x600
    RenderBody {BODY} at (8,8) size 784x584
      RenderBlock {P} at (0,0) size 784x20
        RenderText {#text} at (0,0) size 391x19
          text run at (0,0) width 391: "This tests paste and match style on an empty (but styled) line"
      RenderBlock {P} at (0,36) size 784x40
        RenderText {#text} at (0,0) size 770x39
          text run at (0,0) width 770: "The first line is copied (unstyled), then it's bolded, then a paragraph separator is inserted and the original unstyled line is"
          text run at (0,20) width 186: "pasted (with style matching)."
      RenderBlock {HR} at (0,92) size 784x2 [border: (1px inset #000000)]
      RenderBlock {DIV} at (0,102) size 784x22
        RenderBlock {DIV} at (0,0) size 784x22 [border: (1px solid #FF0000)]
          RenderInline {B} at (0,0) size 189x19
            RenderText {#text} at (1,1) size 189x19
              text run at (1,1) width 189: "this text should end up bold"
