EDITING DELEGATE: shouldBeginEditingInDOMRange:range from 0 of DIV > BODY > HTML > #document to 0 of DIV > BODY > HTML > #document
EDITING DELEGATE: shouldEndEditingInDOMRange:range from 0 of DIV > BODY > HTML > #document to 0 of DIV > BODY > HTML > #document
EDITING DELEGATE: webViewDidChangeSelection:WebViewDidChangeSelectionNotification
EDITING DELEGATE: webViewDidEndEditing:WebViewDidEndEditingNotification
EDITING DELEGATE: webViewDidChangeSelection:WebViewDidChangeSelectionNotification
layer at (0,0) size 800x600
  RenderView at (0,0) size 800x600
layer at (0,0) size 800x600
  RenderBlock {HTML} at (0,0) size 800x600
    RenderBody {BODY} at (8,8) size 784x584
      RenderBlock {P} at (0,0) size 784x40
        RenderText {#text} at (0,0) size 654x39
          text run at (0,0) width 434: "This tests pasting a fragment containing an <iframe> after a <div>. "
          text run at (433,0) width 221: "This used to fail on an assertion in"
          text run at (0,20) width 326: "moveParagraphContentsToNewBlockIfNecessary. "
          text run at (325,20) width 317: "You should see 'foo' and then an <iframe> below."
      RenderBlock {DIV} at (0,56) size 784x20
