layer at (0,0) size 800x600
  RenderView at (0,0) size 800x600
layer at (0,0) size 800x600
  RenderBlock {HTML} at (0,0) size 800x600
    RenderBody {BODY} at (8,8) size 784x584
      RenderText {#text} at (0,1) size 417x29
        text run at (0,1) width 411: "All the text here should be the same size."
        text run at (410,1) width 7: " "
      RenderText {#text} at (0,0) size 0x0
