layer at (0,0) size 800x600
  RenderView at (0,0) size 800x600
layer at (0,0) size 800x600
  RenderBlock {HTML} at (0,0) size 800x600
    RenderBody {BODY} at (8,8) size 784x584
      RenderBlock {P} at (0,0) size 784x20
        RenderText {#text} at (0,0) size 598x19
          text run at (0,0) width 598: "This tests for a bug where links that weren't fully selected would be copy/pasted as plain text."
      RenderBlock {DIV} at (0,36) size 784x20
        RenderText {#text} at (0,0) size 167x19
          text run at (0,0) width 167: "This should be plain text. "
        RenderInline {A} at (0,0) size 139x19 [color=#0000EE]
          RenderText {#text} at (166,0) size 139x19
            text run at (166,0) width 139: "This should be a link."
        RenderText {#text} at (304,0) size 167x19
          text run at (304,0) width 167: " This should be plain text."
      RenderBlock {DIV} at (0,56) size 784x20
        RenderBR {BR} at (0,0) size 0x19
