layer at (0,0) size 800x600
  RenderView at (0,0) size 800x600
layer at (0,0) size 800x600
  RenderBlock {HTML} at (0,0) size 800x600
    RenderBody {BODY} at (8,8) size 784x584
      RenderBlock {P} at (0,0) size 784x20
        RenderText {#text} at (0,0) size 553x19
          text run at (0,0) width 553: "This tests for a bug where copied links wouldn't be pasted as links at certain positions."
      RenderBlock {DIV} at (0,36) size 784x40
        RenderBlock (anonymous) at (0,0) size 784x20
          RenderText {#text} at (0,0) size 163x19
            text run at (0,0) width 163: "This should be plain text."
        RenderBlock {DIV} at (0,20) size 784x20
          RenderText {#text} at (0,0) size 163x19
            text run at (0,0) width 163: "This should be plain text."
