layer at (0,0) size 800x600
  RenderView at (0,0) size 800x600
layer at (0,0) size 800x600
  RenderBlock {HTML} at (0,0) size 800x600
    RenderBody {BODY} at (8,8) size 784x584
      RenderBlock {P} at (0,0) size 784x40
        RenderText {#text} at (0,0) size 769x39
          text run at (0,0) width 383: "This tests for a crash when pasting content into a table cell. "
          text run at (382,0) width 387: "The table cell has some collapsed whitespace at the end of it"
          text run at (0,20) width 141: "that tickled the crash. "
          text run at (140,20) width 336: "You should see 'Hello World' in the table cell below."
      RenderBlock {DIV} at (0,56) size 784x30
        RenderTable {TABLE} at (0,0) size 65x30 [border: (1px outset #808080)]
          RenderTableSection {TBODY} at (1,1) size 63x28
            RenderTableRow {TR} at (0,2) size 63x24
              RenderTableCell {TD} at (2,2) size 59x24 [border: (1px inset #808080)] [r=0 c=0 rs=1 cs=1]
                RenderText {#text} at (2,2) size 55x19
                  text run at (2,2) width 55: "Hello W"
                  text run at (56,2) width 1: " \x{9}\x{9} \x{9}\x{9}"
