layer at (0,0) size 800x600
  RenderView at (0,0) size 800x600
layer at (0,0) size 800x600
  RenderBlock {HTML} at (0,0) size 800x600
    RenderBody {BODY} at (8,8) size 784x584
      RenderBlock {P} at (0,0) size 784x20
        RenderText {#text} at (0,0) size 527x19
          text run at (0,0) width 527: "This tests that inherited block properties do not propigate to the editing style span."
      RenderBlock {DIV} at (50,36) size 734x20
        RenderText {#text} at (266,0) size 152x19
          text run at (266,0) width 152: "Some text that is bold."
      RenderBlock {DIV} at (0,56) size 784x20
        RenderText {#text} at (0,0) size 112x19
          text run at (0,0) width 108: "Some text that is"
          text run at (107,0) width 5: " "
