layer at (0,0) size 800x600
  RenderView at (0,0) size 800x600
layer at (0,0) size 800x600
  RenderBlock {HTML} at (0,0) size 800x600
    RenderBody {BODY} at (8,8) size 784x584
      RenderBlock (anonymous) at (0,0) size 784x18
        RenderText {#text} at (0,0) size 4x17
          text run at (0,0) width 4: " "
      RenderTable {TABLE} at (0,18) size 67x52 [border: (1px outset #808080)]
        RenderTableSection {TBODY} at (1,1) size 65x50
          RenderTableRow {TR} at (0,2) size 65x10
            RenderTableCell {TD} at (2,2) size 61x22 [border: (1px inset #808080)] [r=0 c=0 rs=2 cs=1]
              RenderText {#text} at (2,2) size 57x17
                text run at (2,2) width 57: "First row"
          RenderTableRow {TR} at (0,14) size 65x10
          RenderTableRow {TR} at (0,26) size 65x22
            RenderTableCell {TD} at (2,26) size 61x22 [border: (1px inset #808080)] [r=2 c=0 rs=1 cs=1]
              RenderText {#text} at (2,2) size 56x17
                text run at (2,2) width 56: "Last row"
      RenderBlock (anonymous) at (0,70) size 784x18
        RenderText {#text} at (0,0) size 8x17
          text run at (0,0) width 8: "  "
      RenderTable {TABLE} at (0,88) size 67x52 [border: (1px outset #808080)]
        RenderTableSection {TBODY} at (1,1) size 65x50
          RenderTableRow {TR} at (0,2) size 65x6
            RenderTableCell {TD} at (2,2) size 61x22 [border: (1px inset #808080)] [r=0 c=0 rs=3 cs=1]
              RenderText {#text} at (2,2) size 57x17
                text run at (2,2) width 57: "First row"
          RenderTableRow {TR} at (0,10) size 65x5
          RenderTableRow {TR} at (0,17) size 65x7
          RenderTableRow {TR} at (0,26) size 65x22
            RenderTableCell {TD} at (2,26) size 61x22 [border: (1px inset #808080)] [r=3 c=0 rs=1 cs=1]
              RenderText {#text} at (2,2) size 56x17
                text run at (2,2) width 56: "Last row"
      RenderBlock (anonymous) at (0,140) size 784x18
        RenderText {#text} at (0,0) size 12x17
          text run at (0,0) width 12: "   "
      RenderTable {TABLE} at (0,158) size 67x52 [border: (1px outset #808080)]
        RenderTableSection {TBODY} at (1,1) size 65x50
          RenderTableRow {TR} at (0,2) size 65x4
            RenderTableCell {TD} at (2,2) size 61x22 [border: (1px inset #808080)] [r=0 c=0 rs=4 cs=1]
              RenderText {#text} at (2,2) size 57x17
                text run at (2,2) width 57: "First row"
          RenderTableRow {TR} at (0,8) size 65x4
          RenderTableRow {TR} at (0,14) size 65x3
          RenderTableRow {TR} at (0,19) size 65x5
          RenderTableRow {TR} at (0,26) size 65x22
            RenderTableCell {TD} at (2,26) size 61x22 [border: (1px inset #808080)] [r=4 c=0 rs=1 cs=1]
              RenderText {#text} at (2,2) size 56x17
                text run at (2,2) width 56: "Last row"
      RenderBlock (anonymous) at (0,210) size 784x36
        RenderBR {BR} at (0,0) size 0x17
        RenderText {#text} at (0,18) size 106x17
          text run at (0,18) width 106: "an additional test"
      RenderTable {TABLE} at (0,246) size 32x52 [border: (1px outset #808080)]
        RenderTableSection {TBODY} at (1,1) size 30x50
          RenderTableRow {TR} at (0,2) size 30x10
            RenderTableCell {TD} at (2,2) size 26x22 [border: (1px inset #808080)] [r=0 c=0 rs=2 cs=1]
              RenderText {#text} at (2,2) size 8x17
                text run at (2,2) width 8: "1"
          RenderTableRow {TR} at (0,14) size 30x10
          RenderTableRow {TR} at (0,26) size 30x22
            RenderTableCell {TD} at (2,26) size 26x22 [border: (1px inset #808080)] [r=2 c=0 rs=1 cs=1]
              RenderText {#text} at (2,2) size 22x17
                text run at (2,2) width 22: "abc"
