layer at (0,0) size 800x600
  RenderView at (0,0) size 800x600
layer at (0,0) size 800x422
  RenderBlock {html} at (0,0) size 800x422
    RenderInline {body} at (0,0) size 521x421
      RenderText {#text} at (0,0) size 0x0
      RenderInline {p} at (0,0) size 517x17
        RenderText {#text} at (0,0) size 517x17
          text run at (0,0) width 517: "Test for isolation caused by a filter. This test passes if the whole rectangle is green."
      RenderText {#text} at (517,0) size 4x17
        text run at (517,0) width 4: " "
      RenderSVGRoot {svg} at (0,18) size 160x160
        RenderSVGHiddenContainer {defs} at (0,0) size 0x0
          RenderSVGResourceFilter {filter} [id="f1"] [filterUnits=objectBoundingBox] [primitiveUnits=userSpaceOnUse]
            [feGaussianBlur stdDeviation="15.00, 15.00"]
              [SourceGraphic]
        RenderSVGContainer {g} at (0,18) size 160x160 [transform={m=((4.00,0.00)(0.00,4.00)) t=(0.00,0.00)}]
          RenderSVGRect {rect} at (0,18) size 160x160 [fill={[type=SOLID] [color=#00FF00]}] [x=0.00] [y=0.00] [width=40.00] [height=40.00]
          RenderSVGContainer {g} at (40,58) size 96x96
            [filter="f1"] RenderSVGResourceFilter {filter} at (10,10) size 24x24
            RenderSVGRect {rect} at (40,58) size 80x80 [fill={[type=SOLID] [color=#00FF00]}] [x=10.00] [y=10.00] [width=20.00] [height=20.00]
      RenderText {#text} at (0,0) size 0x0
    RenderText {#text} at (0,0) size 0x0
