layer at (0,0) size 800x600
  RenderView at (0,0) size 800x600
layer at (0,0) size 800x422
  RenderBlock {html} at (0,0) size 800x422
    RenderInline {body} at (0,0) size 537x421
      RenderText {#text} at (0,0) size 0x0
      RenderInline {p} at (0,0) size 533x17
        RenderText {#text} at (0,0) size 533x17
          text run at (0,0) width 533: "Test for isolation caused by blending. This test passes if the whole rectangle is green."
      RenderText {#text} at (532,0) size 5x17
        text run at (532,0) width 5: " "
      RenderSVGRoot {svg} at (0,18) size 160x160
        RenderSVGContainer {g} at (0,18) size 160x160 [transform={m=((4.00,0.00)(0.00,4.00)) t=(0.00,0.00)}]
          RenderSVGRect {rect} at (0,18) size 160x160 [fill={[type=SOLID] [color=#00FF00]}] [x=0.00] [y=0.00] [width=40.00] [height=40.00]
          RenderSVGContainer {g} at (40,58) size 80x80
            RenderSVGRect {rect} at (40,58) size 80x80 [fill={[type=SOLID] [color=#00FF00]}] [x=10.00] [y=10.00] [width=20.00] [height=20.00]
      RenderText {#text} at (0,0) size 0x0
    RenderText {#text} at (0,0) size 0x0
