layer at (0,0) size 800x600
  RenderView at (0,0) size 800x600
layer at (0,0) size 800x224
  RenderBlock {HTML} at (0,0) size 800x224
    RenderBody {BODY} at (8,16) size 784x192
      RenderBlock {P} at (0,0) size 784x88
        RenderText {#text} at (0,70) size 132x17
          text run at (0,70) width 132: "Large LTR radicals: "
        RenderMathMLMath {math} at (132,0) size 28x85 [padding: 0 1 0 1]
          RenderMathMLRoot {msqrt} at (1,2) size 17x83
            RenderMathMLSpace {mspace} at (17,2) size 0x81
          RenderMathMLRoot {msqrt} at (18,0) size 9x84
            RenderMathMLSpace {mspace} at (9,3) size 0x81
        RenderText {#text} at (0,0) size 0x0
      RenderBlock {P} at (0,104) size 784x88
        RenderText {#text} at (0,70) size 132x17
          text run at (0,70) width 132: "Large RTL radicals: "
        RenderMathMLMath {math} at (132,0) size 28x85 [padding: 0 1 0 1]
          RenderMathMLRoot {msqrt} at (10,2) size 17x83
            RenderMathMLSpace {mspace} at (0,2) size 0x81
          RenderMathMLRoot {msqrt} at (1,0) size 9x84
            RenderMathMLSpace {mspace} at (0,3) size 0x81
        RenderText {#text} at (0,0) size 0x0
