layer at (0,0) size 800x600
  RenderView at (0,0) size 800x600
layer at (0,0) size 800x300
  RenderBlock {html} at (0,0) size 800x300
    RenderBody {body} at (8,8) size 784x284
      RenderTable {table} at (0,0) size 111x82 [border: (1px outset #808080)]
        RenderTableSection (anonymous) at (1,1) size 109x80
          RenderTableRow {tr} at (0,2) size 109x76
            RenderTableCell {th} at (2,2) size 105x76 [border: (1px inset #808080)] [r=0 c=0 rs=1 cs=1]
              RenderText {#text} at (8,2) size 94x72
                text run at (8,2) width 88: "The width of"
                text run at (26,20) width 53: "this cell"
                text run at (5,38) width 94: "should be 100"
                text run at (32,56) width 40: "pixels"
      RenderBlock (anonymous) at (0,82) size 784x18
        RenderBR {br} at (0,0) size 0x18
      RenderTable {table} at (0,100) size 211x46 [border: (1px outset #808080)]
        RenderTableSection (anonymous) at (1,1) size 209x44
          RenderTableRow {tr} at (0,2) size 209x40
            RenderTableCell {th} at (2,2) size 205x40 [border: (1px inset #808080)] [r=0 c=0 rs=1 cs=1]
              RenderText {#text} at (5,2) size 194x36
                text run at (5,2) width 194: "The width of this cell should"
                text run at (58,20) width 88: "be 200 pixels"
      RenderBlock (anonymous) at (0,146) size 784x18
        RenderBR {br} at (0,0) size 0x18
      RenderTable {table} at (0,164) size 311x28 [border: (1px outset #808080)]
        RenderTableSection (anonymous) at (1,1) size 309x26
          RenderTableRow {tr} at (0,2) size 309x22
            RenderTableCell {th} at (2,2) size 305x22 [border: (1px inset #808080)] [r=0 c=0 rs=1 cs=1]
              RenderText {#text} at (10,2) size 284x18
                text run at (10,2) width 284: "The width of this cell should be 300 pixels"
      RenderBlock (anonymous) at (0,192) size 784x18
        RenderBR {br} at (0,0) size 0x18
      RenderTable {table} at (0,210) size 411x28 [border: (1px outset #808080)]
        RenderTableSection (anonymous) at (1,1) size 409x26
          RenderTableRow {tr} at (0,2) size 409x22
            RenderTableCell {th} at (2,2) size 405x22 [border: (1px inset #808080)] [r=0 c=0 rs=1 cs=1]
              RenderText {#text} at (60,2) size 284x18
                text run at (60,2) width 284: "The width of this cell should be 400 pixels"
      RenderBlock (anonymous) at (0,238) size 784x18
        RenderBR {br} at (0,0) size 0x18
      RenderTable {table} at (0,256) size 511x28 [border: (1px outset #808080)]
        RenderTableSection (anonymous) at (1,1) size 509x26
          RenderTableRow {tr} at (0,2) size 509x22
            RenderTableCell {th} at (2,2) size 505x22 [border: (1px inset #808080)] [r=0 c=0 rs=1 cs=1]
              RenderText {#text} at (110,2) size 284x18
                text run at (110,2) width 284: "The width of this cell should be 500 pixels"
