layer at (0,0) size 785x1228
  RenderView at (0,0) size 785x600
layer at (0,0) size 785x1228
  RenderBlock {HTML} at (0,0) size 785x1229
    RenderBody {BODY} at (8,16) size 769x1205
      RenderBlock {P} at (0,0) size 769x18
        RenderText {#text} at (0,0) size 162x17
          text run at (0,0) width 162: "div, span, nested div/span"
      RenderBlock {P} at (0,34) size 769x18
        RenderText {#text} at (0,0) size 64x17
          text run at (0,0) width 64: "Single div"
      RenderBlock {DIV} at (1,68) size 767x22 [border: (1.59px solid #000000)]
        RenderText {#text} at (742,2) size 23x17
          text run at (742,2) width 23 RTL override: "abc"
      RenderBlock {P} at (0,105) size 769x19
        RenderText {#text} at (0,0) size 410x17
          text run at (0,0) width 410: "The following 2 lines should be identical, ignorning whitespaces:"
      RenderBlock {DIV} at (1,139) size 767x40 [border: (1.59px solid #000000)]
        RenderBlock (anonymous) at (1,1) size 764x19
          RenderText {#text} at (740,0) size 23x17
            text run at (740,0) width 23 RTL override: "abc"
        RenderBlock {DIV} at (1,19) size 764x19
          RenderText {#text} at (740,0) size 23x17
            text run at (740,0) width 23: "cba"
      RenderBlock {P} at (0,194) size 769x19
        RenderText {#text} at (0,0) size 417x17
          text run at (0,0) width 417: "The following 2 textes should be identical, ignorning whitespaces:"
      RenderBlock {DIV} at (1,228) size 767x22 [border: (1.59px solid #000000)]
        RenderText {#text} at (738,2) size 27x17
          text run at (738,2) width 27 RTL override: "abc "
        RenderInline {SPAN} at (0,0) size 23x17
          RenderText {#text} at (716,2) size 23x17
            text run at (716,2) width 23 RTL override: "abc"
      RenderBlock {P} at (0,265) size 769x19
        RenderText {#text} at (0,0) size 410x17
          text run at (0,0) width 410: "The following 2 lines should be identical, ignorning whitespaces:"
      RenderBlock {DIV} at (1,299) size 767x40 [border: (1.59px solid #000000)]
        RenderBlock {DIV} at (1,1) size 764x19
          RenderText {#text} at (740,0) size 23x17
            text run at (740,0) width 23: "cba"
        RenderBlock (anonymous) at (1,19) size 764x19
          RenderText {#text} at (740,0) size 23x17
            text run at (740,0) width 23 RTL override: "abc"
      RenderBlock {P} at (0,354) size 769x19
        RenderText {#text} at (0,0) size 417x17
          text run at (0,0) width 417: "The following 2 textes should be identical, ignorning whitespaces:"
      RenderBlock {DIV} at (1,388) size 767x22 [border: (1.59px solid #000000)]
        RenderInline {SPAN} at (0,0) size 27x17
          RenderText {#text} at (738,2) size 27x17
            text run at (738,2) width 27 RTL override: "abc "
        RenderText {#text} at (716,2) size 23x17
          text run at (716,2) width 23 RTL override: "abc"
      RenderBlock {P} at (0,425) size 769x19
        RenderText {#text} at (0,0) size 73x17
          text run at (0,0) width 73: "Single span"
      RenderBlock (anonymous) at (0,459) size 769x19
        RenderInline {SPAN} at (0,0) size 26x21 [border: (1.59px solid #000000)]
          RenderText {#text} at (3,0) size 23x17
            text run at (3,0) width 23 RTL override: "abc"
        RenderText {#text} at (0,0) size 0x0
      RenderBlock {P} at (0,493) size 769x19
        RenderText {#text} at (0,0) size 417x17
          text run at (0,0) width 417: "The following 2 textes should be identical, ignorning whitespaces:"
      RenderBlock (anonymous) at (0,527) size 769x19
        RenderInline {SPAN} at (0,0) size 52x21 [border: (1.59px solid #000000)]
          RenderText {#text} at (25,0) size 27x17
            text run at (25,0) width 27 RTL override: "abc "
          RenderInline {SPAN} at (0,0) size 23x17
            RenderText {#text} at (3,0) size 23x17
              text run at (3,0) width 23 RTL override: "abc"
        RenderText {#text} at (0,0) size 0x0
      RenderBlock {P} at (0,561) size 769x19
        RenderText {#text} at (0,0) size 417x17
          text run at (0,0) width 417: "The following 2 textes should be identical, ignorning whitespaces:"
      RenderBlock (anonymous) at (0,595) size 769x19
        RenderInline {SPAN} at (0,0) size 52x21 [border: (1.59px solid #000000)]
          RenderInline {SPAN} at (0,0) size 27x17
            RenderText {#text} at (25,0) size 27x17
              text run at (25,0) width 27 RTL override: "abc "
          RenderText {#text} at (3,0) size 23x17
            text run at (3,0) width 23 RTL override: "abc"
        RenderText {#text} at (0,0) size 0x0
      RenderBlock {P} at (0,629) size 769x19
        RenderText {#text} at (0,0) size 417x17
          text run at (0,0) width 417: "The following 2 textes should be identical, ignorning whitespaces:"
      RenderBlock (anonymous) at (0,663) size 769x19
        RenderInline {SPAN} at (0,0) size 24x21 [border: (1.59px solid #000000)]
          RenderText {#text} at (0,0) size 22x17
            text run at (0,0) width 22 RTL override: "abc"
      RenderBlock (anonymous) at (0,681) size 769x19
        RenderBlock {DIV} at (0,0) size 769x18
          RenderText {#text} at (747,0) size 22x17
            text run at (747,0) width 22: "cba"
      RenderBlock (anonymous) at (0,699) size 769x19
        RenderInline {SPAN} at (0,0) size 3x21 [border: (1.59px solid #000000)]
        RenderText {#text} at (0,0) size 0x0
      RenderBlock {P} at (0,733) size 769x19
        RenderText {#text} at (0,0) size 417x17
          text run at (0,0) width 417: "The following 2 textes should be identical, ignorning whitespaces:"
      RenderBlock (anonymous) at (0,767) size 769x19
        RenderInline {SPAN} at (0,0) size 2x21 [border: (1.59px solid #000000)]
      RenderBlock (anonymous) at (0,785) size 769x19
        RenderBlock {DIV} at (0,0) size 769x18
          RenderText {#text} at (747,0) size 22x17
            text run at (747,0) width 22: "cba"
      RenderBlock (anonymous) at (0,803) size 769x19
        RenderInline {SPAN} at (0,0) size 25x21 [border: (1.59px solid #000000)]
          RenderText {#text} at (3,0) size 23x17
            text run at (3,0) width 23 RTL override: "abc"
        RenderText {#text} at (0,0) size 0x0
      RenderBlock {P} at (0,837) size 769x19
        RenderText {#text} at (0,0) size 29x17
          text run at (0,0) width 29: "ruby"
      RenderBlock {DIV} at (0,871) size 769x33 [border: (1.59px solid #000000)]
        RenderRuby (inline) {RUBY} at (0,0) size 23x18
          RenderRubyRun (anonymous) at (168,11) size 23x19
            RenderRubyText {RT} at (0,-10) size 22x10
              RenderText {#text} at (5,0) size 12x10
                text run at (5,0) width 12: "def"
            RenderRubyBase (anonymous) at (0,0) size 22x18
              RenderText {#text} at (0,0) size 22x17
                text run at (0,0) width 22 RTL override: "abc"
        RenderText {#text} at (162,11) size 5x18
          text run at (162,11) width 5 RTL: " "
        RenderRuby (inline) {RUBY} at (0,0) size 23x18
          RenderRubyRun (anonymous) at (139,11) size 23x19
            RenderRubyText {RT} at (0,-10) size 22x10
              RenderText {#text} at (5,0) size 12x10
                text run at (5,0) width 12 RTL override: "def"
            RenderRubyBase (anonymous) at (0,0) size 22x18
              RenderText {#text} at (0,0) size 22x17
                text run at (0,0) width 22 RTL override: "abc"
        RenderText {#text} at (133,11) size 5x18
          text run at (133,11) width 5 RTL: " "
        RenderRuby (inline) {RUBY} at (0,0) size 23x18
          RenderRubyRun (anonymous) at (109,11) size 23x19
            RenderRubyBase (anonymous) at (0,0) size 22x18
              RenderText {#text} at (0,0) size 22x17
                text run at (0,0) width 22 RTL override: "abc"
        RenderText {#text} at (104,11) size 5x18
          text run at (104,11) width 5 RTL: " "
        RenderRuby (inline) {RUBY} at (0,0) size 13x18
          RenderRubyRun (anonymous) at (90,27) size 13x0
            RenderRubyText {RT} at (0,-10) size 12x10
              RenderText {#text} at (0,0) size 12x10
                text run at (0,0) width 12: "def"
        RenderText {#text} at (85,11) size 5x18
          text run at (85,11) width 5 RTL: " "
        RenderRuby (inline) {RUBY} at (0,0) size 23x18
          RenderRubyRun (anonymous) at (61,11) size 23x19
            RenderRubyBase (anonymous) at (0,0) size 22x18
              RenderInline {RB} at (0,0) size 22x17
                RenderText {#text} at (0,0) size 22x17
                  text run at (0,0) width 22 RTL override: "abc"
        RenderText {#text} at (55,11) size 5x18
          text run at (55,11) width 5 RTL: " "
        RenderRuby (inline) {RUBY} at (0,0) size 23x18
          RenderRubyRun (anonymous) at (32,11) size 23x19
            RenderRubyText {RT} at (0,-10) size 22x10
              RenderText {#text} at (5,0) size 12x10
                text run at (5,0) width 12: "def"
            RenderRubyBase (anonymous) at (0,0) size 22x18
              RenderInline {RB} at (0,0) size 22x17
                RenderText {#text} at (0,0) size 22x17
                  text run at (0,0) width 22 RTL override: "abc"
        RenderText {#text} at (26,11) size 5x18
          text run at (26,11) width 5 RTL: " "
        RenderRuby (inline) {RUBY} at (0,0) size 23x18
          RenderRubyRun (anonymous) at (3,11) size 23x19
            RenderRubyText {RT} at (0,-10) size 22x10
              RenderText {#text} at (5,0) size 12x10
                text run at (5,0) width 12: "def"
            RenderRubyBase (anonymous) at (0,0) size 22x18
              RenderInline {RB} at (0,0) size 22x17
                RenderText {#text} at (0,0) size 22x17
                  text run at (0,0) width 22 RTL override: "abc"
        RenderText {#text} at (0,0) size 0x0
      RenderBlock {P} at (0,919) size 769x19
        RenderText {#text} at (0,0) size 417x17
          text run at (0,0) width 417: "The following 2 tables should be identical, ignorning whitespaces:"
      RenderTable {TABLE} at (1,953) size 85x68 [border: (1.59px solid #808080)]
        RenderBlock {CAPTION} at (0,0) size 84x18
          RenderText {#text} at (0,0) size 84x17
            text run at (0,0) width 84: "NormalTable"
        RenderTableSection {TBODY} at (1,19) size 82x47
          RenderTableRow {TR} at (0,2) size 81x20
            RenderTableCell {TD} at (42,2) size 37x20 [r=0 c=0 rs=1 cs=1]
              RenderText {#text} at (12,1) size 23x17
                text run at (12,1) width 23: "abc"
            RenderTableCell {TD} at (2,2) size 39x20 [r=0 c=1 rs=1 cs=1]
              RenderText {#text} at (17,1) size 21x17
                text run at (17,1) width 21: "def"
          RenderTableRow {TR} at (0,24) size 81x20
            RenderTableCell {TD} at (42,24) size 37x20 [r=1 c=0 rs=1 cs=1]
              RenderText {#text} at (18,1) size 17x17
                text run at (18,1) width 17: "hij"
            RenderTableCell {TD} at (2,24) size 39x20 [r=1 c=1 rs=1 cs=1]
              RenderText {#text} at (13,1) size 25x17
                text run at (13,1) width 25: "opq"
      RenderTable {DIV} at (1,1021) size 146x59 [border: (1.59px solid #000000)]
        RenderBlock {DIV} at (0,0) size 145x18
          RenderText {#text} at (0,0) size 145x17
            text run at (0,0) width 145: "AnonymousTableRow"
        RenderTableSection (anonymous) at (1,19) size 143x37
          RenderTableRow {DIV} at (0,0) size 142x18
            RenderTableCell {DIV} at (74,0) size 68x18 [r=0 c=0 rs=1 cs=1]
              RenderText {#text} at (45,0) size 23x17
                text run at (45,0) width 23: "abc"
            RenderTableCell {DIV} at (0,0) size 74x18 [r=0 c=1 rs=1 cs=1]
              RenderText {#text} at (54,0) size 20x17
                text run at (54,0) width 20: "def"
          RenderTableRow {DIV} at (0,18) size 142x18
            RenderTableCell {DIV} at (74,18) size 68x18 [r=1 c=0 rs=1 cs=1]
              RenderText {#text} at (51,0) size 17x17
                text run at (51,0) width 17: "hij"
            RenderTableCell {DIV} at (0,18) size 74x18 [r=1 c=1 rs=1 cs=1]
              RenderText {#text} at (50,0) size 24x17
                text run at (50,0) width 24: "opq"
      RenderBlock {P} at (0,1095) size 769x19
        RenderText {#text} at (0,0) size 523x17
          text run at (0,0) width 523: "Anonymous TABLE, TABLE_ROW, TABLE_ROW_GROUP, TABLE_CELL"
      RenderBlock {DIV} at (0,1129) size 769x76 [border: (1.59px solid #000000)]
        RenderTable at (1,1) size 25x73
          RenderTableSection (anonymous) at (0,18) size 25x36
            RenderTableRow {DIV} at (0,0) size 25x18
              RenderTableCell (anonymous) at (0,0) size 25x18 [r=0 c=0 rs=1 cs=1]
                RenderText {#text} at (2,0) size 23x17
                  text run at (2,0) width 23 RTL override: "abc"
            RenderTableRow (anonymous) at (0,18) size 25x18
              RenderTableCell {DIV} at (0,18) size 25x18 [r=1 c=0 rs=1 cs=1]
                RenderText {#text} at (4,0) size 21x17
                  text run at (4,0) width 21 RTL override: "def"
          RenderBlock {DIV} at (0,0) size 25x18
            RenderText {#text} at (8,0) size 17x17
              text run at (8,0) width 17 RTL override: "hij"
          RenderTableSection {DIV} at (0,54) size 25x18
            RenderTableRow (anonymous) at (0,0) size 25x18
              RenderTableCell (anonymous) at (0,0) size 25x18 [r=0 c=0 rs=1 cs=1]
                RenderText {#text} at (0,0) size 25x17
                  text run at (0,0) width 25 RTL override: "opq"
