layer at (0,0) size 785x4402
  RenderView at (0,0) size 785x600
layer at (0,0) size 785x4402
  RenderBlock {HTML} at (0,0) size 785x4402
    RenderBody {BODY} at (8,8) size 769x4386
      RenderBlock {DIV} at (0,0) size 769x4371
        RenderBlock (anonymous) at (0,0) size 769x19
          RenderText {#text} at (0,0) size 4x19
            text run at (0,0) width 4: " "
        RenderTable {TABLE} at (67,19) size 473x4307 [border: none]
          RenderTableSection {TBODY} at (0,0) size 472x4306
            RenderTableRow {TR} at (0,0) size 472x22
              RenderTableCell {TD} at (0,0) size 472x22 [border: (1px solid #000000)] [r=0 c=0 rs=1 cs=4]
                RenderBlock {P} at (8,1) size 457x0
                  RenderInline {B} at (0,0) size 0x0
                    RenderInline {SPAN} at (0,0) size 0x0
                      RenderInline {O:P} at (0,0) size 0x0
                RenderBlock {P} at (8,1) size 457x21
                  RenderInline {B} at (0,0) size 405x15
                    RenderInline {SPAN} at (0,0) size 405x15
                      RenderInline {FONT} at (0,0) size 405x21 [color=#008080]
                        RenderText {#text} at (26,0) size 405x21
                          text run at (26,0) width 190: "Radio Channel usage at "
                          text run at (216,0) width 215: "Bayside.    Rev date 6-25-01"
                RenderBlock {P} at (8,22) size 457x0
                  RenderInline {B} at (0,0) size 0x0
                    RenderInline {SPAN} at (0,0) size 0x0
                      RenderInline {O:P} at (0,0) size 0x0
            RenderTableRow {TR} at (0,22) size 472x37
              RenderTableCell {TD} at (0,22) size 98x37 [border: (1px solid #000000)] [r=1 c=0 rs=1 cs=1]
                RenderInline {B} at (0,0) size 55x37
                  RenderInline {SPAN} at (0,0) size 55x36
                    RenderText {#text} at (22,1) size 55x36
                      text run at (22,1) width 55: "Channel"
                      text run at (24,19) width 51: "number"
                RenderText {#text} at (0,0) size 0x0
              RenderTableCell {TD} at (98,22) size 170x19 [border: (1px solid #000000) (1px none #808080)] [r=1 c=1 rs=1 cs=1]
                RenderInline {B} at (0,0) size 97x19
                  RenderInline {SPAN} at (0,0) size 97x18
                    RenderText {#text} at (37,1) size 97x18
                      text run at (37,1) width 97: "Member name"
                RenderText {#text} at (0,0) size 0x0
              RenderTableCell {TD} at (268,22) size 99x37 [border: (1px solid #000000) (1px none #808080)] [r=1 c=2 rs=1 cs=1]
                RenderBlock {P} at (8,1) size 84x18
                  RenderInline {B} at (0,0) size 46x15
                    RenderInline {SPAN} at (0,0) size 46x18
                      RenderText {#text} at (19,0) size 46x18
                        text run at (19,0) width 46: "Proper"
                      RenderInline {SPAN} at (0,0) size 1x18
                        RenderInline {O:P} at (0,0) size 1x18
                RenderBlock {P} at (8,19) size 84x18
                  RenderInline {B} at (0,0) size 36x15
                    RenderInline {SPAN} at (0,0) size 36x18
                      RenderText {#text} at (24,0) size 36x18
                        text run at (24,0) width 36: "Plane"
              RenderTableCell {TD} at (367,22) size 105x37 [border: (1px solid #000000) (1px none #808080)] [r=1 c=3 rs=1 cs=1]
                RenderBlock {P} at (8,1) size 90x18
                  RenderInline {B} at (0,0) size 70x15
                    RenderInline {SPAN} at (0,0) size 70x18
                      RenderText {#text} at (10,0) size 70x18
                        text run at (10,0) width 70: "Helicopter"
                      RenderInline {SPAN} at (0,0) size 0x18
                        RenderInline {O:P} at (0,0) size 0x18
                RenderBlock {P} at (8,19) size 90x18
                  RenderInline {B} at (0,0) size 50x15
                    RenderInline {SPAN} at (0,0) size 50x18
                      RenderText {#text} at (20,0) size 50x18
                        text run at (20,0) width 50: "thingy.-"
            RenderTableRow {TR} at (0,59) size 472x31
              RenderTableCell {TD} at (0,59) size 98x16 [border: (1px none #808080) none] [r=2 c=0 rs=1 cs=1]
                RenderBlock {P} at (8,1) size 83x15
                  RenderText {#text} at (35,0) size 13x15
                    text run at (35,0) width 13: "00"
                  RenderInline {SPAN} at (0,0) size 1x15
                    RenderInline {O:P} at (0,0) size 1x15
              RenderTableCell {TD} at (98,59) size 170x31 [border: (1px none #808080) none (1px none #808080)] [r=2 c=1 rs=1 cs=1]
                RenderBlock {P} at (8,1) size 155x15
                  RenderText {#text} at (0,0) size 54x15
                    text run at (0,0) width 54: "Paul Scott"
                RenderBlock {P} at (8,16) size 155x15
                  RenderText {#text} at (0,0) size 90x15
                    text run at (0,0) width 90: "Donald Carvalho"
                  RenderInline {SPAN} at (0,0) size 0x15
                    RenderInline {O:P} at (0,0) size 0x15
              RenderTableCell {TD} at (268,59) size 99x16 [border: (1px none #808080) none (1px none #808080)] [r=2 c=2 rs=1 cs=1]
                RenderBlock {P} at (8,1) size 84x15
                  RenderText {#text} at (34,0) size 16x15
                    text run at (34,0) width 16: "No"
                  RenderInline {SPAN} at (0,0) size 0x15
                    RenderInline {O:P} at (0,0) size 0x15
              RenderTableCell {TD} at (367,59) size 105x16 [border: (1px none #808080) none (1px none #808080)] [r=2 c=3 rs=1 cs=1]
                RenderBlock {P} at (8,1) size 90x15
                  RenderText {#text} at (35,0) size 20x15
                    text run at (35,0) width 20: "Yes"
                  RenderInline {SPAN} at (0,0) size 0x15
                    RenderInline {O:P} at (0,0) size 0x15
            RenderTableRow {TR} at (0,90) size 472x16
              RenderTableCell {TD} at (0,90) size 98x16 [border: (1px none #808080) none] [r=3 c=0 rs=1 cs=1]
                RenderBlock {P} at (8,1) size 83x15
                  RenderText {#text} at (35,0) size 13x15
                    text run at (35,0) width 13: "01"
                  RenderInline {SPAN} at (0,0) size 1x15
                    RenderInline {O:P} at (0,0) size 1x15
              RenderTableCell {TD} at (98,90) size 170x16 [border: (1px none #808080) none (1px none #808080)] [r=3 c=1 rs=1 cs=1]
                RenderBlock {P} at (8,1) size 155x15
                  RenderText {#text} at (0,0) size 54x15
                    text run at (0,0) width 54: "Paul Scott"
                  RenderInline {SPAN} at (0,0) size 0x15
                    RenderInline {O:P} at (0,0) size 0x15
              RenderTableCell {TD} at (268,90) size 99x16 [border: (1px none #808080) none (1px none #808080)] [r=3 c=2 rs=1 cs=1]
                RenderBlock {P} at (8,1) size 84x15
                  RenderText {#text} at (34,0) size 16x15
                    text run at (34,0) width 16: "No"
                  RenderInline {SPAN} at (0,0) size 0x15
                    RenderInline {O:P} at (0,0) size 0x15
              RenderTableCell {TD} at (367,90) size 105x16 [border: (1px none #808080) none (1px none #808080)] [r=3 c=3 rs=1 cs=1]
                RenderBlock {P} at (8,1) size 90x15
                  RenderText {#text} at (35,0) size 20x15
                    text run at (35,0) width 20: "Yes"
                  RenderInline {SPAN} at (0,0) size 0x15
                    RenderInline {O:P} at (0,0) size 0x15
            RenderTableRow {TR} at (0,106) size 472x20
              RenderTableCell {TD} at (0,106) size 98x16 [border: (1px none #808080) none] [r=4 c=0 rs=1 cs=1]
                RenderBlock {P} at (8,1) size 83x15
                  RenderInline {FONT} at (0,0) size 13x15
                    RenderText {#text} at (35,0) size 13x15
                      text run at (35,0) width 13: "02"
                  RenderText {#text} at (0,0) size 0x0
              RenderTableCell {TD} at (98,106) size 170x16 [border: (1px none #808080) none (1px none #808080)] [r=4 c=1 rs=1 cs=1]
                RenderInline {FONT} at (0,0) size 55x15
                  RenderText {#text} at (8,1) size 55x15
                    text run at (8,1) width 55: "Don Coon"
                RenderText {#text} at (0,0) size 0x0
              RenderTableCell {TD} at (268,106) size 99x20 [border: (1px none #808080) none (1px none #808080)] [r=4 c=2 rs=1 cs=1]
                RenderText {#text} at (8,1) size 4x19
                  text run at (8,1) width 4: " "
              RenderTableCell {TD} at (367,106) size 105x20 [border: (1px none #808080) none (1px none #808080)] [r=4 c=3 rs=1 cs=1]
                RenderText {#text} at (8,1) size 4x19
                  text run at (8,1) width 4: " "
            RenderTableRow {TR} at (0,126) size 472x31
              RenderTableCell {TD} at (0,126) size 98x16 [border: (1px none #808080) none] [r=5 c=0 rs=1 cs=1]
                RenderInline {FONT} at (0,0) size 13x15
                  RenderText {#text} at (43,1) size 13x15
                    text run at (43,1) width 13: "05"
                RenderText {#text} at (0,0) size 0x0
              RenderTableCell {TD} at (98,126) size 170x31 [border: (1px none #808080) none (1px none #808080)] [r=5 c=1 rs=1 cs=1]
                RenderBlock {P} at (8,1) size 155x15
                  RenderInline {FONT} at (0,0) size 54x15
                    RenderText {#text} at (0,0) size 54x15
                      text run at (0,0) width 54: "Paul Scott"
                RenderBlock {P} at (8,16) size 155x15
                  RenderInline {FONT} at (0,0) size 47x15
                    RenderText {#text} at (0,0) size 47x15
                      text run at (0,0) width 47: "Bill Hunt"
                    RenderInline {SPAN} at (0,0) size 0x15
                      RenderInline {O:P} at (0,0) size 0x15
              RenderTableCell {TD} at (268,126) size 99x16 [border: (1px none #808080) none (1px none #808080)] [r=5 c=2 rs=1 cs=1]
                RenderBlock {P} at (8,1) size 84x15
                  RenderInline {FONT} at (0,0) size 16x15
                    RenderText {#text} at (34,0) size 16x15
                      text run at (34,0) width 16: "No"
                    RenderInline {SPAN} at (0,0) size 0x15
                      RenderInline {O:P} at (0,0) size 0x15
              RenderTableCell {TD} at (367,126) size 105x16 [border: (1px none #808080) none (1px none #808080)] [r=5 c=3 rs=1 cs=1]
                RenderBlock {P} at (8,1) size 90x15
                  RenderInline {FONT} at (0,0) size 20x15
                    RenderText {#text} at (35,0) size 20x15
                      text run at (35,0) width 20: "Yes"
                    RenderInline {SPAN} at (0,0) size 0x15
                      RenderInline {O:P} at (0,0) size 0x15
            RenderTableRow {TR} at (0,157) size 472x31
              RenderTableCell {TD} at (0,157) size 98x16 [border: (1px none #808080) none] [r=6 c=0 rs=1 cs=1]
                RenderInline {FONT} at (0,0) size 13x15
                  RenderText {#text} at (43,1) size 13x15
                    text run at (43,1) width 13: "06"
                RenderText {#text} at (0,0) size 0x0
              RenderTableCell {TD} at (98,157) size 170x31 [border: (1px none #808080) none (1px none #808080)] [r=6 c=1 rs=1 cs=1]
                RenderInline {FONT} at (0,0) size 128x30
                  RenderText {#text} at (8,1) size 128x30
                    text run at (8,1) width 128: "Gene Pheiffer                   "
                    text run at (8,16) width 81: "Alberto Lanzas"
                RenderText {#text} at (0,0) size 0x0
              RenderTableCell {TD} at (268,157) size 99x31 [border: (1px none #808080) none (1px none #808080)] [r=6 c=2 rs=1 cs=1]
                RenderBlock {P} at (8,1) size 84x15
                  RenderText {#text} at (32,0) size 20x15
                    text run at (32,0) width 20: "Yes"
                RenderBlock {P} at (8,16) size 84x15
                  RenderText {#text} at (32,0) size 20x15
                    text run at (32,0) width 20: "Yes"
              RenderTableCell {TD} at (367,157) size 105x31 [border: (1px none #808080) none (1px none #808080)] [r=6 c=3 rs=1 cs=1]
                RenderBlock (anonymous) at (8,1) size 90x15
                  RenderInline {SPAN} at (0,0) size 16x19
                    RenderInline {FONT} at (0,0) size 16x15
                      RenderText {#text} at (37,0) size 16x15
                        text run at (37,0) width 16: "No"
                  RenderText {#text} at (0,0) size 0x0
                RenderBlock {P} at (8,16) size 90x15
                  RenderText {#text} at (35,0) size 20x15
                    text run at (35,0) width 20: "Yes"
            RenderTableRow {TR} at (0,188) size 472x16
              RenderTableCell {TD} at (0,188) size 98x16 [border: (1px none #808080) none] [r=7 c=0 rs=1 cs=1]
                RenderBlock {P} at (8,1) size 83x15
                  RenderInline {FONT} at (0,0) size 13x15
                    RenderText {#text} at (35,0) size 13x15
                      text run at (35,0) width 13: "07"
                  RenderText {#text} at (0,0) size 0x0
              RenderTableCell {TD} at (98,188) size 170x16 [border: (1px none #808080) none (1px none #808080)] [r=7 c=1 rs=1 cs=1]
                RenderInline {FONT} at (0,0) size 47x15
                  RenderText {#text} at (8,1) size 47x15
                    text run at (8,1) width 47: "Phil Cole"
                RenderText {#text} at (0,0) size 0x0
              RenderTableCell {TD} at (268,188) size 99x16 [border: (1px none #808080) none (1px none #808080)] [r=7 c=2 rs=1 cs=1]
                RenderBlock {P} at (8,1) size 84x15
                  RenderInline {FONT} at (0,0) size 20x15
                    RenderText {#text} at (32,0) size 20x15
                      text run at (32,0) width 20: "Yes"
                  RenderText {#text} at (0,0) size 0x0
              RenderTableCell {TD} at (367,188) size 105x16 [border: (1px none #808080) none (1px none #808080)] [r=7 c=3 rs=1 cs=1]
                RenderBlock {P} at (8,1) size 90x15
                  RenderInline {FONT} at (0,0) size 20x15
                    RenderText {#text} at (35,0) size 20x15
                      text run at (35,0) width 20: "Yes"
                  RenderText {#text} at (0,0) size 0x0
            RenderTableRow {TR} at (0,204) size 472x31
              RenderTableCell {TD} at (0,204) size 98x16 [border: (1px none #808080) none] [r=8 c=0 rs=1 cs=1]
                RenderBlock {P} at (8,1) size 83x15
                  RenderText {#text} at (35,0) size 13x15
                    text run at (35,0) width 13: "08"
                  RenderInline {SPAN} at (0,0) size 1x15
                    RenderInline {O:P} at (0,0) size 1x15
              RenderTableCell {TD} at (98,204) size 170x31 [border: (1px none #808080) none (1px none #808080)] [r=8 c=1 rs=1 cs=1]
                RenderBlock {P} at (8,1) size 155x15
                  RenderText {#text} at (0,0) size 54x15
                    text run at (0,0) width 54: "Paul Scott"
                RenderBlock {P} at (8,16) size 155x15
                  RenderText {#text} at (0,0) size 71x15
                    text run at (0,0) width 71: "Gene Pheiffer"
                  RenderInline {SPAN} at (0,0) size 0x15
                    RenderInline {O:P} at (0,0) size 0x15
              RenderTableCell {TD} at (268,204) size 99x31 [border: (1px none #808080) none (1px none #808080)] [r=8 c=2 rs=1 cs=1]
                RenderBlock {P} at (8,1) size 84x15
                  RenderText {#text} at (34,0) size 16x15
                    text run at (34,0) width 16: "No"
                RenderBlock {P} at (8,16) size 84x15
                  RenderText {#text} at (32,0) size 20x15
                    text run at (32,0) width 20: "Yes"
                  RenderInline {SPAN} at (0,0) size 0x15
                    RenderInline {O:P} at (0,0) size 0x15
              RenderTableCell {TD} at (367,204) size 105x31 [border: (1px none #808080) none (1px none #808080)] [r=8 c=3 rs=1 cs=1]
                RenderBlock {P} at (8,1) size 90x15
                  RenderText {#text} at (35,0) size 20x15
                    text run at (35,0) width 20: "Yes"
                RenderBlock {P} at (8,16) size 90x15
                  RenderText {#text} at (37,0) size 16x15
                    text run at (37,0) width 16: "No"
                  RenderInline {SPAN} at (0,0) size 0x15
                    RenderInline {O:P} at (0,0) size 0x15
            RenderTableRow {TR} at (0,235) size 472x46
              RenderTableCell {TD} at (0,235) size 98x16 [border: (1px none #808080) none] [r=9 c=0 rs=1 cs=1]
                RenderBlock {P} at (8,1) size 83x15
                  RenderText {#text} at (4,0) size 75x15
                    text run at (4,0) width 75: "Programmable"
                  RenderInline {SPAN} at (0,0) size 0x15
                    RenderInline {O:P} at (0,0) size 0x15
              RenderTableCell {TD} at (98,235) size 170x46 [border: (1px none #808080) none (1px none #808080)] [r=9 c=1 rs=1 cs=1]
                RenderBlock {P} at (8,1) size 155x15
                  RenderText {#text} at (0,0) size 103x15
                    text run at (0,0) width 103: "Richard Pevehouse"
                  RenderInline {SPAN} at (0,0) size 0x15
                    RenderInline {O:P} at (0,0) size 0x15
                RenderBlock {P} at (8,16) size 155x15
                  RenderText {#text} at (0,0) size 60x15
                    text run at (0,0) width 60: "Gary Heath"
                RenderBlock {P} at (8,31) size 155x15
                  RenderText {#text} at (0,0) size 63x15
                    text run at (0,0) width 63: "Scott Hersh"
                  RenderInline {SPAN} at (0,0) size 0x15
                    RenderInline {O:P} at (0,0) size 0x15
              RenderTableCell {TD} at (268,235) size 99x31 [border: (1px none #808080) none (1px none #808080)] [r=9 c=2 rs=1 cs=1]
                RenderBlock {P} at (8,1) size 84x15
                  RenderText {#text} at (32,0) size 20x15
                    text run at (32,0) width 20: "Yes"
                  RenderInline {SPAN} at (0,0) size 0x15
                    RenderInline {O:P} at (0,0) size 0x15
                RenderBlock {P} at (8,16) size 84x15
                  RenderText {#text} at (34,0) size 16x15
                    text run at (34,0) width 16: "No"
                  RenderInline {SPAN} at (0,0) size 0x15
                    RenderInline {O:P} at (0,0) size 0x15
              RenderTableCell {TD} at (367,235) size 105x31 [border: (1px none #808080) none (1px none #808080)] [r=9 c=3 rs=1 cs=1]
                RenderBlock {P} at (8,1) size 90x15
                  RenderText {#text} at (37,0) size 16x15
                    text run at (37,0) width 16: "No"
                  RenderInline {SPAN} at (0,0) size 0x15
                    RenderInline {O:P} at (0,0) size 0x15
                RenderBlock {P} at (8,16) size 90x15
                  RenderText {#text} at (35,0) size 20x15
                    text run at (35,0) width 20: "Yes"
                  RenderInline {SPAN} at (0,0) size 0x15
                    RenderInline {O:P} at (0,0) size 0x15
            RenderTableRow {TR} at (0,281) size 472x106
              RenderTableCell {TD} at (0,281) size 98x16 [border: (1px none #808080) none] [r=10 c=0 rs=1 cs=1]
                RenderBlock {P} at (8,1) size 83x15
                  RenderText {#text} at (35,0) size 13x15
                    text run at (35,0) width 13: "11"
                  RenderInline {SPAN} at (0,0) size 1x15
                    RenderInline {O:P} at (0,0) size 1x15
              RenderTableCell {TD} at (98,281) size 170x106 [border: (1px none #808080) none (1px none #808080)] [r=10 c=1 rs=1 cs=1]
                RenderBlock {P} at (8,1) size 155x15
                  RenderText {#text} at (0,0) size 78x15
                    text run at (0,0) width 78: "George Cowan"
                  RenderInline {SPAN} at (0,0) size 0x15
                    RenderInline {O:P} at (0,0) size 0x15
                RenderBlock {P} at (8,16) size 155x15
                  RenderText {#text} at (0,0) size 70x15
                    text run at (0,0) width 70: "Rick Klement"
                  RenderInline {SPAN} at (0,0) size 0x15
                    RenderInline {O:P} at (0,0) size 0x15
                RenderBlock {P} at (8,31) size 155x15
                  RenderText {#text} at (0,0) size 79x15
                    text run at (0,0) width 79: "John Mathews"
                RenderBlock {P} at (8,46) size 155x15
                  RenderText {#text} at (0,0) size 53x15
                    text run at (0,0) width 53: "Ed Cypret"
                RenderBlock {P} at (8,61) size 155x15
                  RenderText {#text} at (0,0) size 81x15
                    text run at (0,0) width 81: "John Chamorro"
                RenderBlock {P} at (8,76) size 155x15
                  RenderText {#text} at (0,0) size 83x15
                    text run at (0,0) width 83: "John Yearwood"
                RenderBlock {P} at (8,91) size 155x15
                  RenderText {#text} at (0,0) size 88x15
                    text run at (0,0) width 88: "Jason Anderson"
                  RenderInline {SPAN} at (0,0) size 0x15
                    RenderInline {O:P} at (0,0) size 0x15
              RenderTableCell {TD} at (268,281) size 99x106 [border: (1px none #808080) none (1px none #808080)] [r=10 c=2 rs=1 cs=1]
                RenderBlock {P} at (8,1) size 84x15
                  RenderText {#text} at (32,0) size 20x15
                    text run at (32,0) width 20: "Yes"
                  RenderInline {SPAN} at (0,0) size 0x15
                    RenderInline {O:P} at (0,0) size 0x15
                RenderBlock {P} at (8,16) size 84x15
                  RenderText {#text} at (32,0) size 20x15
                    text run at (32,0) width 20: "Yes"
                  RenderInline {SPAN} at (0,0) size 0x15
                    RenderInline {O:P} at (0,0) size 0x15
                RenderBlock {P} at (8,31) size 84x15
                  RenderText {#text} at (32,0) size 20x15
                    text run at (32,0) width 20: "Yes"
                RenderBlock {P} at (8,46) size 84x15
                  RenderText {#text} at (40,0) size 4x15
                    text run at (40,0) width 4: " "
                RenderBlock {P} at (8,61) size 84x15
                  RenderText {#text} at (40,0) size 4x15
                    text run at (40,0) width 4: " "
                RenderBlock {P} at (8,76) size 84x15
                  RenderText {#text} at (32,0) size 20x15
                    text run at (32,0) width 20: "Yes"
                RenderBlock {P} at (8,91) size 84x15
                  RenderText {#text} at (32,0) size 20x15
                    text run at (32,0) width 20: "Yes"
                  RenderInline {SPAN} at (0,0) size 0x15
                    RenderInline {O:P} at (0,0) size 0x15
              RenderTableCell {TD} at (367,281) size 105x106 [border: (1px none #808080) none (1px none #808080)] [r=10 c=3 rs=1 cs=1]
                RenderBlock {P} at (8,1) size 90x15
                  RenderText {#text} at (37,0) size 16x15
                    text run at (37,0) width 16: "No"
                  RenderInline {SPAN} at (0,0) size 0x15
                    RenderInline {O:P} at (0,0) size 0x15
                RenderBlock {P} at (8,16) size 90x15
                  RenderText {#text} at (35,0) size 20x15
                    text run at (35,0) width 20: "Yes"
                  RenderInline {SPAN} at (0,0) size 0x15
                    RenderInline {O:P} at (0,0) size 0x15
                RenderBlock {P} at (8,31) size 90x15
                  RenderText {#text} at (37,0) size 16x15
                    text run at (37,0) width 16: "No"
                RenderBlock {P} at (8,46) size 90x15
                  RenderText {#text} at (43,0) size 4x15
                    text run at (43,0) width 4: " "
                RenderBlock {P} at (8,61) size 90x15
                  RenderText {#text} at (43,0) size 4x15
                    text run at (43,0) width 4: " "
                RenderBlock {P} at (8,76) size 90x15
                  RenderText {#text} at (37,0) size 16x15
                    text run at (37,0) width 16: "No"
                RenderBlock {P} at (8,91) size 90x15
                  RenderText {#text} at (37,0) size 16x15
                    text run at (37,0) width 16: "No"
                  RenderInline {SPAN} at (0,0) size 0x15
                    RenderInline {O:P} at (0,0) size 0x15
            RenderTableRow {TR} at (0,387) size 472x76
              RenderTableCell {TD} at (0,387) size 98x16 [border: (1px none #808080) none] [r=11 c=0 rs=1 cs=1]
                RenderBlock {P} at (8,1) size 83x15
                  RenderText {#text} at (35,0) size 13x15
                    text run at (35,0) width 13: "12"
                  RenderInline {SPAN} at (0,0) size 1x15
                    RenderInline {O:P} at (0,0) size 1x15
              RenderTableCell {TD} at (98,387) size 170x76 [border: (1px none #808080) none (1px none #808080)] [r=11 c=1 rs=1 cs=1]
                RenderBlock {P} at (8,1) size 155x15
                  RenderText {#text} at (0,0) size 70x15
                    text run at (0,0) width 70: "Rick Klement"
                RenderBlock {P} at (8,16) size 155x15
                  RenderText {#text} at (0,0) size 82x15
                    text run at (0,0) width 82: "George Coward"
                RenderBlock {P} at (8,31) size 155x15
                  RenderText {#text} at (0,0) size 81x15
                    text run at (0,0) width 81: "Gerald Cardinal"
                RenderBlock {P} at (8,46) size 155x15
                  RenderText {#text} at (0,0) size 69x15
                    text run at (0,0) width 69: "Brock Brown"
                RenderBlock {P} at (8,61) size 155x15
                  RenderText {#text} at (0,0) size 93x15
                    text run at (0,0) width 93: "Ellsworth Crowell"
              RenderTableCell {TD} at (268,387) size 99x76 [border: (1px none #808080) none (1px none #808080)] [r=11 c=2 rs=1 cs=1]
                RenderBlock {P} at (8,1) size 84x15
                  RenderText {#text} at (32,0) size 20x15
                    text run at (32,0) width 20: "Yes"
                RenderBlock {P} at (8,16) size 84x15
                  RenderText {#text} at (32,0) size 20x15
                    text run at (32,0) width 20: "Yes"
                RenderBlock {P} at (8,31) size 84x15
                  RenderText {#text} at (40,0) size 4x15
                    text run at (40,0) width 4: " "
                RenderBlock {P} at (8,46) size 84x15
                  RenderText {#text} at (32,0) size 20x15
                    text run at (32,0) width 20: "Yes"
                RenderBlock {P} at (8,61) size 84x15
                  RenderText {#text} at (32,0) size 20x15
                    text run at (32,0) width 20: "Yes"
                  RenderInline {SPAN} at (0,0) size 0x15
                    RenderInline {O:P} at (0,0) size 0x15
              RenderTableCell {TD} at (367,387) size 105x76 [border: (1px none #808080) none (1px none #808080)] [r=11 c=3 rs=1 cs=1]
                RenderBlock {P} at (8,1) size 90x15
                  RenderText {#text} at (35,0) size 20x15
                    text run at (35,0) width 20: "Yes"
                RenderBlock {P} at (8,16) size 90x15
                  RenderText {#text} at (37,0) size 16x15
                    text run at (37,0) width 16: "No"
                RenderBlock {P} at (8,31) size 90x15
                  RenderText {#text} at (43,0) size 4x15
                    text run at (43,0) width 4: " "
                RenderBlock {P} at (8,46) size 90x15
                  RenderText {#text} at (37,0) size 16x15
                    text run at (37,0) width 16: "No"
                RenderBlock {P} at (8,61) size 90x15
                  RenderText {#text} at (37,0) size 16x15
                    text run at (37,0) width 16: "No"
                  RenderInline {SPAN} at (0,0) size 0x15
                    RenderInline {O:P} at (0,0) size 0x15
            RenderTableRow {TR} at (0,463) size 472x61
              RenderTableCell {TD} at (0,463) size 98x16 [border: (1px none #808080) none] [r=12 c=0 rs=1 cs=1]
                RenderBlock {P} at (8,1) size 83x15
                  RenderText {#text} at (35,0) size 13x15
                    text run at (35,0) width 13: "13"
                  RenderInline {SPAN} at (0,0) size 1x15
                    RenderInline {O:P} at (0,0) size 1x15
              RenderTableCell {TD} at (98,463) size 170x61 [border: (1px none #808080) none (1px none #808080)] [r=12 c=1 rs=1 cs=1]
                RenderBlock {P} at (8,1) size 155x15
                  RenderText {#text} at (0,0) size 62x15
                    text run at (0,0) width 62: " Oliver Baer"
                RenderBlock {P} at (8,16) size 155x15
                  RenderText {#text} at (0,0) size 58x15
                    text run at (0,0) width 58: "Joe Araujo"
                RenderBlock {P} at (8,31) size 155x15
                  RenderText {#text} at (0,0) size 70x15
                    text run at (0,0) width 70: "Jim Mirowski"
                RenderBlock {P} at (8,46) size 155x15
                  RenderText {#text} at (0,0) size 63x15
                    text run at (0,0) width 63: "Scott Hersh"
                  RenderInline {SPAN} at (0,0) size 0x15
                    RenderInline {O:P} at (0,0) size 0x15
              RenderTableCell {TD} at (268,463) size 99x61 [border: (1px none #808080) none (1px none #808080)] [r=12 c=2 rs=1 cs=1]
                RenderBlock {P} at (8,1) size 84x15
                  RenderText {#text} at (30,0) size 24x15
                    text run at (30,0) width 24: " Yes"
                RenderBlock {P} at (8,16) size 84x15
                  RenderText {#text} at (40,0) size 4x15
                    text run at (40,0) width 4: " "
                RenderBlock {P} at (8,31) size 84x15
                  RenderText {#text} at (40,0) size 4x15
                    text run at (40,0) width 4: " "
                RenderBlock {P} at (8,46) size 84x15
                  RenderText {#text} at (32,0) size 20x15
                    text run at (32,0) width 20: "Yes"
                  RenderInline {SPAN} at (0,0) size 0x15
                    RenderInline {O:P} at (0,0) size 0x15
              RenderTableCell {TD} at (367,463) size 105x61 [border: (1px none #808080) none (1px none #808080)] [r=12 c=3 rs=1 cs=1]
                RenderBlock {P} at (8,1) size 90x15
                  RenderText {#text} at (35,0) size 20x15
                    text run at (35,0) width 20: " No"
                RenderBlock {P} at (8,16) size 90x15
                  RenderText {#text} at (43,0) size 4x15
                    text run at (43,0) width 4: " "
                RenderBlock {P} at (8,31) size 90x15
                  RenderText {#text} at (43,0) size 4x15
                    text run at (43,0) width 4: " "
                RenderBlock {P} at (8,46) size 90x15
                  RenderText {#text} at (37,0) size 16x15
                    text run at (37,0) width 16: "No"
                  RenderInline {SPAN} at (0,0) size 0x15
                    RenderInline {O:P} at (0,0) size 0x15
            RenderTableRow {TR} at (0,524) size 472x46
              RenderTableCell {TD} at (0,524) size 98x16 [border: (1px none #808080) none] [r=13 c=0 rs=1 cs=1]
                RenderBlock {P} at (8,1) size 83x15
                  RenderText {#text} at (35,0) size 13x15
                    text run at (35,0) width 13: "14"
                  RenderInline {SPAN} at (0,0) size 1x15
                    RenderInline {O:P} at (0,0) size 1x15
              RenderTableCell {TD} at (98,524) size 170x46 [border: (1px none #808080) none (1px none #808080)] [r=13 c=1 rs=1 cs=1]
                RenderBlock {P} at (8,1) size 155x15
                  RenderText {#text} at (0,0) size 61x15
                    text run at (0,0) width 61: " Joe Araujo"
                RenderBlock {P} at (8,16) size 155x15
                  RenderText {#text} at (0,0) size 68x15
                    text run at (0,0) width 68: "Steve Gilbert"
                RenderBlock {P} at (8,31) size 155x15
                  RenderText {#text} at (0,0) size 74x15
                    text run at (0,0) width 74: "Gary Williams"
                  RenderInline {SPAN} at (0,0) size 0x15
                    RenderInline {O:P} at (0,0) size 0x15
              RenderTableCell {TD} at (268,524) size 99x31 [border: (1px none #808080) none (1px none #808080)] [r=13 c=2 rs=1 cs=1]
                RenderBlock {P} at (8,1) size 84x15
                  RenderText {#text} at (40,0) size 4x15
                    text run at (40,0) width 4: " "
                RenderBlock {P} at (8,16) size 84x15
                  RenderText {#text} at (32,0) size 20x15
                    text run at (32,0) width 20: "Yes"
                  RenderInline {SPAN} at (0,0) size 0x15
                    RenderInline {O:P} at (0,0) size 0x15
              RenderTableCell {TD} at (367,524) size 105x31 [border: (1px none #808080) none (1px none #808080)] [r=13 c=3 rs=1 cs=1]
                RenderBlock {P} at (8,1) size 90x15
                  RenderText {#text} at (43,0) size 4x15
                    text run at (43,0) width 4: " "
                RenderBlock {P} at (8,16) size 90x15
                  RenderText {#text} at (37,0) size 16x15
                    text run at (37,0) width 16: "No"
                  RenderInline {SPAN} at (0,0) size 0x15
                    RenderInline {O:P} at (0,0) size 0x15
            RenderTableRow {TR} at (0,570) size 472x76
              RenderTableCell {TD} at (0,570) size 98x16 [border: (1px none #808080) none] [r=14 c=0 rs=1 cs=1]
                RenderBlock {P} at (8,1) size 83x15
                  RenderText {#text} at (35,0) size 13x15
                    text run at (35,0) width 13: "15"
                  RenderInline {SPAN} at (0,0) size 1x15
                    RenderInline {O:P} at (0,0) size 1x15
              RenderTableCell {TD} at (98,570) size 170x76 [border: (1px none #808080) none (1px none #808080)] [r=14 c=1 rs=1 cs=1]
                RenderBlock {P} at (8,1) size 155x15
                  RenderText {#text} at (0,0) size 62x15
                    text run at (0,0) width 62: " Oliver Baer"
                RenderBlock {P} at (8,16) size 155x15
                  RenderText {#text} at (0,0) size 51x15
                    text run at (0,0) width 51: "Joe Smith"
                RenderBlock {P} at (8,31) size 155x15
                  RenderText {#text} at (0,0) size 55x15
                    text run at (0,0) width 55: "John Paye"
                RenderBlock {P} at (8,46) size 155x15
                  RenderText {#text} at (0,0) size 83x15
                    text run at (0,0) width 83: "John Yearwood"
                RenderBlock {P} at (8,61) size 155x15
                  RenderText {#text} at (0,0) size 68x15
                    text run at (0,0) width 68: "Harald Close"
                  RenderInline {SPAN} at (0,0) size 0x15
                    RenderInline {O:P} at (0,0) size 0x15
              RenderTableCell {TD} at (268,570) size 99x76 [border: (1px none #808080) none (1px none #808080)] [r=14 c=2 rs=1 cs=1]
                RenderBlock {P} at (8,1) size 84x15
                  RenderText {#text} at (30,0) size 24x15
                    text run at (30,0) width 24: " Yes"
                RenderBlock {P} at (8,16) size 84x15
                  RenderText {#text} at (40,0) size 4x15
                    text run at (40,0) width 4: " "
                RenderBlock {P} at (8,31) size 84x15
                  RenderText {#text} at (40,0) size 4x15
                    text run at (40,0) width 4: " "
                RenderBlock {P} at (8,46) size 84x15
                  RenderText {#text} at (32,0) size 20x15
                    text run at (32,0) width 20: "Yes"
                RenderBlock {P} at (8,61) size 84x15
                  RenderText {#text} at (32,0) size 20x15
                    text run at (32,0) width 20: "Yes"
                  RenderInline {SPAN} at (0,0) size 0x15
                    RenderInline {O:P} at (0,0) size 0x15
              RenderTableCell {TD} at (367,570) size 105x76 [border: (1px none #808080) none (1px none #808080)] [r=14 c=3 rs=1 cs=1]
                RenderBlock {P} at (8,1) size 90x15
                  RenderText {#text} at (35,0) size 20x15
                    text run at (35,0) width 20: " No"
                RenderBlock {P} at (8,16) size 90x15
                  RenderText {#text} at (43,0) size 4x15
                    text run at (43,0) width 4: " "
                RenderBlock {P} at (8,31) size 90x15
                  RenderText {#text} at (43,0) size 4x15
                    text run at (43,0) width 4: " "
                RenderBlock {P} at (8,46) size 90x15
                  RenderText {#text} at (37,0) size 16x15
                    text run at (37,0) width 16: "No"
                RenderBlock {P} at (8,61) size 90x15
                  RenderText {#text} at (37,0) size 16x15
                    text run at (37,0) width 16: "No"
                  RenderInline {SPAN} at (0,0) size 0x15
                    RenderInline {O:P} at (0,0) size 0x15
            RenderTableRow {TR} at (0,646) size 472x31
              RenderTableCell {TD} at (0,646) size 98x16 [border: (1px none #808080) none] [r=15 c=0 rs=1 cs=1]
                RenderBlock {P} at (8,1) size 83x15
                  RenderText {#text} at (35,0) size 13x15
                    text run at (35,0) width 13: "16"
                  RenderInline {SPAN} at (0,0) size 1x15
                    RenderInline {O:P} at (0,0) size 1x15
              RenderTableCell {TD} at (98,646) size 170x31 [border: (1px none #808080) none (1px none #808080)] [r=15 c=1 rs=1 cs=1]
                RenderBlock {P} at (8,1) size 155x15
                  RenderText {#text} at (0,0) size 82x15
                    text run at (0,0) width 82: " James Haladus"
                RenderBlock {P} at (8,16) size 155x15
                  RenderText {#text} at (0,0) size 51x15
                    text run at (0,0) width 51: "Joe Smith"
                  RenderInline {SPAN} at (0,0) size 0x15
                    RenderInline {O:P} at (0,0) size 0x15
              RenderTableCell {TD} at (268,646) size 99x16 [border: (1px none #808080) none (1px none #808080)] [r=15 c=2 rs=1 cs=1]
                RenderBlock {P} at (8,1) size 84x15
                  RenderText {#text} at (30,0) size 24x15
                    text run at (30,0) width 24: " Yes"
                  RenderInline {SPAN} at (0,0) size 1x15
                    RenderInline {O:P} at (0,0) size 1x15
              RenderTableCell {TD} at (367,646) size 105x16 [border: (1px none #808080) none (1px none #808080)] [r=15 c=3 rs=1 cs=1]
                RenderBlock {P} at (8,1) size 90x15
                  RenderText {#text} at (35,0) size 20x15
                    text run at (35,0) width 20: " No"
                  RenderInline {SPAN} at (0,0) size 1x15
                    RenderInline {O:P} at (0,0) size 1x15
            RenderTableRow {TR} at (0,677) size 472x76
              RenderTableCell {TD} at (0,677) size 98x16 [border: (1px none #808080) none] [r=16 c=0 rs=1 cs=1]
                RenderBlock {P} at (8,1) size 83x15
                  RenderText {#text} at (35,0) size 13x15
                    text run at (35,0) width 13: "17"
                  RenderInline {SPAN} at (0,0) size 1x15
                    RenderInline {O:P} at (0,0) size 1x15
              RenderTableCell {TD} at (98,677) size 170x76 [border: (1px none #808080) none (1px none #808080)] [r=16 c=1 rs=1 cs=1]
                RenderBlock {P} at (8,1) size 155x15
                  RenderText {#text} at (0,0) size 59x15
                    text run at (0,0) width 59: "Doug Field"
                  RenderInline {SPAN} at (0,0) size 0x15
                    RenderInline {O:P} at (0,0) size 0x15
                RenderBlock {P} at (8,16) size 155x15
                  RenderText {#text} at (0,0) size 65x15
                    text run at (0,0) width 65: "Dave Neves"
                RenderBlock {P} at (8,31) size 155x15
                  RenderText {#text} at (0,0) size 59x15
                    text run at (0,0) width 59: "Oliver Baer"
                RenderBlock {P} at (8,46) size 155x15
                  RenderText {#text} at (0,0) size 58x15
                    text run at (0,0) width 58: "John Todd"
                RenderBlock {P} at (8,61) size 155x15
                  RenderText {#text} at (0,0) size 98x15
                    text run at (0,0) width 98: "Dave Christiansen"
                  RenderInline {SPAN} at (0,0) size 0x15
                    RenderInline {O:P} at (0,0) size 0x15
              RenderTableCell {TD} at (268,677) size 99x76 [border: (1px none #808080) none (1px none #808080)] [r=16 c=2 rs=1 cs=1]
                RenderBlock {P} at (8,1) size 84x15
                  RenderText {#text} at (32,0) size 20x15
                    text run at (32,0) width 20: "Yes"
                  RenderInline {SPAN} at (0,0) size 0x15
                    RenderInline {O:P} at (0,0) size 0x15
                RenderBlock {P} at (8,16) size 84x15
                  RenderText {#text} at (32,0) size 20x15
                    text run at (32,0) width 20: "Yes"
                RenderBlock {P} at (8,31) size 84x15
                  RenderText {#text} at (32,0) size 20x15
                    text run at (32,0) width 20: "Yes"
                RenderBlock {P} at (8,46) size 84x15
                  RenderText {#text} at (40,0) size 4x15
                    text run at (40,0) width 4: " "
                RenderBlock {P} at (8,61) size 84x15
                  RenderText {#text} at (32,0) size 20x15
                    text run at (32,0) width 20: "Yes"
                  RenderInline {SPAN} at (0,0) size 0x15
                    RenderInline {O:P} at (0,0) size 0x15
              RenderTableCell {TD} at (367,677) size 105x76 [border: (1px none #808080) none (1px none #808080)] [r=16 c=3 rs=1 cs=1]
                RenderBlock {P} at (8,1) size 90x15
                  RenderText {#text} at (37,0) size 16x15
                    text run at (37,0) width 16: "No"
                  RenderInline {SPAN} at (0,0) size 0x15
                    RenderInline {O:P} at (0,0) size 0x15
                RenderBlock {P} at (8,16) size 90x15
                  RenderText {#text} at (35,0) size 20x15
                    text run at (35,0) width 20: "Yes"
                RenderBlock {P} at (8,31) size 90x15
                  RenderText {#text} at (37,0) size 16x15
                    text run at (37,0) width 16: "No"
                RenderBlock {P} at (8,46) size 90x15
                  RenderText {#text} at (43,0) size 4x15
                    text run at (43,0) width 4: " "
                RenderBlock {P} at (8,61) size 90x15
                  RenderText {#text} at (37,0) size 16x15
                    text run at (37,0) width 16: "No"
                  RenderInline {SPAN} at (0,0) size 0x15
                    RenderInline {O:P} at (0,0) size 0x15
            RenderTableRow {TR} at (0,753) size 472x106
              RenderTableCell {TD} at (0,753) size 98x16 [border: (1px none #808080) none] [r=17 c=0 rs=1 cs=1]
                RenderBlock {P} at (8,1) size 83x15
                  RenderText {#text} at (35,0) size 13x15
                    text run at (35,0) width 13: "18"
                  RenderInline {SPAN} at (0,0) size 1x15
                    RenderInline {O:P} at (0,0) size 1x15
              RenderTableCell {TD} at (98,753) size 170x106 [border: (1px none #808080) none (1px none #808080)] [r=17 c=1 rs=1 cs=1]
                RenderBlock {P} at (8,1) size 155x15
                  RenderText {#text} at (0,0) size 78x15
                    text run at (0,0) width 78: "Robert Barnett"
                RenderBlock {P} at (8,16) size 155x15
                  RenderText {#text} at (0,0) size 72x15
                    text run at (0,0) width 72: "Jim Mahoney"
                RenderBlock {P} at (8,31) size 155x15
                  RenderText {#text} at (0,0) size 78x15
                    text run at (0,0) width 78: "Dave Marshall"
                RenderBlock {P} at (8,46) size 155x15
                  RenderText {#text} at (0,0) size 81x15
                    text run at (0,0) width 81: "Gerald Cardinal"
                RenderBlock {P} at (8,61) size 155x15
                  RenderText {#text} at (0,0) size 100x15
                    text run at (0,0) width 100: "Dan & Will Sievert"
                RenderBlock {P} at (8,76) size 155x15
                  RenderText {#text} at (0,0) size 93x15
                    text run at (0,0) width 93: "Ellsworth Crowell"
                RenderBlock {P} at (8,91) size 155x15
                  RenderText {#text} at (0,0) size 55x15
                    text run at (0,0) width 55: "Jim Colvin"
                  RenderInline {SPAN} at (0,0) size 0x15
                    RenderInline {O:P} at (0,0) size 0x15
              RenderTableCell {TD} at (268,753) size 99x91 [border: (1px none #808080) none (1px none #808080)] [r=17 c=2 rs=1 cs=1]
                RenderBlock {P} at (8,1) size 84x15
                  RenderText {#text} at (32,0) size 20x15
                    text run at (32,0) width 20: "Yes"
                RenderBlock {P} at (8,16) size 84x15
                  RenderText {#text} at (32,0) size 20x15
                    text run at (32,0) width 20: "Yes"
                RenderBlock {P} at (8,31) size 84x15
                  RenderText {#text} at (32,0) size 20x15
                    text run at (32,0) width 20: "Yes"
                RenderBlock {P} at (8,46) size 84x15
                  RenderText {#text} at (40,0) size 4x15
                    text run at (40,0) width 4: " "
                RenderBlock {P} at (8,61) size 84x15
                  RenderText {#text} at (32,0) size 20x15
                    text run at (32,0) width 20: "Yes"
                RenderBlock {P} at (8,76) size 84x15
                  RenderText {#text} at (32,0) size 20x15
                    text run at (32,0) width 20: "Yes"
                  RenderInline {SPAN} at (0,0) size 0x15
                    RenderInline {O:P} at (0,0) size 0x15
              RenderTableCell {TD} at (367,753) size 105x91 [border: (1px none #808080) none (1px none #808080)] [r=17 c=3 rs=1 cs=1]
                RenderBlock {P} at (8,1) size 90x15
                  RenderText {#text} at (37,0) size 16x15
                    text run at (37,0) width 16: "No"
                RenderBlock {P} at (8,16) size 90x15
                  RenderText {#text} at (35,0) size 20x15
                    text run at (35,0) width 20: "Yes"
                RenderBlock {P} at (8,31) size 90x15
                  RenderText {#text} at (37,0) size 16x15
                    text run at (37,0) width 16: "No"
                RenderBlock {P} at (8,46) size 90x15
                  RenderText {#text} at (43,0) size 4x15
                    text run at (43,0) width 4: " "
                RenderBlock {P} at (8,61) size 90x15
                  RenderText {#text} at (37,0) size 16x15
                    text run at (37,0) width 16: "No"
                RenderBlock {P} at (8,76) size 90x15
                  RenderText {#text} at (37,0) size 16x15
                    text run at (37,0) width 16: "No"
                  RenderInline {SPAN} at (0,0) size 0x15
                    RenderInline {O:P} at (0,0) size 0x15
            RenderTableRow {TR} at (0,859) size 472x61
              RenderTableCell {TD} at (0,859) size 98x16 [border: (1px none #808080) none] [r=18 c=0 rs=1 cs=1]
                RenderBlock {P} at (8,1) size 83x15
                  RenderText {#text} at (35,0) size 13x15
                    text run at (35,0) width 13: "19"
                  RenderInline {SPAN} at (0,0) size 1x15
                    RenderInline {O:P} at (0,0) size 1x15
              RenderTableCell {TD} at (98,859) size 170x61 [border: (1px none #808080) none (1px none #808080)] [r=18 c=1 rs=1 cs=1]
                RenderBlock {P} at (8,1) size 155x15
                  RenderInline {SPAN} at (0,0) size 65x15
                    RenderText {#text} at (0,0) size 65x15
                      text run at (0,0) width 39: "Noriya "
                      text run at (39,0) width 26: "Kato"
                RenderBlock {P} at (8,16) size 155x15
                  RenderText {#text} at (0,0) size 58x15
                    text run at (0,0) width 58: "John Todd"
                RenderBlock {P} at (8,31) size 155x15
                  RenderText {#text} at (0,0) size 70x15
                    text run at (0,0) width 70: "James Brown"
                RenderBlock {P} at (8,46) size 155x15
                  RenderText {#text} at (0,0) size 84x15
                    text run at (0,0) width 84: "Mike Anderson"
                  RenderInline {SPAN} at (0,0) size 0x15
                    RenderInline {O:P} at (0,0) size 0x15
              RenderTableCell {TD} at (268,859) size 99x61 [border: (1px none #808080) none (1px none #808080)] [r=18 c=2 rs=1 cs=1]
                RenderBlock {P} at (8,1) size 84x15
                  RenderInline {SPAN} at (0,0) size 20x15
                    RenderText {#text} at (32,0) size 20x15
                      text run at (32,0) width 20: "Yes"
                RenderBlock {P} at (8,16) size 84x15
                  RenderText {#text} at (40,0) size 4x15
                    text run at (40,0) width 4: " "
                RenderBlock {P} at (8,31) size 84x15
                  RenderInline {SPAN} at (0,0) size 20x15
                    RenderText {#text} at (32,0) size 20x15
                      text run at (32,0) width 20: "Yes"
                RenderBlock {P} at (8,46) size 84x15
                  RenderInline {SPAN} at (0,0) size 20x15
                    RenderText {#text} at (32,0) size 20x15
                      text run at (32,0) width 20: "Yes"
                  RenderInline {SPAN} at (0,0) size 0x15
                    RenderInline {O:P} at (0,0) size 0x15
              RenderTableCell {TD} at (367,859) size 105x61 [border: (1px none #808080) none (1px none #808080)] [r=18 c=3 rs=1 cs=1]
                RenderBlock {P} at (8,1) size 90x15
                  RenderInline {SPAN} at (0,0) size 16x15
                    RenderText {#text} at (37,0) size 16x15
                      text run at (37,0) width 16: "No"
                RenderBlock {P} at (8,16) size 90x15
                  RenderText {#text} at (43,0) size 4x15
                    text run at (43,0) width 4: " "
                RenderBlock {P} at (8,31) size 90x15
                  RenderInline {SPAN} at (0,0) size 16x15
                    RenderText {#text} at (37,0) size 16x15
                      text run at (37,0) width 16: "No"
                RenderBlock {P} at (8,46) size 90x15
                  RenderInline {SPAN} at (0,0) size 16x15
                    RenderText {#text} at (37,0) size 16x15
                      text run at (37,0) width 16: "No"
                  RenderInline {SPAN} at (0,0) size 0x15
                    RenderInline {O:P} at (0,0) size 0x15
            RenderTableRow {TR} at (0,920) size 472x46
              RenderTableCell {TD} at (0,920) size 98x16 [border: (1px none #808080) none] [r=19 c=0 rs=1 cs=1]
                RenderBlock {P} at (8,1) size 83x15
                  RenderText {#text} at (35,0) size 13x15
                    text run at (35,0) width 13: "20"
                  RenderInline {SPAN} at (0,0) size 1x15
                    RenderInline {O:P} at (0,0) size 1x15
              RenderTableCell {TD} at (98,920) size 170x46 [border: (1px none #808080) none (1px none #808080)] [r=19 c=1 rs=1 cs=1]
                RenderBlock {P} at (8,1) size 155x15
                  RenderText {#text} at (0,0) size 66x15
                    text run at (0,0) width 66: "Bill Johnson"
                RenderBlock {P} at (8,16) size 155x15
                  RenderText {#text} at (0,0) size 84x15
                    text run at (0,0) width 84: "Dominic Bayani"
                RenderBlock {P} at (8,31) size 155x15
                  RenderText {#text} at (0,0) size 65x15
                    text run at (0,0) width 65: "Rick Latham"
                  RenderInline {SPAN} at (0,0) size 0x15
                    RenderInline {O:P} at (0,0) size 0x15
              RenderTableCell {TD} at (268,920) size 99x46 [border: (1px none #808080) none (1px none #808080)] [r=19 c=2 rs=1 cs=1]
                RenderBlock {P} at (8,1) size 84x15
                  RenderText {#text} at (32,0) size 20x15
                    text run at (32,0) width 20: "Yes"
                RenderBlock {P} at (8,16) size 84x15
                  RenderText {#text} at (40,0) size 4x15
                    text run at (40,0) width 4: " "
                RenderBlock {P} at (8,31) size 84x15
                  RenderText {#text} at (32,0) size 20x15
                    text run at (32,0) width 20: "Yes"
                  RenderInline {SPAN} at (0,0) size 0x15
                    RenderInline {O:P} at (0,0) size 0x15
              RenderTableCell {TD} at (367,920) size 105x46 [border: (1px none #808080) none (1px none #808080)] [r=19 c=3 rs=1 cs=1]
                RenderBlock {P} at (8,1) size 90x15
                  RenderText {#text} at (37,0) size 16x15
                    text run at (37,0) width 16: "No"
                RenderBlock {P} at (8,16) size 90x15
                  RenderText {#text} at (43,0) size 4x15
                    text run at (43,0) width 4: " "
                RenderBlock {P} at (8,31) size 90x15
                  RenderText {#text} at (37,0) size 16x15
                    text run at (37,0) width 16: "No"
                  RenderInline {SPAN} at (0,0) size 0x15
                    RenderInline {O:P} at (0,0) size 0x15
            RenderTableRow {TR} at (0,966) size 472x16
              RenderTableCell {TD} at (0,966) size 98x16 [border: (1px none #808080) none] [r=20 c=0 rs=1 cs=1]
                RenderBlock {P} at (8,1) size 83x15
                  RenderText {#text} at (35,0) size 13x15
                    text run at (35,0) width 13: "21"
                  RenderInline {SPAN} at (0,0) size 1x15
                    RenderInline {O:P} at (0,0) size 1x15
              RenderTableCell {TD} at (98,966) size 170x16 [border: (1px none #808080) none (1px none #808080)] [r=20 c=1 rs=1 cs=1]
                RenderBlock {P} at (8,1) size 155x15
                  RenderText {#text} at (0,0) size 62x15
                    text run at (0,0) width 62: " Simon Tam"
                  RenderInline {SPAN} at (0,0) size 0x15
                    RenderInline {O:P} at (0,0) size 0x15
              RenderTableCell {TD} at (268,966) size 99x16 [border: (1px none #808080) none (1px none #808080)] [r=20 c=2 rs=1 cs=1]
                RenderBlock {P} at (8,1) size 84x15
                  RenderText {#text} at (40,0) size 4x15
                    text run at (40,0) width 4: " "
                  RenderInline {SPAN} at (0,0) size 1x15
                    RenderInline {O:P} at (0,0) size 1x15
              RenderTableCell {TD} at (367,966) size 105x16 [border: (1px none #808080) none (1px none #808080)] [r=20 c=3 rs=1 cs=1]
                RenderBlock {P} at (8,1) size 90x15
                  RenderText {#text} at (43,0) size 4x15
                    text run at (43,0) width 4: " "
                  RenderInline {SPAN} at (0,0) size 1x15
                    RenderInline {O:P} at (0,0) size 1x15
            RenderTableRow {TR} at (0,982) size 472x76
              RenderTableCell {TD} at (0,982) size 98x16 [border: (1px none #808080) none] [r=21 c=0 rs=1 cs=1]
                RenderBlock {P} at (8,1) size 83x15
                  RenderText {#text} at (35,0) size 13x15
                    text run at (35,0) width 13: "22"
                  RenderInline {SPAN} at (0,0) size 1x15
                    RenderInline {O:P} at (0,0) size 1x15
              RenderTableCell {TD} at (98,982) size 170x76 [border: (1px none #808080) none (1px none #808080)] [r=21 c=1 rs=1 cs=1]
                RenderBlock {P} at (8,1) size 155x15
                  RenderText {#text} at (0,0) size 65x15
                    text run at (0,0) width 65: "Dave Neves"
                  RenderInline {SPAN} at (0,0) size 0x15
                    RenderInline {O:P} at (0,0) size 0x15
                RenderBlock {P} at (8,16) size 155x15
                  RenderText {#text} at (0,0) size 89x15
                    text run at (0,0) width 89: "Grant Sanderson"
                  RenderInline {SPAN} at (0,0) size 0x15
                    RenderInline {O:P} at (0,0) size 0x15
                RenderBlock {P} at (8,31) size 155x15
                  RenderText {#text} at (0,0) size 84x15
                    text run at (0,0) width 84: "Maurice Burton"
                RenderBlock {P} at (8,46) size 155x15
                  RenderText {#text} at (0,0) size 110x15
                    text run at (0,0) width 110: "Mike Gilmartin ?????"
                RenderBlock {P} at (8,61) size 155x15
                  RenderText {#text} at (0,0) size 66x15
                    text run at (0,0) width 66: "Chris Walsh"
                  RenderInline {SPAN} at (0,0) size 0x15
                    RenderInline {O:P} at (0,0) size 0x15
              RenderTableCell {TD} at (268,982) size 99x76 [border: (1px none #808080) none (1px none #808080)] [r=21 c=2 rs=1 cs=1]
                RenderBlock {P} at (8,1) size 84x15
                  RenderText {#text} at (32,0) size 20x15
                    text run at (32,0) width 20: "Yes"
                  RenderInline {SPAN} at (0,0) size 0x15
                    RenderInline {O:P} at (0,0) size 0x15
                RenderBlock {P} at (8,16) size 84x15
                  RenderText {#text} at (32,0) size 20x15
                    text run at (32,0) width 20: "Yes"
                  RenderInline {SPAN} at (0,0) size 0x15
                    RenderInline {O:P} at (0,0) size 0x15
                RenderBlock {P} at (8,31) size 84x15
                  RenderText {#text} at (32,0) size 20x15
                    text run at (32,0) width 20: "Yes"
                RenderBlock {P} at (8,46) size 84x15
                  RenderText {#text} at (32,0) size 20x15
                    text run at (32,0) width 20: "Yes"
                RenderBlock {P} at (8,61) size 84x15
                  RenderText {#text} at (32,0) size 20x15
                    text run at (32,0) width 20: "Yes"
                  RenderInline {SPAN} at (0,0) size 0x15
                    RenderInline {O:P} at (0,0) size 0x15
              RenderTableCell {TD} at (367,982) size 105x76 [border: (1px none #808080) none (1px none #808080)] [r=21 c=3 rs=1 cs=1]
                RenderBlock {P} at (8,1) size 90x15
                  RenderText {#text} at (35,0) size 20x15
                    text run at (35,0) width 20: "Yes"
                  RenderInline {SPAN} at (0,0) size 0x15
                    RenderInline {O:P} at (0,0) size 0x15
                RenderBlock {P} at (8,16) size 90x15
                  RenderText {#text} at (37,0) size 16x15
                    text run at (37,0) width 16: "No"
                  RenderInline {SPAN} at (0,0) size 0x15
                    RenderInline {O:P} at (0,0) size 0x15
                RenderBlock {P} at (8,31) size 90x15
                  RenderText {#text} at (37,0) size 16x15
                    text run at (37,0) width 16: "No"
                RenderBlock {P} at (8,46) size 90x15
                  RenderText {#text} at (35,0) size 20x15
                    text run at (35,0) width 20: "Yes"
                RenderBlock {P} at (8,61) size 90x15
                  RenderText {#text} at (37,0) size 16x15
                    text run at (37,0) width 16: "No"
                  RenderInline {SPAN} at (0,0) size 0x15
                    RenderInline {O:P} at (0,0) size 0x15
            RenderTableRow {TR} at (0,1058) size 472x76
              RenderTableCell {TD} at (0,1058) size 98x16 [border: (1px none #808080) none] [r=22 c=0 rs=1 cs=1]
                RenderBlock {P} at (8,1) size 83x15
                  RenderText {#text} at (35,0) size 13x15
                    text run at (35,0) width 13: "23"
                  RenderInline {SPAN} at (0,0) size 1x15
                    RenderInline {O:P} at (0,0) size 1x15
              RenderTableCell {TD} at (98,1058) size 170x76 [border: (1px none #808080) none (1px none #808080)] [r=22 c=1 rs=1 cs=1]
                RenderBlock {P} at (8,1) size 155x15
                  RenderText {#text} at (0,0) size 65x15
                    text run at (0,0) width 65: "Dave Neves"
                  RenderInline {SPAN} at (0,0) size 0x15
                    RenderInline {O:P} at (0,0) size 0x15
                RenderBlock {P} at (8,16) size 155x15
                  RenderText {#text} at (0,0) size 84x15
                    text run at (0,0) width 84: "Maurice Burton"
                RenderBlock {P} at (8,31) size 155x15
                  RenderText {#text} at (0,0) size 59x15
                    text run at (0,0) width 59: "Oliver Baer"
                RenderBlock {P} at (8,46) size 155x15
                  RenderText {#text} at (0,0) size 58x15
                    text run at (0,0) width 58: "John Todd"
                RenderBlock {P} at (8,61) size 155x15
                  RenderText {#text} at (0,0) size 64x15
                    text run at (0,0) width 64: "Rich Saunef"
                  RenderInline {SPAN} at (0,0) size 0x15
                    RenderInline {O:P} at (0,0) size 0x15
              RenderTableCell {TD} at (268,1058) size 99x76 [border: (1px none #808080) none (1px none #808080)] [r=22 c=2 rs=1 cs=1]
                RenderBlock {P} at (8,1) size 84x15
                  RenderText {#text} at (32,0) size 20x15
                    text run at (32,0) width 20: "Yes"
                  RenderInline {SPAN} at (0,0) size 0x15
                    RenderInline {O:P} at (0,0) size 0x15
                RenderBlock {P} at (8,16) size 84x15
                  RenderText {#text} at (32,0) size 20x15
                    text run at (32,0) width 20: "Yes"
                RenderBlock {P} at (8,31) size 84x15
                  RenderText {#text} at (32,0) size 20x15
                    text run at (32,0) width 20: "Yes"
                RenderBlock {P} at (8,46) size 84x15
                  RenderText {#text} at (40,0) size 4x15
                    text run at (40,0) width 4: " "
                RenderBlock {P} at (8,61) size 84x15
                  RenderText {#text} at (32,0) size 20x15
                    text run at (32,0) width 20: "Yes"
                  RenderInline {SPAN} at (0,0) size 0x15
                    RenderInline {O:P} at (0,0) size 0x15
              RenderTableCell {TD} at (367,1058) size 105x76 [border: (1px none #808080) none (1px none #808080)] [r=22 c=3 rs=1 cs=1]
                RenderBlock {P} at (8,1) size 90x15
                  RenderText {#text} at (35,0) size 20x15
                    text run at (35,0) width 20: "Yes"
                  RenderInline {SPAN} at (0,0) size 0x15
                    RenderInline {O:P} at (0,0) size 0x15
                RenderBlock {P} at (8,16) size 90x15
                  RenderText {#text} at (37,0) size 16x15
                    text run at (37,0) width 16: "No"
                RenderBlock {P} at (8,31) size 90x15
                  RenderText {#text} at (37,0) size 16x15
                    text run at (37,0) width 16: "No"
                RenderBlock {P} at (8,46) size 90x15
                  RenderText {#text} at (43,0) size 4x15
                    text run at (43,0) width 4: " "
                RenderBlock {P} at (8,61) size 90x15
                  RenderText {#text} at (37,0) size 16x15
                    text run at (37,0) width 16: "No"
                  RenderInline {SPAN} at (0,0) size 0x15
                    RenderInline {O:P} at (0,0) size 0x15
            RenderTableRow {TR} at (0,1134) size 472x76
              RenderTableCell {TD} at (0,1134) size 98x16 [border: (1px none #808080) none] [r=23 c=0 rs=1 cs=1]
                RenderBlock {P} at (8,1) size 83x15
                  RenderText {#text} at (35,0) size 13x15
                    text run at (35,0) width 13: "24"
                  RenderInline {SPAN} at (0,0) size 1x15
                    RenderInline {O:P} at (0,0) size 1x15
              RenderTableCell {TD} at (98,1134) size 170x76 [border: (1px none #808080) none (1px none #808080)] [r=23 c=1 rs=1 cs=1]
                RenderBlock {P} at (8,1) size 155x15
                  RenderText {#text} at (0,0) size 65x15
                    text run at (0,0) width 65: " Dan Sievert"
                RenderBlock {P} at (8,16) size 155x15
                  RenderText {#text} at (0,0) size 60x15
                    text run at (0,0) width 60: "Jerry Davis"
                RenderBlock {P} at (8,31) size 155x15
                  RenderText {#text} at (0,0) size 63x15
                    text run at (0,0) width 63: "Scott Hersh"
                RenderBlock {P} at (8,46) size 155x15
                  RenderText {#text} at (0,0) size 46x15
                    text run at (0,0) width 46: "Rick Bell"
                RenderBlock {P} at (8,61) size 155x15
                  RenderText {#text} at (0,0) size 53x15
                    text run at (0,0) width 53: "Eric Shum"
                  RenderInline {SPAN} at (0,0) size 0x15
                    RenderInline {O:P} at (0,0) size 0x15
              RenderTableCell {TD} at (268,1134) size 99x76 [border: (1px none #808080) none (1px none #808080)] [r=23 c=2 rs=1 cs=1]
                RenderBlock {P} at (8,1) size 84x15
                  RenderText {#text} at (30,0) size 24x15
                    text run at (30,0) width 24: " Yes"
                RenderBlock {P} at (8,16) size 84x15
                  RenderText {#text} at (32,0) size 20x15
                    text run at (32,0) width 20: "Yes"
                RenderBlock {P} at (8,31) size 84x15
                  RenderText {#text} at (32,0) size 20x15
                    text run at (32,0) width 20: "Yes"
                RenderBlock {P} at (8,46) size 84x15
                  RenderText {#text} at (32,0) size 20x15
                    text run at (32,0) width 20: "Yes"
                RenderBlock {P} at (8,61) size 84x15
                  RenderText {#text} at (32,0) size 20x15
                    text run at (32,0) width 20: "Yes"
                  RenderInline {SPAN} at (0,0) size 0x15
                    RenderInline {O:P} at (0,0) size 0x15
              RenderTableCell {TD} at (367,1134) size 105x76 [border: (1px none #808080) none (1px none #808080)] [r=23 c=3 rs=1 cs=1]
                RenderBlock {P} at (8,1) size 90x15
                  RenderText {#text} at (35,0) size 20x15
                    text run at (35,0) width 20: " No"
                RenderBlock {P} at (8,16) size 90x15
                  RenderText {#text} at (37,0) size 16x15
                    text run at (37,0) width 16: "No"
                RenderBlock {P} at (8,31) size 90x15
                  RenderText {#text} at (37,0) size 16x15
                    text run at (37,0) width 16: "No"
                RenderBlock {P} at (8,46) size 90x15
                  RenderText {#text} at (37,0) size 16x15
                    text run at (37,0) width 16: "No"
                RenderBlock {P} at (8,61) size 90x15
                  RenderText {#text} at (37,0) size 16x15
                    text run at (37,0) width 16: "No"
                  RenderInline {SPAN} at (0,0) size 0x15
                    RenderInline {O:P} at (0,0) size 0x15
            RenderTableRow {TR} at (0,1210) size 472x31
              RenderTableCell {TD} at (0,1210) size 98x16 [border: (1px none #808080) none] [r=24 c=0 rs=1 cs=1]
                RenderBlock {P} at (8,1) size 83x15
                  RenderText {#text} at (35,0) size 13x15
                    text run at (35,0) width 13: "25"
                  RenderInline {SPAN} at (0,0) size 1x15
                    RenderInline {O:P} at (0,0) size 1x15
              RenderTableCell {TD} at (98,1210) size 170x31 [border: (1px none #808080) none (1px none #808080)] [r=24 c=1 rs=1 cs=1]
                RenderBlock {P} at (8,1) size 155x15
                  RenderText {#text} at (0,0) size 70x15
                    text run at (0,0) width 70: "James Davey"
                RenderBlock {P} at (8,16) size 155x15
                  RenderText {#text} at (0,0) size 90x15
                    text run at (0,0) width 90: "Ruenjoe (Joe) Lu"
                  RenderInline {SPAN} at (0,0) size 0x15
                    RenderInline {O:P} at (0,0) size 0x15
              RenderTableCell {TD} at (268,1210) size 99x16 [border: (1px none #808080) none (1px none #808080)] [r=24 c=2 rs=1 cs=1]
                RenderBlock {P} at (8,1) size 84x15
                  RenderText {#text} at (32,0) size 20x15
                    text run at (32,0) width 20: "Yes"
                  RenderInline {SPAN} at (0,0) size 0x15
                    RenderInline {O:P} at (0,0) size 0x15
              RenderTableCell {TD} at (367,1210) size 105x16 [border: (1px none #808080) none (1px none #808080)] [r=24 c=3 rs=1 cs=1]
                RenderBlock {P} at (8,1) size 90x15
                  RenderText {#text} at (35,0) size 20x15
                    text run at (35,0) width 20: "Yes"
                  RenderInline {SPAN} at (0,0) size 0x15
                    RenderInline {O:P} at (0,0) size 0x15
            RenderTableRow {TR} at (0,1241) size 472x151
              RenderTableCell {TD} at (0,1241) size 98x16 [border: (1px none #808080) none] [r=25 c=0 rs=1 cs=1]
                RenderBlock {P} at (8,1) size 83x15
                  RenderText {#text} at (35,0) size 13x15
                    text run at (35,0) width 13: "26"
                  RenderInline {SPAN} at (0,0) size 1x15
                    RenderInline {O:P} at (0,0) size 1x15
              RenderTableCell {TD} at (98,1241) size 170x151 [border: (1px none #808080) none (1px none #808080)] [r=25 c=1 rs=1 cs=1]
                RenderBlock {P} at (8,1) size 155x15
                  RenderText {#text} at (0,0) size 86x15
                    text run at (0,0) width 86: "Alan Littlewood"
                  RenderInline {SPAN} at (0,0) size 0x15
                    RenderInline {O:P} at (0,0) size 0x15
                RenderBlock {P} at (8,16) size 155x15
                  RenderText {#text} at (0,0) size 71x15
                    text run at (0,0) width 71: "Darren Braun"
                  RenderInline {SPAN} at (0,0) size 0x15
                    RenderInline {O:P} at (0,0) size 0x15
                RenderBlock {P} at (8,31) size 155x15
                  RenderText {#text} at (0,0) size 59x15
                    text run at (0,0) width 59: "Simon Tam"
                RenderBlock {P} at (8,46) size 155x15
                  RenderText {#text} at (0,0) size 74x15
                    text run at (0,0) width 74: "Chuck Pringle"
                RenderBlock {P} at (8,61) size 155x15
                  RenderText {#text} at (0,0) size 88x15
                    text run at (0,0) width 88: "Gary Pendergras"
                RenderBlock {P} at (8,76) size 155x15
                  RenderText {#text} at (0,0) size 78x15
                    text run at (0,0) width 78: "Peter Mazanec"
                RenderBlock {P} at (8,91) size 155x15
                  RenderText {#text} at (0,0) size 78x15
                    text run at (0,0) width 78: "Harry Imamura"
                RenderBlock {P} at (8,106) size 155x15
                  RenderText {#text} at (0,0) size 58x15
                    text run at (0,0) width 58: "Joe Araujo"
                RenderBlock {P} at (8,121) size 155x15
                  RenderText {#text} at (0,0) size 74x15
                    text run at (0,0) width 74: "Gary Williams"
                RenderBlock {P} at (8,136) size 155x15
                  RenderText {#text} at (0,0) size 86x15
                    text run at (0,0) width 86: "Jack Goodfriend"
                  RenderInline {SPAN} at (0,0) size 0x15
                    RenderInline {O:P} at (0,0) size 0x15
              RenderTableCell {TD} at (268,1241) size 99x106 [border: (1px none #808080) none (1px none #808080)] [r=25 c=2 rs=1 cs=1]
                RenderBlock {P} at (8,1) size 84x15
                  RenderText {#text} at (32,0) size 20x15
                    text run at (32,0) width 20: "Yes"
                  RenderInline {SPAN} at (0,0) size 0x15
                    RenderInline {O:P} at (0,0) size 0x15
                RenderBlock {P} at (8,16) size 84x15
                  RenderText {#text} at (32,0) size 20x15
                    text run at (32,0) width 20: "Yes"
                  RenderInline {SPAN} at (0,0) size 0x15
                    RenderInline {O:P} at (0,0) size 0x15
                RenderBlock {P} at (8,31) size 84x15
                  RenderText {#text} at (32,0) size 20x15
                    text run at (32,0) width 20: "Yes"
                RenderBlock {P} at (8,46) size 84x15
                  RenderText {#text} at (32,0) size 20x15
                    text run at (32,0) width 20: "Yes"
                RenderBlock {P} at (8,61) size 84x15
                  RenderText {#text} at (32,0) size 20x15
                    text run at (32,0) width 20: "Yes"
                RenderBlock {P} at (8,76) size 84x15
                  RenderText {#text} at (32,0) size 20x15
                    text run at (32,0) width 20: "Yes"
                RenderBlock {P} at (8,91) size 84x15
                  RenderText {#text} at (34,0) size 16x15
                    text run at (34,0) width 16: "No"
                  RenderInline {SPAN} at (0,0) size 0x15
                    RenderInline {O:P} at (0,0) size 0x15
              RenderTableCell {TD} at (367,1241) size 105x106 [border: (1px none #808080) none (1px none #808080)] [r=25 c=3 rs=1 cs=1]
                RenderBlock {P} at (8,1) size 90x15
                  RenderText {#text} at (37,0) size 16x15
                    text run at (37,0) width 16: "No"
                  RenderInline {SPAN} at (0,0) size 0x15
                    RenderInline {O:P} at (0,0) size 0x15
                RenderBlock {P} at (8,16) size 90x15
                  RenderText {#text} at (37,0) size 16x15
                    text run at (37,0) width 16: "No"
                  RenderInline {SPAN} at (0,0) size 0x15
                    RenderInline {O:P} at (0,0) size 0x15
                RenderBlock {P} at (8,31) size 90x15
                  RenderText {#text} at (37,0) size 16x15
                    text run at (37,0) width 16: "No"
                RenderBlock {P} at (8,46) size 90x15
                  RenderText {#text} at (37,0) size 16x15
                    text run at (37,0) width 16: "No"
                RenderBlock {P} at (8,61) size 90x15
                  RenderText {#text} at (37,0) size 16x15
                    text run at (37,0) width 16: "No"
                RenderBlock {P} at (8,76) size 90x15
                  RenderText {#text} at (37,0) size 16x15
                    text run at (37,0) width 16: "No"
                RenderBlock {P} at (8,91) size 90x15
                  RenderText {#text} at (35,0) size 20x15
                    text run at (35,0) width 20: "Yes"
                  RenderInline {SPAN} at (0,0) size 0x15
                    RenderInline {O:P} at (0,0) size 0x15
            RenderTableRow {TR} at (0,1392) size 472x91
              RenderTableCell {TD} at (0,1392) size 98x16 [border: (1px none #808080) none] [r=26 c=0 rs=1 cs=1]
                RenderBlock {P} at (8,1) size 83x15
                  RenderText {#text} at (35,0) size 13x15
                    text run at (35,0) width 13: "27"
                  RenderInline {SPAN} at (0,0) size 1x15
                    RenderInline {O:P} at (0,0) size 1x15
              RenderTableCell {TD} at (98,1392) size 170x91 [border: (1px none #808080) none (1px none #808080)] [r=26 c=1 rs=1 cs=1]
                RenderBlock {P} at (8,1) size 155x15
                  RenderText {#text} at (0,0) size 71x15
                    text run at (0,0) width 71: "Darren Braun"
                  RenderInline {SPAN} at (0,0) size 0x15
                    RenderInline {O:P} at (0,0) size 0x15
                RenderBlock {P} at (8,16) size 155x15
                  RenderText {#text} at (0,0) size 90x15
                    text run at (0,0) width 90: "Ian + Brad Carter"
                  RenderInline {SPAN} at (0,0) size 0x15
                    RenderInline {O:P} at (0,0) size 0x15
                RenderBlock {P} at (8,31) size 155x15
                  RenderText {#text} at (0,0) size 73x15
                    text run at (0,0) width 73: "Pete Peterson"
                RenderBlock {P} at (8,46) size 155x15
                  RenderText {#text} at (0,0) size 81x15
                    text run at (0,0) width 81: "John Chamorro"
                RenderBlock {P} at (8,61) size 155x15
                  RenderText {#text} at (0,0) size 65x15
                    text run at (0,0) width 65: "Ali Erdengiz"
                RenderBlock {P} at (8,76) size 155x15
                  RenderText {#text} at (0,0) size 55x15
                    text run at (0,0) width 55: "Saibal Sen"
                  RenderInline {SPAN} at (0,0) size 0x15
                    RenderInline {O:P} at (0,0) size 0x15
              RenderTableCell {TD} at (268,1392) size 99x91 [border: (1px none #808080) none (1px none #808080)] [r=26 c=2 rs=1 cs=1]
                RenderBlock {P} at (8,1) size 84x15
                  RenderText {#text} at (32,0) size 20x15
                    text run at (32,0) width 20: "Yes"
                  RenderInline {SPAN} at (0,0) size 0x15
                    RenderInline {O:P} at (0,0) size 0x15
                RenderBlock {P} at (8,16) size 84x15
                  RenderText {#text} at (32,0) size 20x15
                    text run at (32,0) width 20: "Yes"
                  RenderInline {SPAN} at (0,0) size 0x15
                    RenderInline {O:P} at (0,0) size 0x15
                RenderBlock {P} at (8,31) size 84x15
                  RenderText {#text} at (32,0) size 20x15
                    text run at (32,0) width 20: "Yes"
                RenderBlock {P} at (8,46) size 84x15
                  RenderText {#text} at (40,0) size 4x15
                    text run at (40,0) width 4: " "
                RenderBlock {P} at (8,61) size 84x15
                  RenderText {#text} at (40,0) size 4x15
                    text run at (40,0) width 4: " "
                RenderBlock {P} at (8,76) size 84x15
                  RenderText {#text} at (32,0) size 20x15
                    text run at (32,0) width 20: "Yes"
                  RenderInline {SPAN} at (0,0) size 0x15
                    RenderInline {O:P} at (0,0) size 0x15
              RenderTableCell {TD} at (367,1392) size 105x91 [border: (1px none #808080) none (1px none #808080)] [r=26 c=3 rs=1 cs=1]
                RenderBlock {P} at (8,1) size 90x15
                  RenderText {#text} at (37,0) size 16x15
                    text run at (37,0) width 16: "No"
                  RenderInline {SPAN} at (0,0) size 0x15
                    RenderInline {O:P} at (0,0) size 0x15
                RenderBlock {P} at (8,16) size 90x15
                  RenderText {#text} at (37,0) size 16x15
                    text run at (37,0) width 16: "No"
                  RenderInline {SPAN} at (0,0) size 0x15
                    RenderInline {O:P} at (0,0) size 0x15
                RenderBlock {P} at (8,31) size 90x15
                  RenderText {#text} at (37,0) size 16x15
                    text run at (37,0) width 16: "No"
                RenderBlock {P} at (8,46) size 90x15
                  RenderText {#text} at (43,0) size 4x15
                    text run at (43,0) width 4: " "
                RenderBlock {P} at (8,61) size 90x15
                  RenderText {#text} at (43,0) size 4x15
                    text run at (43,0) width 4: " "
                RenderBlock {P} at (8,76) size 90x15
                  RenderText {#text} at (37,0) size 16x15
                    text run at (37,0) width 16: "No"
                  RenderInline {SPAN} at (0,0) size 0x15
                    RenderInline {O:P} at (0,0) size 0x15
            RenderTableRow {TR} at (0,1483) size 472x136
              RenderTableCell {TD} at (0,1483) size 98x16 [border: (1px none #808080) none] [r=27 c=0 rs=1 cs=1]
                RenderBlock {P} at (8,1) size 83x15
                  RenderText {#text} at (35,0) size 13x15
                    text run at (35,0) width 13: "28"
                  RenderInline {SPAN} at (0,0) size 1x15
                    RenderInline {O:P} at (0,0) size 1x15
              RenderTableCell {TD} at (98,1483) size 170x136 [border: (1px none #808080) none (1px none #808080)] [r=27 c=1 rs=1 cs=1]
                RenderBlock {P} at (8,1) size 155x15
                  RenderText {#text} at (0,0) size 92x15
                    text run at (0,0) width 92: "Zak + Mike West"
                  RenderInline {SPAN} at (0,0) size 0x15
                    RenderInline {O:P} at (0,0) size 0x15
                RenderBlock {P} at (8,16) size 155x15
                  RenderText {#text} at (0,0) size 65x15
                    text run at (0,0) width 65: "Dave Neves"
                  RenderInline {SPAN} at (0,0) size 0x15
                    RenderInline {O:P} at (0,0) size 0x15
                RenderBlock {P} at (8,31) size 155x15
                  RenderText {#text} at (0,0) size 75x15
                    text run at (0,0) width 75: "Richard Green"
                  RenderInline {SPAN} at (0,0) size 0x15
                    RenderInline {O:P} at (0,0) size 0x15
                RenderBlock {P} at (8,46) size 155x15
                  RenderText {#text} at (0,0) size 67x15
                    text run at (0,0) width 67: "Javier Flores"
                RenderBlock {P} at (8,61) size 155x15
                  RenderText {#text} at (0,0) size 81x15
                    text run at (0,0) width 81: "Gerald Cardinal"
                RenderBlock {P} at (8,76) size 155x15
                  RenderText {#text} at (0,0) size 62x15
                    text run at (0,0) width 62: "Dan Sievert"
                RenderBlock {P} at (8,91) size 155x15
                  RenderText {#text} at (0,0) size 65x15
                    text run at (0,0) width 65: "Ali Erdengiz"
                RenderBlock {P} at (8,106) size 155x15
                  RenderText {#text} at (0,0) size 62x15
                    text run at (0,0) width 62: "Paul Walter"
                RenderBlock {P} at (8,121) size 155x15
                  RenderText {#text} at (0,0) size 60x15
                    text run at (0,0) width 60: "Jerry Davis"
                  RenderInline {SPAN} at (0,0) size 0x15
                    RenderInline {O:P} at (0,0) size 0x15
              RenderTableCell {TD} at (268,1483) size 99x136 [border: (1px none #808080) none (1px none #808080)] [r=27 c=2 rs=1 cs=1]
                RenderBlock {P} at (8,1) size 84x15
                  RenderText {#text} at (32,0) size 20x15
                    text run at (32,0) width 20: "Yes"
                  RenderInline {SPAN} at (0,0) size 0x15
                    RenderInline {O:P} at (0,0) size 0x15
                RenderBlock {P} at (8,16) size 84x15
                  RenderText {#text} at (32,0) size 20x15
                    text run at (32,0) width 20: "Yes"
                  RenderInline {SPAN} at (0,0) size 0x15
                    RenderInline {O:P} at (0,0) size 0x15
                RenderBlock {P} at (8,31) size 84x15
                  RenderText {#text} at (32,0) size 20x15
                    text run at (32,0) width 20: "Yes"
                  RenderInline {SPAN} at (0,0) size 0x15
                    RenderInline {O:P} at (0,0) size 0x15
                RenderBlock {P} at (8,46) size 84x15
                  RenderText {#text} at (32,0) size 20x15
                    text run at (32,0) width 20: "Yes"
                RenderBlock {P} at (8,61) size 84x15
                  RenderText {#text} at (40,0) size 4x15
                    text run at (40,0) width 4: " "
                RenderBlock {P} at (8,76) size 84x15
                  RenderText {#text} at (32,0) size 20x15
                    text run at (32,0) width 20: "Yes"
                RenderBlock {P} at (8,91) size 84x15
                  RenderText {#text} at (40,0) size 4x15
                    text run at (40,0) width 4: " "
                RenderBlock {P} at (8,106) size 84x15
                  RenderText {#text} at (40,0) size 4x15
                    text run at (40,0) width 4: " "
                RenderBlock {P} at (8,121) size 84x15
                  RenderText {#text} at (32,0) size 20x15
                    text run at (32,0) width 20: "Yes"
                  RenderInline {SPAN} at (0,0) size 0x15
                    RenderInline {O:P} at (0,0) size 0x15
              RenderTableCell {TD} at (367,1483) size 105x136 [border: (1px none #808080) none (1px none #808080)] [r=27 c=3 rs=1 cs=1]
                RenderBlock {P} at (8,1) size 90x15
                  RenderText {#text} at (35,0) size 20x15
                    text run at (35,0) width 20: "Yes"
                  RenderInline {SPAN} at (0,0) size 0x15
                    RenderInline {O:P} at (0,0) size 0x15
                RenderBlock {P} at (8,16) size 90x15
                  RenderText {#text} at (35,0) size 20x15
                    text run at (35,0) width 20: "Yes"
                  RenderInline {SPAN} at (0,0) size 0x15
                    RenderInline {O:P} at (0,0) size 0x15
                RenderBlock {P} at (8,31) size 90x15
                  RenderText {#text} at (37,0) size 16x15
                    text run at (37,0) width 16: "No"
                  RenderInline {SPAN} at (0,0) size 0x15
                    RenderInline {O:P} at (0,0) size 0x15
                RenderBlock {P} at (8,46) size 90x15
                  RenderText {#text} at (37,0) size 16x15
                    text run at (37,0) width 16: "No"
                RenderBlock {P} at (8,61) size 90x15
                  RenderText {#text} at (43,0) size 4x15
                    text run at (43,0) width 4: " "
                RenderBlock {P} at (8,76) size 90x15
                  RenderText {#text} at (37,0) size 16x15
                    text run at (37,0) width 16: "No"
                RenderBlock {P} at (8,91) size 90x15
                  RenderText {#text} at (43,0) size 4x15
                    text run at (43,0) width 4: " "
                RenderBlock {P} at (8,106) size 90x15
                  RenderText {#text} at (43,0) size 4x15
                    text run at (43,0) width 4: " "
                RenderBlock {P} at (8,121) size 90x15
                  RenderText {#text} at (37,0) size 16x15
                    text run at (37,0) width 16: "No"
                  RenderInline {SPAN} at (0,0) size 0x15
                    RenderInline {O:P} at (0,0) size 0x15
            RenderTableRow {TR} at (0,1619) size 472x46
              RenderTableCell {TD} at (0,1619) size 98x16 [border: (1px none #808080) none] [r=28 c=0 rs=1 cs=1]
                RenderBlock {P} at (8,1) size 83x15
                  RenderText {#text} at (35,0) size 13x15
                    text run at (35,0) width 13: "29"
                  RenderInline {SPAN} at (0,0) size 1x15
                    RenderInline {O:P} at (0,0) size 1x15
              RenderTableCell {TD} at (98,1619) size 170x46 [border: (1px none #808080) none (1px none #808080)] [r=28 c=1 rs=1 cs=1]
                RenderBlock {P} at (8,1) size 155x15
                  RenderText {#text} at (0,0) size 67x15
                    text run at (0,0) width 67: "Javier Flores"
                  RenderInline {SPAN} at (0,0) size 0x15
                    RenderInline {O:P} at (0,0) size 0x15
                RenderBlock {P} at (8,16) size 155x15
                  RenderText {#text} at (0,0) size 66x15
                    text run at (0,0) width 66: "Bill Johnson"
                RenderBlock {P} at (8,31) size 155x15
                  RenderText {#text} at (0,0) size 58x15
                    text run at (0,0) width 58: "John Todd"
                  RenderInline {SPAN} at (0,0) size 0x15
                    RenderInline {O:P} at (0,0) size 0x15
              RenderTableCell {TD} at (268,1619) size 99x31 [border: (1px none #808080) none (1px none #808080)] [r=28 c=2 rs=1 cs=1]
                RenderBlock {P} at (8,1) size 84x15
                  RenderText {#text} at (32,0) size 20x15
                    text run at (32,0) width 20: "Yes"
                  RenderInline {SPAN} at (0,0) size 0x15
                    RenderInline {O:P} at (0,0) size 0x15
                RenderBlock {P} at (8,16) size 84x15
                  RenderText {#text} at (32,0) size 20x15
                    text run at (32,0) width 20: "Yes"
                  RenderInline {SPAN} at (0,0) size 0x15
                    RenderInline {O:P} at (0,0) size 0x15
              RenderTableCell {TD} at (367,1619) size 105x31 [border: (1px none #808080) none (1px none #808080)] [r=28 c=3 rs=1 cs=1]
                RenderBlock {P} at (8,1) size 90x15
                  RenderText {#text} at (37,0) size 16x15
                    text run at (37,0) width 16: "No"
                  RenderInline {SPAN} at (0,0) size 0x15
                    RenderInline {O:P} at (0,0) size 0x15
                RenderBlock {P} at (8,16) size 90x15
                  RenderText {#text} at (37,0) size 16x15
                    text run at (37,0) width 16: "No"
                  RenderInline {SPAN} at (0,0) size 0x15
                    RenderInline {O:P} at (0,0) size 0x15
            RenderTableRow {TR} at (0,1665) size 472x106
              RenderTableCell {TD} at (0,1665) size 98x16 [border: (1px none #808080) none] [r=29 c=0 rs=1 cs=1]
                RenderBlock {P} at (8,1) size 83x15
                  RenderText {#text} at (35,0) size 13x15
                    text run at (35,0) width 13: "30"
                  RenderInline {SPAN} at (0,0) size 1x15
                    RenderInline {O:P} at (0,0) size 1x15
              RenderTableCell {TD} at (98,1665) size 170x106 [border: (1px none #808080) none (1px none #808080)] [r=29 c=1 rs=1 cs=1]
                RenderBlock {P} at (8,1) size 155x15
                  RenderText {#text} at (0,0) size 86x15
                    text run at (0,0) width 86: "Alan Littlewood"
                  RenderInline {SPAN} at (0,0) size 0x15
                    RenderInline {O:P} at (0,0) size 0x15
                RenderBlock {P} at (8,16) size 155x15
                  RenderText {#text} at (0,0) size 82x15
                    text run at (0,0) width 82: "George Coward"
                  RenderInline {SPAN} at (0,0) size 0x15
                    RenderInline {O:P} at (0,0) size 0x15
                RenderBlock {P} at (8,31) size 155x15
                  RenderText {#text} at (0,0) size 84x15
                    text run at (0,0) width 84: "Maurice Burton"
                RenderBlock {P} at (8,46) size 155x15
                  RenderText {#text} at (0,0) size 62x15
                    text run at (0,0) width 62: "Dan Sievert"
                RenderBlock {P} at (8,61) size 155x15
                  RenderText {#text} at (0,0) size 109x15
                    text run at (0,0) width 109: "Michael DeGiovanni"
                RenderBlock {P} at (8,76) size 155x15
                  RenderText {#text} at (0,0) size 86x15
                    text run at (0,0) width 86: "Jack Goodfriend"
                RenderBlock {P} at (8,91) size 155x15
                  RenderText {#text} at (0,0) size 88x15
                    text run at (0,0) width 88: "Richard Sanchez"
                  RenderInline {SPAN} at (0,0) size 0x15
                    RenderInline {O:P} at (0,0) size 0x15
              RenderTableCell {TD} at (268,1665) size 99x106 [border: (1px none #808080) none (1px none #808080)] [r=29 c=2 rs=1 cs=1]
                RenderBlock {P} at (8,1) size 84x15
                  RenderText {#text} at (32,0) size 20x15
                    text run at (32,0) width 20: "Yes"
                  RenderInline {SPAN} at (0,0) size 0x15
                    RenderInline {O:P} at (0,0) size 0x15
                RenderBlock {P} at (8,16) size 84x15
                  RenderText {#text} at (32,0) size 20x15
                    text run at (32,0) width 20: "Yes"
                  RenderInline {SPAN} at (0,0) size 0x15
                    RenderInline {O:P} at (0,0) size 0x15
                RenderBlock {P} at (8,31) size 84x15
                  RenderText {#text} at (32,0) size 20x15
                    text run at (32,0) width 20: "Yes"
                RenderBlock {P} at (8,46) size 84x15
                  RenderText {#text} at (32,0) size 20x15
                    text run at (32,0) width 20: "Yes"
                RenderBlock {P} at (8,61) size 84x15
                  RenderText {#text} at (40,0) size 4x15
                    text run at (40,0) width 4: " "
                RenderBlock {P} at (8,76) size 84x15
                  RenderText {#text} at (40,0) size 4x15
                    text run at (40,0) width 4: " "
                RenderBlock {P} at (8,91) size 84x15
                  RenderText {#text} at (34,0) size 16x15
                    text run at (34,0) width 16: "No"
                  RenderInline {SPAN} at (0,0) size 0x15
                    RenderInline {O:P} at (0,0) size 0x15
              RenderTableCell {TD} at (367,1665) size 105x106 [border: (1px none #808080) none (1px none #808080)] [r=29 c=3 rs=1 cs=1]
                RenderBlock {P} at (8,1) size 90x15
                  RenderText {#text} at (37,0) size 16x15
                    text run at (37,0) width 16: "No"
                  RenderInline {SPAN} at (0,0) size 0x15
                    RenderInline {O:P} at (0,0) size 0x15
                RenderBlock {P} at (8,16) size 90x15
                  RenderText {#text} at (37,0) size 16x15
                    text run at (37,0) width 16: "No"
                  RenderInline {SPAN} at (0,0) size 0x15
                    RenderInline {O:P} at (0,0) size 0x15
                RenderBlock {P} at (8,31) size 90x15
                  RenderText {#text} at (37,0) size 16x15
                    text run at (37,0) width 16: "No"
                RenderBlock {P} at (8,46) size 90x15
                  RenderText {#text} at (37,0) size 16x15
                    text run at (37,0) width 16: "No"
                RenderBlock {P} at (8,61) size 90x15
                  RenderText {#text} at (43,0) size 4x15
                    text run at (43,0) width 4: " "
                RenderBlock {P} at (8,76) size 90x15
                  RenderText {#text} at (43,0) size 4x15
                    text run at (43,0) width 4: " "
                RenderBlock {P} at (8,91) size 90x15
                  RenderText {#text} at (35,0) size 20x15
                    text run at (35,0) width 20: "Yes"
                  RenderInline {SPAN} at (0,0) size 0x15
                    RenderInline {O:P} at (0,0) size 0x15
            RenderTableRow {TR} at (0,1771) size 472x46
              RenderTableCell {TD} at (0,1771) size 98x16 [border: (1px none #808080) none] [r=30 c=0 rs=1 cs=1]
                RenderBlock {P} at (8,1) size 83x15
                  RenderText {#text} at (35,0) size 13x15
                    text run at (35,0) width 13: "31"
                  RenderInline {SPAN} at (0,0) size 1x15
                    RenderInline {O:P} at (0,0) size 1x15
              RenderTableCell {TD} at (98,1771) size 170x46 [border: (1px none #808080) none (1px none #808080)] [r=30 c=1 rs=1 cs=1]
                RenderBlock {P} at (8,1) size 155x15
                  RenderText {#text} at (0,0) size 65x15
                    text run at (0,0) width 65: "Dave Neves"
                RenderBlock {P} at (8,16) size 155x15
                  RenderText {#text} at (0,0) size 79x15
                    text run at (0,0) width 79: "James Haladus"
                RenderBlock {P} at (8,31) size 155x15
                  RenderText {#text} at (0,0) size 62x15
                    text run at (0,0) width 62: "Randy Reid"
                  RenderInline {SPAN} at (0,0) size 0x15
                    RenderInline {O:P} at (0,0) size 0x15
              RenderTableCell {TD} at (268,1771) size 99x31 [border: (1px none #808080) none (1px none #808080)] [r=30 c=2 rs=1 cs=1]
                RenderBlock {P} at (8,1) size 84x15
                  RenderText {#text} at (32,0) size 20x15
                    text run at (32,0) width 20: "Yes"
                RenderBlock {P} at (8,16) size 84x15
                  RenderText {#text} at (32,0) size 20x15
                    text run at (32,0) width 20: "Yes"
                  RenderInline {SPAN} at (0,0) size 0x15
                    RenderInline {O:P} at (0,0) size 0x15
              RenderTableCell {TD} at (367,1771) size 105x31 [border: (1px none #808080) none (1px none #808080)] [r=30 c=3 rs=1 cs=1]
                RenderBlock {P} at (8,1) size 90x15
                  RenderText {#text} at (35,0) size 20x15
                    text run at (35,0) width 20: "Yes"
                RenderBlock {P} at (8,16) size 90x15
                  RenderText {#text} at (37,0) size 16x15
                    text run at (37,0) width 16: "No"
                  RenderInline {SPAN} at (0,0) size 0x15
                    RenderInline {O:P} at (0,0) size 0x15
            RenderTableRow {TR} at (0,1817) size 472x61
              RenderTableCell {TD} at (0,1817) size 98x16 [border: (1px none #808080) none] [r=31 c=0 rs=1 cs=1]
                RenderBlock {P} at (8,1) size 83x15
                  RenderText {#text} at (35,0) size 13x15
                    text run at (35,0) width 13: "32"
                  RenderInline {SPAN} at (0,0) size 1x15
                    RenderInline {O:P} at (0,0) size 1x15
              RenderTableCell {TD} at (98,1817) size 170x61 [border: (1px none #808080) none (1px none #808080)] [r=31 c=1 rs=1 cs=1]
                RenderBlock {P} at (8,1) size 155x15
                  RenderText {#text} at (0,0) size 62x15
                    text run at (0,0) width 62: " Oliver Baer"
                RenderBlock {P} at (8,16) size 155x15
                  RenderText {#text} at (0,0) size 66x15
                    text run at (0,0) width 66: "Dale Barnett"
                RenderBlock {P} at (8,31) size 155x15
                  RenderText {#text} at (0,0) size 58x15
                    text run at (0,0) width 58: "John Todd"
                RenderBlock {P} at (8,46) size 155x15
                  RenderText {#text} at (0,0) size 84x15
                    text run at (0,0) width 84: "Dominic Bayani"
                  RenderInline {SPAN} at (0,0) size 0x15
                    RenderInline {O:P} at (0,0) size 0x15
              RenderTableCell {TD} at (268,1817) size 99x31 [border: (1px none #808080) none (1px none #808080)] [r=31 c=2 rs=1 cs=1]
                RenderBlock {P} at (8,1) size 84x15
                  RenderText {#text} at (30,0) size 24x15
                    text run at (30,0) width 24: " Yes"
                RenderBlock {P} at (8,16) size 84x15
                  RenderText {#text} at (32,0) size 20x15
                    text run at (32,0) width 20: "Yes"
                  RenderInline {SPAN} at (0,0) size 0x15
                    RenderInline {O:P} at (0,0) size 0x15
              RenderTableCell {TD} at (367,1817) size 105x31 [border: (1px none #808080) none (1px none #808080)] [r=31 c=3 rs=1 cs=1]
                RenderBlock {P} at (8,1) size 90x15
                  RenderText {#text} at (35,0) size 20x15
                    text run at (35,0) width 20: " No"
                RenderBlock {P} at (8,16) size 90x15
                  RenderText {#text} at (37,0) size 16x15
                    text run at (37,0) width 16: "No"
                  RenderInline {SPAN} at (0,0) size 0x15
                    RenderInline {O:P} at (0,0) size 0x15
            RenderTableRow {TR} at (0,1878) size 472x136
              RenderTableCell {TD} at (0,1878) size 98x16 [border: (1px none #808080) none] [r=32 c=0 rs=1 cs=1]
                RenderBlock {P} at (8,1) size 83x15
                  RenderText {#text} at (35,0) size 13x15
                    text run at (35,0) width 13: "33"
                  RenderInline {SPAN} at (0,0) size 1x15
                    RenderInline {O:P} at (0,0) size 1x15
              RenderTableCell {TD} at (98,1878) size 170x136 [border: (1px none #808080) none (1px none #808080)] [r=32 c=1 rs=1 cs=1]
                RenderBlock {P} at (8,1) size 155x15
                  RenderText {#text} at (0,0) size 70x15
                    text run at (0,0) width 70: "Tom Wagner"
                  RenderInline {SPAN} at (0,0) size 0x15
                    RenderInline {O:P} at (0,0) size 0x15
                RenderBlock {P} at (8,16) size 155x15
                  RenderText {#text} at (0,0) size 73x15
                    text run at (0,0) width 73: "Gene Langley"
                RenderBlock {P} at (8,31) size 155x15
                  RenderText {#text} at (0,0) size 79x15
                    text run at (0,0) width 79: "James Haladus"
                RenderBlock {P} at (8,46) size 155x15
                  RenderText {#text} at (0,0) size 80x15
                    text run at (0,0) width 80: "Daniel Buckley"
                RenderBlock {P} at (8,61) size 155x15
                  RenderText {#text} at (0,0) size 67x15
                    text run at (0,0) width 67: "Chris Larsen"
                RenderBlock {P} at (8,76) size 155x15
                  RenderText {#text} at (0,0) size 71x15
                    text run at (0,0) width 71: "Mike Chansu"
                RenderBlock {P} at (8,91) size 155x15
                  RenderText {#text} at (0,0) size 70x15
                    text run at (0,0) width 70: "James Brown"
                RenderBlock {P} at (8,106) size 155x15
                  RenderText {#text} at (0,0) size 62x15
                    text run at (0,0) width 62: "Will Sievert"
                RenderBlock {P} at (8,121) size 155x15
                  RenderText {#text} at (0,0) size 68x15
                    text run at (0,0) width 68: "Terry Chong"
                  RenderInline {SPAN} at (0,0) size 0x15
                    RenderInline {O:P} at (0,0) size 0x15
              RenderTableCell {TD} at (268,1878) size 99x136 [border: (1px none #808080) none (1px none #808080)] [r=32 c=2 rs=1 cs=1]
                RenderBlock {P} at (8,1) size 84x15
                  RenderText {#text} at (32,0) size 20x15
                    text run at (32,0) width 20: "Yes"
                  RenderInline {SPAN} at (0,0) size 0x15
                    RenderInline {O:P} at (0,0) size 0x15
                RenderBlock {P} at (8,16) size 84x15
                  RenderText {#text} at (32,0) size 20x15
                    text run at (32,0) width 20: "Yes"
                RenderBlock {P} at (8,31) size 84x15
                  RenderText {#text} at (32,0) size 20x15
                    text run at (32,0) width 20: "Yes"
                RenderBlock {P} at (8,46) size 84x15
                  RenderText {#text} at (32,0) size 20x15
                    text run at (32,0) width 20: "Yes"
                RenderBlock {P} at (8,61) size 84x15
                  RenderText {#text} at (40,0) size 4x15
                    text run at (40,0) width 4: " "
                RenderBlock {P} at (8,76) size 84x15
                  RenderText {#text} at (32,0) size 20x15
                    text run at (32,0) width 20: "Yes"
                RenderBlock {P} at (8,91) size 84x15
                  RenderText {#text} at (32,0) size 20x15
                    text run at (32,0) width 20: "Yes"
                RenderBlock {P} at (8,106) size 84x15
                  RenderText {#text} at (32,0) size 20x15
                    text run at (32,0) width 20: "Yes"
                RenderBlock {P} at (8,121) size 84x15
                  RenderText {#text} at (32,0) size 20x15
                    text run at (32,0) width 20: "Yes"
                  RenderInline {SPAN} at (0,0) size 0x15
                    RenderInline {O:P} at (0,0) size 0x15
              RenderTableCell {TD} at (367,1878) size 105x136 [border: (1px none #808080) none (1px none #808080)] [r=32 c=3 rs=1 cs=1]
                RenderBlock {P} at (8,1) size 90x15
                  RenderText {#text} at (37,0) size 16x15
                    text run at (37,0) width 16: "No"
                  RenderInline {SPAN} at (0,0) size 0x15
                    RenderInline {O:P} at (0,0) size 0x15
                RenderBlock {P} at (8,16) size 90x15
                  RenderText {#text} at (6,0) size 78x15
                    text run at (6,0) width 78: "Gyro wannabe"
                RenderBlock {P} at (8,31) size 90x15
                  RenderText {#text} at (37,0) size 16x15
                    text run at (37,0) width 16: "No"
                RenderBlock {P} at (8,46) size 90x15
                  RenderText {#text} at (37,0) size 16x15
                    text run at (37,0) width 16: "No"
                RenderBlock {P} at (8,61) size 90x15
                  RenderText {#text} at (43,0) size 4x15
                    text run at (43,0) width 4: " "
                RenderBlock {P} at (8,76) size 90x15
                  RenderText {#text} at (37,0) size 16x15
                    text run at (37,0) width 16: "No"
                RenderBlock {P} at (8,91) size 90x15
                  RenderText {#text} at (37,0) size 16x15
                    text run at (37,0) width 16: "No"
                RenderBlock {P} at (8,106) size 90x15
                  RenderText {#text} at (37,0) size 16x15
                    text run at (37,0) width 16: "No"
                RenderBlock {P} at (8,121) size 90x15
                  RenderText {#text} at (37,0) size 16x15
                    text run at (37,0) width 16: "No"
                  RenderInline {SPAN} at (0,0) size 0x15
                    RenderInline {O:P} at (0,0) size 0x15
            RenderTableRow {TR} at (0,2014) size 472x121
              RenderTableCell {TD} at (0,2014) size 98x16 [border: (1px none #808080) none] [r=33 c=0 rs=1 cs=1]
                RenderBlock {P} at (8,1) size 83x15
                  RenderText {#text} at (35,0) size 13x15
                    text run at (35,0) width 13: "34"
                  RenderInline {SPAN} at (0,0) size 1x15
                    RenderInline {O:P} at (0,0) size 1x15
              RenderTableCell {TD} at (98,2014) size 170x121 [border: (1px none #808080) none (1px none #808080)] [r=33 c=1 rs=1 cs=1]
                RenderBlock {P} at (8,1) size 155x15
                  RenderText {#text} at (0,0) size 55x15
                    text run at (0,0) width 55: "Jay Ribera"
                RenderBlock {P} at (8,16) size 155x15
                  RenderText {#text} at (0,0) size 81x15
                    text run at (0,0) width 81: "Gerald Cardinal"
                RenderBlock {P} at (8,31) size 155x15
                  RenderText {#text} at (0,0) size 66x15
                    text run at (0,0) width 66: "Dale Barnett"
                RenderBlock {P} at (8,46) size 155x15
                  RenderText {#text} at (0,0) size 62x15
                    text run at (0,0) width 62: "Paul Walter"
                RenderBlock {P} at (8,61) size 155x15
                  RenderText {#text} at (0,0) size 84x15
                    text run at (0,0) width 84: "Dominic Bayani"
                RenderBlock {P} at (8,76) size 155x15
                  RenderText {#text} at (0,0) size 90x15
                    text run at (0,0) width 90: "Donald Carvalho"
                RenderBlock {P} at (8,91) size 155x15
                  RenderText {#text} at (0,0) size 73x15
                    text run at (0,0) width 73: "Jack Peterson"
                RenderBlock {P} at (8,106) size 155x15
                  RenderText {#text} at (0,0) size 63x15
                    text run at (0,0) width 63: "Scott Hersh"
                  RenderInline {SPAN} at (0,0) size 0x15
                    RenderInline {O:P} at (0,0) size 0x15
              RenderTableCell {TD} at (268,2014) size 99x121 [border: (1px none #808080) none (1px none #808080)] [r=33 c=2 rs=1 cs=1]
                RenderBlock {P} at (8,1) size 84x15
                  RenderText {#text} at (32,0) size 20x15
                    text run at (32,0) width 20: "Yes"
                RenderBlock {P} at (8,16) size 84x15
                  RenderText {#text} at (40,0) size 4x15
                    text run at (40,0) width 4: " "
                RenderBlock {P} at (8,31) size 84x15
                  RenderText {#text} at (32,0) size 20x15
                    text run at (32,0) width 20: "Yes"
                RenderBlock {P} at (8,46) size 84x15
                  RenderText {#text} at (40,0) size 4x15
                    text run at (40,0) width 4: " "
                RenderBlock {P} at (8,61) size 84x15
                  RenderText {#text} at (40,0) size 4x15
                    text run at (40,0) width 4: " "
                RenderBlock {P} at (8,76) size 84x15
                  RenderText {#text} at (40,0) size 4x15
                    text run at (40,0) width 4: " "
                RenderBlock {P} at (8,91) size 84x15
                  RenderText {#text} at (40,0) size 4x15
                    text run at (40,0) width 4: " "
                RenderBlock {P} at (8,106) size 84x15
                  RenderText {#text} at (32,0) size 20x15
                    text run at (32,0) width 20: "Yes"
                  RenderInline {SPAN} at (0,0) size 0x15
                    RenderInline {O:P} at (0,0) size 0x15
              RenderTableCell {TD} at (367,2014) size 105x121 [border: (1px none #808080) none (1px none #808080)] [r=33 c=3 rs=1 cs=1]
                RenderBlock {P} at (8,1) size 90x15
                  RenderText {#text} at (37,0) size 16x15
                    text run at (37,0) width 16: "No"
                RenderBlock {P} at (8,16) size 90x15
                  RenderText {#text} at (43,0) size 4x15
                    text run at (43,0) width 4: " "
                RenderBlock {P} at (8,31) size 90x15
                  RenderText {#text} at (37,0) size 16x15
                    text run at (37,0) width 16: "No"
                RenderBlock {P} at (8,46) size 90x15
                  RenderText {#text} at (43,0) size 4x15
                    text run at (43,0) width 4: " "
                RenderBlock {P} at (8,61) size 90x15
                  RenderText {#text} at (43,0) size 4x15
                    text run at (43,0) width 4: " "
                RenderBlock {P} at (8,76) size 90x15
                  RenderText {#text} at (43,0) size 4x15
                    text run at (43,0) width 4: " "
                RenderBlock {P} at (8,91) size 90x15
                  RenderText {#text} at (43,0) size 4x15
                    text run at (43,0) width 4: " "
                RenderBlock {P} at (8,106) size 90x15
                  RenderText {#text} at (37,0) size 16x15
                    text run at (37,0) width 16: "No"
                  RenderInline {SPAN} at (0,0) size 0x15
                    RenderInline {O:P} at (0,0) size 0x15
            RenderTableRow {TR} at (0,2135) size 472x76
              RenderTableCell {TD} at (0,2135) size 98x16 [border: (1px none #808080) none] [r=34 c=0 rs=1 cs=1]
                RenderBlock {P} at (8,1) size 83x15
                  RenderText {#text} at (35,0) size 13x15
                    text run at (35,0) width 13: "35"
                  RenderInline {SPAN} at (0,0) size 1x15
                    RenderInline {O:P} at (0,0) size 1x15
              RenderTableCell {TD} at (98,2135) size 170x76 [border: (1px none #808080) none (1px none #808080)] [r=34 c=1 rs=1 cs=1]
                RenderBlock {P} at (8,1) size 155x15
                  RenderText {#text} at (0,0) size 78x15
                    text run at (0,0) width 78: " Richard Green"
                RenderBlock {P} at (8,16) size 155x15
                  RenderText {#text} at (0,0) size 64x15
                    text run at (0,0) width 64: "David Allen"
                RenderBlock {P} at (8,31) size 155x15
                  RenderText {#text} at (0,0) size 55x15
                    text run at (0,0) width 55: "Jim Colvin"
                RenderBlock {P} at (8,46) size 155x15
                  RenderText {#text} at (0,0) size 68x15
                    text run at (0,0) width 68: "Harald Close"
                RenderBlock {P} at (8,61) size 155x15
                  RenderText {#text} at (0,0) size 59x15
                    text run at (0,0) width 59: "Oliver Baer"
                  RenderInline {SPAN} at (0,0) size 0x15
                    RenderInline {O:P} at (0,0) size 0x15
              RenderTableCell {TD} at (268,2135) size 99x76 [border: (1px none #808080) none (1px none #808080)] [r=34 c=2 rs=1 cs=1]
                RenderBlock {P} at (8,1) size 84x15
                  RenderText {#text} at (40,0) size 4x15
                    text run at (40,0) width 4: " "
                RenderBlock {P} at (8,16) size 84x15
                  RenderText {#text} at (40,0) size 4x15
                    text run at (40,0) width 4: " "
                RenderBlock {P} at (8,31) size 84x15
                  RenderText {#text} at (40,0) size 4x15
                    text run at (40,0) width 4: " "
                RenderBlock {P} at (8,46) size 84x15
                  RenderText {#text} at (32,0) size 20x15
                    text run at (32,0) width 20: "Yes"
                RenderBlock {P} at (8,61) size 84x15
                  RenderText {#text} at (32,0) size 20x15
                    text run at (32,0) width 20: "Yes"
                  RenderInline {SPAN} at (0,0) size 0x15
                    RenderInline {O:P} at (0,0) size 0x15
              RenderTableCell {TD} at (367,2135) size 105x76 [border: (1px none #808080) none (1px none #808080)] [r=34 c=3 rs=1 cs=1]
                RenderBlock {P} at (8,1) size 90x15
                  RenderText {#text} at (43,0) size 4x15
                    text run at (43,0) width 4: " "
                RenderBlock {P} at (8,16) size 90x15
                  RenderText {#text} at (43,0) size 4x15
                    text run at (43,0) width 4: " "
                RenderBlock {P} at (8,31) size 90x15
                  RenderText {#text} at (43,0) size 4x15
                    text run at (43,0) width 4: " "
                RenderBlock {P} at (8,46) size 90x15
                  RenderText {#text} at (35,0) size 20x15
                    text run at (35,0) width 20: "Yes"
                RenderBlock {P} at (8,61) size 90x15
                  RenderText {#text} at (37,0) size 16x15
                    text run at (37,0) width 16: "No"
                  RenderInline {SPAN} at (0,0) size 0x15
                    RenderInline {O:P} at (0,0) size 0x15
            RenderTableRow {TR} at (0,2211) size 472x76
              RenderTableCell {TD} at (0,2211) size 98x16 [border: (1px none #808080) none] [r=35 c=0 rs=1 cs=1]
                RenderBlock {P} at (8,1) size 83x15
                  RenderText {#text} at (35,0) size 13x15
                    text run at (35,0) width 13: "36"
                  RenderInline {SPAN} at (0,0) size 1x15
                    RenderInline {O:P} at (0,0) size 1x15
              RenderTableCell {TD} at (98,2211) size 170x76 [border: (1px none #808080) none (1px none #808080)] [r=35 c=1 rs=1 cs=1]
                RenderBlock {P} at (8,1) size 155x15
                  RenderText {#text} at (0,0) size 70x15
                    text run at (0,0) width 70: "Jason Beehm"
                RenderBlock {P} at (8,16) size 155x15
                  RenderText {#text} at (0,0) size 90x15
                    text run at (0,0) width 90: "Darrell Carpenter"
                RenderBlock {P} at (8,31) size 155x15
                  RenderText {#text} at (0,0) size 79x15
                    text run at (0,0) width 79: "Stefan Kiritzov"
                RenderBlock {P} at (8,46) size 155x15
                  RenderText {#text} at (0,0) size 66x15
                    text run at (0,0) width 66: "Dale Barnett"
                RenderBlock {P} at (8,61) size 155x15
                  RenderText {#text} at (0,0) size 62x15
                    text run at (0,0) width 62: "Dan Sievert"
                  RenderInline {SPAN} at (0,0) size 0x15
                    RenderInline {O:P} at (0,0) size 0x15
              RenderTableCell {TD} at (268,2211) size 99x76 [border: (1px none #808080) none (1px none #808080)] [r=35 c=2 rs=1 cs=1]
                RenderBlock {P} at (8,1) size 84x15
                  RenderText {#text} at (32,0) size 20x15
                    text run at (32,0) width 20: "Yes"
                RenderBlock {P} at (8,16) size 84x15
                  RenderText {#text} at (32,0) size 20x15
                    text run at (32,0) width 20: "Yes"
                RenderBlock {P} at (8,31) size 84x15
                  RenderText {#text} at (32,0) size 20x15
                    text run at (32,0) width 20: "Yes"
                RenderBlock {P} at (8,46) size 84x15
                  RenderText {#text} at (32,0) size 20x15
                    text run at (32,0) width 20: "Yes"
                RenderBlock {P} at (8,61) size 84x15
                  RenderText {#text} at (32,0) size 20x15
                    text run at (32,0) width 20: "Yes"
                  RenderInline {SPAN} at (0,0) size 0x15
                    RenderInline {O:P} at (0,0) size 0x15
              RenderTableCell {TD} at (367,2211) size 105x76 [border: (1px none #808080) none (1px none #808080)] [r=35 c=3 rs=1 cs=1]
                RenderBlock {P} at (8,1) size 90x15
                  RenderText {#text} at (37,0) size 16x15
                    text run at (37,0) width 16: "No"
                RenderBlock {P} at (8,16) size 90x15
                  RenderText {#text} at (37,0) size 16x15
                    text run at (37,0) width 16: "No"
                RenderBlock {P} at (8,31) size 90x15
                  RenderText {#text} at (35,0) size 20x15
                    text run at (35,0) width 20: "Yes"
                RenderBlock {P} at (8,46) size 90x15
                  RenderText {#text} at (37,0) size 16x15
                    text run at (37,0) width 16: "No"
                RenderBlock {P} at (8,61) size 90x15
                  RenderText {#text} at (37,0) size 16x15
                    text run at (37,0) width 16: "No"
                  RenderInline {SPAN} at (0,0) size 0x15
                    RenderInline {O:P} at (0,0) size 0x15
            RenderTableRow {TR} at (0,2287) size 472x61
              RenderTableCell {TD} at (0,2287) size 98x16 [border: (1px none #808080) none] [r=36 c=0 rs=1 cs=1]
                RenderBlock {P} at (8,1) size 83x15
                  RenderText {#text} at (35,0) size 13x15
                    text run at (35,0) width 13: "37"
                  RenderInline {SPAN} at (0,0) size 1x15
                    RenderInline {O:P} at (0,0) size 1x15
              RenderTableCell {TD} at (98,2287) size 170x61 [border: (1px none #808080) none (1px none #808080)] [r=36 c=1 rs=1 cs=1]
                RenderBlock {P} at (8,1) size 155x15
                  RenderText {#text} at (0,0) size 88x15
                    text run at (0,0) width 88: "Dominic Civiletti"
                RenderBlock {P} at (8,16) size 155x15
                  RenderText {#text} at (0,0) size 81x15
                    text run at (0,0) width 81: "John Chamorro"
                RenderBlock {P} at (8,31) size 155x15
                  RenderText {#text} at (0,0) size 70x15
                    text run at (0,0) width 70: "Jim Mirowski"
                RenderBlock {P} at (8,46) size 155x15
                  RenderText {#text} at (0,0) size 76x15
                    text run at (0,0) width 76: "Soohong  Kim"
                  RenderInline {SPAN} at (0,0) size 0x15
                    RenderInline {O:P} at (0,0) size 0x15
              RenderTableCell {TD} at (268,2287) size 99x61 [border: (1px none #808080) none (1px none #808080)] [r=36 c=2 rs=1 cs=1]
                RenderBlock {P} at (8,1) size 84x15
                  RenderText {#text} at (32,0) size 20x15
                    text run at (32,0) width 20: "Yes"
                RenderBlock {P} at (8,16) size 84x15
                  RenderText {#text} at (40,0) size 4x15
                    text run at (40,0) width 4: " "
                RenderBlock {P} at (8,31) size 84x15
                  RenderText {#text} at (40,0) size 4x15
                    text run at (40,0) width 4: " "
                RenderBlock {P} at (8,46) size 84x15
                  RenderText {#text} at (32,0) size 20x15
                    text run at (32,0) width 20: "Yes"
                  RenderInline {SPAN} at (0,0) size 0x15
                    RenderInline {O:P} at (0,0) size 0x15
              RenderTableCell {TD} at (367,2287) size 105x61 [border: (1px none #808080) none (1px none #808080)] [r=36 c=3 rs=1 cs=1]
                RenderBlock {P} at (8,1) size 90x15
                  RenderText {#text} at (37,0) size 16x15
                    text run at (37,0) width 16: "No"
                RenderBlock {P} at (8,16) size 90x15
                  RenderText {#text} at (43,0) size 4x15
                    text run at (43,0) width 4: " "
                RenderBlock {P} at (8,31) size 90x15
                  RenderText {#text} at (43,0) size 4x15
                    text run at (43,0) width 4: " "
                RenderBlock {P} at (8,46) size 90x15
                  RenderText {#text} at (37,0) size 16x15
                    text run at (37,0) width 16: "No"
                  RenderInline {SPAN} at (0,0) size 0x15
                    RenderInline {O:P} at (0,0) size 0x15
            RenderTableRow {TR} at (0,2348) size 472x91
              RenderTableCell {TD} at (0,2348) size 98x16 [border: (1px none #808080) none] [r=37 c=0 rs=1 cs=1]
                RenderBlock {P} at (8,1) size 83x15
                  RenderText {#text} at (35,0) size 13x15
                    text run at (35,0) width 13: "38"
                  RenderInline {SPAN} at (0,0) size 1x15
                    RenderInline {O:P} at (0,0) size 1x15
              RenderTableCell {TD} at (98,2348) size 170x91 [border: (1px none #808080) none (1px none #808080)] [r=37 c=1 rs=1 cs=1]
                RenderBlock {P} at (8,1) size 155x15
                  RenderText {#text} at (0,0) size 97x15
                    text run at (0,0) width 97: "Karl Allmendinger"
                  RenderInline {SPAN} at (0,0) size 0x15
                    RenderInline {O:P} at (0,0) size 0x15
                RenderBlock {P} at (8,16) size 155x15
                  RenderText {#text} at (0,0) size 63x15
                    text run at (0,0) width 63: "John Bernal"
                  RenderInline {SPAN} at (0,0) size 0x15
                    RenderInline {O:P} at (0,0) size 0x15
                RenderBlock {P} at (8,31) size 155x15
                  RenderText {#text} at (0,0) size 73x15
                    text run at (0,0) width 73: "Gene Langley"
                RenderBlock {P} at (8,46) size 155x15
                  RenderText {#text} at (0,0) size 74x15
                    text run at (0,0) width 74: "Chuck Pringle"
                RenderBlock {P} at (8,61) size 155x15
                  RenderText {#text} at (0,0) size 52x15
                    text run at (0,0) width 52: "Jimmy Lei"
                RenderBlock {P} at (8,76) size 155x15
                  RenderText {#text} at (0,0) size 90x15
                    text run at (0,0) width 90: "Ruenjoe (Joe) Lu"
                  RenderInline {SPAN} at (0,0) size 0x15
                    RenderInline {O:P} at (0,0) size 0x15
              RenderTableCell {TD} at (268,2348) size 99x61 [border: (1px none #808080) none (1px none #808080)] [r=37 c=2 rs=1 cs=1]
                RenderBlock {P} at (8,1) size 84x15
                  RenderText {#text} at (32,0) size 20x15
                    text run at (32,0) width 20: "Yes"
                  RenderInline {SPAN} at (0,0) size 0x15
                    RenderInline {O:P} at (0,0) size 0x15
                RenderBlock {P} at (8,16) size 84x15
                  RenderText {#text} at (32,0) size 20x15
                    text run at (32,0) width 20: "Yes"
                  RenderInline {SPAN} at (0,0) size 0x15
                    RenderInline {O:P} at (0,0) size 0x15
                RenderBlock {P} at (8,31) size 84x15
                  RenderText {#text} at (32,0) size 20x15
                    text run at (32,0) width 20: "Yes"
                RenderBlock {P} at (8,46) size 84x15
                  RenderText {#text} at (32,0) size 20x15
                    text run at (32,0) width 20: "Yes"
                  RenderInline {SPAN} at (0,0) size 0x15
                    RenderInline {O:P} at (0,0) size 0x15
              RenderTableCell {TD} at (367,2348) size 105x61 [border: (1px none #808080) none (1px none #808080)] [r=37 c=3 rs=1 cs=1]
                RenderBlock {P} at (8,1) size 90x15
                  RenderText {#text} at (37,0) size 16x15
                    text run at (37,0) width 16: "No"
                  RenderInline {SPAN} at (0,0) size 0x15
                    RenderInline {O:P} at (0,0) size 0x15
                RenderBlock {P} at (8,16) size 90x15
                  RenderText {#text} at (37,0) size 16x15
                    text run at (37,0) width 16: "No"
                  RenderInline {SPAN} at (0,0) size 0x15
                    RenderInline {O:P} at (0,0) size 0x15
                RenderBlock {P} at (8,31) size 90x15
                  RenderText {#text} at (6,0) size 78x15
                    text run at (6,0) width 78: "Gyro wannabe"
                RenderBlock {P} at (8,46) size 90x15
                  RenderText {#text} at (37,0) size 16x15
                    text run at (37,0) width 16: "No"
                  RenderInline {SPAN} at (0,0) size 0x15
                    RenderInline {O:P} at (0,0) size 0x15
            RenderTableRow {TR} at (0,2439) size 472x46
              RenderTableCell {TD} at (0,2439) size 98x16 [border: (1px none #808080) none] [r=38 c=0 rs=1 cs=1]
                RenderBlock {P} at (8,1) size 83x15
                  RenderText {#text} at (35,0) size 13x15
                    text run at (35,0) width 13: "39"
                  RenderInline {SPAN} at (0,0) size 1x15
                    RenderInline {O:P} at (0,0) size 1x15
              RenderTableCell {TD} at (98,2439) size 170x46 [border: (1px none #808080) none (1px none #808080)] [r=38 c=1 rs=1 cs=1]
                RenderBlock {P} at (8,1) size 155x15
                  RenderText {#text} at (0,0) size 70x15
                    text run at (0,0) width 70: "Tom Wagner"
                RenderBlock {P} at (8,16) size 155x15
                  RenderText {#text} at (0,0) size 59x15
                    text run at (0,0) width 59: "Oliver Baer"
                RenderBlock {P} at (8,31) size 155x15
                  RenderText {#text} at (0,0) size 62x15
                    text run at (0,0) width 62: "Will Sievert"
                  RenderInline {SPAN} at (0,0) size 0x15
                    RenderInline {O:P} at (0,0) size 0x15
              RenderTableCell {TD} at (268,2439) size 99x46 [border: (1px none #808080) none (1px none #808080)] [r=38 c=2 rs=1 cs=1]
                RenderBlock {P} at (8,1) size 84x15
                  RenderText {#text} at (32,0) size 20x15
                    text run at (32,0) width 20: "Yes"
                RenderBlock {P} at (8,16) size 84x15
                  RenderText {#text} at (32,0) size 20x15
                    text run at (32,0) width 20: "Yes"
                RenderBlock {P} at (8,31) size 84x15
                  RenderText {#text} at (32,0) size 20x15
                    text run at (32,0) width 20: "Yes"
                  RenderInline {SPAN} at (0,0) size 0x15
                    RenderInline {O:P} at (0,0) size 0x15
              RenderTableCell {TD} at (367,2439) size 105x46 [border: (1px none #808080) none (1px none #808080)] [r=38 c=3 rs=1 cs=1]
                RenderBlock {P} at (8,1) size 90x15
                  RenderText {#text} at (37,0) size 16x15
                    text run at (37,0) width 16: "No"
                RenderBlock {P} at (8,16) size 90x15
                  RenderText {#text} at (37,0) size 16x15
                    text run at (37,0) width 16: "No"
                RenderBlock {P} at (8,31) size 90x15
                  RenderText {#text} at (37,0) size 16x15
                    text run at (37,0) width 16: "No"
                  RenderInline {SPAN} at (0,0) size 0x15
                    RenderInline {O:P} at (0,0) size 0x15
            RenderTableRow {TR} at (0,2485) size 472x121
              RenderTableCell {TD} at (0,2485) size 98x16 [border: (1px none #808080) none] [r=39 c=0 rs=1 cs=1]
                RenderBlock {P} at (8,1) size 83x15
                  RenderText {#text} at (35,0) size 13x15
                    text run at (35,0) width 13: "40"
                  RenderInline {SPAN} at (0,0) size 1x15
                    RenderInline {O:P} at (0,0) size 1x15
              RenderTableCell {TD} at (98,2485) size 170x121 [border: (1px none #808080) none (1px none #808080)] [r=39 c=1 rs=1 cs=1]
                RenderBlock {P} at (8,1) size 155x15
                  RenderText {#text} at (0,0) size 81x15
                    text run at (0,0) width 81: "Alberto Lanzas"
                  RenderInline {SPAN} at (0,0) size 0x15
                    RenderInline {O:P} at (0,0) size 0x15
                RenderBlock {P} at (8,16) size 155x15
                  RenderText {#text} at (0,0) size 92x15
                    text run at (0,0) width 92: "Zak + Mike West"
                  RenderInline {SPAN} at (0,0) size 0x15
                    RenderInline {O:P} at (0,0) size 0x15
                RenderBlock {P} at (8,31) size 155x15
                  RenderText {#text} at (0,0) size 67x15
                    text run at (0,0) width 67: "Javier Flores"
                  RenderInline {SPAN} at (0,0) size 0x15
                    RenderInline {O:P} at (0,0) size 0x15
                RenderBlock {P} at (8,46) size 155x15
                  RenderText {#text} at (0,0) size 66x15
                    text run at (0,0) width 66: "Bill Johnson"
                  RenderInline {SPAN} at (0,0) size 0x15
                    RenderInline {O:P} at (0,0) size 0x15
                RenderBlock {P} at (8,61) size 155x15
                  RenderText {#text} at (0,0) size 73x15
                    text run at (0,0) width 73: "Gene Langley"
                RenderBlock {P} at (8,76) size 155x15
                  RenderText {#text} at (0,0) size 67x15
                    text run at (0,0) width 67: "Rich Burnett"
                RenderBlock {P} at (8,91) size 155x15
                  RenderText {#text} at (0,0) size 86x15
                    text run at (0,0) width 86: "Jack Goodfriend"
                RenderBlock {P} at (8,106) size 155x15
                  RenderText {#text} at (0,0) size 68x15
                    text run at (0,0) width 68: "Harald Close"
                  RenderInline {SPAN} at (0,0) size 0x15
                    RenderInline {O:P} at (0,0) size 0x15
              RenderTableCell {TD} at (268,2485) size 99x121 [border: (1px none #808080) none (1px none #808080)] [r=39 c=2 rs=1 cs=1]
                RenderBlock {P} at (8,1) size 84x15
                  RenderText {#text} at (32,0) size 20x15
                    text run at (32,0) width 20: "Yes"
                  RenderInline {SPAN} at (0,0) size 0x15
                    RenderInline {O:P} at (0,0) size 0x15
                RenderBlock {P} at (8,16) size 84x15
                  RenderText {#text} at (32,0) size 20x15
                    text run at (32,0) width 20: "Yes"
                  RenderInline {SPAN} at (0,0) size 0x15
                    RenderInline {O:P} at (0,0) size 0x15
                RenderBlock {P} at (8,31) size 84x15
                  RenderText {#text} at (32,0) size 20x15
                    text run at (32,0) width 20: "Yes"
                  RenderInline {SPAN} at (0,0) size 0x15
                    RenderInline {O:P} at (0,0) size 0x15
                RenderBlock {P} at (8,46) size 84x15
                  RenderText {#text} at (32,0) size 20x15
                    text run at (32,0) width 20: "Yes"
                  RenderInline {SPAN} at (0,0) size 0x15
                    RenderInline {O:P} at (0,0) size 0x15
                RenderBlock {P} at (8,61) size 84x15
                  RenderText {#text} at (32,0) size 20x15
                    text run at (32,0) width 20: "Yes"
                RenderBlock {P} at (8,76) size 84x15
                  RenderText {#text} at (40,0) size 4x15
                    text run at (40,0) width 4: " "
                RenderBlock {P} at (8,91) size 84x15
                  RenderText {#text} at (40,0) size 4x15
                    text run at (40,0) width 4: " "
                RenderBlock {P} at (8,106) size 84x15
                  RenderText {#text} at (32,0) size 20x15
                    text run at (32,0) width 20: "Yes"
                  RenderInline {SPAN} at (0,0) size 0x15
                    RenderInline {O:P} at (0,0) size 0x15
              RenderTableCell {TD} at (367,2485) size 105x121 [border: (1px none #808080) none (1px none #808080)] [r=39 c=3 rs=1 cs=1]
                RenderBlock {P} at (8,1) size 90x15
                  RenderText {#text} at (35,0) size 20x15
                    text run at (35,0) width 20: "Yes"
                  RenderInline {SPAN} at (0,0) size 0x15
                    RenderInline {O:P} at (0,0) size 0x15
                RenderBlock {P} at (8,16) size 90x15
                  RenderText {#text} at (35,0) size 20x15
                    text run at (35,0) width 20: "Yes"
                  RenderInline {SPAN} at (0,0) size 0x15
                    RenderInline {O:P} at (0,0) size 0x15
                RenderBlock {P} at (8,31) size 90x15
                  RenderText {#text} at (37,0) size 16x15
                    text run at (37,0) width 16: "No"
                  RenderInline {SPAN} at (0,0) size 0x15
                    RenderInline {O:P} at (0,0) size 0x15
                RenderBlock {P} at (8,46) size 90x15
                  RenderText {#text} at (37,0) size 16x15
                    text run at (37,0) width 16: "No"
                  RenderInline {SPAN} at (0,0) size 0x15
                    RenderInline {O:P} at (0,0) size 0x15
                RenderBlock {P} at (8,61) size 90x15
                  RenderText {#text} at (29,0) size 32x15
                    text run at (29,0) width 32: "Glider"
                RenderBlock {P} at (8,76) size 90x15
                  RenderText {#text} at (43,0) size 4x15
                    text run at (43,0) width 4: " "
                RenderBlock {P} at (8,91) size 90x15
                  RenderText {#text} at (43,0) size 4x15
                    text run at (43,0) width 4: " "
                RenderBlock {P} at (8,106) size 90x15
                  RenderText {#text} at (37,0) size 16x15
                    text run at (37,0) width 16: "No"
                  RenderInline {SPAN} at (0,0) size 0x15
                    RenderInline {O:P} at (0,0) size 0x15
            RenderTableRow {TR} at (0,2606) size 472x121
              RenderTableCell {TD} at (0,2606) size 98x16 [border: (1px none #808080) none] [r=40 c=0 rs=1 cs=1]
                RenderBlock {P} at (8,1) size 83x15
                  RenderText {#text} at (35,0) size 13x15
                    text run at (35,0) width 13: "41"
                  RenderInline {SPAN} at (0,0) size 1x15
                    RenderInline {O:P} at (0,0) size 1x15
              RenderTableCell {TD} at (98,2606) size 170x121 [border: (1px none #808080) none (1px none #808080)] [r=40 c=1 rs=1 cs=1]
                RenderBlock {P} at (8,1) size 155x15
                  RenderText {#text} at (0,0) size 88x15
                    text run at (0,0) width 88: "Dominic Civiletti"
                  RenderInline {SPAN} at (0,0) size 0x15
                    RenderInline {O:P} at (0,0) size 0x15
                RenderBlock {P} at (8,16) size 155x15
                  RenderText {#text} at (0,0) size 103x15
                    text run at (0,0) width 103: "Corbin Christensen"
                  RenderInline {SPAN} at (0,0) size 0x15
                    RenderInline {O:P} at (0,0) size 0x15
                RenderBlock {P} at (8,31) size 155x15
                  RenderText {#text} at (0,0) size 56x15
                    text run at (0,0) width 56: "Hal Hirsch"
                  RenderInline {SPAN} at (0,0) size 0x15
                    RenderInline {O:P} at (0,0) size 0x15
                RenderBlock {P} at (8,46) size 155x15
                  RenderText {#text} at (0,0) size 88x15
                    text run at (0,0) width 88: "Richard Sanchez"
                RenderBlock {P} at (8,61) size 155x15
                  RenderText {#text} at (0,0) size 63x15
                    text run at (0,0) width 63: "John Bernal"
                RenderBlock {P} at (8,76) size 155x15
                  RenderText {#text} at (0,0) size 67x15
                    text run at (0,0) width 67: "Rich Burnett"
                RenderBlock {P} at (8,91) size 155x15
                  RenderText {#text} at (0,0) size 69x15
                    text run at (0,0) width 69: "Brock Brown"
                RenderBlock {P} at (8,106) size 155x15
                  RenderText {#text} at (0,0) size 55x15
                    text run at (0,0) width 55: "John Paye"
                  RenderInline {SPAN} at (0,0) size 0x15
                    RenderInline {O:P} at (0,0) size 0x15
              RenderTableCell {TD} at (268,2606) size 99x106 [border: (1px none #808080) none (1px none #808080)] [r=40 c=2 rs=1 cs=1]
                RenderBlock {P} at (8,1) size 84x15
                  RenderText {#text} at (32,0) size 20x15
                    text run at (32,0) width 20: "Yes"
                  RenderInline {SPAN} at (0,0) size 0x15
                    RenderInline {O:P} at (0,0) size 0x15
                RenderBlock {P} at (8,16) size 84x15
                  RenderText {#text} at (32,0) size 20x15
                    text run at (32,0) width 20: "Yes"
                  RenderInline {SPAN} at (0,0) size 0x15
                    RenderInline {O:P} at (0,0) size 0x15
                RenderBlock {P} at (8,31) size 84x15
                  RenderText {#text} at (32,0) size 20x15
                    text run at (32,0) width 20: "Yes"
                  RenderInline {SPAN} at (0,0) size 0x15
                    RenderInline {O:P} at (0,0) size 0x15
                RenderBlock {P} at (8,46) size 84x15
                  RenderText {#text} at (34,0) size 16x15
                    text run at (34,0) width 16: "No"
                RenderBlock {P} at (8,61) size 84x15
                  RenderText {#text} at (32,0) size 20x15
                    text run at (32,0) width 20: "Yes"
                RenderBlock {P} at (8,76) size 84x15
                  RenderText {#text} at (40,0) size 4x15
                    text run at (40,0) width 4: " "
                RenderBlock {P} at (8,91) size 84x15
                  RenderText {#text} at (32,0) size 20x15
                    text run at (32,0) width 20: "Yes"
                  RenderInline {SPAN} at (0,0) size 0x15
                    RenderInline {O:P} at (0,0) size 0x15
              RenderTableCell {TD} at (367,2606) size 105x106 [border: (1px none #808080) none (1px none #808080)] [r=40 c=3 rs=1 cs=1]
                RenderBlock {P} at (8,1) size 90x15
                  RenderText {#text} at (37,0) size 16x15
                    text run at (37,0) width 16: "No"
                  RenderInline {SPAN} at (0,0) size 0x15
                    RenderInline {O:P} at (0,0) size 0x15
                RenderBlock {P} at (8,16) size 90x15
                  RenderText {#text} at (37,0) size 16x15
                    text run at (37,0) width 16: "No"
                  RenderInline {SPAN} at (0,0) size 0x15
                    RenderInline {O:P} at (0,0) size 0x15
                RenderBlock {P} at (8,31) size 90x15
                  RenderText {#text} at (37,0) size 16x15
                    text run at (37,0) width 16: "No"
                  RenderInline {SPAN} at (0,0) size 0x15
                    RenderInline {O:P} at (0,0) size 0x15
                RenderBlock {P} at (8,46) size 90x15
                  RenderText {#text} at (35,0) size 20x15
                    text run at (35,0) width 20: "Yes"
                RenderBlock {P} at (8,61) size 90x15
                  RenderText {#text} at (37,0) size 16x15
                    text run at (37,0) width 16: "No"
                RenderBlock {P} at (8,76) size 90x15
                  RenderText {#text} at (43,0) size 4x15
                    text run at (43,0) width 4: " "
                RenderBlock {P} at (8,91) size 90x15
                  RenderText {#text} at (37,0) size 16x15
                    text run at (37,0) width 16: "No"
                  RenderInline {SPAN} at (0,0) size 0x15
                    RenderInline {O:P} at (0,0) size 0x15
            RenderTableRow {TR} at (0,2727) size 472x121
              RenderTableCell {TD} at (0,2727) size 98x16 [border: (1px none #808080) none] [r=41 c=0 rs=1 cs=1]
                RenderBlock {P} at (8,1) size 83x15
                  RenderText {#text} at (35,0) size 13x15
                    text run at (35,0) width 13: "42"
                  RenderInline {SPAN} at (0,0) size 1x15
                    RenderInline {O:P} at (0,0) size 1x15
              RenderTableCell {TD} at (98,2727) size 170x121 [border: (1px none #808080) none (1px none #808080)] [r=41 c=1 rs=1 cs=1]
                RenderBlock {P} at (8,1) size 155x15
                  RenderText {#text} at (0,0) size 47x15
                    text run at (0,0) width 47: "Tony Yu"
                  RenderInline {SPAN} at (0,0) size 0x15
                    RenderInline {O:P} at (0,0) size 0x15
                RenderBlock {P} at (8,16) size 155x15
                  RenderText {#text} at (0,0) size 65x15
                    text run at (0,0) width 65: "Jason Miller"
                  RenderInline {SPAN} at (0,0) size 0x15
                    RenderInline {O:P} at (0,0) size 0x15
                RenderBlock {P} at (8,31) size 155x15
                  RenderText {#text} at (0,0) size 84x15
                    text run at (0,0) width 84: "Maurice Burton"
                RenderBlock {P} at (8,46) size 155x15
                  RenderText {#text} at (0,0) size 62x15
                    text run at (0,0) width 62: "Dan Sievert"
                RenderBlock {P} at (8,61) size 155x15
                  RenderText {#text} at (0,0) size 60x15
                    text run at (0,0) width 60: "Jerry Davis"
                RenderBlock {P} at (8,76) size 155x15
                  RenderText {#text} at (0,0) size 55x15
                    text run at (0,0) width 55: "John Paye"
                RenderBlock {P} at (8,91) size 155x15
                  RenderText {#text} at (0,0) size 71x15
                    text run at (0,0) width 71: "Gordon Frost"
                RenderBlock {P} at (8,106) size 155x15
                  RenderText {#text} at (0,0) size 66x15
                    text run at (0,0) width 66: "Chris Walsh"
                  RenderInline {SPAN} at (0,0) size 0x15
                    RenderInline {O:P} at (0,0) size 0x15
              RenderTableCell {TD} at (268,2727) size 99x76 [border: (1px none #808080) none (1px none #808080)] [r=41 c=2 rs=1 cs=1]
                RenderBlock {P} at (8,1) size 84x15
                  RenderText {#text} at (32,0) size 20x15
                    text run at (32,0) width 20: "Yes"
                  RenderInline {SPAN} at (0,0) size 0x15
                    RenderInline {O:P} at (0,0) size 0x15
                RenderBlock {P} at (8,16) size 84x15
                  RenderText {#text} at (32,0) size 20x15
                    text run at (32,0) width 20: "Yes"
                  RenderInline {SPAN} at (0,0) size 0x15
                    RenderInline {O:P} at (0,0) size 0x15
                RenderBlock {P} at (8,31) size 84x15
                  RenderText {#text} at (32,0) size 20x15
                    text run at (32,0) width 20: "Yes"
                RenderBlock {P} at (8,46) size 84x15
                  RenderText {#text} at (32,0) size 20x15
                    text run at (32,0) width 20: "Yes"
                RenderBlock {P} at (8,61) size 84x15
                  RenderText {#text} at (32,0) size 20x15
                    text run at (32,0) width 20: "Yes"
                  RenderInline {SPAN} at (0,0) size 0x15
                    RenderInline {O:P} at (0,0) size 0x15
              RenderTableCell {TD} at (367,2727) size 105x76 [border: (1px none #808080) none (1px none #808080)] [r=41 c=3 rs=1 cs=1]
                RenderBlock {P} at (8,1) size 90x15
                  RenderText {#text} at (37,0) size 16x15
                    text run at (37,0) width 16: "No"
                  RenderInline {SPAN} at (0,0) size 0x15
                    RenderInline {O:P} at (0,0) size 0x15
                RenderBlock {P} at (8,16) size 90x15
                  RenderText {#text} at (37,0) size 16x15
                    text run at (37,0) width 16: "No"
                  RenderInline {SPAN} at (0,0) size 0x15
                    RenderInline {O:P} at (0,0) size 0x15
                RenderBlock {P} at (8,31) size 90x15
                  RenderText {#text} at (37,0) size 16x15
                    text run at (37,0) width 16: "No"
                RenderBlock {P} at (8,46) size 90x15
                  RenderText {#text} at (37,0) size 16x15
                    text run at (37,0) width 16: "No"
                RenderBlock {P} at (8,61) size 90x15
                  RenderText {#text} at (37,0) size 16x15
                    text run at (37,0) width 16: "No"
                  RenderInline {SPAN} at (0,0) size 0x15
                    RenderInline {O:P} at (0,0) size 0x15
            RenderTableRow {TR} at (0,2848) size 472x106
              RenderTableCell {TD} at (0,2848) size 98x16 [border: (1px none #808080) none] [r=42 c=0 rs=1 cs=1]
                RenderBlock {P} at (8,1) size 83x15
                  RenderText {#text} at (35,0) size 13x15
                    text run at (35,0) width 13: "43"
                  RenderInline {SPAN} at (0,0) size 1x15
                    RenderInline {O:P} at (0,0) size 1x15
              RenderTableCell {TD} at (98,2848) size 170x106 [border: (1px none #808080) none (1px none #808080)] [r=42 c=1 rs=1 cs=1]
                RenderBlock {P} at (8,1) size 155x15
                  RenderText {#text} at (0,0) size 88x15
                    text run at (0,0) width 88: "Dominic Civiletti"
                  RenderInline {SPAN} at (0,0) size 0x15
                    RenderInline {O:P} at (0,0) size 0x15
                RenderBlock {P} at (8,16) size 155x15
                  RenderText {#text} at (0,0) size 63x15
                    text run at (0,0) width 63: "Ken Gullion"
                  RenderInline {SPAN} at (0,0) size 0x15
                    RenderInline {O:P} at (0,0) size 0x15
                RenderBlock {P} at (8,31) size 155x15
                  RenderText {#text} at (0,0) size 62x15
                    text run at (0,0) width 62: "Will Sievert"
                RenderBlock {P} at (8,46) size 155x15
                  RenderText {#text} at (0,0) size 72x15
                    text run at (0,0) width 72: "Jim Mahoney"
                RenderBlock {P} at (8,61) size 155x15
                  RenderText {#text} at (0,0) size 66x15
                    text run at (0,0) width 66: "Ken Manuel"
                RenderBlock {P} at (8,76) size 155x15
                  RenderText {#text} at (0,0) size 58x15
                    text run at (0,0) width 58: "John Todd"
                RenderBlock {P} at (8,91) size 155x15
                  RenderText {#text} at (0,0) size 87x15
                    text run at (0,0) width 87: "Rick Rasmussen"
                  RenderInline {SPAN} at (0,0) size 0x15
                    RenderInline {O:P} at (0,0) size 0x15
              RenderTableCell {TD} at (268,2848) size 99x76 [border: (1px none #808080) none (1px none #808080)] [r=42 c=2 rs=1 cs=1]
                RenderBlock {P} at (8,1) size 84x15
                  RenderText {#text} at (32,0) size 20x15
                    text run at (32,0) width 20: "Yes"
                  RenderInline {SPAN} at (0,0) size 0x15
                    RenderInline {O:P} at (0,0) size 0x15
                RenderBlock {P} at (8,16) size 84x15
                  RenderText {#text} at (32,0) size 20x15
                    text run at (32,0) width 20: "Yes"
                  RenderInline {SPAN} at (0,0) size 0x15
                    RenderInline {O:P} at (0,0) size 0x15
                RenderBlock {P} at (8,31) size 84x15
                  RenderText {#text} at (32,0) size 20x15
                    text run at (32,0) width 20: "Yes"
                RenderBlock {P} at (8,46) size 84x15
                  RenderText {#text} at (32,0) size 20x15
                    text run at (32,0) width 20: "Yes"
                RenderBlock {P} at (8,61) size 84x15
                  RenderText {#text} at (32,0) size 20x15
                    text run at (32,0) width 20: "Yes"
                  RenderInline {SPAN} at (0,0) size 0x15
                    RenderInline {O:P} at (0,0) size 0x15
              RenderTableCell {TD} at (367,2848) size 105x76 [border: (1px none #808080) none (1px none #808080)] [r=42 c=3 rs=1 cs=1]
                RenderBlock {P} at (8,1) size 90x15
                  RenderText {#text} at (37,0) size 16x15
                    text run at (37,0) width 16: "No"
                  RenderInline {SPAN} at (0,0) size 0x15
                    RenderInline {O:P} at (0,0) size 0x15
                RenderBlock {P} at (8,16) size 90x15
                  RenderText {#text} at (37,0) size 16x15
                    text run at (37,0) width 16: "No"
                  RenderInline {SPAN} at (0,0) size 0x15
                    RenderInline {O:P} at (0,0) size 0x15
                RenderBlock {P} at (8,31) size 90x15
                  RenderText {#text} at (20,0) size 50x15
                    text run at (20,0) width 50: "Someday"
                RenderBlock {P} at (8,46) size 90x15
                  RenderText {#text} at (35,0) size 20x15
                    text run at (35,0) width 20: "Yes"
                RenderBlock {P} at (8,61) size 90x15
                  RenderText {#text} at (37,0) size 16x15
                    text run at (37,0) width 16: "No"
                  RenderInline {SPAN} at (0,0) size 0x15
                    RenderInline {O:P} at (0,0) size 0x15
            RenderTableRow {TR} at (0,2954) size 472x61
              RenderTableCell {TD} at (0,2954) size 98x16 [border: (1px none #808080) none] [r=43 c=0 rs=1 cs=1]
                RenderBlock {P} at (8,1) size 83x15
                  RenderText {#text} at (35,0) size 13x15
                    text run at (35,0) width 13: "44"
                  RenderInline {SPAN} at (0,0) size 1x15
                    RenderInline {O:P} at (0,0) size 1x15
              RenderTableCell {TD} at (98,2954) size 170x61 [border: (1px none #808080) none (1px none #808080)] [r=43 c=1 rs=1 cs=1]
                RenderBlock {P} at (8,1) size 155x15
                  RenderText {#text} at (0,0) size 60x15
                    text run at (0,0) width 60: "Gary Heath"
                  RenderInline {SPAN} at (0,0) size 0x15
                    RenderInline {O:P} at (0,0) size 0x15
                RenderBlock {P} at (8,16) size 155x15
                  RenderText {#text} at (0,0) size 79x15
                    text run at (0,0) width 79: "Quinn Chuong"
                RenderBlock {P} at (8,31) size 155x15
                  RenderText {#text} at (0,0) size 62x15
                    text run at (0,0) width 62: "Dan Sievert"
                RenderBlock {P} at (8,46) size 155x15
                  RenderText {#text} at (0,0) size 84x15
                    text run at (0,0) width 84: "Alexander Wert"
                  RenderInline {SPAN} at (0,0) size 0x15
                    RenderInline {O:P} at (0,0) size 0x15
              RenderTableCell {TD} at (268,2954) size 99x61 [border: (1px none #808080) none (1px none #808080)] [r=43 c=2 rs=1 cs=1]
                RenderBlock {P} at (8,1) size 84x15
                  RenderText {#text} at (34,0) size 16x15
                    text run at (34,0) width 16: "No"
                  RenderInline {SPAN} at (0,0) size 0x15
                    RenderInline {O:P} at (0,0) size 0x15
                RenderBlock {P} at (8,16) size 84x15
                  RenderText {#text} at (32,0) size 20x15
                    text run at (32,0) width 20: "Yes"
                RenderBlock {P} at (8,31) size 84x15
                  RenderText {#text} at (32,0) size 20x15
                    text run at (32,0) width 20: "Yes"
                RenderBlock {P} at (8,46) size 84x15
                  RenderText {#text} at (34,0) size 16x15
                    text run at (34,0) width 16: "No"
                  RenderInline {SPAN} at (0,0) size 0x15
                    RenderInline {O:P} at (0,0) size 0x15
              RenderTableCell {TD} at (367,2954) size 105x61 [border: (1px none #808080) none (1px none #808080)] [r=43 c=3 rs=1 cs=1]
                RenderBlock {P} at (8,1) size 90x15
                  RenderText {#text} at (35,0) size 20x15
                    text run at (35,0) width 20: "Yes"
                  RenderInline {SPAN} at (0,0) size 0x15
                    RenderInline {O:P} at (0,0) size 0x15
                RenderBlock {P} at (8,16) size 90x15
                  RenderText {#text} at (35,0) size 20x15
                    text run at (35,0) width 20: "Yes"
                RenderBlock {P} at (8,31) size 90x15
                  RenderText {#text} at (37,0) size 16x15
                    text run at (37,0) width 16: "No"
                RenderBlock {P} at (8,46) size 90x15
                  RenderText {#text} at (35,0) size 20x15
                    text run at (35,0) width 20: "Yes"
                  RenderInline {SPAN} at (0,0) size 0x15
                    RenderInline {O:P} at (0,0) size 0x15
            RenderTableRow {TR} at (0,3015) size 472x46
              RenderTableCell {TD} at (0,3015) size 98x16 [border: (1px none #808080) none] [r=44 c=0 rs=1 cs=1]
                RenderBlock {P} at (8,1) size 83x15
                  RenderText {#text} at (35,0) size 13x15
                    text run at (35,0) width 13: "45"
                  RenderInline {SPAN} at (0,0) size 1x15
                    RenderInline {O:P} at (0,0) size 1x15
              RenderTableCell {TD} at (98,3015) size 170x46 [border: (1px none #808080) none (1px none #808080)] [r=44 c=1 rs=1 cs=1]
                RenderBlock {P} at (8,1) size 155x15
                  RenderText {#text} at (0,0) size 79x15
                    text run at (0,0) width 79: "James Holaduz"
                RenderBlock {P} at (8,16) size 155x15
                  RenderInline {FONT} at (0,0) size 55x15
                    RenderText {#text} at (0,0) size 55x15
                      text run at (0,0) width 55: "Don Coon"
                RenderBlock {P} at (8,31) size 155x15
                  RenderText {#text} at (0,0) size 83x15
                    text run at (0,0) width 83: "John Yearwood"
                  RenderInline {SPAN} at (0,0) size 0x15
                    RenderInline {O:P} at (0,0) size 0x15
              RenderTableCell {TD} at (268,3015) size 99x46 [border: (1px none #808080) none (1px none #808080)] [r=44 c=2 rs=1 cs=1]
                RenderBlock {P} at (8,1) size 84x15
                  RenderText {#text} at (32,0) size 20x15
                    text run at (32,0) width 20: "Yes"
                RenderBlock {P} at (8,16) size 84x15
                  RenderText {#text} at (40,0) size 4x15
                    text run at (40,0) width 4: " "
                RenderBlock {P} at (8,31) size 84x15
                  RenderText {#text} at (32,0) size 20x15
                    text run at (32,0) width 20: "Yes"
                  RenderInline {SPAN} at (0,0) size 0x15
                    RenderInline {O:P} at (0,0) size 0x15
              RenderTableCell {TD} at (367,3015) size 105x46 [border: (1px none #808080) none (1px none #808080)] [r=44 c=3 rs=1 cs=1]
                RenderBlock {P} at (8,1) size 90x15
                  RenderText {#text} at (37,0) size 16x15
                    text run at (37,0) width 16: "No"
                RenderBlock {P} at (8,16) size 90x15
                  RenderText {#text} at (43,0) size 4x15
                    text run at (43,0) width 4: " "
                RenderBlock {P} at (8,31) size 90x15
                  RenderText {#text} at (37,0) size 16x15
                    text run at (37,0) width 16: "No"
                  RenderInline {SPAN} at (0,0) size 0x15
                    RenderInline {O:P} at (0,0) size 0x15
            RenderTableRow {TR} at (0,3061) size 472x121
              RenderTableCell {TD} at (0,3061) size 98x16 [border: (1px none #808080) none] [r=45 c=0 rs=1 cs=1]
                RenderBlock {P} at (8,1) size 83x15
                  RenderText {#text} at (35,0) size 13x15
                    text run at (35,0) width 13: "46"
                  RenderInline {SPAN} at (0,0) size 1x15
                    RenderInline {O:P} at (0,0) size 1x15
              RenderTableCell {TD} at (98,3061) size 170x121 [border: (1px none #808080) none (1px none #808080)] [r=45 c=1 rs=1 cs=1]
                RenderBlock {P} at (8,1) size 155x15
                  RenderText {#text} at (0,0) size 52x15
                    text run at (0,0) width 52: "Zak West"
                  RenderInline {SPAN} at (0,0) size 0x15
                    RenderInline {O:P} at (0,0) size 0x15
                RenderBlock {P} at (8,16) size 155x15
                  RenderText {#text} at (0,0) size 97x15
                    text run at (0,0) width 97: "Karl Allmendinger"
                RenderBlock {P} at (8,31) size 155x15
                  RenderText {#text} at (0,0) size 83x15
                    text run at (0,0) width 83: "John Espectzde"
                RenderBlock {P} at (8,46) size 155x15
                  RenderText {#text} at (0,0) size 71x15
                    text run at (0,0) width 71: "Gene Pheiffer"
                RenderBlock {P} at (8,61) size 155x15
                  RenderText {#text} at (0,0) size 68x15
                    text run at (0,0) width 68: "Harold Todd"
                RenderBlock {P} at (8,76) size 155x15
                  RenderText {#text} at (0,0) size 81x15
                    text run at (0,0) width 81: "Gerald Cardinal"
                RenderBlock {P} at (8,91) size 155x15
                  RenderText {#text} at (0,0) size 65x15
                    text run at (0,0) width 65: "Ali Erdengiz"
                RenderBlock {P} at (8,106) size 155x15
                  RenderText {#text} at (0,0) size 88x15
                    text run at (0,0) width 88: "Jason Anderson"
                  RenderInline {SPAN} at (0,0) size 0x15
                    RenderInline {O:P} at (0,0) size 0x15
              RenderTableCell {TD} at (268,3061) size 99x121 [border: (1px none #808080) none (1px none #808080)] [r=45 c=2 rs=1 cs=1]
                RenderBlock {P} at (8,1) size 84x15
                  RenderText {#text} at (32,0) size 20x15
                    text run at (32,0) width 20: "Yes"
                  RenderInline {SPAN} at (0,0) size 0x15
                    RenderInline {O:P} at (0,0) size 0x15
                RenderBlock {P} at (8,16) size 84x15
                  RenderText {#text} at (32,0) size 20x15
                    text run at (32,0) width 20: "Yes"
                RenderBlock {P} at (8,31) size 84x15
                  RenderText {#text} at (40,0) size 4x15
                    text run at (40,0) width 4: " "
                RenderBlock {P} at (8,46) size 84x15
                  RenderText {#text} at (32,0) size 20x15
                    text run at (32,0) width 20: "Yes"
                RenderBlock {P} at (8,61) size 84x15
                  RenderText {#text} at (40,0) size 4x15
                    text run at (40,0) width 4: " "
                RenderBlock {P} at (8,76) size 84x15
                  RenderText {#text} at (40,0) size 4x15
                    text run at (40,0) width 4: " "
                RenderBlock {P} at (8,91) size 84x15
                  RenderText {#text} at (40,0) size 4x15
                    text run at (40,0) width 4: " "
                RenderBlock {P} at (8,106) size 84x15
                  RenderText {#text} at (32,0) size 20x15
                    text run at (32,0) width 20: "Yes"
                  RenderInline {SPAN} at (0,0) size 0x15
                    RenderInline {O:P} at (0,0) size 0x15
              RenderTableCell {TD} at (367,3061) size 105x121 [border: (1px none #808080) none (1px none #808080)] [r=45 c=3 rs=1 cs=1]
                RenderBlock {P} at (8,1) size 90x15
                  RenderText {#text} at (35,0) size 20x15
                    text run at (35,0) width 20: "Yes"
                  RenderInline {SPAN} at (0,0) size 0x15
                    RenderInline {O:P} at (0,0) size 0x15
                RenderBlock {P} at (8,16) size 90x15
                  RenderText {#text} at (37,0) size 16x15
                    text run at (37,0) width 16: "No"
                RenderBlock {P} at (8,31) size 90x15
                  RenderText {#text} at (43,0) size 4x15
                    text run at (43,0) width 4: " "
                RenderBlock {P} at (8,46) size 90x15
                  RenderText {#text} at (37,0) size 16x15
                    text run at (37,0) width 16: "No"
                RenderBlock {P} at (8,61) size 90x15
                  RenderText {#text} at (43,0) size 4x15
                    text run at (43,0) width 4: " "
                RenderBlock {P} at (8,76) size 90x15
                  RenderText {#text} at (43,0) size 4x15
                    text run at (43,0) width 4: " "
                RenderBlock {P} at (8,91) size 90x15
                  RenderText {#text} at (43,0) size 4x15
                    text run at (43,0) width 4: " "
                RenderBlock {P} at (8,106) size 90x15
                  RenderText {#text} at (37,0) size 16x15
                    text run at (37,0) width 16: "No"
                  RenderInline {SPAN} at (0,0) size 0x15
                    RenderInline {O:P} at (0,0) size 0x15
            RenderTableRow {TR} at (0,3182) size 472x166
              RenderTableCell {TD} at (0,3182) size 98x16 [border: (1px none #808080) none] [r=46 c=0 rs=1 cs=1]
                RenderBlock {P} at (8,1) size 83x15
                  RenderText {#text} at (35,0) size 13x15
                    text run at (35,0) width 13: "47"
                  RenderInline {SPAN} at (0,0) size 1x15
                    RenderInline {O:P} at (0,0) size 1x15
              RenderTableCell {TD} at (98,3182) size 170x166 [border: (1px none #808080) none (1px none #808080)] [r=46 c=1 rs=1 cs=1]
                RenderBlock {P} at (8,1) size 155x15
                  RenderText {#text} at (0,0) size 79x15
                    text run at (0,0) width 79: "James Holaduz"
                  RenderInline {SPAN} at (0,0) size 0x15
                    RenderInline {O:P} at (0,0) size 0x15
                RenderBlock {P} at (8,16) size 155x15
                  RenderText {#text} at (0,0) size 47x15
                    text run at (0,0) width 47: "Tony Yu"
                  RenderInline {SPAN} at (0,0) size 0x15
                    RenderInline {O:P} at (0,0) size 0x15
                RenderBlock {P} at (8,31) size 155x15
                  RenderText {#text} at (0,0) size 82x15
                    text run at (0,0) width 82: "Quang Nguyen"
                  RenderInline {SPAN} at (0,0) size 0x15
                    RenderInline {O:P} at (0,0) size 0x15
                RenderBlock {P} at (8,46) size 155x15
                  RenderText {#text} at (0,0) size 70x15
                    text run at (0,0) width 70: "Rick Klement"
                  RenderInline {SPAN} at (0,0) size 0x15
                    RenderInline {O:P} at (0,0) size 0x15
                RenderBlock {P} at (8,61) size 155x15
                  RenderText {#text} at (0,0) size 77x15
                    text run at (0,0) width 77: "Mark Glanville"
                  RenderInline {SPAN} at (0,0) size 0x15
                    RenderInline {O:P} at (0,0) size 0x15
                RenderBlock {P} at (8,76) size 155x15
                  RenderText {#text} at (0,0) size 87x15
                    text run at (0,0) width 87: "Michael Chansu"
                RenderBlock {P} at (8,91) size 155x15
                  RenderText {#text} at (0,0) size 68x15
                    text run at (0,0) width 68: "Harold Todd"
                RenderBlock {P} at (8,106) size 155x15
                  RenderInline {FONT} at (0,0) size 55x15
                    RenderText {#text} at (0,0) size 55x15
                      text run at (0,0) width 55: "Don Coon"
                RenderBlock {P} at (8,121) size 155x15
                  RenderText {#text} at (0,0) size 55x15
                    text run at (0,0) width 55: "John Paye"
                RenderBlock {P} at (8,136) size 155x15
                  RenderText {#text} at (0,0) size 64x15
                    text run at (0,0) width 64: "David Allen"
                RenderBlock {P} at (8,151) size 155x15
                  RenderText {#text} at (0,0) size 105x15
                    text run at (0,0) width 105: "Raymund Leonardo"
                  RenderInline {SPAN} at (0,0) size 0x15
                    RenderInline {O:P} at (0,0) size 0x15
              RenderTableCell {TD} at (268,3182) size 99x166 [border: (1px none #808080) none (1px none #808080)] [r=46 c=2 rs=1 cs=1]
                RenderBlock {P} at (8,1) size 84x15
                  RenderText {#text} at (32,0) size 20x15
                    text run at (32,0) width 20: "Yes"
                  RenderInline {SPAN} at (0,0) size 0x15
                    RenderInline {O:P} at (0,0) size 0x15
                RenderBlock {P} at (8,16) size 84x15
                  RenderText {#text} at (32,0) size 20x15
                    text run at (32,0) width 20: "Yes"
                  RenderInline {SPAN} at (0,0) size 0x15
                    RenderInline {O:P} at (0,0) size 0x15
                RenderBlock {P} at (8,31) size 84x15
                  RenderText {#text} at (32,0) size 20x15
                    text run at (32,0) width 20: "Yes"
                  RenderInline {SPAN} at (0,0) size 0x15
                    RenderInline {O:P} at (0,0) size 0x15
                RenderBlock {P} at (8,46) size 84x15
                  RenderText {#text} at (32,0) size 20x15
                    text run at (32,0) width 20: "Yes"
                  RenderInline {SPAN} at (0,0) size 0x15
                    RenderInline {O:P} at (0,0) size 0x15
                RenderBlock {P} at (8,61) size 84x15
                  RenderText {#text} at (32,0) size 20x15
                    text run at (32,0) width 20: "Yes"
                  RenderInline {SPAN} at (0,0) size 0x15
                    RenderInline {O:P} at (0,0) size 0x15
                RenderBlock {P} at (8,76) size 84x15
                  RenderText {#text} at (32,0) size 20x15
                    text run at (32,0) width 20: "Yes"
                RenderBlock {P} at (8,91) size 84x15
                  RenderText {#text} at (40,0) size 4x15
                    text run at (40,0) width 4: " "
                RenderBlock {P} at (8,106) size 84x15
                  RenderText {#text} at (40,0) size 4x15
                    text run at (40,0) width 4: " "
                RenderBlock {P} at (8,121) size 84x15
                  RenderText {#text} at (40,0) size 4x15
                    text run at (40,0) width 4: " "
                RenderBlock {P} at (8,136) size 84x15
                  RenderText {#text} at (40,0) size 4x15
                    text run at (40,0) width 4: " "
                RenderBlock {P} at (8,151) size 84x15
                  RenderText {#text} at (34,0) size 16x15
                    text run at (34,0) width 16: "No"
                  RenderInline {SPAN} at (0,0) size 0x15
                    RenderInline {O:P} at (0,0) size 0x15
              RenderTableCell {TD} at (367,3182) size 105x166 [border: (1px none #808080) none (1px none #808080)] [r=46 c=3 rs=1 cs=1]
                RenderBlock {P} at (8,1) size 90x15
                  RenderText {#text} at (37,0) size 16x15
                    text run at (37,0) width 16: "No"
                  RenderInline {SPAN} at (0,0) size 0x15
                    RenderInline {O:P} at (0,0) size 0x15
                RenderBlock {P} at (8,16) size 90x15
                  RenderText {#text} at (37,0) size 16x15
                    text run at (37,0) width 16: "No"
                  RenderInline {SPAN} at (0,0) size 0x15
                    RenderInline {O:P} at (0,0) size 0x15
                RenderBlock {P} at (8,31) size 90x15
                  RenderText {#text} at (37,0) size 16x15
                    text run at (37,0) width 16: "No"
                  RenderInline {SPAN} at (0,0) size 0x15
                    RenderInline {O:P} at (0,0) size 0x15
                RenderBlock {P} at (8,46) size 90x15
                  RenderText {#text} at (35,0) size 20x15
                    text run at (35,0) width 20: "Yes"
                  RenderInline {SPAN} at (0,0) size 0x15
                    RenderInline {O:P} at (0,0) size 0x15
                RenderBlock {P} at (8,61) size 90x15
                  RenderText {#text} at (37,0) size 16x15
                    text run at (37,0) width 16: "No"
                  RenderInline {SPAN} at (0,0) size 0x15
                    RenderInline {O:P} at (0,0) size 0x15
                RenderBlock {P} at (8,76) size 90x15
                  RenderText {#text} at (37,0) size 16x15
                    text run at (37,0) width 16: "No"
                RenderBlock {P} at (8,91) size 90x15
                  RenderText {#text} at (43,0) size 4x15
                    text run at (43,0) width 4: " "
                RenderBlock {P} at (8,106) size 90x15
                  RenderText {#text} at (43,0) size 4x15
                    text run at (43,0) width 4: " "
                RenderBlock {P} at (8,121) size 90x15
                  RenderText {#text} at (43,0) size 4x15
                    text run at (43,0) width 4: " "
                RenderBlock {P} at (8,136) size 90x15
                  RenderText {#text} at (43,0) size 4x15
                    text run at (43,0) width 4: " "
                RenderBlock {P} at (8,151) size 90x15
                  RenderText {#text} at (35,0) size 20x15
                    text run at (35,0) width 20: "Yes"
                  RenderInline {SPAN} at (0,0) size 0x15
                    RenderInline {O:P} at (0,0) size 0x15
            RenderTableRow {TR} at (0,3348) size 472x136
              RenderTableCell {TD} at (0,3348) size 98x16 [border: (1px none #808080) none] [r=47 c=0 rs=1 cs=1]
                RenderBlock {P} at (8,1) size 83x15
                  RenderText {#text} at (35,0) size 13x15
                    text run at (35,0) width 13: "48"
                  RenderInline {SPAN} at (0,0) size 1x15
                    RenderInline {O:P} at (0,0) size 1x15
              RenderTableCell {TD} at (98,3348) size 170x136 [border: (1px none #808080) none (1px none #808080)] [r=47 c=1 rs=1 cs=1]
                RenderBlock {P} at (8,1) size 155x15
                  RenderText {#text} at (0,0) size 77x15
                    text run at (0,0) width 77: "Mark Glanville"
                  RenderInline {SPAN} at (0,0) size 0x15
                    RenderInline {O:P} at (0,0) size 0x15
                RenderBlock {P} at (8,16) size 155x15
                  RenderText {#text} at (0,0) size 90x15
                    text run at (0,0) width 90: "Ian + Brad Carter"
                RenderBlock {P} at (8,31) size 155x15
                  RenderText {#text} at (0,0) size 79x15
                    text run at (0,0) width 79: "Stefan Kiritzov"
                RenderBlock {P} at (8,46) size 155x15
                  RenderText {#text} at (0,0) size 58x15
                    text run at (0,0) width 58: "Joe Araujo"
                RenderBlock {P} at (8,61) size 155x15
                  RenderText {#text} at (0,0) size 68x15
                    text run at (0,0) width 68: "Harold Todd"
                RenderBlock {P} at (8,76) size 155x15
                  RenderText {#text} at (0,0) size 68x15
                    text run at (0,0) width 68: "Steve Gilbert"
                RenderBlock {P} at (8,91) size 155x15
                  RenderText {#text} at (0,0) size 52x15
                    text run at (0,0) width 52: "Mark Diel"
                RenderBlock {P} at (8,106) size 155x15
                  RenderText {#text} at (0,0) size 86x15
                    text run at (0,0) width 86: "Jack Goodfriend"
                RenderBlock {P} at (8,121) size 155x15
                  RenderText {#text} at (0,0) size 90x15
                    text run at (0,0) width 90: "Ruenjoe (Joe) Lu"
                  RenderInline {SPAN} at (0,0) size 0x15
                    RenderInline {O:P} at (0,0) size 0x15
              RenderTableCell {TD} at (268,3348) size 99x91 [border: (1px none #808080) none (1px none #808080)] [r=47 c=2 rs=1 cs=1]
                RenderBlock {P} at (8,1) size 84x15
                  RenderText {#text} at (32,0) size 20x15
                    text run at (32,0) width 20: "Yes"
                  RenderInline {SPAN} at (0,0) size 0x15
                    RenderInline {O:P} at (0,0) size 0x15
                RenderBlock {P} at (8,16) size 84x15
                  RenderText {#text} at (32,0) size 20x15
                    text run at (32,0) width 20: "Yes"
                RenderBlock {P} at (8,31) size 84x15
                  RenderText {#text} at (32,0) size 20x15
                    text run at (32,0) width 20: "Yes"
                RenderBlock {P} at (8,46) size 84x15
                  RenderText {#text} at (40,0) size 4x15
                    text run at (40,0) width 4: " "
                RenderBlock {P} at (8,61) size 84x15
                  RenderText {#text} at (40,0) size 4x15
                    text run at (40,0) width 4: " "
                RenderBlock {P} at (8,76) size 84x15
                  RenderText {#text} at (32,0) size 20x15
                    text run at (32,0) width 20: "Yes"
                  RenderInline {SPAN} at (0,0) size 0x15
                    RenderInline {O:P} at (0,0) size 0x15
              RenderTableCell {TD} at (367,3348) size 105x91 [border: (1px none #808080) none (1px none #808080)] [r=47 c=3 rs=1 cs=1]
                RenderBlock {P} at (8,1) size 90x15
                  RenderText {#text} at (37,0) size 16x15
                    text run at (37,0) width 16: "No"
                  RenderInline {SPAN} at (0,0) size 0x15
                    RenderInline {O:P} at (0,0) size 0x15
                RenderBlock {P} at (8,16) size 90x15
                  RenderText {#text} at (37,0) size 16x15
                    text run at (37,0) width 16: "No"
                RenderBlock {P} at (8,31) size 90x15
                  RenderText {#text} at (35,0) size 20x15
                    text run at (35,0) width 20: "Yes"
                RenderBlock {P} at (8,46) size 90x15
                  RenderText {#text} at (43,0) size 4x15
                    text run at (43,0) width 4: " "
                RenderBlock {P} at (8,61) size 90x15
                  RenderText {#text} at (43,0) size 4x15
                    text run at (43,0) width 4: " "
                RenderBlock {P} at (8,76) size 90x15
                  RenderText {#text} at (37,0) size 16x15
                    text run at (37,0) width 16: "No"
                  RenderInline {SPAN} at (0,0) size 0x15
                    RenderInline {O:P} at (0,0) size 0x15
            RenderTableRow {TR} at (0,3484) size 472x61
              RenderTableCell {TD} at (0,3484) size 98x16 [border: (1px none #808080) none] [r=48 c=0 rs=1 cs=1]
                RenderBlock {P} at (8,1) size 83x15
                  RenderText {#text} at (35,0) size 13x15
                    text run at (35,0) width 13: "49"
                  RenderInline {SPAN} at (0,0) size 1x15
                    RenderInline {O:P} at (0,0) size 1x15
              RenderTableCell {TD} at (98,3484) size 170x61 [border: (1px none #808080) none (1px none #808080)] [r=48 c=1 rs=1 cs=1]
                RenderBlock {P} at (8,1) size 155x15
                  RenderText {#text} at (0,0) size 65x15
                    text run at (0,0) width 65: "Ali Erdengiz"
                RenderBlock {P} at (8,16) size 155x15
                  RenderText {#text} at (0,0) size 64x15
                    text run at (0,0) width 64: "David Allen"
                RenderBlock {P} at (8,31) size 155x15
                  RenderInline {SPAN} at (0,0) size 72x15
                    RenderInline {O:P} at (0,0) size 0x0
                    RenderText {#text} at (0,0) size 72x15
                      text run at (0,0) width 72: "Narayen Raju"
                RenderBlock {P} at (8,46) size 155x15
                  RenderInline {SPAN} at (0,0) size 88x15
                    RenderText {#text} at (0,0) size 88x15
                      text run at (0,0) width 34: "Jason "
                      text run at (34,0) width 54: "Anderson"
              RenderTableCell {TD} at (268,3484) size 99x61 [border: (1px none #808080) none (1px none #808080)] [r=48 c=2 rs=1 cs=1]
                RenderBlock {P} at (8,1) size 84x15
                  RenderText {#text} at (40,0) size 4x15
                    text run at (40,0) width 4: " "
                RenderBlock {P} at (8,16) size 84x15
                  RenderText {#text} at (40,0) size 4x15
                    text run at (40,0) width 4: " "
                RenderBlock {P} at (8,31) size 84x15
                  RenderText {#text} at (40,0) size 4x15
                    text run at (40,0) width 4: " "
                RenderBlock {P} at (8,46) size 84x15
                  RenderText {#text} at (32,0) size 20x15
                    text run at (32,0) width 20: "Yes"
                  RenderInline {SPAN} at (0,0) size 0x15
                    RenderInline {O:P} at (0,0) size 0x15
              RenderTableCell {TD} at (367,3484) size 105x61 [border: (1px none #808080) none (1px none #808080)] [r=48 c=3 rs=1 cs=1]
                RenderBlock {P} at (8,1) size 90x15
                  RenderText {#text} at (43,0) size 4x15
                    text run at (43,0) width 4: " "
                RenderBlock {P} at (8,16) size 90x15
                  RenderText {#text} at (43,0) size 4x15
                    text run at (43,0) width 4: " "
                RenderBlock {P} at (8,31) size 90x15
                  RenderText {#text} at (43,0) size 4x15
                    text run at (43,0) width 4: " "
                RenderBlock {P} at (8,46) size 90x15
                  RenderText {#text} at (37,0) size 16x15
                    text run at (37,0) width 16: "No"
                  RenderInline {SPAN} at (0,0) size 0x15
                    RenderInline {O:P} at (0,0) size 0x15
            RenderTableRow {TR} at (0,3545) size 472x136
              RenderTableCell {TD} at (0,3545) size 98x16 [border: (1px none #808080) none] [r=49 c=0 rs=1 cs=1]
                RenderBlock {P} at (8,1) size 83x15
                  RenderText {#text} at (35,0) size 13x15
                    text run at (35,0) width 13: "50"
                  RenderInline {SPAN} at (0,0) size 1x15
                    RenderInline {O:P} at (0,0) size 1x15
              RenderTableCell {TD} at (98,3545) size 170x136 [border: (1px none #808080) none (1px none #808080)] [r=49 c=1 rs=1 cs=1]
                RenderBlock {P} at (8,1) size 155x15
                  RenderText {#text} at (0,0) size 52x15
                    text run at (0,0) width 52: "Zak West"
                  RenderInline {SPAN} at (0,0) size 0x15
                    RenderInline {O:P} at (0,0) size 0x15
                RenderBlock {P} at (8,16) size 155x15
                  RenderText {#text} at (0,0) size 70x15
                    text run at (0,0) width 70: "Rick Klement"
                  RenderInline {SPAN} at (0,0) size 0x15
                    RenderInline {O:P} at (0,0) size 0x15
                RenderBlock {P} at (8,31) size 155x15
                  RenderText {#text} at (0,0) size 54x15
                    text run at (0,0) width 54: "Jim Bernal"
                RenderBlock {P} at (8,46) size 155x15
                  RenderText {#text} at (0,0) size 86x15
                    text run at (0,0) width 86: "Alan Littlewood"
                RenderBlock {P} at (8,61) size 155x15
                  RenderText {#text} at (0,0) size 60x15
                    text run at (0,0) width 60: "Jerry Davis"
                RenderBlock {P} at (8,76) size 155x15
                  RenderText {#text} at (0,0) size 84x15
                    text run at (0,0) width 84: "Lauren Bussard"
                RenderBlock {P} at (8,91) size 155x15
                  RenderText {#text} at (0,0) size 83x15
                    text run at (0,0) width 83: "John Yearwood"
                RenderBlock {P} at (8,106) size 155x15
                  RenderText {#text} at (0,0) size 72x15
                    text run at (0,0) width 72: "Narayan Raju"
                RenderBlock {P} at (8,121) size 155x15
                  RenderText {#text} at (0,0) size 66x15
                    text run at (0,0) width 66: "Ken Manuel"
                  RenderInline {SPAN} at (0,0) size 0x15
                    RenderInline {O:P} at (0,0) size 0x15
              RenderTableCell {TD} at (268,3545) size 99x106 [border: (1px none #808080) none (1px none #808080)] [r=49 c=2 rs=1 cs=1]
                RenderBlock {P} at (8,1) size 84x15
                  RenderText {#text} at (32,0) size 20x15
                    text run at (32,0) width 20: "Yes"
                  RenderInline {SPAN} at (0,0) size 0x15
                    RenderInline {O:P} at (0,0) size 0x15
                RenderBlock {P} at (8,16) size 84x15
                  RenderText {#text} at (32,0) size 20x15
                    text run at (32,0) width 20: "Yes"
                  RenderInline {SPAN} at (0,0) size 0x15
                    RenderInline {O:P} at (0,0) size 0x15
                RenderBlock {P} at (8,31) size 84x15
                  RenderText {#text} at (32,0) size 20x15
                    text run at (32,0) width 20: "Yes"
                RenderBlock {P} at (8,46) size 84x15
                  RenderText {#text} at (32,0) size 20x15
                    text run at (32,0) width 20: "Yes"
                RenderBlock {P} at (8,61) size 84x15
                  RenderText {#text} at (32,0) size 20x15
                    text run at (32,0) width 20: "Yes"
                RenderBlock {P} at (8,76) size 84x15
                  RenderText {#text} at (40,0) size 4x15
                    text run at (40,0) width 4: " "
                RenderBlock {P} at (8,91) size 84x15
                  RenderText {#text} at (32,0) size 20x15
                    text run at (32,0) width 20: "Yes"
                  RenderInline {SPAN} at (0,0) size 0x15
                    RenderInline {O:P} at (0,0) size 0x15
              RenderTableCell {TD} at (367,3545) size 105x106 [border: (1px none #808080) none (1px none #808080)] [r=49 c=3 rs=1 cs=1]
                RenderBlock {P} at (8,1) size 90x15
                  RenderText {#text} at (35,0) size 20x15
                    text run at (35,0) width 20: "Yes"
                  RenderInline {SPAN} at (0,0) size 0x15
                    RenderInline {O:P} at (0,0) size 0x15
                RenderBlock {P} at (8,16) size 90x15
                  RenderText {#text} at (35,0) size 20x15
                    text run at (35,0) width 20: "Yes"
                  RenderInline {SPAN} at (0,0) size 0x15
                    RenderInline {O:P} at (0,0) size 0x15
                RenderBlock {P} at (8,31) size 90x15
                  RenderText {#text} at (37,0) size 16x15
                    text run at (37,0) width 16: "No"
                RenderBlock {P} at (8,46) size 90x15
                  RenderText {#text} at (37,0) size 16x15
                    text run at (37,0) width 16: "No"
                RenderBlock {P} at (8,61) size 90x15
                  RenderText {#text} at (35,0) size 20x15
                    text run at (35,0) width 20: "Yes"
                RenderBlock {P} at (8,76) size 90x15
                  RenderText {#text} at (43,0) size 4x15
                    text run at (43,0) width 4: " "
                RenderBlock {P} at (8,91) size 90x15
                  RenderText {#text} at (37,0) size 16x15
                    text run at (37,0) width 16: "No"
                  RenderInline {SPAN} at (0,0) size 0x15
                    RenderInline {O:P} at (0,0) size 0x15
            RenderTableRow {TR} at (0,3681) size 472x46
              RenderTableCell {TD} at (0,3681) size 98x16 [border: (1px none #808080) none] [r=50 c=0 rs=1 cs=1]
                RenderBlock {P} at (8,1) size 83x15
                  RenderText {#text} at (35,0) size 13x15
                    text run at (35,0) width 13: "51"
                  RenderInline {SPAN} at (0,0) size 1x15
                    RenderInline {O:P} at (0,0) size 1x15
              RenderTableCell {TD} at (98,3681) size 170x46 [border: (1px none #808080) none (1px none #808080)] [r=50 c=1 rs=1 cs=1]
                RenderBlock {P} at (8,1) size 155x15
                  RenderText {#text} at (0,0) size 78x15
                    text run at (0,0) width 78: "Robert Barnett"
                RenderBlock {P} at (8,16) size 155x15
                  RenderText {#text} at (0,0) size 72x15
                    text run at (0,0) width 72: "Jim Mahoney"
                RenderBlock {P} at (8,31) size 155x15
                  RenderText {#text} at (0,0) size 88x15
                    text run at (0,0) width 88: "Jason Anderson"
                  RenderInline {SPAN} at (0,0) size 0x15
                    RenderInline {O:P} at (0,0) size 0x15
              RenderTableCell {TD} at (268,3681) size 99x46 [border: (1px none #808080) none (1px none #808080)] [r=50 c=2 rs=1 cs=1]
                RenderBlock {P} at (8,1) size 84x15
                  RenderText {#text} at (32,0) size 20x15
                    text run at (32,0) width 20: "Yes"
                RenderBlock {P} at (8,16) size 84x15
                  RenderText {#text} at (32,0) size 20x15
                    text run at (32,0) width 20: "Yes"
                RenderBlock {P} at (8,31) size 84x15
                  RenderText {#text} at (32,0) size 20x15
                    text run at (32,0) width 20: "Yes"
                  RenderInline {SPAN} at (0,0) size 0x15
                    RenderInline {O:P} at (0,0) size 0x15
              RenderTableCell {TD} at (367,3681) size 105x46 [border: (1px none #808080) none (1px none #808080)] [r=50 c=3 rs=1 cs=1]
                RenderBlock {P} at (8,1) size 90x15
                  RenderInline {SPAN} at (0,0) size 16x15
                    RenderText {#text} at (37,0) size 16x15
                      text run at (37,0) width 16: "No"
                    RenderInline {O:P} at (0,0) size 0x15
                RenderBlock {P} at (8,16) size 90x15
                  RenderInline {SPAN} at (0,0) size 20x15
                    RenderText {#text} at (35,0) size 20x15
                      text run at (35,0) width 20: "Yes"
                RenderBlock {P} at (8,31) size 90x15
                  RenderInline {SPAN} at (0,0) size 16x15
                    RenderText {#text} at (37,0) size 16x15
                      text run at (37,0) width 16: "No"
                  RenderInline {SPAN} at (0,0) size 0x15
                    RenderInline {O:P} at (0,0) size 0x15
            RenderTableRow {TR} at (0,3727) size 472x76
              RenderTableCell {TD} at (0,3727) size 98x16 [border: (1px none #808080) none] [r=51 c=0 rs=1 cs=1]
                RenderBlock {P} at (8,1) size 83x15
                  RenderText {#text} at (35,0) size 13x15
                    text run at (35,0) width 13: "52"
                  RenderInline {SPAN} at (0,0) size 1x15
                    RenderInline {O:P} at (0,0) size 1x15
              RenderTableCell {TD} at (98,3727) size 170x76 [border: (1px none #808080) none (1px none #808080)] [r=51 c=1 rs=1 cs=1]
                RenderBlock {P} at (8,1) size 155x15
                  RenderText {#text} at (0,0) size 59x15
                    text run at (0,0) width 59: "Mike West"
                  RenderInline {SPAN} at (0,0) size 0x15
                    RenderInline {O:P} at (0,0) size 0x15
                RenderBlock {P} at (8,16) size 155x15
                  RenderText {#text} at (0,0) size 81x15
                    text run at (0,0) width 81: "Robert Frogner"
                RenderBlock {P} at (8,31) size 155x15
                  RenderText {#text} at (0,0) size 86x15
                    text run at (0,0) width 86: "Chris McDowell"
                RenderBlock {P} at (8,46) size 155x15
                  RenderText {#text} at (0,0) size 53x15
                    text run at (0,0) width 53: "Ed Cypret"
                RenderBlock {P} at (8,61) size 155x15
                  RenderText {#text} at (0,0) size 66x15
                    text run at (0,0) width 66: "Dale Barnett"
                  RenderInline {SPAN} at (0,0) size 0x15
                    RenderInline {O:P} at (0,0) size 0x15
              RenderTableCell {TD} at (268,3727) size 99x76 [border: (1px none #808080) none (1px none #808080)] [r=51 c=2 rs=1 cs=1]
                RenderBlock {P} at (8,1) size 84x15
                  RenderText {#text} at (32,0) size 20x15
                    text run at (32,0) width 20: "Yes"
                  RenderInline {SPAN} at (0,0) size 0x15
                    RenderInline {O:P} at (0,0) size 0x15
                RenderBlock {P} at (8,16) size 84x15
                  RenderText {#text} at (32,0) size 20x15
                    text run at (32,0) width 20: "Yes"
                RenderBlock {P} at (8,31) size 84x15
                  RenderText {#text} at (32,0) size 20x15
                    text run at (32,0) width 20: "Yes"
                RenderBlock {P} at (8,46) size 84x15
                  RenderText {#text} at (40,0) size 4x15
                    text run at (40,0) width 4: " "
                RenderBlock {P} at (8,61) size 84x15
                  RenderText {#text} at (32,0) size 20x15
                    text run at (32,0) width 20: "Yes"
                  RenderInline {SPAN} at (0,0) size 0x15
                    RenderInline {O:P} at (0,0) size 0x15
              RenderTableCell {TD} at (367,3727) size 105x76 [border: (1px none #808080) none (1px none #808080)] [r=51 c=3 rs=1 cs=1]
                RenderBlock {P} at (8,1) size 90x15
                  RenderText {#text} at (35,0) size 20x15
                    text run at (35,0) width 20: "Yes"
                  RenderInline {SPAN} at (0,0) size 0x15
                    RenderInline {O:P} at (0,0) size 0x15
                RenderBlock {P} at (8,16) size 90x15
                  RenderText {#text} at (37,0) size 16x15
                    text run at (37,0) width 16: "No"
                RenderBlock {P} at (8,31) size 90x15
                  RenderText {#text} at (37,0) size 16x15
                    text run at (37,0) width 16: "No"
                RenderBlock {P} at (8,46) size 90x15
                  RenderText {#text} at (43,0) size 4x15
                    text run at (43,0) width 4: " "
                RenderBlock {P} at (8,61) size 90x15
                  RenderText {#text} at (37,0) size 16x15
                    text run at (37,0) width 16: "No"
                  RenderInline {SPAN} at (0,0) size 0x15
                    RenderInline {O:P} at (0,0) size 0x15
            RenderTableRow {TR} at (0,3803) size 472x76
              RenderTableCell {TD} at (0,3803) size 98x16 [border: (1px none #808080) none] [r=52 c=0 rs=1 cs=1]
                RenderBlock {P} at (8,1) size 83x15
                  RenderText {#text} at (35,0) size 13x15
                    text run at (35,0) width 13: "53"
                  RenderInline {SPAN} at (0,0) size 1x15
                    RenderInline {O:P} at (0,0) size 1x15
              RenderTableCell {TD} at (98,3803) size 170x76 [border: (1px none #808080) none (1px none #808080)] [r=52 c=1 rs=1 cs=1]
                RenderBlock {P} at (8,1) size 155x15
                  RenderText {#text} at (0,0) size 81x15
                    text run at (0,0) width 81: "Alberto Lanzas"
                  RenderInline {SPAN} at (0,0) size 0x15
                    RenderInline {O:P} at (0,0) size 0x15
                RenderBlock {P} at (8,16) size 155x15
                  RenderText {#text} at (0,0) size 66x15
                    text run at (0,0) width 66: "Bill Johnson"
                RenderBlock {P} at (8,31) size 155x15
                  RenderText {#text} at (0,0) size 43x15
                    text run at (0,0) width 43: "Al Wert"
                RenderBlock {P} at (8,46) size 155x15
                  RenderText {#text} at (0,0) size 66x15
                    text run at (0,0) width 66: "Dale Barnett"
                RenderBlock {P} at (8,61) size 155x15
                  RenderText {#text} at (0,0) size 101x15
                    text run at (0,0) width 101: "Ramin Khoshnevis"
                  RenderInline {SPAN} at (0,0) size 0x15
                    RenderInline {O:P} at (0,0) size 0x15
              RenderTableCell {TD} at (268,3803) size 99x76 [border: (1px none #808080) none (1px none #808080)] [r=52 c=2 rs=1 cs=1]
                RenderBlock {P} at (8,1) size 84x15
                  RenderText {#text} at (32,0) size 20x15
                    text run at (32,0) width 20: "Yes"
                  RenderInline {SPAN} at (0,0) size 0x15
                    RenderInline {O:P} at (0,0) size 0x15
                RenderBlock {P} at (8,16) size 84x15
                  RenderText {#text} at (32,0) size 20x15
                    text run at (32,0) width 20: "Yes"
                RenderBlock {P} at (8,31) size 84x15
                  RenderText {#text} at (34,0) size 16x15
                    text run at (34,0) width 16: "No"
                RenderBlock {P} at (8,46) size 84x15
                  RenderText {#text} at (32,0) size 20x15
                    text run at (32,0) width 20: "Yes"
                RenderBlock {P} at (8,61) size 84x15
                  RenderText {#text} at (32,0) size 20x15
                    text run at (32,0) width 20: "Yes"
                  RenderInline {SPAN} at (0,0) size 0x15
                    RenderInline {O:P} at (0,0) size 0x15
              RenderTableCell {TD} at (367,3803) size 105x76 [border: (1px none #808080) none (1px none #808080)] [r=52 c=3 rs=1 cs=1]
                RenderBlock {P} at (8,1) size 90x15
                  RenderText {#text} at (35,0) size 20x15
                    text run at (35,0) width 20: "Yes"
                  RenderInline {SPAN} at (0,0) size 0x15
                    RenderInline {O:P} at (0,0) size 0x15
                RenderBlock {P} at (8,16) size 90x15
                  RenderText {#text} at (37,0) size 16x15
                    text run at (37,0) width 16: "No"
                RenderBlock {P} at (8,31) size 90x15
                  RenderText {#text} at (35,0) size 20x15
                    text run at (35,0) width 20: "Yes"
                RenderBlock {P} at (8,46) size 90x15
                  RenderText {#text} at (37,0) size 16x15
                    text run at (37,0) width 16: "No"
                RenderBlock {P} at (8,61) size 90x15
                  RenderText {#text} at (37,0) size 16x15
                    text run at (37,0) width 16: "No"
                  RenderInline {SPAN} at (0,0) size 0x15
                    RenderInline {O:P} at (0,0) size 0x15
            RenderTableRow {TR} at (0,3879) size 472x106
              RenderTableCell {TD} at (0,3879) size 98x16 [border: (1px none #808080) none] [r=53 c=0 rs=1 cs=1]
                RenderBlock {P} at (8,1) size 83x15
                  RenderText {#text} at (35,0) size 13x15
                    text run at (35,0) width 13: "54"
                  RenderInline {SPAN} at (0,0) size 1x15
                    RenderInline {O:P} at (0,0) size 1x15
              RenderTableCell {TD} at (98,3879) size 170x106 [border: (1px none #808080) none (1px none #808080)] [r=53 c=1 rs=1 cs=1]
                RenderBlock {P} at (8,1) size 155x15
                  RenderText {#text} at (0,0) size 73x15
                    text run at (0,0) width 73: "Gene Langley"
                RenderBlock {P} at (8,16) size 155x15
                  RenderText {#text} at (0,0) size 66x15
                    text run at (0,0) width 66: "Bill Johnson"
                RenderBlock {P} at (8,31) size 155x15
                  RenderText {#text} at (0,0) size 52x15
                    text run at (0,0) width 52: "Mark Diel"
                RenderBlock {P} at (8,46) size 155x15
                  RenderText {#text} at (0,0) size 60x15
                    text run at (0,0) width 60: "Jerry Davis"
                RenderBlock {P} at (8,61) size 155x15
                  RenderText {#text} at (0,0) size 55x15
                    text run at (0,0) width 55: "Peter Starr"
                RenderBlock {P} at (8,76) size 155x15
                  RenderText {#text} at (0,0) size 83x15
                    text run at (0,0) width 83: "John Yearwood"
                RenderBlock {P} at (8,91) size 155x15
                  RenderText {#text} at (0,0) size 63x15
                    text run at (0,0) width 63: "Scott Hersh"
                  RenderInline {SPAN} at (0,0) size 0x15
                    RenderInline {O:P} at (0,0) size 0x15
              RenderTableCell {TD} at (268,3879) size 99x106 [border: (1px none #808080) none (1px none #808080)] [r=53 c=2 rs=1 cs=1]
                RenderBlock {P} at (8,1) size 84x15
                  RenderText {#text} at (32,0) size 20x15
                    text run at (32,0) width 20: "Yes"
                RenderBlock {P} at (8,16) size 84x15
                  RenderText {#text} at (32,0) size 20x15
                    text run at (32,0) width 20: "Yes"
                RenderBlock {P} at (8,31) size 84x15
                  RenderText {#text} at (40,0) size 4x15
                    text run at (40,0) width 4: " "
                RenderBlock {P} at (8,46) size 84x15
                  RenderText {#text} at (32,0) size 20x15
                    text run at (32,0) width 20: "Yes"
                RenderBlock {P} at (8,61) size 84x15
                  RenderText {#text} at (40,0) size 4x15
                    text run at (40,0) width 4: " "
                RenderBlock {P} at (8,76) size 84x15
                  RenderText {#text} at (32,0) size 20x15
                    text run at (32,0) width 20: "Yes"
                RenderBlock {P} at (8,91) size 84x15
                  RenderText {#text} at (32,0) size 20x15
                    text run at (32,0) width 20: "Yes"
                  RenderInline {SPAN} at (0,0) size 0x15
                    RenderInline {O:P} at (0,0) size 0x15
              RenderTableCell {TD} at (367,3879) size 105x106 [border: (1px none #808080) none (1px none #808080)] [r=53 c=3 rs=1 cs=1]
                RenderBlock {P} at (8,1) size 90x15
                  RenderText {#text} at (6,0) size 78x15
                    text run at (6,0) width 78: "Gyro wannabe"
                RenderBlock {P} at (8,16) size 90x15
                  RenderText {#text} at (37,0) size 16x15
                    text run at (37,0) width 16: "No"
                RenderBlock {P} at (8,31) size 90x15
                  RenderText {#text} at (43,0) size 4x15
                    text run at (43,0) width 4: " "
                RenderBlock {P} at (8,46) size 90x15
                  RenderText {#text} at (37,0) size 16x15
                    text run at (37,0) width 16: "No"
                RenderBlock {P} at (8,61) size 90x15
                  RenderText {#text} at (43,0) size 4x15
                    text run at (43,0) width 4: " "
                RenderBlock {P} at (8,76) size 90x15
                  RenderText {#text} at (37,0) size 16x15
                    text run at (37,0) width 16: "No"
                RenderBlock {P} at (8,91) size 90x15
                  RenderText {#text} at (37,0) size 16x15
                    text run at (37,0) width 16: "No"
                  RenderInline {SPAN} at (0,0) size 0x15
                    RenderInline {O:P} at (0,0) size 0x15
            RenderTableRow {TR} at (0,3985) size 472x46
              RenderTableCell {TD} at (0,3985) size 98x16 [border: (1px none #808080) none] [r=54 c=0 rs=1 cs=1]
                RenderBlock {P} at (8,1) size 83x15
                  RenderText {#text} at (35,0) size 13x15
                    text run at (35,0) width 13: "55"
                  RenderInline {SPAN} at (0,0) size 1x15
                    RenderInline {O:P} at (0,0) size 1x15
              RenderTableCell {TD} at (98,3985) size 170x46 [border: (1px none #808080) none (1px none #808080)] [r=54 c=1 rs=1 cs=1]
                RenderBlock {P} at (8,1) size 155x15
                  RenderText {#text} at (0,0) size 81x15
                    text run at (0,0) width 81: "Alberto Lanzas"
                  RenderInline {SPAN} at (0,0) size 0x15
                    RenderInline {O:P} at (0,0) size 0x15
                RenderBlock {P} at (8,16) size 155x15
                  RenderText {#text} at (0,0) size 57x15
                    text run at (0,0) width 57: "Bob Roger"
                RenderBlock {P} at (8,31) size 155x15
                  RenderText {#text} at (0,0) size 73x15
                    text run at (0,0) width 73: "Randy StClair"
                  RenderInline {SPAN} at (0,0) size 0x15
                    RenderInline {O:P} at (0,0) size 0x15
              RenderTableCell {TD} at (268,3985) size 99x46 [border: (1px none #808080) none (1px none #808080)] [r=54 c=2 rs=1 cs=1]
                RenderBlock {P} at (8,1) size 84x15
                  RenderText {#text} at (32,0) size 20x15
                    text run at (32,0) width 20: "Yes"
                  RenderInline {SPAN} at (0,0) size 0x15
                    RenderInline {O:P} at (0,0) size 0x15
                RenderBlock {P} at (8,16) size 84x15
                  RenderText {#text} at (32,0) size 20x15
                    text run at (32,0) width 20: "Yes"
                RenderBlock {P} at (8,31) size 84x15
                  RenderText {#text} at (32,0) size 20x15
                    text run at (32,0) width 20: "Yes"
                  RenderInline {SPAN} at (0,0) size 0x15
                    RenderInline {O:P} at (0,0) size 0x15
              RenderTableCell {TD} at (367,3985) size 105x46 [border: (1px none #808080) none (1px none #808080)] [r=54 c=3 rs=1 cs=1]
                RenderBlock {P} at (8,1) size 90x15
                  RenderText {#text} at (35,0) size 20x15
                    text run at (35,0) width 20: "Yes"
                  RenderInline {SPAN} at (0,0) size 0x15
                    RenderInline {O:P} at (0,0) size 0x15
                RenderBlock {P} at (8,16) size 90x15
                  RenderText {#text} at (37,0) size 16x15
                    text run at (37,0) width 16: "No"
                RenderBlock {P} at (8,31) size 90x15
                  RenderText {#text} at (37,0) size 16x15
                    text run at (37,0) width 16: "No"
                  RenderInline {SPAN} at (0,0) size 0x15
                    RenderInline {O:P} at (0,0) size 0x15
            RenderTableRow {TR} at (0,4031) size 472x76
              RenderTableCell {TD} at (0,4031) size 98x16 [border: (1px none #808080) none] [r=55 c=0 rs=1 cs=1]
                RenderBlock {P} at (8,1) size 83x15
                  RenderText {#text} at (35,0) size 13x15
                    text run at (35,0) width 13: "56"
                  RenderInline {SPAN} at (0,0) size 1x15
                    RenderInline {O:P} at (0,0) size 1x15
              RenderTableCell {TD} at (98,4031) size 170x76 [border: (1px none #808080) none (1px none #808080)] [r=55 c=1 rs=1 cs=1]
                RenderBlock {P} at (8,1) size 155x15
                  RenderText {#text} at (0,0) size 77x15
                    text run at (0,0) width 77: "Mark Glanville"
                RenderBlock {P} at (8,16) size 155x15
                  RenderText {#text} at (0,0) size 68x15
                    text run at (0,0) width 68: "Steve Gilbert"
                RenderBlock {P} at (8,31) size 155x15
                  RenderText {#text} at (0,0) size 60x15
                    text run at (0,0) width 60: "Jerry Davis"
                RenderBlock {P} at (8,46) size 155x15
                  RenderText {#text} at (0,0) size 64x15
                    text run at (0,0) width 64: "Rich Saunef"
                RenderBlock {P} at (8,61) size 155x15
                  RenderText {#text} at (0,0) size 68x15
                    text run at (0,0) width 68: "Harald Close"
                  RenderInline {SPAN} at (0,0) size 0x15
                    RenderInline {O:P} at (0,0) size 0x15
              RenderTableCell {TD} at (268,4031) size 99x76 [border: (1px none #808080) none (1px none #808080)] [r=55 c=2 rs=1 cs=1]
                RenderBlock {P} at (8,1) size 84x15
                  RenderText {#text} at (32,0) size 20x15
                    text run at (32,0) width 20: "Yes"
                RenderBlock {P} at (8,16) size 84x15
                  RenderText {#text} at (32,0) size 20x15
                    text run at (32,0) width 20: "Yes"
                RenderBlock {P} at (8,31) size 84x15
                  RenderText {#text} at (32,0) size 20x15
                    text run at (32,0) width 20: "Yes"
                RenderBlock {P} at (8,46) size 84x15
                  RenderText {#text} at (32,0) size 20x15
                    text run at (32,0) width 20: "Yes"
                RenderBlock {P} at (8,61) size 84x15
                  RenderText {#text} at (32,0) size 20x15
                    text run at (32,0) width 20: "Yes"
                  RenderInline {SPAN} at (0,0) size 0x15
                    RenderInline {O:P} at (0,0) size 0x15
              RenderTableCell {TD} at (367,4031) size 105x76 [border: (1px none #808080) none (1px none #808080)] [r=55 c=3 rs=1 cs=1]
                RenderBlock {P} at (8,1) size 90x15
                  RenderText {#text} at (37,0) size 16x15
                    text run at (37,0) width 16: "No"
                RenderBlock {P} at (8,16) size 90x15
                  RenderText {#text} at (37,0) size 16x15
                    text run at (37,0) width 16: "No"
                RenderBlock {P} at (8,31) size 90x15
                  RenderText {#text} at (37,0) size 16x15
                    text run at (37,0) width 16: "No"
                RenderBlock {P} at (8,46) size 90x15
                  RenderText {#text} at (37,0) size 16x15
                    text run at (37,0) width 16: "No"
                RenderBlock {P} at (8,61) size 90x15
                  RenderText {#text} at (37,0) size 16x15
                    text run at (37,0) width 16: "No"
                  RenderInline {SPAN} at (0,0) size 0x15
                    RenderInline {O:P} at (0,0) size 0x15
            RenderTableRow {TR} at (0,4107) size 472x46
              RenderTableCell {TD} at (0,4107) size 98x16 [border: (1px none #808080) none] [r=56 c=0 rs=1 cs=1]
                RenderBlock {P} at (8,1) size 83x15
                  RenderText {#text} at (35,0) size 13x15
                    text run at (35,0) width 13: "57"
                  RenderInline {SPAN} at (0,0) size 1x15
                    RenderInline {O:P} at (0,0) size 1x15
              RenderTableCell {TD} at (98,4107) size 170x46 [border: (1px none #808080) none (1px none #808080)] [r=56 c=1 rs=1 cs=1]
                RenderBlock {P} at (8,1) size 155x15
                  RenderText {#text} at (0,0) size 57x15
                    text run at (0,0) width 57: "Bob Roger"
                RenderBlock {P} at (8,16) size 155x15
                  RenderText {#text} at (0,0) size 67x15
                    text run at (0,0) width 67: "Rich Burnett"
                RenderBlock {P} at (8,31) size 155x15
                  RenderText {#text} at (0,0) size 65x15
                    text run at (0,0) width 65: "David Dunn"
                  RenderInline {SPAN} at (0,0) size 0x15
                    RenderInline {O:P} at (0,0) size 0x15
              RenderTableCell {TD} at (268,4107) size 99x16 [border: (1px none #808080) none (1px none #808080)] [r=56 c=2 rs=1 cs=1]
                RenderBlock {P} at (8,1) size 84x15
                  RenderText {#text} at (32,0) size 20x15
                    text run at (32,0) width 20: "Yes"
                  RenderInline {SPAN} at (0,0) size 0x15
                    RenderInline {O:P} at (0,0) size 0x15
              RenderTableCell {TD} at (367,4107) size 105x16 [border: (1px none #808080) none (1px none #808080)] [r=56 c=3 rs=1 cs=1]
                RenderBlock {P} at (8,1) size 90x15
                  RenderText {#text} at (37,0) size 16x15
                    text run at (37,0) width 16: "No"
                  RenderInline {SPAN} at (0,0) size 0x15
                    RenderInline {O:P} at (0,0) size 0x15
            RenderTableRow {TR} at (0,4153) size 472x61
              RenderTableCell {TD} at (0,4153) size 98x16 [border: (1px none #808080) none] [r=57 c=0 rs=1 cs=1]
                RenderBlock {P} at (8,1) size 83x15
                  RenderText {#text} at (35,0) size 13x15
                    text run at (35,0) width 13: "58"
                  RenderInline {SPAN} at (0,0) size 1x15
                    RenderInline {O:P} at (0,0) size 1x15
              RenderTableCell {TD} at (98,4153) size 170x61 [border: (1px none #808080) none (1px none #808080)] [r=57 c=1 rs=1 cs=1]
                RenderBlock {P} at (8,1) size 155x15
                  RenderText {#text} at (0,0) size 90x15
                    text run at (0,0) width 90: "Ian + Brad Carter"
                  RenderInline {SPAN} at (0,0) size 0x15
                    RenderInline {O:P} at (0,0) size 0x15
                RenderBlock {P} at (8,16) size 155x15
                  RenderText {#text} at (0,0) size 66x15
                    text run at (0,0) width 66: "Bill Johnson"
                RenderBlock {P} at (8,31) size 155x15
                  RenderText {#text} at (0,0) size 74x15
                    text run at (0,0) width 74: "Chuck Pringle"
                RenderBlock {P} at (8,46) size 155x15
                  RenderText {#text} at (0,0) size 65x15
                    text run at (0,0) width 65: "David Dunn"
                  RenderInline {SPAN} at (0,0) size 0x15
                    RenderInline {O:P} at (0,0) size 0x15
              RenderTableCell {TD} at (268,4153) size 99x46 [border: (1px none #808080) none (1px none #808080)] [r=57 c=2 rs=1 cs=1]
                RenderBlock {P} at (8,1) size 84x15
                  RenderText {#text} at (32,0) size 20x15
                    text run at (32,0) width 20: "Yes"
                  RenderInline {SPAN} at (0,0) size 0x15
                    RenderInline {O:P} at (0,0) size 0x15
                RenderBlock {P} at (8,16) size 84x15
                  RenderText {#text} at (32,0) size 20x15
                    text run at (32,0) width 20: "Yes"
                RenderBlock {P} at (8,31) size 84x15
                  RenderText {#text} at (32,0) size 20x15
                    text run at (32,0) width 20: "Yes"
                  RenderInline {SPAN} at (0,0) size 0x15
                    RenderInline {O:P} at (0,0) size 0x15
              RenderTableCell {TD} at (367,4153) size 105x46 [border: (1px none #808080) none (1px none #808080)] [r=57 c=3 rs=1 cs=1]
                RenderBlock {P} at (8,1) size 90x15
                  RenderText {#text} at (37,0) size 16x15
                    text run at (37,0) width 16: "No"
                  RenderInline {SPAN} at (0,0) size 0x15
                    RenderInline {O:P} at (0,0) size 0x15
                RenderBlock {P} at (8,16) size 90x15
                  RenderText {#text} at (37,0) size 16x15
                    text run at (37,0) width 16: "No"
                RenderBlock {P} at (8,31) size 90x15
                  RenderText {#text} at (37,0) size 16x15
                    text run at (37,0) width 16: "No"
                  RenderInline {SPAN} at (0,0) size 0x15
                    RenderInline {O:P} at (0,0) size 0x15
            RenderTableRow {TR} at (0,4214) size 472x31
              RenderTableCell {TD} at (0,4214) size 98x16 [border: (1px none #808080) none] [r=58 c=0 rs=1 cs=1]
                RenderBlock {P} at (8,1) size 83x15
                  RenderText {#text} at (35,0) size 13x15
                    text run at (35,0) width 13: "59"
                  RenderInline {SPAN} at (0,0) size 1x15
                    RenderInline {O:P} at (0,0) size 1x15
              RenderTableCell {TD} at (98,4214) size 170x31 [border: (1px none #808080) none (1px none #808080)] [r=58 c=1 rs=1 cs=1]
                RenderBlock {P} at (8,1) size 155x15
                  RenderText {#text} at (0,0) size 57x15
                    text run at (0,0) width 57: "Bob Roger"
                RenderBlock {P} at (8,16) size 155x15
                  RenderText {#text} at (0,0) size 67x15
                    text run at (0,0) width 67: "Rich Burnett"
                  RenderInline {SPAN} at (0,0) size 0x15
                    RenderInline {O:P} at (0,0) size 0x15
              RenderTableCell {TD} at (268,4214) size 99x16 [border: (1px none #808080) none (1px none #808080)] [r=58 c=2 rs=1 cs=1]
                RenderBlock {P} at (8,1) size 84x15
                  RenderText {#text} at (32,0) size 20x15
                    text run at (32,0) width 20: "Yes"
                  RenderInline {SPAN} at (0,0) size 0x15
                    RenderInline {O:P} at (0,0) size 0x15
              RenderTableCell {TD} at (367,4214) size 105x16 [border: (1px none #808080) none (1px none #808080)] [r=58 c=3 rs=1 cs=1]
                RenderBlock {P} at (8,1) size 90x15
                  RenderText {#text} at (37,0) size 16x15
                    text run at (37,0) width 16: "No"
                  RenderInline {SPAN} at (0,0) size 0x15
                    RenderInline {O:P} at (0,0) size 0x15
            RenderTableRow {TR} at (0,4245) size 472x61
              RenderTableCell {TD} at (0,4245) size 98x16 [border: (1px none #808080) none] [r=59 c=0 rs=1 cs=1]
                RenderBlock {P} at (8,1) size 83x15
                  RenderText {#text} at (35,0) size 13x15
                    text run at (35,0) width 13: "60"
                  RenderInline {SPAN} at (0,0) size 1x15
                    RenderInline {O:P} at (0,0) size 1x15
              RenderTableCell {TD} at (98,4245) size 170x61 [border: (1px none #808080) none (1px none #808080)] [r=59 c=1 rs=1 cs=1]
                RenderBlock {P} at (8,1) size 155x15
                  RenderText {#text} at (0,0) size 66x15
                    text run at (0,0) width 66: "Bill Johnson"
                RenderBlock {P} at (8,16) size 155x15
                  RenderText {#text} at (0,0) size 89x15
                    text run at (0,0) width 89: "Vladimir Dvorkin"
                RenderBlock {P} at (8,31) size 155x15
                  RenderText {#text} at (0,0) size 51x15
                    text run at (0,0) width 51: "Ken Price"
                RenderBlock {P} at (8,46) size 155x15
                  RenderText {#text} at (0,0) size 87x15
                    text run at (0,0) width 87: "Rick Rasmussen"
                  RenderInline {SPAN} at (0,0) size 0x15
                    RenderInline {O:P} at (0,0) size 0x15
              RenderTableCell {TD} at (268,4245) size 99x31 [border: (1px none #808080) none (1px none #808080)] [r=59 c=2 rs=1 cs=1]
                RenderBlock {P} at (8,1) size 84x15
                  RenderText {#text} at (32,0) size 20x15
                    text run at (32,0) width 20: "Yes"
                RenderBlock {P} at (8,16) size 84x15
                  RenderText {#text} at (34,0) size 16x15
                    text run at (34,0) width 16: "No"
                  RenderInline {SPAN} at (0,0) size 0x15
                    RenderInline {O:P} at (0,0) size 0x15
              RenderTableCell {TD} at (367,4245) size 105x31 [border: (1px none #808080) none (1px none #808080)] [r=59 c=3 rs=1 cs=1]
                RenderBlock {P} at (8,1) size 90x15
                  RenderText {#text} at (37,0) size 16x15
                    text run at (37,0) width 16: "No"
                RenderBlock {P} at (8,16) size 90x15
                  RenderText {#text} at (35,0) size 20x15
                    text run at (35,0) width 20: "Yes"
                  RenderInline {SPAN} at (0,0) size 0x15
                    RenderInline {O:P} at (0,0) size 0x15
        RenderBlock {P} at (0,4326) size 769x15
          RenderInline {SPAN} at (0,0) size 3x15
            RenderText {#text} at (0,0) size 3x15
              text run at (0,0) width 3: " "
        RenderBlock {P} at (0,4341) size 769x15
          RenderText {#text} at (0,0) size 3x15
            text run at (0,0) width 3: " "
        RenderBlock {P} at (0,4356) size 769x15
          RenderText {#text} at (0,0) size 3x15
            text run at (0,0) width 3: " "
      RenderBlock {P} at (0,4371) size 769x15
        RenderText {#text} at (383,0) size 3x15
          text run at (383,0) width 3: " "
