layer at (0,0) size 800x600
  RenderView at (0,0) size 800x600
layer at (0,0) size 800x600
  RenderBlock {HTML} at (0,0) size 800x600
    RenderBody {BODY} at (8,8) size 784x576
      RenderBlock {P} at (0,0) size 784x36
        RenderText {#text} at (0,0) size 52x17
          text run at (0,0) width 52: "Test for "
        RenderInline {I} at (0,0) size 784x35
          RenderInline {A} at (0,0) size 300x17 [color=#0000EE]
            RenderText {#text} at (52,0) size 300x17
              text run at (52,0) width 300: "http://bugs.webkit.org/show_bug.cgi?id=12910"
          RenderText {#text} at (352,0) size 784x35
            text run at (352,0) width 4: " "
            text run at (356,0) width 428: "REGRESSION (r18756-r18765): list-bullet doesn't redraw properly"
            text run at (0,18) width 310: "when changing the list's content using JavaScript"
        RenderText {#text} at (310,18) size 4x17
          text run at (310,18) width 4: "."
      RenderBlock {UL} at (0,52) size 784x18
        RenderListItem {LI} at (40,0) size 744x18
          RenderBlock (anonymous) at (0,0) size 744x18
            RenderListMarker at (-17,0) size 7x17: bullet
            RenderText {#text} at (0,0) size 21x17
              text run at (0,0) width 21: "foo"
          RenderBlock {DIV} at (10,28) size 724x0
      RenderBlock {UL} at (0,86) size 784x18
        RenderListItem {LI} at (40,0) size 744x18
          RenderBlock (anonymous) at (0,0) size 744x18
            RenderListMarker at (-1,0) size 7x17: bullet
            RenderText {#text} at (14,0) size 20x17
              text run at (14,0) width 20: "bar"
          RenderBlock {DIV} at (10,28) size 724x0
      RenderBlock {UL} at (0,120) size 784x18
        RenderListItem {LI} at (0,0) size 744x18
          RenderBlock (anonymous) at (0,0) size 744x18
            RenderListMarker at (754,0) size 7x17: bullet
            RenderText {#text} at (723,0) size 21x17
              text run at (723,0) width 21: "foo"
          RenderBlock {DIV} at (10,28) size 724x0
      RenderBlock {UL} at (0,154) size 784x18
        RenderListItem {LI} at (0,0) size 744x18
          RenderBlock (anonymous) at (0,0) size 744x18
            RenderListMarker at (738,0) size 7x17: bullet
            RenderText {#text} at (710,0) size 20x17
              text run at (710,0) width 20: "bar"
          RenderBlock {DIV} at (10,28) size 724x0
