layer at (0,0) size 800x600
  RenderView at (0,0) size 800x600
layer at (0,0) size 800x600
  RenderBlock {HTML} at (0,0) size 800x600
    RenderBody {BODY} at (8,8) size 784x576
      RenderBlock {P} at (0,0) size 784x36
        RenderText {#text} at (0,0) size 104x17
          text run at (0,0) width 104: "This is a test for "
        RenderInline {I} at (0,0) size 760x35
          RenderInline {A} at (0,0) size 300x17 [color=#0000EE]
            RenderText {#text} at (104,0) size 300x17
              text run at (104,0) width 300: "http://bugs.webkit.org/show_bug.cgi?id=13209"
          RenderText {#text} at (404,0) size 760x35
            text run at (404,0) width 4: " "
            text run at (408,0) width 352: "REGRESSION (r18756-18765): Incomplete list marker"
            text run at (0,18) width 187: "repaint when resizing list item"
        RenderText {#text} at (187,18) size 4x17
          text run at (187,18) width 4: "."
      RenderBlock {P} at (0,52) size 784x18
        RenderText {#text} at (0,0) size 419x17
          text run at (0,0) width 419: "There should be only one bullet, at the bottom left of the rectangle."
      RenderBlock {UL} at (0,86) size 784x104
        RenderListItem {LI} at (40,0) size 744x104
          RenderListMarker at (-17,86) size 7x17: bullet
          RenderImage {IMG} at (0,0) size 100x100
