layer at (0,0) size 800x600
  RenderView at (0,0) size 800x600
layer at (0,0) size 800x600
  RenderBlock {HTML} at (0,0) size 800x600
    RenderBody {BODY} at (8,8) size 784x584
      RenderBlock {P} at (0,0) size 784x18
        RenderText {#text} at (0,0) size 759x18
          text run at (0,0) width 667: "This tests that in a standalone media document with audio content, the media element repaints correctly "
          text run at (666,0) width 93: "while playing."
      RenderBlock (anonymous) at (0,34) size 784x334
        RenderText {#text} at (0,0) size 0x0
        RenderText {#text} at (0,0) size 0x0
layer at (8,42) size 384x334
  RenderIFrame {IFRAME} at (0,0) size 384x334 [border: (2px inset #000000)]
    layer at (0,0) size 380x330
      RenderView at (0,0) size 380x330
    layer at (0,0) size 380x330
      RenderBlock {HTML} at (0,0) size 380x330
        RenderBody {BODY} at (8,8) size 364x314 [bgcolor=#262626]
    layer at (40,165) size 300x1 isolatesBlending
      RenderVideo {VIDEO} at (40,164) size 300x2
    layer at (40,165) size 300x1
      RenderFlexibleBox {DIV} at (0,0) size 300x1
    layer at (40,121) size 300x45 backgroundClip at (40,165) size 300x1 clip at (40,165) size 300x1
      RenderFlexibleBox {DIV} at (0,-44) size 300x45
    layer at (40,121) size 300x45 backgroundClip at (40,165) size 300x1 clip at (40,165) size 300x1 isolatesBlending
      RenderBlock (positioned) {DIV} at (0,0) size 300x45
    layer at (40,121) size 300x45 backgroundClip at (40,165) size 300x1 clip at (40,165) size 300x1
      RenderBlock (positioned) {DIV} at (0,0) size 300x45 [bgcolor=#1E1E1E73]
    layer at (40,121) size 300x45 backgroundClip at (40,165) size 300x1 clip at (40,165) size 300x1 blendMode: lighten
      RenderBlock (positioned) {DIV} at (0,0) size 300x45 [bgcolor=#292929]
    layer at (318,141) size 14x25 backgroundClip at (40,165) size 300x1 clip at (40,165) size 300x1
      RenderFlexibleBox {DIV} at (278,20) size 14x25
