layer at (0,0) size 800x600
  RenderView at (0,0) size 800x600
layer at (0,0) size 800x600
  RenderBlock {HTML} at (0,0) size 800x600
    RenderBody {BODY} at (8,8) size 784x584
      RenderText {#text} at (110,0) size 4x18
        text run at (110,0) width 4: " "
      RenderText {#text} at (0,0) size 0x0
layer at (8,19) size 110x6 clip at (10,21) size 106x2
  RenderFlexibleBox {INPUT} at (0,11) size 110x6 [bgcolor=#FFFFFF] [border: (2px inset #000000)]
layer at (122,19) size 110x6 clip at (124,21) size 106x2
  RenderFlexibleBox {INPUT} at (114,11) size 110x6 [bgcolor=#FFFFFF] [border: (2px inset #000000)]
