layer at (0,0) size 800x2506
  RenderView at (0,0) size 800x600
layer at (0,0) size 800x2506
  RenderBlock {HTML} at (0,0) size 800x2506
    RenderBody {BODY} at (8,21) size 784x2477
      RenderBlock {H1} at (0,0) size 784x38
        RenderText {#text} at (0,1) size 541x36
          text run at (0,1) width 541: "Problems with COLSPAN and WIDTH"
      RenderBlock {P} at (0,59) size 784x20
        RenderText {#text} at (0,0) size 260x19
          text run at (0,0) width 260: "Each block of tables should be identical."
      RenderBlock {H2} at (0,98) size 784x30
        RenderText {#text} at (0,1) size 129x28
          text run at (0,1) width 129: "Sized Tables"
      RenderBlock {P} at (0,147) size 784x40
        RenderText {#text} at (0,0) size 744x39
          text run at (0,0) width 744: "The following tables have width=400, which should make them the same width as the red lines which are caused by"
          text run at (0,20) width 40: "DIVs:"
      RenderBlock {H3} at (0,205) size 784x23
        RenderText {#text} at (0,0) size 63x22
          text run at (0,0) width 63: "260/140"
      RenderBlock {DIV} at (0,246) size 406x6 [border: (3px solid #FF0000)]
      RenderTable {TABLE} at (0,252) size 400x50
        RenderTableSection {TBODY} at (0,0) size 400x50
          RenderTableRow {TR} at (0,2) size 400x22
            RenderTableCell {TD} at (2,2) size 252x22 [bgcolor=#00FF00] [r=0 c=0 rs=1 cs=1]
              RenderText {#text} at (1,1) size 32x19
                text run at (1,1) width 32: "plain"
            RenderTableCell {TD} at (256,2) size 142x22 [bgcolor=#FFFF00] [r=0 c=1 rs=1 cs=1]
              RenderText {#text} at (1,1) size 70x19
                text run at (1,1) width 70: "width=140"
          RenderTableRow {TR} at (0,26) size 400x22
            RenderTableCell {TD} at (2,26) size 396x22 [bgcolor=#FF00FF] [r=1 c=0 rs=1 cs=2]
              RenderText {#text} at (1,1) size 140x19
                text run at (1,1) width 140: "colspan=2 width=400"
      RenderBlock {DIV} at (0,302) size 406x6 [border: (3px solid #FF0000)]
      RenderTable {TABLE} at (0,308) size 400x50
        RenderTableSection {TBODY} at (0,0) size 400x50
          RenderTableRow {TR} at (0,2) size 400x22
            RenderTableCell {TD} at (2,2) size 262x22 [bgcolor=#00FF00] [r=0 c=0 rs=1 cs=1]
              RenderText {#text} at (1,1) size 70x19
                text run at (1,1) width 70: "width=260"
            RenderTableCell {TD} at (266,2) size 132x22 [bgcolor=#FFFF00] [r=0 c=1 rs=1 cs=1]
              RenderText {#text} at (1,1) size 32x19
                text run at (1,1) width 32: "plain"
          RenderTableRow {TR} at (0,26) size 400x22
            RenderTableCell {TD} at (2,26) size 396x22 [bgcolor=#FF00FF] [r=1 c=0 rs=1 cs=2]
              RenderText {#text} at (1,1) size 140x19
                text run at (1,1) width 140: "colspan=2 width=400"
      RenderBlock {DIV} at (0,358) size 406x6 [border: (3px solid #FF0000)]
      RenderTable {TABLE} at (0,364) size 400x50
        RenderTableSection {TBODY} at (0,0) size 400x50
          RenderTableRow {TR} at (0,2) size 400x22
            RenderTableCell {TD} at (2,2) size 254x22 [bgcolor=#00FF00] [r=0 c=0 rs=1 cs=1]
              RenderText {#text} at (1,1) size 70x19
                text run at (1,1) width 70: "width=260"
            RenderTableCell {TD} at (258,2) size 140x22 [bgcolor=#FFFF00] [r=0 c=1 rs=1 cs=1]
              RenderText {#text} at (1,1) size 70x19
                text run at (1,1) width 70: "width=140"
          RenderTableRow {TR} at (0,26) size 400x22
            RenderTableCell {TD} at (2,26) size 396x22 [bgcolor=#FF00FF] [r=1 c=0 rs=1 cs=2]
              RenderText {#text} at (1,1) size 140x19
                text run at (1,1) width 140: "colspan=2 width=400"
      RenderBlock {DIV} at (0,414) size 406x6 [border: (3px solid #FF0000)]
      RenderTable {TABLE} at (0,420) size 400x50
        RenderTableSection {TBODY} at (0,0) size 400x50
          RenderTableRow {TR} at (0,2) size 400x22
            RenderTableCell {TD} at (2,2) size 254x22 [bgcolor=#00FF00] [r=0 c=0 rs=1 cs=1]
              RenderText {#text} at (1,1) size 70x19
                text run at (1,1) width 70: "width=260"
            RenderTableCell {TD} at (258,2) size 140x22 [bgcolor=#FFFF00] [r=0 c=1 rs=1 cs=1]
              RenderText {#text} at (1,1) size 70x19
                text run at (1,1) width 70: "width=140"
          RenderTableRow {TR} at (0,26) size 400x22
            RenderTableCell {TD} at (2,26) size 396x22 [bgcolor=#FF00FF] [r=1 c=0 rs=1 cs=2]
              RenderText {#text} at (1,1) size 66x19
                text run at (1,1) width 66: "colspan=2"
      RenderBlock {DIV} at (0,470) size 406x6 [border: (3px solid #FF0000)]
      RenderTable {TABLE} at (0,476) size 400x50
        RenderTableSection {TBODY} at (0,0) size 400x50
          RenderTableRow {TR} at (0,2) size 400x22
            RenderTableCell {TD} at (2,2) size 256x22 [bgcolor=#00FF00] [r=0 c=0 rs=1 cs=1]
              RenderText {#text} at (1,1) size 75x19
                text run at (1,1) width 75: "width=65%"
            RenderTableCell {TD} at (260,2) size 138x22 [bgcolor=#FFFF00] [r=0 c=1 rs=1 cs=1]
              RenderText {#text} at (1,1) size 32x19
                text run at (1,1) width 32: "plain"
          RenderTableRow {TR} at (0,26) size 400x22
            RenderTableCell {TD} at (2,26) size 396x22 [bgcolor=#FF00FF] [r=1 c=0 rs=1 cs=2]
              RenderText {#text} at (1,1) size 66x19
                text run at (1,1) width 66: "colspan=2"
      RenderBlock {DIV} at (0,526) size 406x6 [border: (3px solid #FF0000)]
      RenderTable {TABLE} at (0,532) size 400x50
        RenderTableSection {TBODY} at (0,0) size 400x50
          RenderTableRow {TR} at (0,2) size 400x22
            RenderTableCell {TD} at (2,2) size 257x22 [bgcolor=#00FF00] [r=0 c=0 rs=1 cs=1]
              RenderText {#text} at (1,1) size 32x19
                text run at (1,1) width 32: "plain"
            RenderTableCell {TD} at (261,2) size 137x22 [bgcolor=#FFFF00] [r=0 c=1 rs=1 cs=1]
              RenderText {#text} at (1,1) size 75x19
                text run at (1,1) width 75: "width=35%"
          RenderTableRow {TR} at (0,26) size 400x22
            RenderTableCell {TD} at (2,26) size 396x22 [bgcolor=#FF00FF] [r=1 c=0 rs=1 cs=2]
              RenderText {#text} at (1,1) size 66x19
                text run at (1,1) width 66: "colspan=2"
      RenderBlock {DIV} at (0,582) size 406x6 [border: (3px solid #FF0000)]
      RenderTable {TABLE} at (0,588) size 400x50
        RenderTableSection {TBODY} at (0,0) size 400x50
          RenderTableRow {TR} at (0,2) size 400x22
            RenderTableCell {TD} at (2,2) size 257x22 [bgcolor=#00FF00] [r=0 c=0 rs=1 cs=1]
              RenderText {#text} at (1,1) size 75x19
                text run at (1,1) width 75: "width=65%"
            RenderTableCell {TD} at (261,2) size 137x22 [bgcolor=#FFFF00] [r=0 c=1 rs=1 cs=1]
              RenderText {#text} at (1,1) size 75x19
                text run at (1,1) width 75: "width=35%"
          RenderTableRow {TR} at (0,26) size 400x22
            RenderTableCell {TD} at (2,26) size 396x22 [bgcolor=#FF00FF] [r=1 c=0 rs=1 cs=2]
              RenderText {#text} at (1,1) size 66x19
                text run at (1,1) width 66: "colspan=2"
      RenderBlock {DIV} at (0,638) size 406x6 [border: (3px solid #FF0000)]
      RenderBlock {H3} at (0,662) size 784x23
        RenderText {#text} at (0,0) size 63x22
          text run at (0,0) width 63: "140/260"
      RenderBlock {DIV} at (0,703) size 406x6 [border: (3px solid #FF0000)]
      RenderTable {TABLE} at (0,709) size 400x50
        RenderTableSection {TBODY} at (0,0) size 400x50
          RenderTableRow {TR} at (0,2) size 400x22
            RenderTableCell {TD} at (2,2) size 142x22 [bgcolor=#00FF00] [r=0 c=0 rs=1 cs=1]
              RenderText {#text} at (1,1) size 70x19
                text run at (1,1) width 70: "width=140"
            RenderTableCell {TD} at (146,2) size 252x22 [bgcolor=#FFFF00] [r=0 c=1 rs=1 cs=1]
              RenderText {#text} at (1,1) size 32x19
                text run at (1,1) width 32: "plain"
          RenderTableRow {TR} at (0,26) size 400x22
            RenderTableCell {TD} at (2,26) size 396x22 [bgcolor=#FF00FF] [r=1 c=0 rs=1 cs=2]
              RenderText {#text} at (1,1) size 140x19
                text run at (1,1) width 140: "colspan=2 width=400"
      RenderBlock {DIV} at (0,759) size 406x6 [border: (3px solid #FF0000)]
      RenderTable {TABLE} at (0,765) size 400x50
        RenderTableSection {TBODY} at (0,0) size 400x50
          RenderTableRow {TR} at (0,2) size 400x22
            RenderTableCell {TD} at (2,2) size 132x22 [bgcolor=#00FF00] [r=0 c=0 rs=1 cs=1]
              RenderText {#text} at (1,1) size 32x19
                text run at (1,1) width 32: "plain"
            RenderTableCell {TD} at (136,2) size 262x22 [bgcolor=#FFFF00] [r=0 c=1 rs=1 cs=1]
              RenderText {#text} at (1,1) size 70x19
                text run at (1,1) width 70: "width=260"
          RenderTableRow {TR} at (0,26) size 400x22
            RenderTableCell {TD} at (2,26) size 396x22 [bgcolor=#FF00FF] [r=1 c=0 rs=1 cs=2]
              RenderText {#text} at (1,1) size 140x19
                text run at (1,1) width 140: "colspan=2 width=400"
      RenderBlock {DIV} at (0,815) size 406x6 [border: (3px solid #FF0000)]
      RenderTable {TABLE} at (0,821) size 400x50
        RenderTableSection {TBODY} at (0,0) size 400x50
          RenderTableRow {TR} at (0,2) size 400x22
            RenderTableCell {TD} at (2,2) size 139x22 [bgcolor=#00FF00] [r=0 c=0 rs=1 cs=1]
              RenderText {#text} at (1,1) size 70x19
                text run at (1,1) width 70: "width=140"
            RenderTableCell {TD} at (143,2) size 255x22 [bgcolor=#FFFF00] [r=0 c=1 rs=1 cs=1]
              RenderText {#text} at (1,1) size 70x19
                text run at (1,1) width 70: "width=260"
          RenderTableRow {TR} at (0,26) size 400x22
            RenderTableCell {TD} at (2,26) size 396x22 [bgcolor=#FF00FF] [r=1 c=0 rs=1 cs=2]
              RenderText {#text} at (1,1) size 140x19
                text run at (1,1) width 140: "colspan=2 width=400"
      RenderBlock {DIV} at (0,871) size 406x6 [border: (3px solid #FF0000)]
      RenderTable {TABLE} at (0,877) size 400x50
        RenderTableSection {TBODY} at (0,0) size 400x50
          RenderTableRow {TR} at (0,2) size 400x22
            RenderTableCell {TD} at (2,2) size 139x22 [bgcolor=#00FF00] [r=0 c=0 rs=1 cs=1]
              RenderText {#text} at (1,1) size 70x19
                text run at (1,1) width 70: "width=140"
            RenderTableCell {TD} at (143,2) size 255x22 [bgcolor=#FFFF00] [r=0 c=1 rs=1 cs=1]
              RenderText {#text} at (1,1) size 70x19
                text run at (1,1) width 70: "width=260"
          RenderTableRow {TR} at (0,26) size 400x22
            RenderTableCell {TD} at (2,26) size 396x22 [bgcolor=#FF00FF] [r=1 c=0 rs=1 cs=2]
              RenderText {#text} at (1,1) size 66x19
                text run at (1,1) width 66: "colspan=2"
      RenderBlock {DIV} at (0,927) size 406x6 [border: (3px solid #FF0000)]
      RenderTable {TABLE} at (0,933) size 400x50
        RenderTableSection {TBODY} at (0,0) size 400x50
          RenderTableRow {TR} at (0,2) size 400x22
            RenderTableCell {TD} at (2,2) size 137x22 [bgcolor=#00FF00] [r=0 c=0 rs=1 cs=1]
              RenderText {#text} at (1,1) size 75x19
                text run at (1,1) width 75: "width=35%"
            RenderTableCell {TD} at (141,2) size 257x22 [bgcolor=#FFFF00] [r=0 c=1 rs=1 cs=1]
              RenderText {#text} at (1,1) size 32x19
                text run at (1,1) width 32: "plain"
          RenderTableRow {TR} at (0,26) size 400x22
            RenderTableCell {TD} at (2,26) size 396x22 [bgcolor=#FF00FF] [r=1 c=0 rs=1 cs=2]
              RenderText {#text} at (1,1) size 66x19
                text run at (1,1) width 66: "colspan=2"
      RenderBlock {DIV} at (0,983) size 406x6 [border: (3px solid #FF0000)]
      RenderTable {TABLE} at (0,989) size 400x50
        RenderTableSection {TBODY} at (0,0) size 400x50
          RenderTableRow {TR} at (0,2) size 400x22
            RenderTableCell {TD} at (2,2) size 138x22 [bgcolor=#00FF00] [r=0 c=0 rs=1 cs=1]
              RenderText {#text} at (1,1) size 32x19
                text run at (1,1) width 32: "plain"
            RenderTableCell {TD} at (142,2) size 256x22 [bgcolor=#FFFF00] [r=0 c=1 rs=1 cs=1]
              RenderText {#text} at (1,1) size 75x19
                text run at (1,1) width 75: "width=65%"
          RenderTableRow {TR} at (0,26) size 400x22
            RenderTableCell {TD} at (2,26) size 396x22 [bgcolor=#FF00FF] [r=1 c=0 rs=1 cs=2]
              RenderText {#text} at (1,1) size 66x19
                text run at (1,1) width 66: "colspan=2"
      RenderBlock {DIV} at (0,1039) size 406x6 [border: (3px solid #FF0000)]
      RenderTable {TABLE} at (0,1045) size 400x50
        RenderTableSection {TBODY} at (0,0) size 400x50
          RenderTableRow {TR} at (0,2) size 400x22
            RenderTableCell {TD} at (2,2) size 138x22 [bgcolor=#00FF00] [r=0 c=0 rs=1 cs=1]
              RenderText {#text} at (1,1) size 75x19
                text run at (1,1) width 75: "width=35%"
            RenderTableCell {TD} at (142,2) size 256x22 [bgcolor=#FFFF00] [r=0 c=1 rs=1 cs=1]
              RenderText {#text} at (1,1) size 75x19
                text run at (1,1) width 75: "width=65%"
          RenderTableRow {TR} at (0,26) size 400x22
            RenderTableCell {TD} at (2,26) size 396x22 [bgcolor=#FF00FF] [r=1 c=0 rs=1 cs=2]
              RenderText {#text} at (1,1) size 66x19
                text run at (1,1) width 66: "colspan=2"
      RenderBlock {DIV} at (0,1095) size 406x6 [border: (3px solid #FF0000)]
      RenderBlock {H3} at (0,1119) size 784x23
        RenderText {#text} at (0,0) size 38x22
          text run at (0,0) width 38: "50%"
      RenderBlock {DIV} at (0,1160) size 406x6 [border: (3px solid #FF0000)]
      RenderTable {TABLE} at (0,1166) size 400x50
        RenderTableSection {TBODY} at (0,0) size 400x50
          RenderTableRow {TR} at (0,2) size 400x22
            RenderTableCell {TD} at (2,2) size 197x22 [bgcolor=#00FF00] [r=0 c=0 rs=1 cs=1]
              RenderText {#text} at (1,1) size 75x19
                text run at (1,1) width 75: "width=50%"
            RenderTableCell {TD} at (201,2) size 197x22 [bgcolor=#FFFF00] [r=0 c=1 rs=1 cs=1]
              RenderText {#text} at (1,1) size 32x19
                text run at (1,1) width 32: "plain"
          RenderTableRow {TR} at (0,26) size 400x22
            RenderTableCell {TD} at (2,26) size 396x22 [bgcolor=#FF00FF] [r=1 c=0 rs=1 cs=2]
              RenderText {#text} at (1,1) size 140x19
                text run at (1,1) width 140: "colspan=2 width=400"
      RenderBlock {DIV} at (0,1216) size 406x6 [border: (3px solid #FF0000)]
      RenderTable {TABLE} at (0,1222) size 400x50
        RenderTableSection {TBODY} at (0,0) size 400x50
          RenderTableRow {TR} at (0,2) size 400x22
            RenderTableCell {TD} at (2,2) size 197x22 [bgcolor=#00FF00] [r=0 c=0 rs=1 cs=1]
              RenderText {#text} at (1,1) size 32x19
                text run at (1,1) width 32: "plain"
            RenderTableCell {TD} at (201,2) size 197x22 [bgcolor=#FFFF00] [r=0 c=1 rs=1 cs=1]
              RenderText {#text} at (1,1) size 75x19
                text run at (1,1) width 75: "width=50%"
          RenderTableRow {TR} at (0,26) size 400x22
            RenderTableCell {TD} at (2,26) size 396x22 [bgcolor=#FF00FF] [r=1 c=0 rs=1 cs=2]
              RenderText {#text} at (1,1) size 140x19
                text run at (1,1) width 140: "colspan=2 width=400"
      RenderBlock {DIV} at (0,1272) size 406x6 [border: (3px solid #FF0000)]
      RenderTable {TABLE} at (0,1278) size 400x50
        RenderTableSection {TBODY} at (0,0) size 400x50
          RenderTableRow {TR} at (0,2) size 400x22
            RenderTableCell {TD} at (2,2) size 197x22 [bgcolor=#00FF00] [r=0 c=0 rs=1 cs=1]
              RenderText {#text} at (1,1) size 75x19
                text run at (1,1) width 75: "width=50%"
            RenderTableCell {TD} at (201,2) size 197x22 [bgcolor=#FFFF00] [r=0 c=1 rs=1 cs=1]
              RenderText {#text} at (1,1) size 75x19
                text run at (1,1) width 75: "width=50%"
          RenderTableRow {TR} at (0,26) size 400x22
            RenderTableCell {TD} at (2,26) size 396x22 [bgcolor=#FF00FF] [r=1 c=0 rs=1 cs=2]
              RenderText {#text} at (1,1) size 140x19
                text run at (1,1) width 140: "colspan=2 width=400"
      RenderBlock {DIV} at (0,1328) size 406x6 [border: (3px solid #FF0000)]
      RenderTable {TABLE} at (0,1334) size 400x50
        RenderTableSection {TBODY} at (0,0) size 400x50
          RenderTableRow {TR} at (0,2) size 400x22
            RenderTableCell {TD} at (2,2) size 197x22 [bgcolor=#00FF00] [r=0 c=0 rs=1 cs=1]
              RenderText {#text} at (1,1) size 32x19
                text run at (1,1) width 32: "plain"
            RenderTableCell {TD} at (201,2) size 197x22 [bgcolor=#FFFF00] [r=0 c=1 rs=1 cs=1]
              RenderText {#text} at (1,1) size 32x19
                text run at (1,1) width 32: "plain"
          RenderTableRow {TR} at (0,26) size 400x22
            RenderTableCell {TD} at (2,26) size 396x22 [bgcolor=#FF00FF] [r=1 c=0 rs=1 cs=2]
              RenderText {#text} at (1,1) size 140x19
                text run at (1,1) width 140: "colspan=2 width=400"
      RenderBlock {DIV} at (0,1384) size 406x6 [border: (3px solid #FF0000)]
      RenderTable {TABLE} at (0,1390) size 400x50
        RenderTableSection {TBODY} at (0,0) size 400x50
          RenderTableRow {TR} at (0,2) size 400x22
            RenderTableCell {TD} at (2,2) size 197x22 [bgcolor=#00FF00] [r=0 c=0 rs=1 cs=1]
              RenderText {#text} at (1,1) size 70x19
                text run at (1,1) width 70: "width=200"
            RenderTableCell {TD} at (201,2) size 197x22 [bgcolor=#FFFF00] [r=0 c=1 rs=1 cs=1]
              RenderText {#text} at (1,1) size 70x19
                text run at (1,1) width 70: "width=200"
          RenderTableRow {TR} at (0,26) size 400x22
            RenderTableCell {TD} at (2,26) size 396x22 [bgcolor=#FF00FF] [r=1 c=0 rs=1 cs=2]
              RenderText {#text} at (1,1) size 66x19
                text run at (1,1) width 66: "colspan=2"
      RenderBlock {DIV} at (0,1440) size 406x6 [border: (3px solid #FF0000)]
      RenderBlock {H2} at (0,1465) size 784x30
        RenderText {#text} at (0,1) size 231x28
          text run at (0,1) width 231: "Tables Without Width"
      RenderBlock {P} at (0,1514) size 784x40
        RenderText {#text} at (0,0) size 767x39
          text run at (0,0) width 767: "The following tables have no width. They should still be the same size, by virtue of them having a 400 pixel cell and no"
          text run at (0,20) width 158: "padding/margin/borders."
      RenderBlock {H3} at (0,1572) size 784x23
        RenderText {#text} at (0,0) size 63x22
          text run at (0,0) width 63: "260/140"
      RenderBlock {DIV} at (0,1613) size 406x6 [border: (3px solid #FF0000)]
      RenderTable {TABLE} at (0,1619) size 406x50
        RenderTableSection {TBODY} at (0,0) size 406x50
          RenderTableRow {TR} at (0,2) size 406x22
            RenderTableCell {TD} at (2,2) size 258x22 [bgcolor=#00FF00] [r=0 c=0 rs=1 cs=1]
              RenderText {#text} at (1,1) size 32x19
                text run at (1,1) width 32: "plain"
            RenderTableCell {TD} at (262,2) size 142x22 [bgcolor=#FFFF00] [r=0 c=1 rs=1 cs=1]
              RenderText {#text} at (1,1) size 70x19
                text run at (1,1) width 70: "width=140"
          RenderTableRow {TR} at (0,26) size 406x22
            RenderTableCell {TD} at (2,26) size 402x22 [bgcolor=#FF00FF] [r=1 c=0 rs=1 cs=2]
              RenderText {#text} at (1,1) size 140x19
                text run at (1,1) width 140: "colspan=2 width=400"
      RenderBlock {DIV} at (0,1669) size 406x6 [border: (3px solid #FF0000)]
      RenderTable {TABLE} at (0,1675) size 406x50
        RenderTableSection {TBODY} at (0,0) size 406x50
          RenderTableRow {TR} at (0,2) size 406x22
            RenderTableCell {TD} at (2,2) size 262x22 [bgcolor=#00FF00] [r=0 c=0 rs=1 cs=1]
              RenderText {#text} at (1,1) size 70x19
                text run at (1,1) width 70: "width=260"
            RenderTableCell {TD} at (266,2) size 138x22 [bgcolor=#FFFF00] [r=0 c=1 rs=1 cs=1]
              RenderText {#text} at (1,1) size 32x19
                text run at (1,1) width 32: "plain"
          RenderTableRow {TR} at (0,26) size 406x22
            RenderTableCell {TD} at (2,26) size 402x22 [bgcolor=#FF00FF] [r=1 c=0 rs=1 cs=2]
              RenderText {#text} at (1,1) size 140x19
                text run at (1,1) width 140: "colspan=2 width=400"
      RenderBlock {DIV} at (0,1725) size 406x6 [border: (3px solid #FF0000)]
      RenderTable {TABLE} at (0,1731) size 410x50
        RenderTableSection {TBODY} at (0,0) size 410x50
          RenderTableRow {TR} at (0,2) size 410x22
            RenderTableCell {TD} at (2,2) size 262x22 [bgcolor=#00FF00] [r=0 c=0 rs=1 cs=1]
              RenderText {#text} at (1,1) size 70x19
                text run at (1,1) width 70: "width=260"
            RenderTableCell {TD} at (266,2) size 142x22 [bgcolor=#FFFF00] [r=0 c=1 rs=1 cs=1]
              RenderText {#text} at (1,1) size 70x19
                text run at (1,1) width 70: "width=140"
          RenderTableRow {TR} at (0,26) size 410x22
            RenderTableCell {TD} at (2,26) size 406x22 [bgcolor=#FF00FF] [r=1 c=0 rs=1 cs=2]
              RenderText {#text} at (1,1) size 140x19
                text run at (1,1) width 140: "colspan=2 width=400"
      RenderBlock {DIV} at (0,1781) size 406x6 [border: (3px solid #FF0000)]
      RenderTable {TABLE} at (0,1787) size 410x50
        RenderTableSection {TBODY} at (0,0) size 410x50
          RenderTableRow {TR} at (0,2) size 410x22
            RenderTableCell {TD} at (2,2) size 262x22 [bgcolor=#00FF00] [r=0 c=0 rs=1 cs=1]
              RenderText {#text} at (1,1) size 70x19
                text run at (1,1) width 70: "width=260"
            RenderTableCell {TD} at (266,2) size 142x22 [bgcolor=#FFFF00] [r=0 c=1 rs=1 cs=1]
              RenderText {#text} at (1,1) size 70x19
                text run at (1,1) width 70: "width=140"
          RenderTableRow {TR} at (0,26) size 410x22
            RenderTableCell {TD} at (2,26) size 406x22 [bgcolor=#FF00FF] [r=1 c=0 rs=1 cs=2]
              RenderText {#text} at (1,1) size 66x19
                text run at (1,1) width 66: "colspan=2"
      RenderBlock {DIV} at (0,1837) size 406x6 [border: (3px solid #FF0000)]
      RenderBlock {H3} at (0,1861) size 784x23
        RenderText {#text} at (0,0) size 63x22
          text run at (0,0) width 63: "140/260"
      RenderBlock {DIV} at (0,1902) size 406x6 [border: (3px solid #FF0000)]
      RenderTable {TABLE} at (0,1908) size 406x50
        RenderTableSection {TBODY} at (0,0) size 406x50
          RenderTableRow {TR} at (0,2) size 406x22
            RenderTableCell {TD} at (2,2) size 142x22 [bgcolor=#00FF00] [r=0 c=0 rs=1 cs=1]
              RenderText {#text} at (1,1) size 70x19
                text run at (1,1) width 70: "width=140"
            RenderTableCell {TD} at (146,2) size 258x22 [bgcolor=#FFFF00] [r=0 c=1 rs=1 cs=1]
              RenderText {#text} at (1,1) size 32x19
                text run at (1,1) width 32: "plain"
          RenderTableRow {TR} at (0,26) size 406x22
            RenderTableCell {TD} at (2,26) size 402x22 [bgcolor=#FF00FF] [r=1 c=0 rs=1 cs=2]
              RenderText {#text} at (1,1) size 140x19
                text run at (1,1) width 140: "colspan=2 width=400"
      RenderBlock {DIV} at (0,1958) size 406x6 [border: (3px solid #FF0000)]
      RenderTable {TABLE} at (0,1964) size 406x50
        RenderTableSection {TBODY} at (0,0) size 406x50
          RenderTableRow {TR} at (0,2) size 406x22
            RenderTableCell {TD} at (2,2) size 138x22 [bgcolor=#00FF00] [r=0 c=0 rs=1 cs=1]
              RenderText {#text} at (1,1) size 32x19
                text run at (1,1) width 32: "plain"
            RenderTableCell {TD} at (142,2) size 262x22 [bgcolor=#FFFF00] [r=0 c=1 rs=1 cs=1]
              RenderText {#text} at (1,1) size 70x19
                text run at (1,1) width 70: "width=260"
          RenderTableRow {TR} at (0,26) size 406x22
            RenderTableCell {TD} at (2,26) size 402x22 [bgcolor=#FF00FF] [r=1 c=0 rs=1 cs=2]
              RenderText {#text} at (1,1) size 140x19
                text run at (1,1) width 140: "colspan=2 width=400"
      RenderBlock {DIV} at (0,2014) size 406x6 [border: (3px solid #FF0000)]
      RenderTable {TABLE} at (0,2020) size 410x50
        RenderTableSection {TBODY} at (0,0) size 410x50
          RenderTableRow {TR} at (0,2) size 410x22
            RenderTableCell {TD} at (2,2) size 142x22 [bgcolor=#00FF00] [r=0 c=0 rs=1 cs=1]
              RenderText {#text} at (1,1) size 70x19
                text run at (1,1) width 70: "width=140"
            RenderTableCell {TD} at (146,2) size 262x22 [bgcolor=#FFFF00] [r=0 c=1 rs=1 cs=1]
              RenderText {#text} at (1,1) size 70x19
                text run at (1,1) width 70: "width=260"
          RenderTableRow {TR} at (0,26) size 410x22
            RenderTableCell {TD} at (2,26) size 406x22 [bgcolor=#FF00FF] [r=1 c=0 rs=1 cs=2]
              RenderText {#text} at (1,1) size 140x19
                text run at (1,1) width 140: "colspan=2 width=400"
      RenderBlock {DIV} at (0,2070) size 406x6 [border: (3px solid #FF0000)]
      RenderTable {TABLE} at (0,2076) size 410x50
        RenderTableSection {TBODY} at (0,0) size 410x50
          RenderTableRow {TR} at (0,2) size 410x22
            RenderTableCell {TD} at (2,2) size 142x22 [bgcolor=#00FF00] [r=0 c=0 rs=1 cs=1]
              RenderText {#text} at (1,1) size 70x19
                text run at (1,1) width 70: "width=140"
            RenderTableCell {TD} at (146,2) size 262x22 [bgcolor=#FFFF00] [r=0 c=1 rs=1 cs=1]
              RenderText {#text} at (1,1) size 70x19
                text run at (1,1) width 70: "width=260"
          RenderTableRow {TR} at (0,26) size 410x22
            RenderTableCell {TD} at (2,26) size 406x22 [bgcolor=#FF00FF] [r=1 c=0 rs=1 cs=2]
              RenderText {#text} at (1,1) size 66x19
                text run at (1,1) width 66: "colspan=2"
      RenderBlock {DIV} at (0,2126) size 406x6 [border: (3px solid #FF0000)]
      RenderBlock {H3} at (0,2150) size 784x23
        RenderText {#text} at (0,0) size 38x22
          text run at (0,0) width 38: "50%"
      RenderBlock {DIV} at (0,2191) size 406x6 [border: (3px solid #FF0000)]
      RenderTable {TABLE} at (0,2197) size 560x50
        RenderTableSection {TBODY} at (0,0) size 560x50
          RenderTableRow {TR} at (0,2) size 560x22
            RenderTableCell {TD} at (2,2) size 277x22 [bgcolor=#00FF00] [r=0 c=0 rs=1 cs=1]
              RenderText {#text} at (1,1) size 75x19
                text run at (1,1) width 75: "width=50%"
            RenderTableCell {TD} at (281,2) size 277x22 [bgcolor=#FFFF00] [r=0 c=1 rs=1 cs=1]
              RenderText {#text} at (1,1) size 32x19
                text run at (1,1) width 32: "plain"
          RenderTableRow {TR} at (0,26) size 560x22
            RenderTableCell {TD} at (2,26) size 556x22 [bgcolor=#FF00FF] [r=1 c=0 rs=1 cs=2]
              RenderText {#text} at (1,1) size 140x19
                text run at (1,1) width 140: "colspan=2 width=400"
      RenderBlock {DIV} at (0,2247) size 406x6 [border: (3px solid #FF0000)]
      RenderTable {TABLE} at (0,2253) size 562x50
        RenderTableSection {TBODY} at (0,0) size 562x50
          RenderTableRow {TR} at (0,2) size 562x22
            RenderTableCell {TD} at (2,2) size 278x22 [bgcolor=#00FF00] [r=0 c=0 rs=1 cs=1]
              RenderText {#text} at (1,1) size 32x19
                text run at (1,1) width 32: "plain"
            RenderTableCell {TD} at (282,2) size 278x22 [bgcolor=#FFFF00] [r=0 c=1 rs=1 cs=1]
              RenderText {#text} at (1,1) size 75x19
                text run at (1,1) width 75: "width=50%"
          RenderTableRow {TR} at (0,26) size 562x22
            RenderTableCell {TD} at (2,26) size 558x22 [bgcolor=#FF00FF] [r=1 c=0 rs=1 cs=2]
              RenderText {#text} at (1,1) size 140x19
                text run at (1,1) width 140: "colspan=2 width=400"
      RenderBlock {DIV} at (0,2303) size 406x6 [border: (3px solid #FF0000)]
      RenderTable {TABLE} at (0,2309) size 406x50
        RenderTableSection {TBODY} at (0,0) size 406x50
          RenderTableRow {TR} at (0,2) size 406x22
            RenderTableCell {TD} at (2,2) size 200x22 [bgcolor=#00FF00] [r=0 c=0 rs=1 cs=1]
              RenderText {#text} at (1,1) size 75x19
                text run at (1,1) width 75: "width=50%"
            RenderTableCell {TD} at (204,2) size 200x22 [bgcolor=#FFFF00] [r=0 c=1 rs=1 cs=1]
              RenderText {#text} at (1,1) size 75x19
                text run at (1,1) width 75: "width=50%"
          RenderTableRow {TR} at (0,26) size 406x22
            RenderTableCell {TD} at (2,26) size 402x22 [bgcolor=#FF00FF] [r=1 c=0 rs=1 cs=2]
              RenderText {#text} at (1,1) size 140x19
                text run at (1,1) width 140: "colspan=2 width=400"
      RenderBlock {DIV} at (0,2359) size 406x6 [border: (3px solid #FF0000)]
      RenderTable {TABLE} at (0,2365) size 406x50
        RenderTableSection {TBODY} at (0,0) size 406x50
          RenderTableRow {TR} at (0,2) size 406x22
            RenderTableCell {TD} at (2,2) size 200x22 [bgcolor=#00FF00] [r=0 c=0 rs=1 cs=1]
              RenderText {#text} at (1,1) size 32x19
                text run at (1,1) width 32: "plain"
            RenderTableCell {TD} at (204,2) size 200x22 [bgcolor=#FFFF00] [r=0 c=1 rs=1 cs=1]
              RenderText {#text} at (1,1) size 32x19
                text run at (1,1) width 32: "plain"
          RenderTableRow {TR} at (0,26) size 406x22
            RenderTableCell {TD} at (2,26) size 402x22 [bgcolor=#FF00FF] [r=1 c=0 rs=1 cs=2]
              RenderText {#text} at (1,1) size 140x19
                text run at (1,1) width 140: "colspan=2 width=400"
      RenderBlock {DIV} at (0,2415) size 406x6 [border: (3px solid #FF0000)]
      RenderTable {TABLE} at (0,2421) size 410x50
        RenderTableSection {TBODY} at (0,0) size 410x50
          RenderTableRow {TR} at (0,2) size 410x22
            RenderTableCell {TD} at (2,2) size 202x22 [bgcolor=#00FF00] [r=0 c=0 rs=1 cs=1]
              RenderText {#text} at (1,1) size 70x19
                text run at (1,1) width 70: "width=200"
            RenderTableCell {TD} at (206,2) size 202x22 [bgcolor=#FFFF00] [r=0 c=1 rs=1 cs=1]
              RenderText {#text} at (1,1) size 70x19
                text run at (1,1) width 70: "width=200"
          RenderTableRow {TR} at (0,26) size 410x22
            RenderTableCell {TD} at (2,26) size 406x22 [bgcolor=#FF00FF] [r=1 c=0 rs=1 cs=2]
              RenderText {#text} at (1,1) size 66x19
                text run at (1,1) width 66: "colspan=2"
      RenderBlock {DIV} at (0,2471) size 406x6 [border: (3px solid #FF0000)]
