layer at (0,0) size 800x600
  RenderView at (0,0) size 800x600
layer at (0,0) size 800x600
  RenderBlock {HTML} at (0,0) size 800x600
    RenderBody {BODY} at (8,8) size 784x584
      RenderTable {TABLE} at (0,0) size 415x108
        RenderBlock {CAPTION} at (0,0) size 415x18
          RenderText {#text} at (13,0) size 389x18
            text run at (13,0) width 389: "Communicator 4.5 Installers for Mac and Windows Platforms"
        RenderTableSection {TBODY} at (0,18) size 415x90
          RenderTableRow {TR} at (0,2) size 415x20
            RenderTableCell {TH} at (2,11) size 117x2 [r=0 c=0 rs=1 cs=1]
            RenderTableCell {TH} at (120,2) size 110x20 [r=0 c=1 rs=1 cs=1]
              RenderText {#text} at (1,1) size 108x18
                text run at (1,1) width 108: "Macintosh PPC"
            RenderTableCell {TH} at (231,2) size 87x20 [r=0 c=2 rs=1 cs=1]
              RenderText {#text} at (1,1) size 85x18
                text run at (1,1) width 85: "Windows 95"
            RenderTableCell {TH} at (319,2) size 94x20 [r=0 c=3 rs=1 cs=1]
              RenderText {#text} at (1,1) size 92x18
                text run at (1,1) width 92: "Windows NT"
          RenderTableRow {TR} at (0,24) size 415x20
            RenderTableCell {TD} at (2,24) size 117x20 [r=1 c=0 rs=1 cs=1]
              RenderText {#text} at (1,1) size 73x18
                text run at (1,1) width 73: "Base Install"
            RenderTableCell {TD} at (120,24) size 110x20 [r=1 c=1 rs=1 cs=1]
              RenderText {#text} at (1,1) size 21x18
                text run at (1,1) width 21: "yes"
            RenderTableCell {TD} at (231,24) size 87x20 [r=1 c=2 rs=1 cs=1]
              RenderText {#text} at (1,1) size 21x18
                text run at (1,1) width 21: "yes"
            RenderTableCell {TD} at (319,24) size 94x20 [r=1 c=3 rs=1 cs=1]
              RenderText {#text} at (1,1) size 21x18
                text run at (1,1) width 21: "yes"
          RenderTableRow {TR} at (0,46) size 415x20
            RenderTableCell {TD} at (2,46) size 117x20 [r=2 c=0 rs=1 cs=1]
              RenderText {#text} at (1,1) size 103x18
                text run at (1,1) width 103: "Complete Install"
            RenderTableCell {TD} at (120,46) size 110x20 [r=2 c=1 rs=1 cs=1]
              RenderText {#text} at (1,1) size 21x18
                text run at (1,1) width 21: "yes"
            RenderTableCell {TD} at (231,46) size 87x20 [r=2 c=2 rs=1 cs=1]
              RenderText {#text} at (1,1) size 21x18
                text run at (1,1) width 21: "yes"
            RenderTableCell {TD} at (319,46) size 94x20 [r=2 c=3 rs=1 cs=1]
              RenderText {#text} at (1,1) size 21x18
                text run at (1,1) width 21: "yes"
          RenderTableRow {TR} at (0,68) size 415x20
            RenderTableCell {TD} at (2,68) size 117x20 [r=3 c=0 rs=1 cs=1]
              RenderText {#text} at (1,1) size 114x18
                text run at (1,1) width 114: "Pro Edition Install"
            RenderTableCell {TD} at (120,68) size 110x20 [r=3 c=1 rs=1 cs=1]
              RenderText {#text} at (1,1) size 21x18
                text run at (1,1) width 21: "yes"
            RenderTableCell {TD} at (231,68) size 87x20 [r=3 c=2 rs=1 cs=1]
              RenderText {#text} at (1,1) size 21x18
                text run at (1,1) width 21: "yes"
            RenderTableCell {TD} at (319,68) size 94x20 [r=3 c=3 rs=1 cs=1]
              RenderText {#text} at (1,1) size 21x18
                text run at (1,1) width 21: "yes"
