layer at (0,0) size 800x600
  RenderView at (0,0) size 800x600
layer at (0,0) size 800x600
  RenderBlock {HTML} at (0,0) size 800x600
    RenderBody {BODY} at (8,8) size 784x584
      RenderTable {TABLE} at (0,0) size 415x108 [border: (2px outset #808080)]
        RenderBlock {CAPTION} at (0,0) size 415x18
          RenderText {#text} at (13,0) size 389x18
            text run at (13,0) width 389: "Communicator 4.5 Installers for Mac and Windows Platforms"
        RenderTableSection {TBODY} at (2,20) size 410x85
          RenderTableRow {TR} at (0,0) size 410x23
            RenderTableCell {TH} at (0,9) size 120x5 [border: (3px none #000000)] [r=0 c=0 rs=1 cs=1]
            RenderTableCell {TH} at (119,0) size 110x23 [border: (3px none #000000)] [r=0 c=1 rs=1 cs=1]
              RenderText {#text} at (1,4) size 108x18
                text run at (1,4) width 108: "Macintosh PPC"
            RenderTableCell {TH} at (228,0) size 87x23 [border: (3px none #000000)] [r=0 c=2 rs=1 cs=1]
              RenderText {#text} at (1,4) size 85x18
                text run at (1,4) width 85: "Windows 95"
            RenderTableCell {TH} at (314,0) size 96x23 [border: (3px none #000000)] [r=0 c=3 rs=1 cs=1]
              RenderText {#text} at (1,4) size 92x18
                text run at (1,4) width 92: "Windows NT"
          RenderTableRow {TR} at (0,23) size 410x20
            RenderTableCell {TD} at (0,23) size 120x20 [border: none] [r=1 c=0 rs=1 cs=1]
              RenderText {#text} at (4,1) size 73x18
                text run at (4,1) width 73: "Base Install"
            RenderTableCell {TD} at (119,23) size 110x20 [r=1 c=1 rs=1 cs=1]
              RenderText {#text} at (1,1) size 21x18
                text run at (1,1) width 21: "yes"
            RenderTableCell {TD} at (228,23) size 87x20 [r=1 c=2 rs=1 cs=1]
              RenderText {#text} at (1,1) size 21x18
                text run at (1,1) width 21: "yes"
            RenderTableCell {TD} at (314,23) size 96x20 [border: none] [r=1 c=3 rs=1 cs=1]
              RenderText {#text} at (1,1) size 21x18
                text run at (1,1) width 21: "yes"
          RenderTableRow {TR} at (0,43) size 410x20
            RenderTableCell {TD} at (0,43) size 120x20 [border: none] [r=2 c=0 rs=1 cs=1]
              RenderText {#text} at (4,1) size 103x18
                text run at (4,1) width 103: "Complete Install"
            RenderTableCell {TD} at (119,43) size 110x20 [r=2 c=1 rs=1 cs=1]
              RenderText {#text} at (1,1) size 21x18
                text run at (1,1) width 21: "yes"
            RenderTableCell {TD} at (228,43) size 87x20 [r=2 c=2 rs=1 cs=1]
              RenderText {#text} at (1,1) size 21x18
                text run at (1,1) width 21: "yes"
            RenderTableCell {TD} at (314,43) size 96x20 [border: none] [r=2 c=3 rs=1 cs=1]
              RenderText {#text} at (1,1) size 21x18
                text run at (1,1) width 21: "yes"
          RenderTableRow {TR} at (0,63) size 410x22
            RenderTableCell {TD} at (0,63) size 120x22 [border: none] [r=3 c=0 rs=1 cs=1]
              RenderText {#text} at (4,1) size 114x18
                text run at (4,1) width 114: "Pro Edition Install"
            RenderTableCell {TD} at (119,63) size 110x22 [border: none] [r=3 c=1 rs=1 cs=1]
              RenderText {#text} at (1,1) size 21x18
                text run at (1,1) width 21: "yes"
            RenderTableCell {TD} at (228,63) size 87x22 [border: none] [r=3 c=2 rs=1 cs=1]
              RenderText {#text} at (1,1) size 21x18
                text run at (1,1) width 21: "yes"
            RenderTableCell {TD} at (314,63) size 96x22 [border: none] [r=3 c=3 rs=1 cs=1]
              RenderText {#text} at (1,1) size 21x18
                text run at (1,1) width 21: "yes"
