layer at (0,0) size 1598x917
  RenderView at (0,0) size 800x600
layer at (0,0) size 800x917
  RenderBlock {HTML} at (0,0) size 800x917
    RenderBody {BODY} at (8,21) size 784x888
      RenderBlock {H1} at (0,0) size 784x38
        RenderText {#text} at (0,1) size 292x36
          text run at (0,1) width 292: "Table Border Models"
      RenderBlock {P} at (0,59) size 784x20
        RenderText {#text} at (0,0) size 121x19
          text run at (0,0) width 121: "This tests tests the "
        RenderInline {A} at (0,0) size 212x19 [color=#0000EE]
          RenderText {#text} at (120,0) size 212x19
            text run at (120,0) width 212: "CSS2 spec rules on table borders"
        RenderText {#text} at (331,0) size 185x19
          text run at (331,0) width 9: ". "
          text run at (339,0) width 177: "The styles applied here are:"
      RenderBlock {PRE} at (0,95) size 784x180
        RenderText {#text} at (0,0) size 671x180
          text run at (0,0) width 398: "TABLE   { margin: 1em; border: medium solid blue; }"
          text run at (397,0) width 1: " "
          text run at (0,15) width 367: "TD  { border: thin solid green; padding: 5px; }"
          text run at (366,15) width 1: " "
          text run at (0,30) width 383: "TH { border: medium solid purple; padding: 5px; }"
          text run at (382,30) width 1: " "
          text run at (0,45) width 352: "TABLE.one, TABLE.two { border-spacing: 1em; }"
          text run at (351,45) width 1: " "
          text run at (0,60) width 313: "TABLE.one { border-collapse: collapse; }"
          text run at (312,60) width 1: " "
          text run at (0,75) width 313: "TABLE.two { border-collapse: separate; }"
          text run at (312,75) width 1: " "
          text run at (0,90) width 523: "TABLE.three { border-collapse: separate; border-spacing: 0 0.5em; }"
          text run at (522,90) width 1: " "
          text run at (0,105) width 515: "TABLE.four { border-collapse: separate; border-spacing: 0.5em 0; }"
          text run at (514,105) width 1: " "
          text run at (0,120) width 320: "TABLE.five { border-collapse: separate; }"
          text run at (319,120) width 1: " "
          text run at (0,135) width 453: "TABLE.five, TABLE.five TD, TABLE.five TH { border: none; }"
          text run at (452,135) width 1: " "
          text run at (0,150) width 671: "TABLE.five TR, TABLE.five COL, TABLE.five COLGROUP, TABLE.five TBODY, TABLE.five THEAD"
          text run at (670,150) width 1: " "
          text run at (0,165) width 258: "    { border: medium solid red; }"
          text run at (257,165) width 1: " "
      RenderBlock {DIV} at (0,288) size 1590x600
        RenderTable {TABLE} at (16,16) size 260x568 [border: (1px solid #0000FF)]
          RenderTableSection {TBODY} at (1,1) size 257x565
            RenderTableRow {TR} at (0,0) size 33x565
              RenderTableCell {TH} at (0,0) size 33x189 [border: (2px solid #800080)] [r=0 c=0 rs=1 cs=1]
                RenderText {#text} at (6,53) size 19x84
                  text run at (6,53) width 84: "Header One"
              RenderTableCell {TH} at (0,189) size 33x178 [border: (2px solid #800080)] [r=0 c=1 rs=1 cs=1]
                RenderText {#text} at (6,47) size 19x85
                  text run at (6,47) width 85: "Header Two"
              RenderTableCell {TH} at (0,367) size 33x198 [border: (2px solid #800080)] [r=0 c=2 rs=1 cs=1]
                RenderText {#text} at (6,51) size 19x97
                  text run at (6,51) width 96: "Header Three"
            RenderTableRow {TR} at (0,33) size 112x565
              RenderTableCell {TD} at (33,30) size 112x129 [border: (2px solid #008000)] [r=1 c=0 rs=1 cs=1]
                RenderText {#text} at (36,-23) size 39x161
                  text run at (36,-23) width 119: "This table uses the"
                  text run at (56,-23) width 161: "collapsed borders model."
              RenderTableCell {TD} at (33,209) size 112x138 [border: (1px solid #008000)] [r=1 c=1 rs=1 cs=1]
                RenderText {#text} at (26,-14) size 59x163
                  text run at (26,-14) width 163: "This means that elements"
                  text run at (46,-14) width 146: "within the cell have no"
                  text run at (66,-14) width 100: "border-spacing."
              RenderTableCell {TD} at (33,367) size 112x198 [border: (1px solid #008000)] [r=1 c=2 rs=1 cs=1]
                RenderText {#text} at (6,6) size 99x172
                  text run at (6,6) width 139: "Since it has collapsed"
                  text run at (26,6) width 172: "borders, the borders on the"
                  text run at (46,6) width 84: "header cells, "
                  text run at (46,89) width 76: "on all sides,"
                  text run at (66,6) width 154: "should be medium solid"
                  text run at (86,6) width 45: "purple."
            RenderTableRow {TR} at (0,145) size 112x565
              RenderTableCell {TD} at (145,0) size 112x189 [border: (2px solid #008000)] [r=2 c=0 rs=1 cs=1]
                RenderText {#text} at (5,7) size 99x157
                  text run at (5,7) width 147: "The border of the table"
                  text run at (25,7) width 155: "itself should be medium"
                  text run at (45,7) width 117: "solid blue, except "
                  text run at (45,123) width 40: "where"
                  text run at (65,7) width 157: "header cells override the"
                  text run at (85,7) width 46: "border."
              RenderTableCell {TD} at (145,189) size 112x178 [border: (1px solid #008000)] [r=2 c=1 rs=1 cs=1]
                RenderText {#text} at (5,6) size 99x164
                  text run at (5,6) width 164: "The borders that I haven't"
                  text run at (25,6) width 144: "already mentioned (all"
                  text run at (45,6) width 114: "the other internal "
                  text run at (45,119) width 35: "ones)"
                  text run at (65,6) width 126: "should be thin solid"
                  text run at (85,6) width 40: "green."
              RenderTableCell {TD} at (145,367) size 112x198 [border: (1px solid #008000)] [r=2 c=2 rs=1 cs=1]
                RenderText {#text} at (5,6) size 79x156
                  text run at (5,6) width 156: "This table should have a"
                  text run at (25,6) width 146: "1em margin around all"
                  text run at (45,6) width 45: "edges. "
                  text run at (45,50) width 82: "This margin "
                  text run at (45,132) width 11: "is"
                  text run at (65,6) width 124: "measured from the "
                RenderInline {EM} at (0,0) size 19x45
                  RenderText {#text} at (65,129) size 19x45
                    text run at (65,129) width 44: "middle"
                RenderText {#text} at (65,173) size 39x185
                  text run at (65,173) width 18: " of"
                  text run at (85,6) width 65: "its border."
        RenderTable {TABLE} at (292,16) size 310x568 [border: (3px solid #0000FF)]
          RenderTableSection {TBODY} at (3,3) size 304x562
            RenderTableRow {TR} at (0,16) size 36x562
              RenderTableCell {TH} at (16,16) size 36x121 [border: (3px solid #800080)] [r=0 c=0 rs=1 cs=1]
                RenderText {#text} at (8,18) size 19x85
                  text run at (8,18) width 84: "Header One"
              RenderTableCell {TH} at (16,153) size 36x143 [border: (3px solid #800080)] [r=0 c=1 rs=1 cs=1]
                RenderText {#text} at (8,29) size 19x85
                  text run at (8,29) width 85: "Header Two"
              RenderTableCell {TH} at (16,312) size 36x234 [border: (3px solid #800080)] [r=0 c=2 rs=1 cs=1]
                RenderText {#text} at (8,69) size 19x96
                  text run at (8,69) width 96: "Header Three"
            RenderTableRow {TR} at (0,68) size 92x562
              RenderTableCell {TD} at (68,26) size 92x101 [border: (1px solid #008000)] [r=1 c=0 rs=1 cs=1]
                RenderText {#text} at (16,-4) size 59x96
                  text run at (16,-4) width 96: "This table uses"
                  text run at (36,-4) width 84: "the separated"
                  text run at (56,-4) width 96: "borders model."
              RenderTableCell {TD} at (68,153) size 92x143 [border: (1px solid #008000)] [r=1 c=1 rs=1 cs=1]
                RenderText {#text} at (6,6) size 79x126
                  text run at (6,6) width 102: "This means that"
                  text run at (26,6) width 126: "elements within the"
                  text run at (46,6) width 109: "cell have border-"
                  text run at (66,6) width 102: "spacing of 1em."
              RenderTableCell {TD} at (68,322) size 92x214 [border: (1px solid #008000)] [r=1 c=2 rs=1 cs=1]
                RenderText {#text} at (16,-4) size 59x205
                  text run at (16,-4) width 205: "The borders on the header cells,"
                  text run at (36,-4) width 199: "on all sides, should be medium"
                  text run at (56,-4) width 80: "solid purple."
            RenderTableRow {TR} at (0,176) size 112x562
              RenderTableCell {TD} at (176,16) size 112x121 [border: (1px solid #008000)] [r=2 c=0 rs=1 cs=1]
                RenderText {#text} at (6,6) size 99x91
                  text run at (6,6) width 88: "The border of"
                  text run at (26,6) width 91: "the table itself"
                  text run at (46,6) width 62: "should be"
                  text run at (66,6) width 88: "medium solid"
                  text run at (86,6) width 32: "blue."
              RenderTableCell {TD} at (176,173) size 112x103 [border: (1px solid #008000)] [r=2 c=1 rs=1 cs=1]
                RenderText {#text} at (26,-14) size 59x123
                  text run at (26,-14) width 95: "The borders of"
                  text run at (46,-14) width 113: "other cells should"
                  text run at (66,-14) width 123: "be thin solid green."
              RenderTableCell {TD} at (176,322) size 112x214 [border: (1px solid #008000)] [r=2 c=2 rs=1 cs=1]
                RenderText {#text} at (16,-4) size 59x191
                  text run at (16,-4) width 188: "This table should have a 1em"
                  text run at (36,-4) width 163: "margin around all edges. "
                  text run at (36,158) width 29: "This"
                  text run at (56,-4) width 50: "margin "
                  text run at (56,45) width 139: "is measured from the "
                RenderInline {EM} at (0,0) size 39x222
                  RenderText {#text} at (56,183) size 39x222
                    text run at (56,183) width 34: "outer"
                    text run at (76,-4) width 31: "edge"
                RenderText {#text} at (76,26) size 19x87
                  text run at (76,26) width 87: " of its border."
        RenderTable {TABLE} at (618,16) size 338x568 [border: (3px solid #0000FF)]
          RenderTableSection {TBODY} at (3,3) size 332x562
            RenderTableRow {TR} at (0,8) size 36x562
              RenderTableCell {TH} at (8,0) size 36x145 [border: (3px solid #800080)] [r=0 c=0 rs=1 cs=1]
                RenderText {#text} at (8,30) size 19x85
                  text run at (8,30) width 84: "Header One"
              RenderTableCell {TH} at (8,145) size 36x205 [border: (3px solid #800080)] [r=0 c=1 rs=1 cs=1]
                RenderText {#text} at (8,60) size 19x85
                  text run at (8,60) width 85: "Header Two"
              RenderTableCell {TH} at (8,350) size 36x212 [border: (3px solid #800080)] [r=0 c=2 rs=1 cs=1]
                RenderText {#text} at (8,58) size 19x96
                  text run at (8,58) width 96: "Header Three"
            RenderTableRow {TR} at (0,52) size 132x562
              RenderTableCell {TD} at (52,30) size 132x85 [border: (1px solid #008000)] [r=1 c=0 rs=1 cs=1]
                RenderText {#text} at (36,-24) size 59x119
                  text run at (36,-24) width 119: "This table uses the"
                  text run at (56,-24) width 113: "separated borders"
                  text run at (76,-24) width 44: "model."
              RenderTableCell {TD} at (52,145) size 132x205 [border: (1px solid #008000)] [r=1 c=1 rs=1 cs=1]
                RenderText {#text} at (6,6) size 119x190
                  text run at (6,6) width 190: "Elements within the cell have"
                  text run at (26,6) width 165: "horizontal border-spacing"
                  text run at (46,6) width 91: "(i.e., width of "
                  text run at (46,96) width 88: "vertical lines)"
                  text run at (66,6) width 109: "of 0 and vertical "
                  text run at (66,114) width 48: "border-"
                  text run at (86,6) width 144: "spacing (i.e., height of"
                  text run at (106,6) width 170: "horizontal lines) of 0.5em."
              RenderTableCell {TD} at (52,380) size 132x152 [border: (1px solid #008000)] [r=1 c=2 rs=1 cs=1]
                RenderText {#text} at (36,-24) size 59x180
                  text run at (36,-24) width 168: "The borders on the header"
                  text run at (56,-24) width 38: "cells, "
                  text run at (56,13) width 142: "on all sides, should be"
                  text run at (76,-24) width 137: "medium solid purple."
            RenderTableRow {TR} at (0,192) size 132x562
              RenderTableCell {TD} at (192,0) size 132x145 [border: (1px solid #008000)] [r=2 c=0 rs=1 cs=1]
                RenderText {#text} at (6,6) size 119x133
                  text run at (6,6) width 112: "The border of the"
                  text run at (26,6) width 133: "table itself should be"
                  text run at (46,6) width 124: "medium solid blue."
                  text run at (66,6) width 132: "The borders of other"
                  text run at (86,6) width 124: "cells should be thin"
                  text run at (106,6) width 75: "solid green."
              RenderTableCell {TD} at (192,165) size 132x165 [border: (1px solid #008000)] [r=2 c=1 rs=1 cs=1]
                RenderText {#text} at (26,-14) size 59x191
                  text run at (26,-14) width 188: "This table should have a 1em"
                  text run at (46,-14) width 163: "margin around all edges. "
                  text run at (46,148) width 29: "This"
                  text run at (66,-14) width 50: "margin "
                  text run at (66,35) width 135: "is measured from the"
                RenderInline {EM} at (0,0) size 19x68
                  RenderText {#text} at (86,-14) size 19x68
                    text run at (86,-14) width 68: "outer edge"
                RenderText {#text} at (86,53) size 19x88
                  text run at (86,53) width 87: " of its border."
              RenderTableCell {TD} at (192,350) size 132x212 [border: (1px solid #008000)] [r=2 c=2 rs=1 cs=1]
                RenderText {#text} at (6,6) size 119x198
                  text run at (6,6) width 191: "The table should not be wider"
                  text run at (26,6) width 187: "than the room available for it"
                  text run at (46,6) width 44: "unless "
                  text run at (46,50) width 154: "that space is very small."
                  text run at (66,6) width 173: "Because of its margins, the"
                  text run at (86,6) width 82: "width of the "
                  text run at (86,87) width 97: "table should be"
                  text run at (106,6) width 101: "less than 100%."
        RenderTable {TABLE} at (972,16) size 286x568 [border: (3px solid #0000FF)]
          RenderTableSection {TBODY} at (3,3) size 280x562
            RenderTableRow {TR} at (0,0) size 36x562
              RenderTableCell {TH} at (0,8) size 36x153 [border: (3px solid #800080)] [r=0 c=0 rs=1 cs=1]
                RenderText {#text} at (8,34) size 19x85
                  text run at (8,34) width 84: "Header One"
              RenderTableCell {TH} at (0,169) size 36x155 [border: (3px solid #800080)] [r=0 c=1 rs=1 cs=1]
                RenderText {#text} at (8,35) size 19x85
                  text run at (8,35) width 85: "Header Two"
              RenderTableCell {TH} at (0,332) size 36x222 [border: (3px solid #800080)] [r=0 c=2 rs=1 cs=1]
                RenderText {#text} at (8,63) size 19x96
                  text run at (8,63) width 96: "Header Three"
            RenderTableRow {TR} at (0,36) size 112x562
              RenderTableCell {TD} at (36,28) size 112x113 [border: (1px solid #008000)] [r=1 c=0 rs=1 cs=1]
                RenderText {#text} at (26,-14) size 59x119
                  text run at (26,-14) width 119: "This table uses the"
                  text run at (46,-14) width 113: "separated borders"
                  text run at (66,-14) width 44: "model."
              RenderTableCell {TD} at (36,169) size 112x155 [border: (1px solid #008000)] [r=1 c=1 rs=1 cs=1]
                RenderText {#text} at (6,6) size 99x130
                  text run at (6,6) width 128: "Elements within the"
                  text run at (26,6) width 127: "cell have horizontal"
                  text run at (46,6) width 114: "border-spacing of"
                  text run at (66,6) width 119: "0.5em and vertical"
                  text run at (86,6) width 130: "border-spacing of 0."
              RenderTableCell {TD} at (36,352) size 112x182 [border: (1px solid #008000)] [r=1 c=2 rs=1 cs=1]
                RenderText {#text} at (26,-14) size 59x205
                  text run at (26,-14) width 205: "The borders on the header cells,"
                  text run at (46,-14) width 199: "on all sides, should be medium"
                  text run at (66,-14) width 80: "solid purple."
            RenderTableRow {TR} at (0,148) size 132x562
              RenderTableCell {TD} at (148,8) size 132x153 [border: (1px solid #008000)] [r=2 c=0 rs=1 cs=1]
                RenderText {#text} at (6,6) size 119x133
                  text run at (6,6) width 112: "The border of the"
                  text run at (26,6) width 133: "table itself should be"
                  text run at (46,6) width 124: "medium solid blue."
                  text run at (66,6) width 132: "The borders of other"
                  text run at (86,6) width 124: "cells should be thin"
                  text run at (106,6) width 75: "solid green."
              RenderTableCell {TD} at (148,169) size 132x155 [border: (1px solid #008000)] [r=2 c=1 rs=1 cs=1]
                RenderText {#text} at (6,6) size 99x142
                  text run at (6,6) width 111: "This table should"
                  text run at (26,6) width 123: "have a 1em margin"
                  text run at (46,6) width 113: "around all edges. "
                  text run at (46,118) width 29: "This"
                  text run at (66,6) width 50: "margin "
                  text run at (66,55) width 76: "is measured"
                  text run at (86,6) width 59: "from the "
                RenderInline {EM} at (0,0) size 19x69
                  RenderText {#text} at (86,64) size 19x69
                    text run at (86,64) width 68: "outer edge"
                RenderText {#text} at (106,6) size 19x83
                  text run at (106,6) width 83: "of its border."
              RenderTableCell {TD} at (148,332) size 132x222 [border: (1px solid #008000)] [r=2 c=2 rs=1 cs=1]
                RenderText {#text} at (6,6) size 119x207
                  text run at (6,6) width 191: "The table should not be wider"
                  text run at (26,6) width 187: "than the room available for it"
                  text run at (46,6) width 44: "unless "
                  text run at (46,50) width 154: "that space is very small."
                  text run at (66,6) width 173: "Because of its margins, the"
                  text run at (86,6) width 82: "width of the "
                  text run at (86,87) width 125: "table should be less"
                  text run at (106,6) width 73: "than 100%."
        RenderTable {TABLE} at (1274,16) size 300x568
          RenderBlock {CAPTION} at (0,0) size 20x568
            RenderText {#text} at (0,223) size 19x122
              text run at (0,223) width 122: "This is the caption."
          RenderTableCol {COLGROUP} at (0,0) size 0x0 [border: (3px solid #FF0000)]
            RenderTableCol {COL} at (0,0) size 0x0 [border: (3px solid #FF0000)]
          RenderTableCol {COLGROUP} at (0,0) size 0x0 [border: (3px solid #FF0000)]
            RenderTableCol {COL} at (0,0) size 0x0 [border: (3px solid #FF0000)]
            RenderTableCol {COL} at (0,0) size 0x0 [border: (3px solid #FF0000)]
          RenderTableSection {THEAD} at (20,0) size 54x568 [border: (3px solid #FF0000)]
            RenderTableRow {TR} at (0,2) size 50x568 [border: (3px solid #FF0000)]
              RenderTableCell {TH} at (2,2) size 50x92 [r=0 c=0 rs=1 cs=1]
                RenderText {#text} at (5,20) size 39x52
                  text run at (5,20) width 51: "Header"
                  text run at (25,31) width 29: "One"
              RenderTableCell {TH} at (2,106) size 50x226 [r=0 c=1 rs=1 cs=1]
                RenderText {#text} at (15,70) size 19x86
                  text run at (15,70) width 85: "Header Two"
              RenderTableCell {TH} at (2,354) size 50x202 [r=0 c=2 rs=1 cs=1]
                RenderText {#text} at (15,53) size 19x96
                  text run at (15,53) width 96: "Header Three"
          RenderTableSection {TBODY} at (74,0) size 226x568 [border: (3px solid #FF0000)]
            RenderTableRow {TR} at (0,2) size 110x568 [border: (3px solid #FF0000)]
              RenderTableCell {TD} at (2,2) size 110x92 [r=0 c=0 rs=1 cs=1]
                RenderText {#text} at (5,5) size 99x64
                  text run at (5,5) width 64: "This table"
                  text run at (25,5) width 52: "uses the"
                  text run at (45,5) width 61: "separated"
                  text run at (65,5) width 48: "borders"
                  text run at (85,5) width 44: "model."
              RenderTableCell {TD} at (2,116) size 110x206 [r=0 c=1 rs=1 cs=1]
                RenderText {#text} at (25,-15) size 59x232
                  text run at (25,-15) width 232: "This means that borders are allowed"
                  text run at (45,-15) width 201: "only on table elements or table "
                  text run at (45,185) width 24: "cell"
                  text run at (65,-15) width 61: "elements."
              RenderTableCell {TD} at (2,354) size 110x202 [r=0 c=2 rs=1 cs=1]
                RenderText {#text} at (15,-5) size 79x187
                  text run at (15,-5) width 156: "They are not allowed on"
                  text run at (35,-5) width 187: "elements that represent rows,"
                  text run at (55,-5) width 158: "row-groups, columns, or"
                  text run at (75,-5) width 101: "column-groups."
            RenderTableRow {TR} at (0,114) size 110x568 [border: (3px solid #FF0000)]
              RenderTableCell {TD} at (114,2) size 110x92 [r=1 c=0 rs=1 cs=1]
                RenderText {#text} at (5,5) size 99x82
                  text run at (5,5) width 38: "There"
                  text run at (25,5) width 82: "should be no"
                  text run at (45,5) width 64: "borders at"
                  text run at (65,5) width 64: "all on this"
                  text run at (85,5) width 37: "table!"
              RenderTableCell {TD} at (114,106) size 110x226 [r=1 c=1 rs=1 cs=1]
                RenderText {#text} at (15,-5) size 79x224
                  text run at (15,-5) width 224: "If there are any borders shown that"
                  text run at (35,-5) width 200: "are not medium solid red, then "
                  text run at (35,194) width 20: "the"
                  text run at (55,-5) width 208: "problem is something other than"
                  text run at (75,-5) width 150: "what this test is testing."
              RenderTableCell {TD} at (114,354) size 110x202 [r=1 c=2 rs=1 cs=1]
                RenderText {#text} at (15,-5) size 59x191
                  text run at (15,-5) width 188: "This table should have a 1em"
                  text run at (35,-5) width 163: "margin around all edges. "
                  text run at (35,157) width 29: "This"
                  text run at (55,-5) width 50: "margin "
                  text run at (55,44) width 135: "is measured from the"
                RenderInline {EM} at (0,0) size 19x68
                  RenderText {#text} at (75,-5) size 19x68
                    text run at (75,-5) width 68: "outer edge"
                RenderText {#text} at (75,62) size 19x88
                  text run at (75,62) width 87: " of its border."
