layer at (0,0) size 800x600
  RenderView at (0,0) size 800x600
layer at (0,0) size 800x105
  RenderBlock {HTML} at (0,0) size 800x105
    RenderBody {BODY} at (8,16) size 784x81
      RenderBlock {P} at (0,0) size 784x40
        RenderText {#text} at (0,0) size 766x39
          text run at (0,0) width 766: "This tests that the Strong Confirmation Password AutoFill button renders in an auto-filled input. It can only be tested in"
          text run at (0,20) width 79: "the test tool."
      RenderBlock {DIV} at (0,56) size 784x25
        RenderTextControl {INPUT} at (2,2) size 136x22 [bgcolor=#F7EC87] [border: (1px solid #4C4C4C)]
          RenderFlexibleBox {DIV} at (6,3) size 123x15
            RenderBlock {DIV} at (0,0) size 123x14
            RenderBlock {DIV} at (122,7) size 0x0
        RenderText {#text} at (139,1) size 5x19
          text run at (139,1) width 5: " "
        RenderTextControl {INPUT} at (145,2) size 136x22 [bgcolor=#F7EC87] [border: (1px solid #4C4C4C)]
          RenderFlexibleBox {DIV} at (6,3) size 123x15
            RenderBlock {DIV} at (0,0) size 123x14
            RenderBlock {DIV} at (122,7) size 0x0
        RenderText {#text} at (282,1) size 5x19
          text run at (282,1) width 5: " "
        RenderTextControl {INPUT} at (286,2) size 314x22 [bgcolor=#F7EC87] [border: (1px solid #4C4C4C)]
          RenderFlexibleBox {DIV} at (6,3) size 301x15
            RenderBlock {DIV} at (0,0) size 300x14
            RenderBlock {DIV} at (300,7) size 0x0
        RenderText {#text} at (599,1) size 5x19
          text run at (599,1) width 5: " "
        RenderTextControl {INPUT} at (605,2) size 137x22 [bgcolor=#F7EC87] [border: (1px solid #4C4C4C)]
          RenderFlexibleBox {DIV} at (6,3) size 123x15
            RenderBlock {DIV} at (0,0) size 123x14
            RenderBlock {DIV} at (122,7) size 0x0
layer at (17,77) size 122x14 scrollWidth 215
  RenderBlock {DIV} at (0,0) size 123x14 [color=#00000099]
    RenderText {#text} at (0,0) size 216x14
      text run at (0,0) width 216: "A quick brown fox jumped over the lazy dog."
layer at (160,77) size 122x14 scrollWidth 215
  RenderBlock {DIV} at (0,0) size 123x14 [color=#00000099]
    RenderText {#text} at (0,0) size 216x14
      text run at (0,0) width 216: "A quick brown fox jumped over the lazy dog."
layer at (301,77) size 300x14
  RenderBlock {DIV} at (0,0) size 300x14 [color=#00000099]
    RenderText {#text} at (0,0) size 216x14
      text run at (0,0) width 216: "A quick brown fox jumped over the lazy dog."
layer at (620,77) size 122x14
  RenderBlock {DIV} at (0,0) size 123x14 [color=#00000099]
