layer at (0,0) size 800x600
  RenderView at (0,0) size 800x600
layer at (0,0) size 800x85
  RenderBlock {HTML} at (0,0) size 800x85
    RenderBody {BODY} at (8,16) size 784x61
      RenderBlock {P} at (0,0) size 784x20
        RenderText {#text} at (0,0) size 758x19
          text run at (0,0) width 758: "This tests that the Strong Password AutoFill button renders in an auto-filled input. It can only be tested in the test tool."
      RenderBlock {DIV} at (0,36) size 784x25
        RenderTextControl {INPUT} at (2,2) size 136x22 [bgcolor=#F7EC87] [border: (1px solid #4C4C4C)]
          RenderFlexibleBox {DIV} at (6,3) size 123x15
            RenderBlock {DIV} at (0,0) size 30x14
            RenderBlock {DIV} at (29,0) size 94x14
              RenderText {#text} at (6,0) size 88x14
                text run at (6,0) width 88: "strong password"
        RenderText {#text} at (139,1) size 5x19
          text run at (139,1) width 5: " "
        RenderTextControl {INPUT} at (145,2) size 136x22 [bgcolor=#F7EC87] [border: (1px solid #4C4C4C)]
          RenderFlexibleBox {DIV} at (6,3) size 123x15
            RenderBlock {DIV} at (0,0) size 30x14
            RenderBlock {DIV} at (29,0) size 94x14
              RenderText {#text} at (6,0) size 88x14
                text run at (6,0) width 88: "strong password"
        RenderText {#text} at (282,1) size 5x19
          text run at (282,1) width 5: " "
        RenderTextControl {INPUT} at (286,2) size 314x22 [bgcolor=#F7EC87] [border: (1px solid #4C4C4C)]
          RenderFlexibleBox {DIV} at (6,3) size 301x15
            RenderBlock {DIV} at (0,0) size 207x14
            RenderBlock {DIV} at (206,0) size 94x14
              RenderText {#text} at (6,0) size 88x14
                text run at (6,0) width 88: "strong password"
        RenderText {#text} at (599,1) size 5x19
          text run at (599,1) width 5: " "
        RenderTextControl {INPUT} at (605,2) size 137x22 [bgcolor=#F7EC87] [border: (1px solid #4C4C4C)]
          RenderFlexibleBox {DIV} at (6,3) size 123x15
            RenderBlock {DIV} at (0,0) size 30x14
            RenderBlock {DIV} at (29,0) size 94x14
              RenderText {#text} at (6,0) size 88x14
                text run at (6,0) width 88: "strong password"
layer at (17,57) size 29x14 scrollWidth 215
  RenderBlock {DIV} at (0,0) size 30x14 [color=#00000099]
    RenderText {#text} at (0,0) size 216x14
      text run at (0,0) width 216: "A quick brown fox jumped over the lazy dog."
layer at (160,57) size 29x14 scrollWidth 215
  RenderBlock {DIV} at (0,0) size 30x14 [color=#00000099]
    RenderText {#text} at (0,0) size 216x14
      text run at (0,0) width 216: "A quick brown fox jumped over the lazy dog."
layer at (301,57) size 207x14 scrollWidth 215
  RenderBlock {DIV} at (0,0) size 207x14 [color=#00000099]
    RenderText {#text} at (0,0) size 216x14
      text run at (0,0) width 216: "A quick brown fox jumped over the lazy dog."
layer at (620,57) size 29x14
  RenderBlock {DIV} at (0,0) size 30x14 [color=#00000099]
