layer at (0,0) size 800x600
  RenderView at (0,0) size 800x600
layer at (0,0) size 800x102
  RenderBlock {HTML} at (0,0) size 800x102
    RenderBody {BODY} at (8,16) size 784x70
      RenderBlock {P} at (0,0) size 784x36
        RenderInline {SPAN} at (0,0) size 465x35
          RenderBR {BR} at (0,0) size 0x17
          RenderText {#text} at (0,18) size 465x17
            text run at (0,18) width 465: "There shouldn\x{2019}t be a black dot or line above the first letter of this sentence"
        RenderText {#text} at (465,18) size 4x17
          text run at (465,18) width 4: "."
      RenderBlock {P} at (0,52) size 784x18
        RenderText {#text} at (0,0) size 52x17
          text run at (0,0) width 52: "Test for "
        RenderInline {I} at (0,0) size 648x17
          RenderInline {A} at (0,0) size 300x17 [color=#0000EE]
            RenderText {#text} at (52,0) size 300x17
              text run at (52,0) width 300: "http://bugs.webkit.org/show_bug.cgi?id=14245"
          RenderText {#text} at (352,0) size 348x17
            text run at (352,0) width 4: " "
            text run at (356,0) width 344: "Underline painted under <br>, not repainted properly"
        RenderText {#text} at (700,0) size 4x17
          text run at (700,0) width 4: "."
