layer at (0,0) size 800x600
  RenderView at (0,0) size 800x600
layer at (0,0) size 800x600
  RenderBlock {HTML} at (0,0) size 800x600
    RenderBody {BODY} at (8,8) size 784x584
      RenderBlock (floating) {DIV} at (0,0) size 57x28 [border: (1px solid #000000)]
        RenderBlock {SPAN} at (1,1) size 55x26
          RenderBlock {SPAN} at (0,0) size 55x26
            RenderText {#text} at (0,4) size 55x15
              text run at (0,4) width 55: "Float Text"
          RenderText {#text} at (0,0) size 0x0
        RenderText {#text} at (0,0) size 0x0
      RenderText {#text} at (59,0) size 467x17
        text run at (59,0) width 467: "The float on the left should have a black border enclosing its text contents."
