layer at (0,0) size 800x600
  RenderView at (0,0) size 800x600
layer at (0,0) size 800x600
  RenderBlock {HTML} at (0,0) size 800x600
    RenderBody {BODY} at (8,8) size 784x584
      RenderText {#text} at (110,5) size 4x18
        text run at (110,5) width 4: " "
      RenderText {#text} at (0,0) size 0x0
layer at (8,10) size 110x25 clip at (10,12) size 106x21
  RenderFlexibleBox {INPUT} at (0,2) size 110x25 [bgcolor=#FFFFFF] [border: (2px inset #000000)]
layer at (11,13) size 98x19 clip at (12,14) size 96x17 scrollHeight 18
  RenderBlock {DIV} at (3,3) size 99x19 [border: (1px solid #FF0000)]
    RenderBlock {DIV} at (1,1) size 97x17
      RenderInline {DIV} at (0,0) size 21x19 [color=#FF0000]
        RenderText {#text} at (1,0) size 19x17
          text run at (1,0) width 19: "04"
      RenderInline {DIV} at (0,0) size 10x17 [color=#FFFF00]
        RenderText {#text} at (20,0) size 10x17
          text run at (20,0) width 10: "/"
      RenderInline {DIV} at (0,0) size 21x19 [color=#008000]
        RenderText {#text} at (30,0) size 19x17
          text run at (30,0) width 19: "01"
      RenderInline {DIV} at (0,0) size 10x17 [color=#FFFF00]
        RenderText {#text} at (49,0) size 10x17
          text run at (49,0) width 10: "/"
      RenderInline {DIV} at (0,0) size 39x19 [color=#0000FF]
        RenderText {#text} at (59,0) size 37x17
          text run at (59,0) width 37: "1976"
layer at (122,10) size 110x25 clip at (124,12) size 106x21
  RenderFlexibleBox {INPUT} at (114,2) size 110x25 [bgcolor=#FFFFFF] [border: (2px inset #000000)]
layer at (131,13) size 98x19 clip at (132,14) size 96x17 scrollHeight 18
  RenderBlock {DIV} at (8,3) size 99x19 [border: (1px solid #FF0000)]
    RenderBlock {DIV} at (1,1) size 97x17
      RenderInline {DIV} at (0,0) size 21x19 [color=#FF0000]
        RenderText {#text} at (1,0) size 19x17
          text run at (1,0) width 19: "04"
      RenderInline {DIV} at (0,0) size 10x17 [color=#FFFF00]
        RenderText {#text} at (20,0) size 10x17
          text run at (20,0) width 10: "/"
      RenderInline {DIV} at (0,0) size 21x19 [color=#008000]
        RenderText {#text} at (30,0) size 19x17
          text run at (30,0) width 19: "01"
      RenderInline {DIV} at (0,0) size 10x17 [color=#FFFF00]
        RenderText {#text} at (49,0) size 10x17
          text run at (49,0) width 10: "/"
      RenderInline {DIV} at (0,0) size 39x19 [color=#0000FF]
        RenderText {#text} at (59,0) size 37x17
          text run at (59,0) width 37: "1976"
