layer at (0,0) size 800x600
  RenderView at (0,0) size 800x600
layer at (0,0) size 800x162
  RenderBlock {test} at (0,0) size 800x162
    RenderBlock {div} at (0,16) size 800x90
      RenderBlock {p} at (0,0) size 800x18 [bgcolor=#00FF00]
        RenderText {#text} at (0,0) size 304x18
          text run at (0,0) width 304: "This paragraph should have a green background"
      RenderTable {table} at (0,34) size 311x56
        RenderTableSection {tbody} at (0,0) size 311x56
          RenderTableRow {tr} at (0,2) size 311x52
            RenderTableCell {td} at (2,2) size 307x52 [r=0 c=0 rs=1 cs=1]
              RenderBlock {p} at (1,17) size 305x18 [bgcolor=#00FF00]
                RenderText {#text} at (0,0) size 304x18
                  text run at (0,0) width 304: "This paragraph should have a green background"
    RenderTable {table} at (0,106) size 228x56
      RenderTableSection {tbody} at (0,0) size 228x56
        RenderTableRow {tr} at (0,2) size 228x52
          RenderTableCell {td} at (2,2) size 224x52 [r=0 c=0 rs=1 cs=1]
            RenderBlock {p} at (1,17) size 222x18
              RenderText {#text} at (0,0) size 221x18
                text run at (0,0) width 221: "This paragraph should be unstyled."
