layer at (0,0) size 800x600
  RenderView at (0,0) size 800x600
layer at (0,0) size 800x166
  RenderBlock {HTML} at (0,0) size 800x166
    RenderBody {BODY} at (8,8) size 784x150
      RenderMathMLMath {math} at (0,0) size 195x20 [padding: 0 1 0 1]
        RenderMathMLRow {mrow} at (1,0) size 193x20
          RenderMathMLOperator {mo} at (1,3) size 8x14
            RenderMathMLBlock (flex) {mo} at (0,0) size 7x14
              RenderBlock (anonymous) at (0,0) size 5x14
                RenderText at (0,-6) size 5x24
                  text run at (0,-6) width 5: "("
          RenderMathMLOperator {mo} at (13,3) size 8x14
            RenderMathMLBlock (flex) {mo} at (0,0) size 7x14
              RenderBlock (anonymous) at (0,0) size 5x14
                RenderText at (0,-6) size 5x24
                  text run at (0,-6) width 5: ")"
          RenderMathMLOperator {mo} at (26,3) size 11x14
            RenderMathMLBlock (flex) {mo} at (0,0) size 10x14
              RenderBlock (anonymous) at (0,0) size 8x14
                RenderText at (0,-6) size 8x24
                  text run at (0,-6) width 8: "{"
          RenderMathMLOperator {mo} at (43,3) size 11x14
            RenderMathMLBlock (flex) {mo} at (0,0) size 10x14
              RenderBlock (anonymous) at (0,0) size 8x14
                RenderText at (0,-6) size 8x24
                  text run at (0,-6) width 8: "}"
          RenderMathMLOperator {mo} at (59,3) size 8x14
            RenderMathMLBlock (flex) {mo} at (0,0) size 7x14
              RenderBlock (anonymous) at (0,0) size 5x14
                RenderText at (0,-6) size 5x24
                  text run at (0,-6) width 5: "["
          RenderMathMLOperator {mo} at (72,3) size 8x14
            RenderMathMLBlock (flex) {mo} at (0,0) size 7x14
              RenderBlock (anonymous) at (0,0) size 5x14
                RenderText at (0,-6) size 5x24
                  text run at (0,-6) width 5: "]"
          RenderMathMLOperator {mo} at (86,2) size 9x16
            RenderMathMLBlock (flex) {mo} at (0,0) size 8x16
              RenderBlock (anonymous) at (0,0) size 8x16
                RenderText at (0,-5) size 8x24
                  text run at (0,-5) width 8: "\x{2308}"
          RenderMathMLOperator {mo} at (100,2) size 9x16
            RenderMathMLBlock (flex) {mo} at (0,0) size 8x16
              RenderBlock (anonymous) at (0,0) size 8x16
                RenderText at (0,-5) size 8x24
                  text run at (0,-5) width 8: "\x{2309}"
          RenderMathMLOperator {mo} at (115,2) size 8x16
            RenderMathMLBlock (flex) {mo} at (0,0) size 8x16
              RenderBlock (anonymous) at (0,0) size 8x16
                RenderText at (0,-5) size 8x24
                  text run at (0,-5) width 8: "\x{230A}"
          RenderMathMLOperator {mo} at (129,2) size 9x16
            RenderMathMLBlock (flex) {mo} at (0,0) size 8x16
              RenderBlock (anonymous) at (0,0) size 8x16
                RenderText at (0,-5) size 8x24
                  text run at (0,-5) width 8: "\x{230B}"
          RenderMathMLOperator {mo} at (143,0) size 12x20
            RenderMathMLBlock (flex) {mo} at (0,0) size 11x20
              RenderBlock (anonymous) at (0,0) size 7x20
                RenderText at (0,-3) size 7x24
                  text run at (0,-3) width 7: "\x{222B}"
          RenderMathMLOperator {mo} at (161,3) size 4x12
            RenderMathMLBlock (flex) {mo} at (0,0) size 3x12
              RenderBlock (anonymous) at (0,0) size 3x12
                RenderText at (0,-6) size 3x24
                  text run at (0,-6) width 3: "|"
          RenderMathMLOperator {mo} at (170,2) size 9x16
            RenderMathMLBlock (flex) {mo} at (0,0) size 8x16
              RenderBlock (anonymous) at (0,0) size 8x16
                RenderText at (0,-5) size 8x24
                  text run at (0,-5) width 8: "\x{2016}"
          RenderMathMLOperator {mo} at (183,2) size 9x16
            RenderMathMLBlock (flex) {mo} at (0,0) size 8x16
              RenderBlock (anonymous) at (0,0) size 8x16
                RenderText at (0,-5) size 8x24
                  text run at (0,-5) width 8: "\x{2225}"
      RenderText {#text} at (194,0) size 5x18
        text run at (194,0) width 5: " "
      RenderBR {BR} at (0,0) size 0x0
      RenderMathMLMath {math} at (0,20) size 199x76 [padding: 0 1 0 1]
        RenderMathMLRow {mrow} at (1,0) size 197x76
          RenderMathMLOperator {mo} at (1,0) size 8x76
            RenderMathMLBlock (flex) {mo} at (0,0) size 7x14
              RenderBlock (anonymous) at (0,0) size 5x14
                RenderText at (0,-6) size 5x24
                  text run at (0,-6) width 5: "("
          RenderMathMLOperator {mo} at (13,0) size 8x76
            RenderMathMLBlock (flex) {mo} at (0,0) size 7x14
              RenderBlock (anonymous) at (0,0) size 5x14
                RenderText at (0,-6) size 5x24
                  text run at (0,-6) width 5: ")"
          RenderMathMLOperator {mo} at (26,0) size 11x76
            RenderMathMLBlock (flex) {mo} at (0,0) size 10x14
              RenderBlock (anonymous) at (0,0) size 8x14
                RenderText at (0,-6) size 8x24
                  text run at (0,-6) width 8: "{"
          RenderMathMLOperator {mo} at (43,0) size 11x76
            RenderMathMLBlock (flex) {mo} at (0,0) size 10x14
              RenderBlock (anonymous) at (0,0) size 8x14
                RenderText at (0,-6) size 8x24
                  text run at (0,-6) width 8: "}"
          RenderMathMLOperator {mo} at (59,0) size 8x76
            RenderMathMLBlock (flex) {mo} at (0,0) size 7x14
              RenderBlock (anonymous) at (0,0) size 5x14
                RenderText at (0,-6) size 5x24
                  text run at (0,-6) width 5: "["
          RenderMathMLOperator {mo} at (72,0) size 8x76
            RenderMathMLBlock (flex) {mo} at (0,0) size 7x14
              RenderBlock (anonymous) at (0,0) size 5x14
                RenderText at (0,-6) size 5x24
                  text run at (0,-6) width 5: "]"
          RenderMathMLOperator {mo} at (86,0) size 9x76
            RenderMathMLBlock (flex) {mo} at (0,0) size 8x16
              RenderBlock (anonymous) at (0,0) size 8x16
                RenderText at (0,-5) size 8x24
                  text run at (0,-5) width 8: "\x{2308}"
          RenderMathMLOperator {mo} at (100,0) size 9x76
            RenderMathMLBlock (flex) {mo} at (0,0) size 8x16
              RenderBlock (anonymous) at (0,0) size 8x16
                RenderText at (0,-5) size 8x24
                  text run at (0,-5) width 8: "\x{2309}"
          RenderMathMLOperator {mo} at (115,0) size 8x76
            RenderMathMLBlock (flex) {mo} at (0,0) size 8x16
              RenderBlock (anonymous) at (0,0) size 8x16
                RenderText at (0,-5) size 8x24
                  text run at (0,-5) width 8: "\x{230A}"
          RenderMathMLOperator {mo} at (129,0) size 9x76
            RenderMathMLBlock (flex) {mo} at (0,0) size 8x16
              RenderBlock (anonymous) at (0,0) size 8x16
                RenderText at (0,-5) size 8x24
                  text run at (0,-5) width 8: "\x{230B}"
          RenderMathMLOperator {mo} at (143,0) size 12x76
            RenderMathMLBlock (flex) {mo} at (0,0) size 11x20
              RenderBlock (anonymous) at (0,0) size 7x20
                RenderText at (0,-3) size 7x24
                  text run at (0,-3) width 7: "\x{222B}"
          RenderMathMLOperator {mo} at (161,0) size 4x76
            RenderMathMLBlock (flex) {mo} at (0,0) size 3x12
              RenderBlock (anonymous) at (0,0) size 3x12
                RenderText at (0,-6) size 3x24
                  text run at (0,-6) width 3: "|"
          RenderMathMLOperator {mo} at (170,0) size 9x76
            RenderMathMLBlock (flex) {mo} at (0,0) size 8x16
              RenderBlock (anonymous) at (0,0) size 8x16
                RenderText at (0,-5) size 8x24
                  text run at (0,-5) width 8: "\x{2016}"
          RenderMathMLOperator {mo} at (184,0) size 9x76
            RenderMathMLBlock (flex) {mo} at (0,0) size 8x16
              RenderBlock (anonymous) at (0,0) size 8x16
                RenderText at (0,-5) size 8x24
                  text run at (0,-5) width 8: "\x{2225}"
          RenderMathMLSpace {mspace} at (196,0) size 1x76
      RenderText {#text} at (198,81) size 5x18
        text run at (198,81) width 5: " "
      RenderMathMLMath {math} at (202,45) size 199x51 [padding: 0 1 0 1]
        RenderMathMLRow {mrow} at (1,0) size 197x51
          RenderMathMLOperator {mo} at (1,0) size 8x51
            RenderMathMLBlock (flex) {mo} at (0,0) size 7x14
              RenderBlock (anonymous) at (0,0) size 5x14
                RenderText at (0,-6) size 5x24
                  text run at (0,-6) width 5: "("
          RenderMathMLOperator {mo} at (13,0) size 8x51
            RenderMathMLBlock (flex) {mo} at (0,0) size 7x14
              RenderBlock (anonymous) at (0,0) size 5x14
                RenderText at (0,-6) size 5x24
                  text run at (0,-6) width 5: ")"
          RenderMathMLOperator {mo} at (26,0) size 11x51
            RenderMathMLBlock (flex) {mo} at (0,0) size 10x14
              RenderBlock (anonymous) at (0,0) size 8x14
                RenderText at (0,-6) size 8x24
                  text run at (0,-6) width 8: "{"
          RenderMathMLOperator {mo} at (43,0) size 11x51
            RenderMathMLBlock (flex) {mo} at (0,0) size 10x14
              RenderBlock (anonymous) at (0,0) size 8x14
                RenderText at (0,-6) size 8x24
                  text run at (0,-6) width 8: "}"
          RenderMathMLOperator {mo} at (59,0) size 8x51
            RenderMathMLBlock (flex) {mo} at (0,0) size 7x14
              RenderBlock (anonymous) at (0,0) size 5x14
                RenderText at (0,-6) size 5x24
                  text run at (0,-6) width 5: "["
          RenderMathMLOperator {mo} at (72,0) size 8x51
            RenderMathMLBlock (flex) {mo} at (0,0) size 7x14
              RenderBlock (anonymous) at (0,0) size 5x14
                RenderText at (0,-6) size 5x24
                  text run at (0,-6) width 5: "]"
          RenderMathMLOperator {mo} at (86,0) size 9x51
            RenderMathMLBlock (flex) {mo} at (0,0) size 8x16
              RenderBlock (anonymous) at (0,0) size 8x16
                RenderText at (0,-5) size 8x24
                  text run at (0,-5) width 8: "\x{2308}"
          RenderMathMLOperator {mo} at (100,0) size 9x51
            RenderMathMLBlock (flex) {mo} at (0,0) size 8x16
              RenderBlock (anonymous) at (0,0) size 8x16
                RenderText at (0,-5) size 8x24
                  text run at (0,-5) width 8: "\x{2309}"
          RenderMathMLOperator {mo} at (115,0) size 8x51
            RenderMathMLBlock (flex) {mo} at (0,0) size 8x16
              RenderBlock (anonymous) at (0,0) size 8x16
                RenderText at (0,-5) size 8x24
                  text run at (0,-5) width 8: "\x{230A}"
          RenderMathMLOperator {mo} at (129,0) size 9x51
            RenderMathMLBlock (flex) {mo} at (0,0) size 8x16
              RenderBlock (anonymous) at (0,0) size 8x16
                RenderText at (0,-5) size 8x24
                  text run at (0,-5) width 8: "\x{230B}"
          RenderMathMLOperator {mo} at (143,0) size 12x51
            RenderMathMLBlock (flex) {mo} at (0,0) size 11x20
              RenderBlock (anonymous) at (0,0) size 7x20
                RenderText at (0,-3) size 7x24
                  text run at (0,-3) width 7: "\x{222B}"
          RenderMathMLOperator {mo} at (161,0) size 4x51
            RenderMathMLBlock (flex) {mo} at (0,0) size 3x12
              RenderBlock (anonymous) at (0,0) size 3x12
                RenderText at (0,-6) size 3x24
                  text run at (0,-6) width 3: "|"
          RenderMathMLOperator {mo} at (170,0) size 9x51
            RenderMathMLBlock (flex) {mo} at (0,0) size 8x16
              RenderBlock (anonymous) at (0,0) size 8x16
                RenderText at (0,-5) size 8x24
                  text run at (0,-5) width 8: "\x{2016}"
          RenderMathMLOperator {mo} at (184,0) size 9x51
            RenderMathMLBlock (flex) {mo} at (0,0) size 8x16
              RenderBlock (anonymous) at (0,0) size 8x16
                RenderText at (0,-5) size 8x24
                  text run at (0,-5) width 8: "\x{2225}"
          RenderMathMLSpace {mspace} at (196,0) size 1x51
      RenderText {#text} at (400,81) size 5x18
        text run at (400,81) width 5: " "
      RenderMathMLMath {math} at (404,75) size 199x26 [padding: 0 1 0 1]
        RenderMathMLRow {mrow} at (1,0) size 197x26
          RenderMathMLOperator {mo} at (1,9) size 8x14
            RenderMathMLBlock (flex) {mo} at (0,0) size 7x14
              RenderBlock (anonymous) at (0,0) size 5x14
                RenderText at (0,-6) size 5x24
                  text run at (0,-6) width 5: "("
          RenderMathMLOperator {mo} at (13,9) size 8x14
            RenderMathMLBlock (flex) {mo} at (0,0) size 7x14
              RenderBlock (anonymous) at (0,0) size 5x14
                RenderText at (0,-6) size 5x24
                  text run at (0,-6) width 5: ")"
          RenderMathMLOperator {mo} at (26,9) size 11x14
            RenderMathMLBlock (flex) {mo} at (0,0) size 10x14
              RenderBlock (anonymous) at (0,0) size 8x14
                RenderText at (0,-6) size 8x24
                  text run at (0,-6) width 8: "{"
          RenderMathMLOperator {mo} at (43,9) size 11x14
            RenderMathMLBlock (flex) {mo} at (0,0) size 10x14
              RenderBlock (anonymous) at (0,0) size 8x14
                RenderText at (0,-6) size 8x24
                  text run at (0,-6) width 8: "}"
          RenderMathMLOperator {mo} at (59,9) size 8x14
            RenderMathMLBlock (flex) {mo} at (0,0) size 7x14
              RenderBlock (anonymous) at (0,0) size 5x14
                RenderText at (0,-6) size 5x24
                  text run at (0,-6) width 5: "["
          RenderMathMLOperator {mo} at (72,9) size 8x14
            RenderMathMLBlock (flex) {mo} at (0,0) size 7x14
              RenderBlock (anonymous) at (0,0) size 5x14
                RenderText at (0,-6) size 5x24
                  text run at (0,-6) width 5: "]"
          RenderMathMLOperator {mo} at (86,8) size 9x16
            RenderMathMLBlock (flex) {mo} at (0,0) size 8x16
              RenderBlock (anonymous) at (0,0) size 8x16
                RenderText at (0,-5) size 8x24
                  text run at (0,-5) width 8: "\x{2308}"
          RenderMathMLOperator {mo} at (100,8) size 9x16
            RenderMathMLBlock (flex) {mo} at (0,0) size 8x16
              RenderBlock (anonymous) at (0,0) size 8x16
                RenderText at (0,-5) size 8x24
                  text run at (0,-5) width 8: "\x{2309}"
          RenderMathMLOperator {mo} at (115,8) size 8x16
            RenderMathMLBlock (flex) {mo} at (0,0) size 8x16
              RenderBlock (anonymous) at (0,0) size 8x16
                RenderText at (0,-5) size 8x24
                  text run at (0,-5) width 8: "\x{230A}"
          RenderMathMLOperator {mo} at (129,8) size 9x16
            RenderMathMLBlock (flex) {mo} at (0,0) size 8x16
              RenderBlock (anonymous) at (0,0) size 8x16
                RenderText at (0,-5) size 8x24
                  text run at (0,-5) width 8: "\x{230B}"
          RenderMathMLOperator {mo} at (143,6) size 12x20
            RenderMathMLBlock (flex) {mo} at (0,0) size 11x20
              RenderBlock (anonymous) at (0,0) size 7x20
                RenderText at (0,-3) size 7x24
                  text run at (0,-3) width 7: "\x{222B}"
          RenderMathMLOperator {mo} at (161,9) size 4x12
            RenderMathMLBlock (flex) {mo} at (0,0) size 3x12
              RenderBlock (anonymous) at (0,0) size 3x12
                RenderText at (0,-6) size 3x24
                  text run at (0,-6) width 3: "|"
          RenderMathMLOperator {mo} at (170,8) size 9x16
            RenderMathMLBlock (flex) {mo} at (0,0) size 8x16
              RenderBlock (anonymous) at (0,0) size 8x16
                RenderText at (0,-5) size 8x24
                  text run at (0,-5) width 8: "\x{2016}"
          RenderMathMLOperator {mo} at (184,8) size 9x16
            RenderMathMLBlock (flex) {mo} at (0,0) size 8x16
              RenderBlock (anonymous) at (0,0) size 8x16
                RenderText at (0,-5) size 8x24
                  text run at (0,-5) width 8: "\x{2225}"
          RenderMathMLSpace {mspace} at (196,0) size 1x21
      RenderText {#text} at (602,81) size 5x18
        text run at (602,81) width 5: " "
      RenderBR {BR} at (0,0) size 0x0
      RenderMathMLMath {math} at (0,101) size 211x49 [padding: 0 1 0 1]
        RenderMathMLSquareRoot {msqrt} at (1,0) size 209x49 [intrinsic padding: 3 0 3 12]
          RenderMathMLRow (anonymous) at (12,3) size 197x43
            RenderMathMLOperator {mo} at (1,0) size 8x41
              RenderMathMLBlock (flex) {mo} at (0,0) size 7x14
                RenderBlock (anonymous) at (0,0) size 5x14
                  RenderText at (0,-6) size 5x24
                    text run at (0,-6) width 5: "("
            RenderMathMLOperator {mo} at (13,0) size 8x41
              RenderMathMLBlock (flex) {mo} at (0,0) size 7x14
                RenderBlock (anonymous) at (0,0) size 5x14
                  RenderText at (0,-6) size 5x24
                    text run at (0,-6) width 5: ")"
            RenderMathMLOperator {mo} at (26,29) size 11x14
              RenderMathMLBlock (flex) {mo} at (0,0) size 10x14
                RenderBlock (anonymous) at (0,0) size 8x14
                  RenderText at (0,-6) size 8x24
                    text run at (0,-6) width 8: "{"
            RenderMathMLOperator {mo} at (43,29) size 11x14
              RenderMathMLBlock (flex) {mo} at (0,0) size 10x14
                RenderBlock (anonymous) at (0,0) size 8x14
                  RenderText at (0,-6) size 8x24
                    text run at (0,-6) width 8: "}"
            RenderMathMLOperator {mo} at (59,0) size 8x41
              RenderMathMLBlock (flex) {mo} at (0,0) size 7x14
                RenderBlock (anonymous) at (0,0) size 5x14
                  RenderText at (0,-6) size 5x24
                    text run at (0,-6) width 5: "["
            RenderMathMLOperator {mo} at (72,0) size 8x41
              RenderMathMLBlock (flex) {mo} at (0,0) size 7x14
                RenderBlock (anonymous) at (0,0) size 5x14
                  RenderText at (0,-6) size 5x24
                    text run at (0,-6) width 5: "]"
            RenderMathMLOperator {mo} at (86,0) size 9x41
              RenderMathMLBlock (flex) {mo} at (0,0) size 8x16
                RenderBlock (anonymous) at (0,0) size 8x16
                  RenderText at (0,-5) size 8x24
                    text run at (0,-5) width 8: "\x{2308}"
            RenderMathMLOperator {mo} at (100,0) size 9x41
              RenderMathMLBlock (flex) {mo} at (0,0) size 8x16
                RenderBlock (anonymous) at (0,0) size 8x16
                  RenderText at (0,-5) size 8x24
                    text run at (0,-5) width 8: "\x{2309}"
            RenderMathMLOperator {mo} at (115,0) size 8x41
              RenderMathMLBlock (flex) {mo} at (0,0) size 8x16
                RenderBlock (anonymous) at (0,0) size 8x16
                  RenderText at (0,-5) size 8x24
                    text run at (0,-5) width 8: "\x{230A}"
            RenderMathMLOperator {mo} at (129,0) size 9x41
              RenderMathMLBlock (flex) {mo} at (0,0) size 8x16
                RenderBlock (anonymous) at (0,0) size 8x16
                  RenderText at (0,-5) size 8x24
                    text run at (0,-5) width 8: "\x{230B}"
            RenderMathMLOperator {mo} at (143,0) size 12x41
              RenderMathMLBlock (flex) {mo} at (0,0) size 11x20
                RenderBlock (anonymous) at (0,0) size 7x20
                  RenderText at (0,-3) size 7x24
                    text run at (0,-3) width 7: "\x{222B}"
            RenderMathMLOperator {mo} at (161,0) size 4x41
              RenderMathMLBlock (flex) {mo} at (0,0) size 3x12
                RenderBlock (anonymous) at (0,0) size 3x12
                  RenderText at (0,-6) size 3x24
                    text run at (0,-6) width 3: "|"
            RenderMathMLOperator {mo} at (170,0) size 9x41
              RenderMathMLBlock (flex) {mo} at (0,0) size 8x16
                RenderBlock (anonymous) at (0,0) size 8x16
                  RenderText at (0,-5) size 8x24
                    text run at (0,-5) width 8: "\x{2016}"
            RenderMathMLOperator {mo} at (184,0) size 9x41
              RenderMathMLBlock (flex) {mo} at (0,0) size 8x16
                RenderBlock (anonymous) at (0,0) size 8x16
                  RenderText at (0,-5) size 8x24
                    text run at (0,-5) width 8: "\x{2225}"
            RenderMathMLSpace {mspace} at (196,0) size 1x41
      RenderText {#text} at (0,0) size 0x0
