layer at (0,0) size 800x600
  RenderView at (0,0) size 800x600
layer at (0,0) size 800x550
  RenderBlock {html} at (0,0) size 800x550
    RenderBody {body} at (8,16) size 784x518
      RenderBlock {p} at (0,0) size 784x20
        RenderText {#text} at (0,1) size 181x18
          text run at (0,1) width 181: "square root (should be red): "
        RenderMathMLMath {math} at (180,0) size 26x21 [padding: 0 1 0 1]
          RenderMathMLRoot {msqrt} at (1,0) size 23x21 [color=#FF0000]
            RenderMathMLToken {mn} at (14,3) size 9x13
              RenderBlock (anonymous) at (0,0) size 8x12
                RenderText {#text} at (0,-6) size 8x24
                  text run at (0,-6) width 8: "2"
      RenderBlock {p} at (0,36) size 784x20
        RenderText {#text} at (0,1) size 113x18
          text run at (0,1) width 113: "long square root: "
        RenderMathMLMath {math} at (112,0) size 53x21 [padding: 0 1 0 1]
          RenderMathMLRoot {msqrt} at (1,0) size 50x21
            RenderMathMLRow {mrow} at (14,3) size 36x13
              RenderMathMLToken {mi} at (0,4) size 9x8 [padding: 0 2 0 0]
                RenderBlock (anonymous) at (0,0) size 8x9
                  RenderText {#text} at (0,-9) size 8x24
                    text run at (0,-9) width 8: "x"
              RenderMathMLOperator {mo} at (8,2) size 19x10
                RenderBlock (anonymous) at (3,0) size 12x10
                  RenderText {#text} at (0,-8) size 11x24
                    text run at (0,-8) width 11: "+"
              RenderMathMLToken {mn} at (26,0) size 9x12
                RenderBlock (anonymous) at (0,0) size 8x12
                  RenderText {#text} at (0,-6) size 8x24
                    text run at (0,-6) width 8: "1"
      RenderBlock {p} at (0,72) size 784x24
        RenderText {#text} at (0,6) size 227x18
          text run at (0,6) width 227: "long square root with implied row: "
        RenderMathMLMath {math} at (226,0) size 62x21 [padding: 0 1 0 1]
          RenderMathMLRoot {msqrt} at (1,0) size 59x21
            RenderMathMLScripts {msup} at (14,3) size 19x18
              RenderMathMLToken {mi} at (0,9) size 9x8 [padding: 0 2 0 0]
                RenderBlock (anonymous) at (0,0) size 8x9
                  RenderText {#text} at (0,-9) size 8x24
                    text run at (0,-9) width 8: "x"
              RenderMathMLToken {mn} at (8,0) size 7x10
                RenderBlock (anonymous) at (0,0) size 6x10
                  RenderText {#text} at (0,-4) size 6x18
                    text run at (0,-4) width 6: "2"
            RenderMathMLOperator {mo} at (32,10) size 19x11
              RenderBlock (anonymous) at (3,0) size 12x10
                RenderText {#text} at (0,-8) size 11x24
                  text run at (0,-8) width 11: "+"
            RenderMathMLToken {mn} at (50,8) size 9x13
              RenderBlock (anonymous) at (0,0) size 8x12
                RenderText {#text} at (0,-6) size 8x24
                  text run at (0,-6) width 8: "1"
      RenderBlock {p} at (0,112) size 784x34
        RenderText {#text} at (0,9) size 117x18
          text run at (0,9) width 117: "root of a fraction: "
        RenderMathMLMath {math} at (116,0) size 53x35 [padding: 0 1 0 1]
          RenderMathMLRoot {msqrt} at (1,0) size 50x35
            RenderMathMLFraction {mfrac} at (14,3) size 36x32
              RenderMathMLRow {mrow} at (0,0) size 35x12
                RenderMathMLToken {mi} at (0,4) size 9x8 [padding: 0 2 0 0]
                  RenderBlock (anonymous) at (0,0) size 8x9
                    RenderText {#text} at (0,-9) size 8x24
                      text run at (0,-9) width 8: "x"
                RenderMathMLOperator {mo} at (8,2) size 19x10
                  RenderBlock (anonymous) at (3,0) size 12x10
                    RenderText {#text} at (0,-8) size 11x24
                      text run at (0,-8) width 11: "+"
                RenderMathMLToken {mn} at (26,0) size 9x12
                  RenderBlock (anonymous) at (0,0) size 8x12
                    RenderText {#text} at (0,-6) size 8x24
                      text run at (0,-6) width 8: "1"
              RenderMathMLRow {mrow} at (0,19) size 35x13
                RenderMathMLToken {mi} at (0,4) size 9x8 [padding: 0 2 0 0]
                  RenderBlock (anonymous) at (0,0) size 8x9
                    RenderText {#text} at (0,-9) size 8x24
                      text run at (0,-9) width 8: "x"
                RenderMathMLOperator {mo} at (8,2) size 19x10
                  RenderBlock (anonymous) at (3,0) size 12x10
                    RenderText {#text} at (0,-8) size 11x24
                      text run at (0,-8) width 11: "+"
                RenderMathMLToken {mn} at (26,0) size 9x12
                  RenderBlock (anonymous) at (0,0) size 8x12
                    RenderText {#text} at (0,-6) size 8x24
                      text run at (0,-6) width 8: "2"
      RenderBlock {p} at (0,162) size 784x20
        RenderText {#text} at (0,1) size 177x18
          text run at (0,1) width 177: "cube root (should be blue): "
        RenderMathMLMath {math} at (176,0) size 26x21 [color=#0000FF] [padding: 0 1 0 1]
          RenderMathMLRoot {mroot} at (1,0) size 23x21
            RenderMathMLToken {mn} at (14,3) size 9x13
              RenderBlock (anonymous) at (0,0) size 8x12
                RenderText {#text} at (0,-6) size 8x24
                  text run at (0,-6) width 8: "2"
            RenderMathMLToken {mn} at (4,0) size 5x9
              RenderBlock (anonymous) at (0,0) size 5x8
                RenderText {#text} at (0,-2) size 5x13
                  text run at (0,-2) width 5: "3"
      RenderBlock {p} at (0,198) size 784x20
        RenderText {#text} at (0,1) size 77x18
          text run at (0,1) width 77: "long index: "
        RenderMathMLMath {math} at (76,0) size 56x21 [padding: 0 1 0 1]
          RenderMathMLRoot {mroot} at (1,0) size 53x21
            RenderMathMLToken {mn} at (44,3) size 9x13
              RenderBlock (anonymous) at (0,0) size 8x12
                RenderText {#text} at (0,-6) size 8x24
                  text run at (0,-6) width 8: "2"
            RenderMathMLRow {mrow} at (4,2) size 35x7
              RenderMathMLToken {mi} at (0,1) size 5x5 [padding: 0 1 0 0]
                RenderBlock (anonymous) at (0,0) size 5x6
                  RenderText {#text} at (0,-4) size 5x13
                    text run at (0,-4) width 5: "x"
              RenderMathMLOperator {mo} at (4,0) size 12x6
                RenderBlock (anonymous) at (2,0) size 7x6
                  RenderText {#text} at (0,-4) size 7x13
                    text run at (0,-4) width 7: "+"
              RenderMathMLToken {mi} at (15,1) size 5x6 [padding: 0 1 0 0]
                RenderBlock (anonymous) at (0,0) size 5x7
                  RenderText {#text} at (0,-4) size 5x13
                    text run at (0,-4) width 5: "y"
              RenderMathMLOperator {mo} at (19,0) size 11x6
                RenderBlock (anonymous) at (2,0) size 7x6
                  RenderText {#text} at (0,-4) size 7x13
                    text run at (0,-4) width 7: "+"
              RenderMathMLToken {mi} at (29,1) size 6x5 [padding: 0 1 0 0]
                RenderBlock (anonymous) at (0,0) size 4x6
                  RenderText {#text} at (0,-4) size 4x13
                    text run at (0,-4) width 4: "z"
      RenderBlock {p} at (0,234) size 784x34
        RenderText {#text} at (0,9) size 188x18
          text run at (0,9) width 188: "long index w/ complex base: "
        RenderMathMLMath {math} at (187,0) size 83x35 [padding: 0 1 0 1]
          RenderMathMLRoot {mroot} at (1,0) size 80x35
            RenderMathMLFraction {mfrac} at (44,3) size 36x32
              RenderMathMLRow {mrow} at (0,0) size 35x12
                RenderMathMLToken {mi} at (0,4) size 9x8 [padding: 0 2 0 0]
                  RenderBlock (anonymous) at (0,0) size 8x9
                    RenderText {#text} at (0,-9) size 8x24
                      text run at (0,-9) width 8: "x"
                RenderMathMLOperator {mo} at (8,2) size 19x10
                  RenderBlock (anonymous) at (3,0) size 12x10
                    RenderText {#text} at (0,-8) size 11x24
                      text run at (0,-8) width 11: "+"
                RenderMathMLToken {mn} at (26,0) size 9x12
                  RenderBlock (anonymous) at (0,0) size 8x12
                    RenderText {#text} at (0,-6) size 8x24
                      text run at (0,-6) width 8: "1"
              RenderMathMLRow {mrow} at (0,19) size 35x13
                RenderMathMLToken {mi} at (0,4) size 9x8 [padding: 0 2 0 0]
                  RenderBlock (anonymous) at (0,0) size 8x9
                    RenderText {#text} at (0,-9) size 8x24
                      text run at (0,-9) width 8: "x"
                RenderMathMLOperator {mo} at (8,2) size 19x10
                  RenderBlock (anonymous) at (3,0) size 12x10
                    RenderText {#text} at (0,-8) size 11x24
                      text run at (0,-8) width 11: "+"
                RenderMathMLToken {mn} at (26,0) size 9x12
                  RenderBlock (anonymous) at (0,0) size 8x12
                    RenderText {#text} at (0,-6) size 8x24
                      text run at (0,-6) width 8: "2"
            RenderMathMLRow {mrow} at (4,9) size 35x8
              RenderMathMLToken {mi} at (0,1) size 5x5 [padding: 0 1 0 0]
                RenderBlock (anonymous) at (0,0) size 5x6
                  RenderText {#text} at (0,-4) size 5x13
                    text run at (0,-4) width 5: "x"
              RenderMathMLOperator {mo} at (4,0) size 12x6
                RenderBlock (anonymous) at (2,0) size 7x6
                  RenderText {#text} at (0,-4) size 7x13
                    text run at (0,-4) width 7: "+"
              RenderMathMLToken {mi} at (15,1) size 5x6 [padding: 0 1 0 0]
                RenderBlock (anonymous) at (0,0) size 5x7
                  RenderText {#text} at (0,-4) size 5x13
                    text run at (0,-4) width 5: "y"
              RenderMathMLOperator {mo} at (19,0) size 11x6
                RenderBlock (anonymous) at (2,0) size 7x6
                  RenderText {#text} at (0,-4) size 7x13
                    text run at (0,-4) width 7: "+"
              RenderMathMLToken {mi} at (29,1) size 6x5 [padding: 0 1 0 0]
                RenderBlock (anonymous) at (0,0) size 4x6
                  RenderText {#text} at (0,-4) size 4x13
                    text run at (0,-4) width 4: "z"
      RenderBlock {p} at (0,284) size 784x33
        RenderText {#text} at (0,14) size 77x18
          text run at (0,14) width 77: "high index: "
        RenderMathMLMath {math} at (76,0) size 26x34 [padding: 0 1 0 1]
          RenderMathMLRoot {mroot} at (1,0) size 24x34
            RenderMathMLToken {mn} at (15,16) size 9x13
              RenderBlock (anonymous) at (0,0) size 8x12
                RenderText {#text} at (0,-6) size 8x24
                  text run at (0,-6) width 8: "2"
            RenderMathMLFraction {mfrac} at (4,0) size 6x22
              RenderMathMLFraction {mfrac} at (0,0) size 5x14
                RenderMathMLToken {mi} at (0,0) size 5x5 [padding: 0 1 0 0]
                  RenderBlock (anonymous) at (0,0) size 5x6
                    RenderText {#text} at (0,-4) size 5x13
                      text run at (0,-4) width 5: "x"
                RenderMathMLToken {mi} at (0,8) size 5x6 [padding: 0 1 0 0]
                  RenderBlock (anonymous) at (0,0) size 5x7
                    RenderText {#text} at (0,-4) size 5x13
                      text run at (0,-4) width 5: "y"
              RenderMathMLToken {mi} at (0,17) size 5x5 [padding: 0 1 0 0]
                RenderBlock (anonymous) at (0,0) size 4x6
                  RenderText {#text} at (0,-4) size 4x13
                    text run at (0,-4) width 4: "z"
      RenderBlock {p} at (0,333) size 784x47
        RenderText {#text} at (0,29) size 160x18
          text run at (0,29) width 160: "Imbricated square roots: "
        RenderMathMLMath {math} at (159,0) size 316x47 [padding: 0 1 0 1]
          RenderMathMLRoot {msqrt} at (1,0) size 313x47
            RenderMathMLToken {mn} at (14,31) size 9x13
              RenderBlock (anonymous) at (0,0) size 8x12
                RenderText {#text} at (0,-6) size 8x24
                  text run at (0,-6) width 8: "1"
            RenderMathMLOperator {mo} at (22,33) size 19x11
              RenderBlock (anonymous) at (3,0) size 12x10
                RenderText {#text} at (0,-8) size 11x24
                  text run at (0,-8) width 11: "+"
            RenderMathMLRoot {msqrt} at (40,3) size 273x44
              RenderMathMLRow {mrow} at (14,3) size 258x41
                RenderMathMLToken {mn} at (0,24) size 8x12
                  RenderBlock (anonymous) at (0,0) size 8x12
                    RenderText {#text} at (0,-6) size 8x24
                      text run at (0,-6) width 8: "2"
                RenderMathMLOperator {mo} at (8,26) size 19x10
                  RenderBlock (anonymous) at (3,0) size 12x10
                    RenderText {#text} at (0,-8) size 11x24
                      text run at (0,-8) width 11: "+"
                RenderMathMLRoot {msqrt} at (26,0) size 231x40
                  RenderMathMLRow {mrow} at (14,3) size 217x37
                    RenderMathMLToken {mn} at (0,20) size 8x12
                      RenderBlock (anonymous) at (0,0) size 8x12
                        RenderText {#text} at (0,-6) size 8x24
                          text run at (0,-6) width 8: "3"
                    RenderMathMLOperator {mo} at (8,22) size 19x10
                      RenderBlock (anonymous) at (3,0) size 12x10
                        RenderText {#text} at (0,-8) size 11x24
                          text run at (0,-8) width 11: "+"
                    RenderMathMLRoot {msqrt} at (26,0) size 190x36
                      RenderMathMLRow {mrow} at (14,3) size 176x33
                        RenderMathMLToken {mn} at (0,16) size 8x12
                          RenderBlock (anonymous) at (0,0) size 8x12
                            RenderText {#text} at (0,-6) size 8x24
                              text run at (0,-6) width 8: "4"
                        RenderMathMLOperator {mo} at (8,18) size 19x10
                          RenderBlock (anonymous) at (3,0) size 12x10
                            RenderText {#text} at (0,-8) size 11x24
                              text run at (0,-8) width 11: "+"
                        RenderMathMLRoot {msqrt} at (26,0) size 150x32
                          RenderMathMLRow {mrow} at (14,3) size 136x29
                            RenderMathMLToken {mn} at (0,11) size 8x13
                              RenderBlock (anonymous) at (0,0) size 8x13
                                RenderText {#text} at (0,-5) size 8x24
                                  text run at (0,-5) width 8: "5"
                            RenderMathMLOperator {mo} at (8,14) size 19x10
                              RenderBlock (anonymous) at (3,0) size 12x10
                                RenderText {#text} at (0,-8) size 11x24
                                  text run at (0,-8) width 11: "+"
                            RenderMathMLRoot {msqrt} at (26,0) size 109x29
                              RenderMathMLRow {mrow} at (14,3) size 95x26
                                RenderMathMLToken {mn} at (0,8) size 8x12
                                  RenderBlock (anonymous) at (0,0) size 8x12
                                    RenderText {#text} at (0,-6) size 8x24
                                      text run at (0,-6) width 8: "6"
                                RenderMathMLOperator {mo} at (8,10) size 19x10
                                  RenderBlock (anonymous) at (3,0) size 12x10
                                    RenderText {#text} at (0,-8) size 11x24
                                      text run at (0,-8) width 11: "+"
                                RenderMathMLRoot {msqrt} at (26,0) size 68x25
                                  RenderMathMLRow {mrow} at (14,3) size 54x22
                                    RenderMathMLToken {mn} at (0,4) size 8x12
                                      RenderBlock (anonymous) at (0,0) size 8x12
                                        RenderText {#text} at (0,-6) size 8x24
                                          text run at (0,-6) width 8: "7"
                                    RenderMathMLOperator {mo} at (8,6) size 19x10
                                      RenderBlock (anonymous) at (3,0) size 12x10
                                        RenderText {#text} at (0,-8) size 11x24
                                          text run at (0,-8) width 11: "+"
                                    RenderMathMLRoot {msqrt} at (26,0) size 27x21
                                      RenderMathMLToken {mi} at (14,3) size 13x12 [padding: 0 2 0 0]
                                        RenderBlock (anonymous) at (0,0) size 12x12
                                          RenderText {#text} at (0,-6) size 12x24
                                            text run at (0,-6) width 12: "A"
        RenderText {#text} at (0,0) size 0x0
      RenderBlock {p} at (0,396) size 784x53
        RenderText {#text} at (0,35) size 114x18
          text run at (0,35) width 114: "Imbricated roots: "
        RenderMathMLMath {math} at (113,0) size 331x54 [padding: 0 1 0 1]
          RenderMathMLRoot {mroot} at (1,0) size 329x54
            RenderMathMLRow {mrow} at (14,3) size 315x51
              RenderMathMLToken {mn} at (0,34) size 8x12
                RenderBlock (anonymous) at (0,0) size 8x12
                  RenderText {#text} at (0,-6) size 8x24
                    text run at (0,-6) width 8: "1"
              RenderMathMLOperator {mo} at (8,36) size 19x10
                RenderBlock (anonymous) at (3,0) size 12x10
                  RenderText {#text} at (0,-8) size 11x24
                    text run at (0,-8) width 11: "+"
              RenderMathMLRoot {mroot} at (26,0) size 288x50
                RenderMathMLRow {mrow} at (14,3) size 274x47
                  RenderMathMLToken {mn} at (0,30) size 8x12
                    RenderBlock (anonymous) at (0,0) size 8x12
                      RenderText {#text} at (0,-6) size 8x24
                        text run at (0,-6) width 8: "2"
                  RenderMathMLOperator {mo} at (8,32) size 19x10
                    RenderBlock (anonymous) at (3,0) size 12x10
                      RenderText {#text} at (0,-8) size 11x24
                        text run at (0,-8) width 11: "+"
                  RenderMathMLRoot {mroot} at (26,0) size 247x46
                    RenderMathMLRow {mrow} at (14,3) size 233x43
                      RenderMathMLToken {mn} at (0,26) size 8x12
                        RenderBlock (anonymous) at (0,0) size 8x12
                          RenderText {#text} at (0,-6) size 8x24
                            text run at (0,-6) width 8: "3"
                      RenderMathMLOperator {mo} at (8,28) size 19x10
                        RenderBlock (anonymous) at (3,0) size 12x10
                          RenderText {#text} at (0,-8) size 11x24
                            text run at (0,-8) width 11: "+"
                      RenderMathMLRoot {mroot} at (26,0) size 206x42
                        RenderMathMLRow {mrow} at (14,3) size 192x39
                          RenderMathMLToken {mn} at (0,22) size 8x12
                            RenderBlock (anonymous) at (0,0) size 8x12
                              RenderText {#text} at (0,-6) size 8x24
                                text run at (0,-6) width 8: "4"
                          RenderMathMLOperator {mo} at (8,24) size 19x10
                            RenderBlock (anonymous) at (3,0) size 12x10
                              RenderText {#text} at (0,-8) size 11x24
                                text run at (0,-8) width 11: "+"
                          RenderMathMLRoot {mroot} at (26,0) size 165x38
                            RenderMathMLRow {mrow} at (14,3) size 151x35
                              RenderMathMLToken {mn} at (0,17) size 8x13
                                RenderBlock (anonymous) at (0,0) size 8x13
                                  RenderText {#text} at (0,-5) size 8x24
                                    text run at (0,-5) width 8: "5"
                              RenderMathMLOperator {mo} at (8,20) size 19x10
                                RenderBlock (anonymous) at (3,0) size 12x10
                                  RenderText {#text} at (0,-8) size 11x24
                                    text run at (0,-8) width 11: "+"
                              RenderMathMLRoot {mroot} at (26,0) size 124x35
                                RenderMathMLRow {mrow} at (14,3) size 110x32
                                  RenderMathMLToken {mn} at (0,14) size 8x12
                                    RenderBlock (anonymous) at (0,0) size 8x12
                                      RenderText {#text} at (0,-6) size 8x24
                                        text run at (0,-6) width 8: "6"
                                  RenderMathMLOperator {mo} at (8,16) size 19x10
                                    RenderBlock (anonymous) at (3,0) size 12x10
                                      RenderText {#text} at (0,-8) size 11x24
                                        text run at (0,-8) width 11: "+"
                                  RenderMathMLRoot {mroot} at (26,0) size 83x31
                                    RenderMathMLRow {mrow} at (14,3) size 69x28
                                      RenderMathMLToken {mn} at (0,10) size 8x12
                                        RenderBlock (anonymous) at (0,0) size 8x12
                                          RenderText {#text} at (0,-6) size 8x24
                                            text run at (0,-6) width 8: "7"
                                      RenderMathMLOperator {mo} at (8,12) size 19x10
                                        RenderBlock (anonymous) at (3,0) size 12x10
                                          RenderText {#text} at (0,-8) size 11x24
                                            text run at (0,-8) width 11: "+"
                                      RenderMathMLRoot {mroot} at (26,0) size 42x27
                                        RenderMathMLToken {mi} at (29,9) size 13x12 [padding: 0 2 0 0]
                                          RenderBlock (anonymous) at (0,0) size 12x12
                                            RenderText {#text} at (0,-6) size 12x24
                                              text run at (0,-6) width 12: "A"
                                        RenderMathMLFraction {mfrac} at (4,0) size 20x15
                                          RenderMathMLRow {mrow} at (0,0) size 20x7
                                            RenderMathMLToken {mi} at (0,1) size 5x5 [padding: 0 1 0 0]
                                              RenderBlock (anonymous) at (0,0) size 5x6
                                                RenderText {#text} at (0,-4) size 5x13
                                                  text run at (0,-4) width 5: "x"
                                            RenderMathMLOperator {mo} at (4,0) size 12x6
                                              RenderBlock (anonymous) at (2,0) size 7x6
                                                RenderText {#text} at (0,-4) size 7x13
                                                  text run at (0,-4) width 7: "+"
                                            RenderMathMLToken {mi} at (15,1) size 5x6 [padding: 0 1 0 0]
                                              RenderBlock (anonymous) at (0,0) size 5x7
                                                RenderText {#text} at (0,-4) size 5x13
                                                  text run at (0,-4) width 5: "y"
                                          RenderMathMLToken {mi} at (7,10) size 6x5 [padding: 0 1 0 0]
                                            RenderBlock (anonymous) at (0,0) size 4x6
                                              RenderText {#text} at (0,-4) size 4x13
                                                text run at (0,-4) width 4: "z"
                                    RenderMathMLToken {mn} at (4,6) size 5x9
                                      RenderBlock (anonymous) at (0,0) size 5x8
                                        RenderText {#text} at (0,-2) size 5x13
                                          text run at (0,-2) width 5: "9"
                                RenderMathMLToken {mn} at (4,7) size 5x9
                                  RenderBlock (anonymous) at (0,0) size 5x8
                                    RenderText {#text} at (0,-2) size 5x13
                                      text run at (0,-2) width 5: "8"
                            RenderMathMLToken {mn} at (4,10) size 5x8
                              RenderBlock (anonymous) at (0,0) size 5x7
                                RenderText {#text} at (0,-3) size 5x13
                                  text run at (0,-3) width 5: "7"
                        RenderMathMLToken {mn} at (4,10) size 5x9
                          RenderBlock (anonymous) at (0,0) size 5x8
                            RenderText {#text} at (0,-2) size 5x13
                              text run at (0,-2) width 5: "6"
                    RenderMathMLToken {mn} at (4,12) size 5x9
                      RenderBlock (anonymous) at (0,0) size 5x8
                        RenderText {#text} at (0,-2) size 5x13
                          text run at (0,-2) width 5: "5"
                RenderMathMLToken {mn} at (4,14) size 5x9
                  RenderBlock (anonymous) at (0,0) size 5x8
                    RenderText {#text} at (0,-2) size 5x13
                      text run at (0,-2) width 5: "4"
            RenderMathMLToken {mn} at (4,15) size 5x9
              RenderBlock (anonymous) at (0,0) size 5x8
                RenderText {#text} at (0,-2) size 5x13
                  text run at (0,-2) width 5: "3"
        RenderText {#text} at (0,0) size 0x0
      RenderBlock {p} at (0,465) size 784x53
        RenderText {#text} at (0,35) size 74x18
          text run at (0,35) width 74: "RTL roots: "
        RenderMathMLMath {math} at (73,0) size 331x54 [padding: 0 1 0 1]
          RenderMathMLRoot {mroot} at (1,0) size 329x54
            RenderMathMLRow {mrow} at (0,3) size 314x51
              RenderMathMLToken {mn} at (305,34) size 9x12
                RenderBlock (anonymous) at (0,0) size 8x12
                  RenderText {#text} at (0,-6) size 8x24
                    text run at (0,-6) width 8: "1"
              RenderMathMLOperator {mo} at (287,36) size 19x10
                RenderBlock (anonymous) at (3,0) size 12x10
                  RenderText {#text} at (0,-8) size 11x24
                    text run at (0,-8) width 11 RTL: "+"
              RenderMathMLRoot {mroot} at (0,0) size 288x50
                RenderMathMLRow {mrow} at (0,3) size 273x47
                  RenderMathMLToken {mn} at (264,30) size 9x12
                    RenderBlock (anonymous) at (0,0) size 8x12
                      RenderText {#text} at (0,-6) size 8x24
                        text run at (0,-6) width 8: "2"
                  RenderMathMLOperator {mo} at (246,32) size 19x10
                    RenderBlock (anonymous) at (3,0) size 12x10
                      RenderText {#text} at (0,-8) size 11x24
                        text run at (0,-8) width 11 RTL: "+"
                  RenderMathMLRoot {mroot} at (0,0) size 247x46
                    RenderMathMLRow {mrow} at (0,3) size 232x43
                      RenderMathMLToken {mn} at (223,26) size 9x12
                        RenderBlock (anonymous) at (0,0) size 8x12
                          RenderText {#text} at (0,-6) size 8x24
                            text run at (0,-6) width 8: "3"
                      RenderMathMLOperator {mo} at (205,28) size 19x10
                        RenderBlock (anonymous) at (3,0) size 12x10
                          RenderText {#text} at (0,-8) size 11x24
                            text run at (0,-8) width 11 RTL: "+"
                      RenderMathMLRoot {mroot} at (0,0) size 206x42
                        RenderMathMLRow {mrow} at (0,3) size 191x39
                          RenderMathMLToken {mn} at (182,22) size 9x12
                            RenderBlock (anonymous) at (0,0) size 8x12
                              RenderText {#text} at (0,-6) size 8x24
                                text run at (0,-6) width 8: "4"
                          RenderMathMLOperator {mo} at (164,24) size 19x10
                            RenderBlock (anonymous) at (3,0) size 12x10
                              RenderText {#text} at (0,-8) size 11x24
                                text run at (0,-8) width 11 RTL: "+"
                          RenderMathMLRoot {mroot} at (0,0) size 165x38
                            RenderMathMLRow {mrow} at (0,3) size 150x35
                              RenderMathMLToken {mn} at (141,17) size 9x13
                                RenderBlock (anonymous) at (0,0) size 8x13
                                  RenderText {#text} at (0,-5) size 8x24
                                    text run at (0,-5) width 8: "5"
                              RenderMathMLOperator {mo} at (123,20) size 19x10
                                RenderBlock (anonymous) at (3,0) size 12x10
                                  RenderText {#text} at (0,-8) size 11x24
                                    text run at (0,-8) width 11 RTL: "+"
                              RenderMathMLRoot {mroot} at (0,0) size 124x35
                                RenderMathMLRow {mrow} at (0,3) size 109x32
                                  RenderMathMLToken {mn} at (100,14) size 9x12
                                    RenderBlock (anonymous) at (0,0) size 8x12
                                      RenderText {#text} at (0,-6) size 8x24
                                        text run at (0,-6) width 8: "6"
                                  RenderMathMLOperator {mo} at (82,16) size 19x10
                                    RenderBlock (anonymous) at (3,0) size 12x10
                                      RenderText {#text} at (0,-8) size 11x24
                                        text run at (0,-8) width 11 RTL: "+"
                                  RenderMathMLRoot {mroot} at (0,0) size 83x31
                                    RenderMathMLRow {mrow} at (0,3) size 68x28
                                      RenderMathMLToken {mn} at (59,10) size 9x12
                                        RenderBlock (anonymous) at (0,0) size 8x12
                                          RenderText {#text} at (0,-6) size 8x24
                                            text run at (0,-6) width 8: "7"
                                      RenderMathMLOperator {mo} at (41,12) size 19x10
                                        RenderBlock (anonymous) at (3,0) size 12x10
                                          RenderText {#text} at (0,-8) size 11x24
                                            text run at (0,-8) width 11 RTL: "+"
                                      RenderMathMLRoot {mroot} at (0,0) size 42x27
                                        RenderMathMLToken {mi} at (0,9) size 12x12 [padding: 0 0 0 2]
                                          RenderBlock (anonymous) at (0,0) size 12x12
                                            RenderText {#text} at (0,-6) size 12x24
                                              text run at (0,-6) width 12: "A"
                                        RenderMathMLFraction {mfrac} at (17,0) size 20x15
                                          RenderMathMLRow {mrow} at (0,0) size 20x7
                                            RenderMathMLToken {mi} at (14,1) size 6x5 [padding: 0 0 0 1]
                                              RenderBlock (anonymous) at (0,0) size 5x6
                                                RenderText {#text} at (0,-4) size 5x13
                                                  text run at (0,-4) width 5: "x"
                                            RenderMathMLOperator {mo} at (4,0) size 11x6
                                              RenderBlock (anonymous) at (2,0) size 7x6
                                                RenderText {#text} at (0,-4) size 7x13
                                                  text run at (0,-4) width 7 RTL: "+"
                                            RenderMathMLToken {mi} at (0,1) size 5x6 [padding: 0 0 0 1]
                                              RenderBlock (anonymous) at (0,0) size 5x7
                                                RenderText {#text} at (0,-4) size 5x13
                                                  text run at (0,-4) width 5: "y"
                                          RenderMathMLToken {mi} at (7,10) size 6x5 [padding: 0 0 0 1]
                                            RenderBlock (anonymous) at (0,0) size 4x6
                                              RenderText {#text} at (0,-4) size 4x13
                                                text run at (0,-4) width 4: "z"
                                    RenderMathMLToken {mn} at (73,6) size 5x9
                                      RenderBlock (anonymous) at (0,0) size 5x8
                                        RenderText {#text} at (0,-2) size 5x13
                                          text run at (0,-2) width 5: "9"
                                RenderMathMLToken {mn} at (114,7) size 5x9
                                  RenderBlock (anonymous) at (0,0) size 5x8
                                    RenderText {#text} at (0,-2) size 5x13
                                      text run at (0,-2) width 5: "8"
                            RenderMathMLToken {mn} at (155,10) size 5x8
                              RenderBlock (anonymous) at (0,0) size 5x7
                                RenderText {#text} at (0,-3) size 5x13
                                  text run at (0,-3) width 5: "7"
                        RenderMathMLToken {mn} at (196,10) size 5x9
                          RenderBlock (anonymous) at (0,0) size 5x8
                            RenderText {#text} at (0,-2) size 5x13
                              text run at (0,-2) width 5: "6"
                    RenderMathMLToken {mn} at (237,12) size 5x9
                      RenderBlock (anonymous) at (0,0) size 5x8
                        RenderText {#text} at (0,-2) size 5x13
                          text run at (0,-2) width 5: "5"
                RenderMathMLToken {mn} at (278,14) size 5x9
                  RenderBlock (anonymous) at (0,0) size 5x8
                    RenderText {#text} at (0,-2) size 5x13
                      text run at (0,-2) width 5: "4"
            RenderMathMLToken {mn} at (319,15) size 5x9
              RenderBlock (anonymous) at (0,0) size 5x8
                RenderText {#text} at (0,-2) size 5x13
                  text run at (0,-2) width 5: "3"
        RenderText {#text} at (0,0) size 0x0
