layer at (0,0) size 800x2962
  RenderView at (0,0) size 800x600
layer at (0,0) size 800x2962
  RenderBlock {HTML} at (0,0) size 800x2962
    RenderBody {BODY} at (8,16) size 784x2898 [bgcolor=#FFFFFF]
      RenderBlock {P} at (0,0) size 784x20
        RenderText {#text} at (0,0) size 168x19
          text run at (0,0) width 168: "This page is part of the "
        RenderInline {A} at (0,0) size 73x19 [color=#0000EE]
          RenderText {#text} at (167,0) size 73x19
            text run at (167,0) width 73: "CSS3.info"
        RenderText {#text} at (239,0) size 5x19
          text run at (239,0) width 5: " "
        RenderInline {A} at (0,0) size 133x19 [color=#0000EE]
          RenderText {#text} at (243,0) size 133x19
            text run at (243,0) width 133: "CSS selectors test"
        RenderText {#text} at (375,0) size 136x19
          text run at (375,0) width 136: ". See more info on "
        RenderInline {A} at (0,0) size 111x19 [color=#0000EE]
          RenderText {#text} at (510,0) size 111x19
            text run at (510,0) width 111: "CSS3 selectors"
        RenderText {#text} at (620,0) size 6x19
          text run at (620,0) width 6: "."
      RenderBlock {DIV} at (0,36) size 784x0 [bgcolor=#009900]
      RenderBlock {OL} at (0,36) size 784x2862
        RenderListItem {LI} at (40,0) size 627x218 [bgcolor=#AAAAAA]
          RenderBlock {DIV} at (16,16) size 595x24 [bgcolor=#990000]
            RenderBlock {DIV} at (0,0) size 595x24 [bgcolor=#009900]
          RenderBlock {PRE} at (16,53) size 595x77 [bgcolor=#FFFFFF]
            RenderListMarker at (-37,6) size 16x19: "1"
            RenderText {#text} at (6,10) size 274x61
              text run at (6,10) width 141: "div:last-of-type {"
              text run at (146,10) width 1: " "
              text run at (6,26) width 8: "}"
              text run at (13,26) width 1: " "
              text run at (6,41) width 0: " "
              text run at (6,56) width 274: "<div>Does this element match?</div>"
          RenderBlock {P} at (16,146) size 595x40
            RenderText {#text} at (0,0) size 555x39
              text run at (0,0) width 555: "The CSS selector should match the marked div element, because it is the only"
              text run at (0,20) width 139: "element of this type"
        RenderListItem {LI} at (40,266) size 627x233 [bgcolor=#AAAAAA]
          RenderBlock {DIV} at (16,16) size 595x24 [bgcolor=#990000]
            RenderBlock {DIV} at (0,0) size 595x0
            RenderBlock {DIV} at (0,0) size 595x24 [bgcolor=#009900]
          RenderBlock {PRE} at (16,53) size 595x92 [bgcolor=#FFFFFF]
            RenderListMarker at (-37,6) size 16x19: "2"
            RenderText {#text} at (6,10) size 274x76
              text run at (6,10) width 141: "div:last-of-type {"
              text run at (146,10) width 1: " "
              text run at (6,26) width 8: "}"
              text run at (13,26) width 1: " "
              text run at (6,41) width 0: " "
              text run at (6,56) width 86: "<div></div>"
              text run at (91,56) width 1: " "
              text run at (6,71) width 274: "<div>Does this element match?</div>"
          RenderBlock {P} at (16,161) size 595x40
            RenderText {#text} at (0,0) size 550x39
              text run at (0,0) width 550: "The CSS selector should match the marked div element, because it is the last"
              text run at (0,20) width 139: "element of this type"
        RenderListItem {LI} at (40,547) size 627x233 [bgcolor=#AAAAAA]
          RenderBlock {DIV} at (16,16) size 595x24 [bgcolor=#990000]
            RenderBlock {DIV} at (0,0) size 595x24 [bgcolor=#009900]
            RenderBlock {BLOCKQUOTE} at (0,24) size 595x0 [bgcolor=#009900]
          RenderBlock {PRE} at (16,53) size 595x92 [bgcolor=#FFFFFF]
            RenderListMarker at (-37,6) size 16x19: "3"
            RenderText {#text} at (6,10) size 274x76
              text run at (6,10) width 141: "div:last-of-type {"
              text run at (146,10) width 1: " "
              text run at (6,26) width 8: "}"
              text run at (13,26) width 1: " "
              text run at (6,41) width 0: " "
              text run at (6,56) width 274: "<div>Does this element match?</div>"
              text run at (279,56) width 1: " "
              text run at (6,71) width 196: "<blockquote></blockquote>"
          RenderBlock {P} at (16,161) size 595x40
            RenderText {#text} at (0,0) size 550x39
              text run at (0,0) width 550: "The CSS selector should match the marked div element, because it is the last"
              text run at (0,20) width 139: "element of this type"
        RenderListItem {LI} at (40,828) size 627x263 [bgcolor=#AAAAAA]
          RenderBlock {DIV} at (16,16) size 595x24 [bgcolor=#990000]
            RenderBlock {BLOCKQUOTE} at (0,0) size 595x24 [bgcolor=#009900]
              RenderBlock {DIV} at (0,0) size 595x24
            RenderBlock {DIV} at (0,24) size 595x0 [bgcolor=#009900]
          RenderBlock {PRE} at (16,53) size 595x122 [bgcolor=#FFFFFF]
            RenderListMarker at (-37,6) size 16x19: "4"
            RenderText {#text} at (6,10) size 297x106
              text run at (6,10) width 141: "div:last-of-type {"
              text run at (146,10) width 1: " "
              text run at (6,26) width 8: "}"
              text run at (13,26) width 1: " "
              text run at (6,41) width 0: " "
              text run at (6,56) width 94: "<blockquote>"
              text run at (99,56) width 1: " "
              text run at (6,71) width 297: "   <div>Does this element match?</div>"
              text run at (302,71) width 1: " "
              text run at (6,86) width 102: "</blockquote>"
              text run at (107,86) width 1: " "
              text run at (6,101) width 86: "<div></div>"
          RenderBlock {P} at (16,191) size 595x40
            RenderText {#text} at (0,0) size 550x39
              text run at (0,0) width 550: "The CSS selector should match the marked div element, because it is the last"
              text run at (0,20) width 233: "element of this type in this scope"
        RenderListItem {LI} at (40,1139) size 627x248 [bgcolor=#AAAAAA]
          RenderBlock {DIV} at (16,16) size 595x24 [bgcolor=#990000]
            RenderBlock {DIV} at (0,0) size 595x24 [bgcolor=#009900]
              RenderBlock {DIV} at (0,0) size 595x24
          RenderBlock {PRE} at (16,53) size 595x107 [bgcolor=#FFFFFF]
            RenderListMarker at (-37,6) size 16x19: "5"
            RenderText {#text} at (6,10) size 297x91
              text run at (6,10) width 141: "div:last-of-type {"
              text run at (146,10) width 1: " "
              text run at (6,26) width 8: "}"
              text run at (13,26) width 1: " "
              text run at (6,41) width 0: " "
              text run at (6,56) width 40: "<div>"
              text run at (45,56) width 1: " "
              text run at (6,71) width 297: "   <div>Does this element match?</div>"
              text run at (302,71) width 1: " "
              text run at (6,86) width 47: "</div>"
          RenderBlock {P} at (16,176) size 595x40
            RenderText {#text} at (0,0) size 550x39
              text run at (0,0) width 550: "The CSS selector should match the marked div element, because it is the last"
              text run at (0,20) width 284: "element of this type in the current scope"
        RenderListItem {LI} at (40,1435) size 627x263 [bgcolor=#AAAAAA]
          RenderBlock {DIV} at (16,16) size 595x24 [bgcolor=#990000]
            RenderBlock {DIV} at (0,0) size 595x24 [bgcolor=#009900]
            RenderBlock {BLOCKQUOTE} at (0,24) size 595x0 [bgcolor=#009900]
              RenderBlock {DIV} at (0,0) size 595x0
          RenderBlock {PRE} at (16,53) size 595x122 [bgcolor=#FFFFFF]
            RenderListMarker at (-37,6) size 16x19: "6"
            RenderText {#text} at (6,10) size 274x106
              text run at (6,10) width 141: "div:last-of-type {"
              text run at (146,10) width 1: " "
              text run at (6,26) width 8: "}"
              text run at (13,26) width 1: " "
              text run at (6,41) width 0: " "
              text run at (6,56) width 274: "<div>Does this element match?</div>"
              text run at (279,56) width 1: " "
              text run at (6,71) width 94: "<blockquote>"
              text run at (99,71) width 1: " "
              text run at (6,86) width 110: "   <div></div>"
              text run at (115,86) width 1: " "
              text run at (6,101) width 102: "</blockquote>"
          RenderBlock {P} at (16,191) size 595x40
            RenderText {#text} at (0,0) size 550x39
              text run at (0,0) width 550: "The CSS selector should match the marked div element, because it is the last"
              text run at (0,20) width 284: "element of this type in the current scope"
        RenderListItem {LI} at (40,1746) size 627x233 [bgcolor=#AAAAAA]
          RenderBlock {DIV} at (16,16) size 595x24 [bgcolor=#009900]
            RenderBlock {DIV} at (0,0) size 595x24
            RenderBlock {DIV} at (0,24) size 595x0 [bgcolor=#990000]
          RenderBlock {PRE} at (16,53) size 595x92 [bgcolor=#FFFFFF]
            RenderListMarker at (-37,6) size 16x19: "7"
            RenderText {#text} at (6,10) size 274x76
              text run at (6,10) width 141: "div:last-of-type {"
              text run at (146,10) width 1: " "
              text run at (6,26) width 8: "}"
              text run at (13,26) width 1: " "
              text run at (6,41) width 0: " "
              text run at (6,56) width 274: "<div>Does this element match?</div>"
              text run at (279,56) width 1: " "
              text run at (6,71) width 86: "<div></div>"
          RenderBlock {P} at (16,161) size 595x40
            RenderText {#text} at (0,0) size 578x39
              text run at (0,0) width 578: "The CSS selector should not match the marked div element, because it is the first"
              text run at (0,20) width 139: "element of this type"
        RenderListItem {LI} at (40,2027) size 627x233 [bgcolor=#AAAAAA]
          RenderBlock {DIV} at (16,16) size 595x24 [bgcolor=#009900]
            RenderBlock {DIV} at (0,0) size 595x24
            RenderBlock {DIV} at (0,24) size 595x0 [bgcolor=#990000]
          RenderBlock {PRE} at (16,53) size 595x92 [bgcolor=#FFFFFF]
            RenderListMarker at (-37,6) size 16x19: "8"
            RenderText {#text} at (6,10) size 274x76
              text run at (6,10) width 141: "div:last-of-type {"
              text run at (146,10) width 1: " "
              text run at (6,26) width 8: "}"
              text run at (13,26) width 1: " "
              text run at (6,41) width 0: " "
              text run at (6,56) width 274: "<div>Does this element match?</div>"
              text run at (279,56) width 1: " "
              text run at (6,71) width 86: "<DIV></DIV>"
          RenderBlock {P} at (16,161) size 595x40
            RenderText {#text} at (0,0) size 578x39
              text run at (0,0) width 578: "The CSS selector should not match the marked div element, because it is the first"
              text run at (0,20) width 139: "element of this type"
        RenderListItem {LI} at (40,2308) size 627x263 [bgcolor=#AAAAAA]
          RenderBlock {DIV} at (16,16) size 595x24 [bgcolor=#990000]
            RenderBlock {DIV} at (0,0) size 595x0
            RenderBlock {DIV} at (0,0) size 595x24 [bgcolor=#009900]
          RenderBlock {PRE} at (16,53) size 595x122 [bgcolor=#FFFFFF]
            RenderListMarker at (-37,6) size 16x19: "9"
            RenderText {#text} at (6,10) size 469x106
              text run at (6,10) width 141: "div:last-of-type {"
              text run at (146,10) width 1: " "
              text run at (6,26) width 8: "}"
              text run at (13,26) width 1: " "
              text run at (6,41) width 0: " "
              text run at (6,56) width 219: "<div id='insertAfter'></div>"
              text run at (224,56) width 1: " "
              text run at (6,71) width 0: " "
              text run at (6,86) width 375: "var ib = document.getElementById('insertAfter');"
              text run at (380,86) width 1: " "
              text run at (6,101) width 469: "ib.parentElement.appendChild(document.createElement(\"div\"));"
          RenderBlock {P} at (16,191) size 595x40
            RenderText {#text} at (0,0) size 571x39
              text run at (0,0) width 571: "The CSS selector should match the div element that is inserted by the Javascript"
              text run at (0,20) width 40: "code."
        RenderListItem {LI} at (40,2619) size 627x243 [bgcolor=#AAAAAA]
          RenderBlock {DIV} at (16,16) size 595x24 [bgcolor=#009900]
            RenderBlock {DIV} at (0,0) size 595x24
            RenderBlock {DIV} at (0,24) size 595x0 [bgcolor=#990000]
          RenderBlock {PRE} at (16,53) size 595x122 [bgcolor=#FFFFFF]
            RenderListMarker at (-46,6) size 25x19: "10"
            RenderText {#text} at (6,10) size 469x106
              text run at (6,10) width 141: "div:last-of-type {"
              text run at (146,10) width 1: " "
              text run at (6,26) width 8: "}"
              text run at (13,26) width 1: " "
              text run at (6,41) width 0: " "
              text run at (6,56) width 219: "<div id='insertAfter'></div>"
              text run at (224,56) width 1: " "
              text run at (6,71) width 0: " "
              text run at (6,86) width 375: "var ib = document.getElementById('insertAfter');"
              text run at (380,86) width 1: " "
              text run at (6,101) width 469: "ib.parentElement.appendChild(document.createElement(\"div\"));"
          RenderBlock {P} at (16,191) size 595x20
            RenderText {#text} at (0,0) size 535x19
              text run at (0,0) width 535: "The original div element should not be a match for the :last-of-type selector."
