layer at (0,0) size 800x1522
  RenderView at (0,0) size 800x600
layer at (0,0) size 800x1522
  RenderBlock {HTML} at (0,0) size 800x1522
    RenderBody {BODY} at (8,16) size 784x1458 [bgcolor=#FFFFFF]
      RenderBlock {P} at (0,0) size 784x20
        RenderText {#text} at (0,0) size 168x19
          text run at (0,0) width 168: "This page is part of the "
        RenderInline {A} at (0,0) size 73x19 [color=#0000EE]
          RenderText {#text} at (167,0) size 73x19
            text run at (167,0) width 73: "CSS3.info"
        RenderText {#text} at (239,0) size 5x19
          text run at (239,0) width 5: " "
        RenderInline {A} at (0,0) size 133x19 [color=#0000EE]
          RenderText {#text} at (243,0) size 133x19
            text run at (243,0) width 133: "CSS selectors test"
        RenderText {#text} at (375,0) size 136x19
          text run at (375,0) width 136: ". See more info on "
        RenderInline {A} at (0,0) size 111x19 [color=#0000EE]
          RenderText {#text} at (510,0) size 111x19
            text run at (510,0) width 111: "CSS3 selectors"
        RenderText {#text} at (620,0) size 6x19
          text run at (620,0) width 6: "."
      RenderBlock {DIV} at (0,36) size 784x0 [bgcolor=#009900]
      RenderBlock {OL} at (0,36) size 784x1422
        RenderListItem {LI} at (40,0) size 627x218 [bgcolor=#AAAAAA]
          RenderBlock {DIV} at (16,16) size 595x24 [bgcolor=#990000]
            RenderBlock {DIV} at (0,0) size 595x24 [bgcolor=#009900]
          RenderBlock {PRE} at (16,53) size 595x77 [bgcolor=#FFFFFF]
            RenderListMarker at (-37,6) size 16x19: "1"
            RenderText {#text} at (6,10) size 274x61
              text run at (6,10) width 141: "div:only-of-type {"
              text run at (146,10) width 1: " "
              text run at (6,26) width 8: "}"
              text run at (13,26) width 1: " "
              text run at (6,41) width 0: " "
              text run at (6,56) width 274: "<div>Does this element match?</div>"
          RenderBlock {P} at (16,146) size 595x40
            RenderText {#text} at (0,0) size 555x39
              text run at (0,0) width 555: "The CSS selector should match the marked div element, because it is the only"
              text run at (0,20) width 139: "element of this type"
        RenderListItem {LI} at (40,266) size 627x233 [bgcolor=#AAAAAA]
          RenderBlock {DIV} at (16,16) size 595x24 [bgcolor=#990000]
            RenderBlock {DIV} at (0,0) size 595x24 [bgcolor=#009900]
            RenderBlock {BLOCKQUOTE} at (0,24) size 595x0 [bgcolor=#009900]
          RenderBlock {PRE} at (16,53) size 595x92 [bgcolor=#FFFFFF]
            RenderListMarker at (-37,6) size 16x19: "2"
            RenderText {#text} at (6,10) size 274x76
              text run at (6,10) width 141: "div:only-of-type {"
              text run at (146,10) width 1: " "
              text run at (6,26) width 8: "}"
              text run at (13,26) width 1: " "
              text run at (6,41) width 0: " "
              text run at (6,56) width 274: "<div>Does this element match?</div>"
              text run at (279,56) width 1: " "
              text run at (6,71) width 196: "<blockquote></blockquote>"
          RenderBlock {P} at (16,161) size 595x40
            RenderText {#text} at (0,0) size 555x39
              text run at (0,0) width 555: "The CSS selector should match the marked div element, because it is the only"
              text run at (0,20) width 139: "element of this type"
        RenderListItem {LI} at (40,547) size 627x263 [bgcolor=#AAAAAA]
          RenderBlock {DIV} at (16,16) size 595x24 [bgcolor=#990000]
            RenderBlock {DIV} at (0,0) size 595x24 [bgcolor=#009900]
            RenderBlock {BLOCKQUOTE} at (0,24) size 595x0 [bgcolor=#009900]
              RenderBlock {DIV} at (0,0) size 595x0
          RenderBlock {PRE} at (16,53) size 595x122 [bgcolor=#FFFFFF]
            RenderListMarker at (-37,6) size 16x19: "3"
            RenderText {#text} at (6,10) size 274x106
              text run at (6,10) width 141: "div:only-of-type {"
              text run at (146,10) width 1: " "
              text run at (6,26) width 8: "}"
              text run at (13,26) width 1: " "
              text run at (6,41) width 0: " "
              text run at (6,56) width 274: "<div>Does this element match?</div>"
              text run at (279,56) width 1: " "
              text run at (6,71) width 94: "<blockquote>"
              text run at (99,71) width 1: " "
              text run at (6,86) width 110: "   <div></div>"
              text run at (115,86) width 1: " "
              text run at (6,101) width 102: "</blockquote>"
          RenderBlock {P} at (16,191) size 595x40
            RenderText {#text} at (0,0) size 555x39
              text run at (0,0) width 555: "The CSS selector should match the marked div element, because it is the only"
              text run at (0,20) width 233: "element of this type in this scope"
        RenderListItem {LI} at (40,858) size 627x233 [bgcolor=#AAAAAA]
          RenderBlock {DIV} at (16,16) size 595x24 [bgcolor=#009900]
            RenderBlock {DIV} at (0,0) size 595x24
            RenderBlock {DIV} at (0,24) size 595x0
          RenderBlock {PRE} at (16,53) size 595x92 [bgcolor=#FFFFFF]
            RenderListMarker at (-37,6) size 16x19: "4"
            RenderText {#text} at (6,10) size 274x76
              text run at (6,10) width 141: "div:only-of-type {"
              text run at (146,10) width 1: " "
              text run at (6,26) width 8: "}"
              text run at (13,26) width 1: " "
              text run at (6,41) width 0: " "
              text run at (6,56) width 274: "<div>Does this element match?</div>"
              text run at (279,56) width 1: " "
              text run at (6,71) width 86: "<div></div>"
          RenderBlock {P} at (16,161) size 595x40
            RenderText {#text} at (0,0) size 574x39
              text run at (0,0) width 574: "The CSS selector should not match the marked div element, because it is not the"
              text run at (0,20) width 173: "only element of this type"
        RenderListItem {LI} at (40,1139) size 627x283 [bgcolor=#AAAAAA]
          RenderBlock {DIV} at (16,16) size 595x24 [bgcolor=#009900]
            RenderBlock {DIV} at (0,0) size 595x24
            RenderBlock {DIV} at (0,24) size 595x0
          RenderBlock {PRE} at (16,53) size 595x122 [bgcolor=#FFFFFF]
            RenderListMarker at (-37,6) size 16x19: "5"
            RenderText {#text} at (6,10) size 469x106
              text run at (6,10) width 141: "div:only-of-type {"
              text run at (146,10) width 1: " "
              text run at (6,26) width 8: "}"
              text run at (13,26) width 1: " "
              text run at (6,41) width 0: " "
              text run at (6,56) width 219: "<div id='appendChild'></div>"
              text run at (224,56) width 1: " "
              text run at (6,71) width 0: " "
              text run at (6,86) width 375: "var ib = document.getElementById('appendChild');"
              text run at (380,86) width 1: " "
              text run at (6,101) width 469: "ib.parentElement.appendChild(document.createElement(\"div\"));"
          RenderBlock {P} at (16,191) size 595x60
            RenderText {#text} at (0,0) size 572x59
              text run at (0,0) width 523: "The CSS selector should not match the original div element, because it is "
              text run at (522,0) width 50: "not the"
              text run at (0,20) width 518: "only of its type anymore after another child with the same type is append "
              text run at (517,20) width 45: "by the"
              text run at (0,40) width 116: "Javascript code."
