layer at (0,0) size 800x600
  RenderView at (0,0) size 800x600
layer at (0,0) size 800x50
  RenderBlock {HTML} at (0,0) size 800x50
    RenderBody {BODY} at (8,16) size 784x18
      RenderBlock {P} at (0,0) size 784x18
        RenderText {#text} at (0,0) size 608x18
          text run at (0,0) width 608: "webkit.org/b/93735: Use the replaced height and width computation for positioned form controls"
layer at (7,32) size 406x26
  RenderTextControl {INPUT} at (7,32) size 406x26 [bgcolor=#FFFFFF] [border: (2px inset #000000)]
layer at (10,35) size 400x20
  RenderBlock {DIV} at (3,3) size 400x20
layer at (7,82) size 57x21
  RenderButton {INPUT} at (7,82) size 57x21 [bgcolor=#C0C0C0]
    RenderBlock (anonymous) at (8,2) size 41x16
      RenderText at (8,0) size 25x16
        text run at (8,0) width 25: "text"
layer at (7,132) size 55x21
  RenderMenuList {SELECT} at (7,132) size 55x21 [bgcolor=#FFFFFF]
    RenderBlock (anonymous) at (0,0) size 55x21
      RenderText at (8,2) size 24x16
        text run at (8,2) width 24: "test"
layer at (7,182) size 421x46 clip at (8,183) size 419x44
  RenderTextControl {TEXTAREA} at (7,182) size 421x46 [bgcolor=#FFFFFF] [border: (1px solid #000000)]
    RenderBlock {DIV} at (3,3) size 415x20
