layer at (0,0) size 785x1337
  RenderView at (0,0) size 785x600
layer at (0,0) size 785x1337
  RenderBlock {HTML} at (0,0) size 785x1338
    RenderBody {BODY} at (8,17) size 769x1313 [color=#00FF00] [bgcolor=#333333]
      RenderBlock {H1} at (0,0) size 769x30
        RenderText {#text} at (0,0) size 528x30
          text run at (0,0) width 528: "CSS2 Table Backgrounds Test Suite"
      RenderBlock {H2} at (0,47) size 769x24
        RenderText {#text} at (0,0) size 276x23
          text run at (0,0) width 276: "Part A: Background Area"
      RenderBlock {H3} at (0,86) size 769x18
        RenderText {#text} at (0,0) size 279x17
          text run at (0,0) width 279: "Background on 'table-row-group'"
      RenderBlock {P} at (0,118) size 769x16
        RenderText {#text} at (0,0) size 424x15
          text run at (0,0) width 384: "The styled row group spans the second and third "
          text run at (384,0) width 40: "rows."
      RenderBlock {P} at (0,146) size 769x46
        RenderText {#text} at (0,0) size 768x45
          text run at (0,0) width 392: "The table row group background should be visible "
          text run at (392,0) width 376: "within the border edge of each cell originating"
          text run at (0,15) width 144: "in the row group. "
          text run at (144,15) width 488: "All stripes should line up as if the cells were cutouts in a "
          text run at (632,15) width 112: "stencil placed"
          text run at (0,30) width 240: "over the row group background."
      RenderBlock {P} at (0,204) size 769x46
        RenderText {#text} at (0,0) size 768x45
          text run at (0,0) width 360: "A red band should align with the left border "
          text run at (360,0) width 400: "edge of the first cells in each of the row group's"
          text run at (0,15) width 128: "rows. An orange "
          text run at (128,15) width 512: "stripe should align a few pixels above the bottom border of the "
          text run at (640,15) width 128: "cells in the row"
          text run at (0,30) width 136: "group's last row."
      RenderBlock {DL} at (0,262) size 769x91
        RenderBlock {DT} at (0,0) size 769x15
          RenderText {#text} at (0,0) size 32x15
            text run at (0,0) width 32: "next"
        RenderBlock {DD} at (40,15) size 729x15
          RenderInline {A} at (0,0) size 408x15 [color=#FFFF00]
            RenderText {#text} at (0,0) size 408x15
              text run at (0,0) width 408: "Background Area: Background on 'table-column-group'"
          RenderText {#text} at (0,0) size 0x0
        RenderBlock {DT} at (0,30) size 769x15
          RenderText {#text} at (0,0) size 64x15
            text run at (0,0) width 64: "previous"
        RenderBlock {DD} at (40,45) size 729x15
          RenderInline {A} at (0,0) size 304x15 [color=#FFFF00]
            RenderText {#text} at (0,0) size 304x15
              text run at (0,0) width 304: "Background Area: Background on 'table'"
          RenderText {#text} at (0,0) size 0x0
        RenderBlock {DT} at (0,60) size 769x15
          RenderText {#text} at (0,0) size 64x15
            text run at (0,0) width 64: "contents"
        RenderBlock {DD} at (40,75) size 729x15
          RenderInline {A} at (0,0) size 136x15 [color=#FFFF00]
            RenderText {#text} at (0,0) size 136x15
              text run at (0,0) width 136: "Table of Contents"
          RenderText {#text} at (0,0) size 0x0
      RenderTable {TABLE} at (0,365) size 619x466 [color=#FFFFFF] [border: (1px dotted #FFFFFF)]
        RenderBlock {CAPTION} at (0,0) size 619x21
          RenderText {#text} at (163,0) size 293x21
            text run at (163,0) width 293: "With 'border-collapse: separate'"
        RenderTableCol {COLGROUP} at (0,0) size 0x0
          RenderTableCol {COL} at (0,0) size 0x0
          RenderTableCol {COL} at (0,0) size 0x0
          RenderTableCol {COL} at (0,0) size 0x0
        RenderTableCol {COLGROUP} at (0,0) size 0x0
          RenderTableCol {COL} at (0,0) size 0x0
        RenderTableSection {THEAD} at (1,22) size 617x114
          RenderTableRow {TR} at (0,7) size 617x100
            RenderTableCell {TH} at (7,44) size 130x26 [border: (1px dotted #FFFFFF)] [r=0 c=0 rs=1 cs=1]
              RenderText {#text} at (42,2) size 46x22
                text run at (42,3) width 46: "TH A"
            RenderTableCell {TH} at (144,32) size 221x50 [border: (13px dotted #FFFFFF)] [r=0 c=1 rs=1 cs=1]
              RenderText {#text} at (87,14) size 46x22
                text run at (87,15) width 46: "TH B"
            RenderTableCell {TH} at (371,44) size 119x26 [border: (1px dotted #FFFFFF)] [r=0 c=2 rs=1 cs=1]
              RenderText {#text} at (36,2) size 46x22
                text run at (36,3) width 46: "TH C"
            RenderTableCell {TH} at (496,44) size 114x26 [border: (1px dotted #FFFFFF)] [r=0 c=3 rs=1 cs=1]
              RenderText {#text} at (34,2) size 46x22
                text run at (34,3) width 46: "TH D"
        RenderTableSection {TFOOT} at (1,342) size 617x122
          RenderTableRow {TR} at (0,0) size 617x115
            RenderTableCell {TD} at (7,45) size 358x25 [border: (1px dotted #FFFFFF)] [r=0 c=0 rs=1 cs=2]
              RenderText {#text} at (2,2) size 47x21
                text run at (2,2) width 47: "TD M"
            RenderTableCell {TD} at (371,45) size 119x25 [border: (1px dotted #FFFFFF)] [r=0 c=2 rs=1 cs=1]
              RenderText {#text} at (2,2) size 46x21
                text run at (2,2) width 46: "TD O"
            RenderTableCell {TD} at (496,45) size 114x25 [border: (1px dotted #FFFFFF)] [r=0 c=3 rs=1 cs=1]
              RenderText {#text} at (2,2) size 44x21
                text run at (2,2) width 44: "TD P"
        RenderTableSection {TBODY} at (1,136) size 617x206 [bgcolor=#000000]
          RenderTableRow {TR} at (0,0) size 617x108
            RenderTableCell {TD} at (7,75) size 130x49 [border: (13px dotted #FFFFFF)] [r=0 c=0 rs=2 cs=1]
              RenderText {#text} at (14,14) size 44x21
                text run at (14,14) width 44: "TD E"
            RenderTableCell {TD} at (144,41) size 221x26 [border: (1px dotted #FFFFFF)] [r=0 c=1 rs=1 cs=1]
              RenderText {#text} at (2,2) size 43x22
                text run at (2,3) width 43: "TD F"
            RenderTableCell {TD} at (371,41) size 119x26 [border: (1px dotted #FFFFFF)] [r=0 c=2 rs=1 cs=1]
              RenderText {#text} at (2,2) size 46x22
                text run at (2,3) width 46: "TD G"
            RenderTableCell {TD} at (496,41) size 114x26 [border: (1px dotted #FFFFFF)] [r=0 c=3 rs=1 cs=1]
              RenderText {#text} at (2,2) size 45x22
                text run at (2,3) width 45: "TD H"
          RenderTableRow {TR} at (0,115) size 617x84
            RenderTableCell {TD} at (144,144) size 221x26 [border: (1px dotted #FFFFFF)] [r=1 c=1 rs=1 cs=1]
              RenderText {#text} at (2,2) size 42x22
                text run at (2,3) width 42: "TD J"
            RenderTableCell {TD} at (371,144) size 119x26 [border: (1px dotted #FFFFFF)] [r=1 c=2 rs=1 cs=1]
              RenderText {#text} at (2,2) size 45x22
                text run at (2,3) width 45: "TD K"
            RenderTableCell {TD} at (496,144) size 114x26 [border: (1px dotted #FFFFFF)] [r=1 c=3 rs=1 cs=1]
              RenderText {#text} at (2,2) size 43x22
                text run at (2,3) width 43: "TD L"
      RenderTable {TABLE} at (0,830) size 579x432 [color=#FFFFFF] [border: (6px dotted #FFFFFF)]
        RenderBlock {CAPTION} at (0,0) size 579x21
          RenderText {#text} at (144,0) size 291x21
            text run at (144,0) width 291: "With 'border-collapse: collapse'"
        RenderTableCol {COLGROUP} at (0,0) size 0x0
          RenderTableCol {COL} at (0,0) size 0x0
          RenderTableCol {COL} at (0,0) size 0x0
          RenderTableCol {COL} at (0,0) size 0x0
        RenderTableCol {COLGROUP} at (0,0) size 0x0
          RenderTableCol {COL} at (0,0) size 0x0
        RenderTableSection {THEAD} at (0,27) size 578x99
          RenderTableRow {TR} at (0,0) size 578x99
            RenderTableCell {TH} at (0,34) size 135x31 [border: (1px dotted #FFFFFF)] [r=0 c=0 rs=1 cs=1]
              RenderText {#text} at (42,2) size 46x22
                text run at (42,3) width 46: "TH A"
            RenderTableCell {TH} at (135,31) size 208x37 [border: (7px dotted #FFFFFF)] [r=0 c=1 rs=1 cs=1]
              RenderText {#text} at (81,8) size 46x22
                text run at (81,9) width 46: "TH B"
            RenderTableCell {TH} at (342,37) size 124x25 [border: (1px dotted #FFFFFF)] [r=0 c=2 rs=1 cs=1]
              RenderText {#text} at (42,2) size 46x22
                text run at (42,3) width 46: "TH C"
            RenderTableCell {TH} at (465,37) size 113x25 [border: (1px dotted #FFFFFF)] [r=0 c=3 rs=1 cs=1]
              RenderText {#text} at (34,2) size 46x22
                text run at (34,3) width 46: "TH D"
        RenderTableSection {TFOOT} at (0,316) size 578x114
          RenderTableRow {TR} at (0,0) size 578x114
            RenderTableCell {TD} at (0,42) size 343x30 [border: (7px dotted #FFFFFF)] [r=0 c=0 rs=1 cs=2]
              RenderText {#text} at (2,8) size 47x21
                text run at (2,8) width 47: "TD M"
            RenderTableCell {TD} at (342,45) size 124x24 [border: (1px dotted #FFFFFF)] [r=0 c=2 rs=1 cs=1]
              RenderText {#text} at (2,2) size 46x21
                text run at (2,2) width 46: "TD O"
            RenderTableCell {TD} at (465,45) size 113x24 [border: (1px dotted #FFFFFF)] [r=0 c=3 rs=1 cs=1]
              RenderText {#text} at (2,2) size 44x21
                text run at (2,2) width 44: "TD P"
        RenderTableSection {TBODY} at (0,126) size 578x190 [bgcolor=#000000]
          RenderTableRow {TR} at (0,0) size 578x107
            RenderTableCell {TD} at (0,77) size 135x36 [border: (7px dotted #FFFFFF)] [r=0 c=0 rs=2 cs=1]
              RenderText {#text} at (8,8) size 44x21
                text run at (8,8) width 44: "TD E"
            RenderTableCell {TD} at (135,38) size 208x31 [border: (7px dotted #FFFFFF)] [r=0 c=1 rs=1 cs=1]
              RenderText {#text} at (8,8) size 43x22
                text run at (8,9) width 43: "TD F"
            RenderTableCell {TD} at (342,41) size 124x25 [border: (1px dotted #FFFFFF)] [r=0 c=2 rs=1 cs=1]
              RenderText {#text} at (2,2) size 46x22
                text run at (2,3) width 46: "TD G"
            RenderTableCell {TD} at (465,41) size 113x25 [border: (1px dotted #FFFFFF)] [r=0 c=3 rs=1 cs=1]
              RenderText {#text} at (2,2) size 45x22
                text run at (2,3) width 45: "TD H"
          RenderTableRow {TR} at (0,107) size 578x83
            RenderTableCell {TD} at (135,136) size 208x25 [border: (1px dotted #FFFFFF)] [r=1 c=1 rs=1 cs=1]
              RenderText {#text} at (8,2) size 42x22
                text run at (8,3) width 42: "TD J"
            RenderTableCell {TD} at (342,136) size 124x25 [border: (1px dotted #FFFFFF)] [r=1 c=2 rs=1 cs=1]
              RenderText {#text} at (2,2) size 45x22
                text run at (2,3) width 45: "TD K"
            RenderTableCell {TD} at (465,136) size 113x25 [border: (1px dotted #FFFFFF)] [r=1 c=3 rs=1 cs=1]
              RenderText {#text} at (2,2) size 43x22
                text run at (2,3) width 43: "TD L"
      RenderBlock {DIV} at (0,1261) size 769x36
        RenderInline {A} at (0,0) size 88x15 [color=#FFFF00]
          RenderImage {IMG} at (0,0) size 88x31
        RenderText {#text} at (0,0) size 0x0
      RenderBlock {ADDRESS} at (0,1296) size 769x16
        RenderText {#text} at (0,0) size 704x15
          text run at (0,0) width 704: "CSS2 Table Backgrounds Test Suite designed and written by fantasai <fantasai@escape.com>"
