layer at (0,0) size 800x600
  RenderView at (0,0) size 800x600
layer at (0,0) size 800x600
  RenderBlock {HTML} at (0,0) size 800x600
    RenderBody {BODY} at (8,8) size 784x584
      RenderTable {TABLE} at (0,0) size 418x106 [border: (2px outset #808080)]
        RenderBlock {CAPTION} at (0,0) size 418x17
          RenderText {#text} at (14,0) size 389x17
            text run at (14,0) width 389: "Communicator 4.5 Installers for Mac and Windows Platforms"
        RenderTableSection {TBODY} at (2,19) size 413x84
          RenderTableRow {TR} at (0,0) size 413x22
            RenderTableCell {TH} at (0,8) size 120x6 [border: (3px solid #808080)] [r=0 c=0 rs=1 cs=1]
            RenderTableCell {TH} at (119,0) size 111x22 [border: (3px solid #808080)] [r=0 c=1 rs=1 cs=1]
              RenderText {#text} at (2,4) size 108x17
                text run at (2,4) width 108: "Macintosh PPC"
            RenderTableCell {TH} at (229,0) size 88x22 [border: (3px solid #808080)] [r=0 c=2 rs=1 cs=1]
              RenderText {#text} at (2,4) size 85x17
                text run at (2,4) width 85: "Windows 95"
            RenderTableCell {TH} at (316,0) size 97x22 [border: (3px solid #808080)] [r=0 c=3 rs=1 cs=1]
              RenderText {#text} at (2,4) size 92x17
                text run at (2,4) width 92: "Windows NT"
          RenderTableRow {TR} at (0,22) size 413x20
            RenderTableCell {TD} at (0,22) size 120x20 [border: (1px solid #808080)] [r=1 c=0 rs=1 cs=1]
              RenderText {#text} at (4,2) size 73x17
                text run at (4,2) width 73: "Base Install"
            RenderTableCell {TD} at (119,22) size 111x20 [border: (1px solid #808080)] [r=1 c=1 rs=1 cs=1]
              RenderText {#text} at (2,2) size 21x17
                text run at (2,2) width 21: "yes"
            RenderTableCell {TD} at (229,22) size 88x20 [border: (1px solid #808080)] [r=1 c=2 rs=1 cs=1]
              RenderText {#text} at (2,2) size 21x17
                text run at (2,2) width 21: "yes"
            RenderTableCell {TD} at (316,22) size 97x20 [border: (1px solid #808080)] [r=1 c=3 rs=1 cs=1]
              RenderText {#text} at (2,2) size 21x17
                text run at (2,2) width 21: "yes"
          RenderTableRow {TR} at (0,42) size 413x20
            RenderTableCell {TD} at (0,42) size 120x20 [border: (1px solid #808080)] [r=2 c=0 rs=1 cs=1]
              RenderText {#text} at (4,2) size 103x17
                text run at (4,2) width 103: "Complete Install"
            RenderTableCell {TD} at (119,42) size 111x20 [border: (1px solid #808080)] [r=2 c=1 rs=1 cs=1]
              RenderText {#text} at (2,2) size 21x17
                text run at (2,2) width 21: "yes"
            RenderTableCell {TD} at (229,42) size 88x20 [border: (1px solid #808080)] [r=2 c=2 rs=1 cs=1]
              RenderText {#text} at (2,2) size 21x17
                text run at (2,2) width 21: "yes"
            RenderTableCell {TD} at (316,42) size 97x20 [border: (1px solid #808080)] [r=2 c=3 rs=1 cs=1]
              RenderText {#text} at (2,2) size 21x17
                text run at (2,2) width 21: "yes"
          RenderTableRow {TR} at (0,62) size 413x22
            RenderTableCell {TD} at (0,62) size 120x22 [border: (1px solid #808080)] [r=3 c=0 rs=1 cs=1]
              RenderText {#text} at (4,2) size 114x17
                text run at (4,2) width 114: "Pro Edition Install"
            RenderTableCell {TD} at (119,62) size 111x22 [border: (1px solid #808080)] [r=3 c=1 rs=1 cs=1]
              RenderText {#text} at (2,2) size 21x17
                text run at (2,2) width 21: "yes"
            RenderTableCell {TD} at (229,62) size 88x22 [border: (1px solid #808080)] [r=3 c=2 rs=1 cs=1]
              RenderText {#text} at (2,2) size 21x17
                text run at (2,2) width 21: "yes"
            RenderTableCell {TD} at (316,62) size 97x22 [border: (1px solid #808080)] [r=3 c=3 rs=1 cs=1]
              RenderText {#text} at (2,2) size 21x17
                text run at (2,2) width 21: "yes"
