layer at (0,0) size 800x600
  RenderView at (0,0) size 800x600
layer at (0,0) size 800x316
  RenderBlock {html} at (0,0) size 800x316
    RenderBody {body} at (8,16) size 784x292
      RenderBlock {p} at (0,0) size 784x17
        RenderText {#text} at (0,0) size 164x17
          text run at (0,0) width 164: "TBODY VALIGN=TOP"
      RenderTable {table} at (0,33) size 658x259 [border: (1px outset #808080)]
        RenderTableSection {thead} at (1,1) size 656x25
          RenderTableRow {tr} at (0,2) size 656x21
            RenderTableCell {td} at (2,2) size 205x21 [border: (1px inset #808080)] [r=0 c=0 rs=1 cs=1]
              RenderText {#text} at (2,2) size 56x17
                text run at (2,2) width 56: "THEAD"
            RenderTableCell {td} at (208,2) size 446x21 [border: (1px inset #808080)] [r=0 c=1 rs=1 cs=1]
              RenderText {#text} at (2,2) size 56x17
                text run at (2,2) width 56: "THEAD"
        RenderTableSection {tfoot} at (1,235) size 656x23
          RenderTableRow {tr} at (0,0) size 656x21
            RenderTableCell {td} at (2,0) size 205x21 [border: (1px inset #808080)] [r=0 c=0 rs=1 cs=1]
              RenderText {#text} at (2,2) size 53x17
                text run at (2,2) width 53: "TFOOT"
            RenderTableCell {td} at (208,0) size 446x21 [border: (1px inset #808080)] [r=0 c=1 rs=1 cs=1]
              RenderText {#text} at (2,2) size 53x17
                text run at (2,2) width 53: "TFOOT"
        RenderTableSection {tbody} at (1,26) size 656x209
          RenderTableRow {tr} at (0,0) size 656x207
            RenderTableCell {td} at (2,0) size 205x207 [border: (1px inset #808080)] [r=0 c=0 rs=1 cs=1]
              RenderImage {img} at (2,2) size 200x200
            RenderTableCell {td} at (208,0) size 446x21 [border: (1px inset #808080)] [r=0 c=1 rs=1 cs=1]
              RenderText {#text} at (2,2) size 441x17
                text run at (2,2) width 380: "The top of this text should be vertically aligned to the top of "
                text run at (382,2) width 61: "the image"
