layer at (0,0) size 800x600
  RenderView at (0,0) size 800x600
layer at (0,0) size 800x66
  RenderBlock {html} at (0,0) size 800x66
    RenderBody {body} at (8,8) size 784x50
      RenderTable {table} at (0,0) size 225x50 [border: (1px outset #808080)]
        RenderTableSection (anonymous) at (1,1) size 223x48
          RenderTableRow {tr} at (0,2) size 223x21
            RenderTableCell {td} at (2,13) size 161x22 [border: (1px inset #808080)] [r=0 c=0 rs=2 cs=1]
              RenderText {#text} at (2,2) size 156x18
                text run at (2,3) width 156: "This cell spans two rows"
            RenderTableCell {td} at (164,2) size 57x21 [border: (1px inset #808080)] [r=0 c=1 rs=1 cs=1]
              RenderText {#text} at (2,2) size 52x17
                text run at (2,2) width 52: "xxx xxx"
          RenderTableRow {tr} at (0,25) size 223x21
            RenderTableCell {td} at (164,25) size 57x21 [border: (1px inset #808080)] [r=1 c=1 rs=1 cs=1]
              RenderText {#text} at (2,2) size 52x17
                text run at (2,2) width 52: "xxx xxx"
