layer at (0,0) size 800x600
  RenderView at (0,0) size 800x600
layer at (0,0) size 800x107
  RenderBlock {html} at (0,0) size 800x107
    RenderBody {body} at (8,16) size 784x83
      RenderBlock {p} at (0,0) size 784x17
        RenderText {#text} at (0,0) size 301x17
          text run at (0,0) width 301: "TEST: Numbers should align by decimal points"
      RenderTable {table} at (0,33) size 195x50 [border: (1px outset #808080)]
        RenderTableSection (anonymous) at (1,1) size 193x48
          RenderTableRow {tr} at (0,2) size 193x21
            RenderTableCell {td} at (2,2) size 57x21 [border: (1px inset #808080)] [r=0 c=0 rs=1 cs=1]
              RenderText {#text} at (2,2) size 36x17
                text run at (2,2) width 36: "55.00"
            RenderTableCell {td} at (60,2) size 65x21 [border: (1px inset #808080)] [r=0 c=1 rs=1 cs=1]
              RenderText {#text} at (2,2) size 60x17
                text run at (2,2) width 60: "55555.00"
            RenderTableCell {td} at (126,2) size 65x21 [border: (1px inset #808080)] [r=0 c=2 rs=1 cs=1]
              RenderText {#text} at (2,2) size 44x17
                text run at (2,2) width 44: "555.00"
          RenderTableRow {tr} at (0,25) size 193x21
            RenderTableCell {td} at (2,25) size 57x21 [border: (1px inset #808080)] [r=1 c=0 rs=1 cs=1]
              RenderText {#text} at (2,2) size 52x17
                text run at (2,2) width 52: "1234.56"
            RenderTableCell {td} at (60,25) size 65x21 [border: (1px inset #808080)] [r=1 c=1 rs=1 cs=1]
              RenderText {#text} at (2,2) size 44x17
                text run at (2,2) width 44: "123.45"
            RenderTableCell {td} at (126,25) size 65x21 [border: (1px inset #808080)] [r=1 c=2 rs=1 cs=1]
              RenderText {#text} at (2,2) size 60x17
                text run at (2,2) width 60: "12345.67"
