layer at (0,0) size 800x600
  RenderView at (0,0) size 800x600
layer at (0,0) size 800x107
  RenderBlock {html} at (0,0) size 800x107
    RenderBody {body} at (8,16) size 784x83
      RenderBlock {p} at (0,0) size 784x17
        RenderText {#text} at (0,0) size 301x17
          text run at (0,0) width 301: "TEST: Numbers should align by decimal points"
      RenderTable {table} at (0,33) size 195x50 [border: (1px outset #808080)]
        RenderTableSection (anonymous) at (1,1) size 193x48
          RenderTableRow {tr} at (0,2) size 193x21
            RenderTableCell {th} at (2,2) size 57x21 [border: (1px inset #808080)] [r=0 c=0 rs=1 cs=1]
              RenderText {#text} at (10,2) size 37x17
                text run at (10,2) width 37: "55.00"
            RenderTableCell {th} at (60,2) size 65x21 [border: (1px inset #808080)] [r=0 c=1 rs=1 cs=1]
              RenderText {#text} at (2,2) size 61x17
                text run at (2,2) width 61: "55555.00"
            RenderTableCell {th} at (126,2) size 65x21 [border: (1px inset #808080)] [r=0 c=2 rs=1 cs=1]
              RenderText {#text} at (10,2) size 45x17
                text run at (10,2) width 45: "555.00"
          RenderTableRow {tr} at (0,25) size 193x21
            RenderTableCell {th} at (2,25) size 57x21 [border: (1px inset #808080)] [r=1 c=0 rs=1 cs=1]
              RenderText {#text} at (2,2) size 53x17
                text run at (2,2) width 53: "1234.56"
            RenderTableCell {th} at (60,25) size 65x21 [border: (1px inset #808080)] [r=1 c=1 rs=1 cs=1]
              RenderText {#text} at (10,2) size 45x17
                text run at (10,2) width 45: "123.45"
            RenderTableCell {th} at (126,25) size 65x21 [border: (1px inset #808080)] [r=1 c=2 rs=1 cs=1]
              RenderText {#text} at (2,2) size 61x17
                text run at (2,2) width 61: "12345.67"
