layer at (0,0) size 800x600
  RenderView at (0,0) size 800x600
layer at (0,0) size 800x270
  RenderBlock {html} at (0,0) size 800x270
    RenderBody {body} at (8,8) size 784x254
      RenderTable {table} at (0,0) size 111x61 [border: (1px outset #808080)]
        RenderTableSection (anonymous) at (1,1) size 109x59
          RenderTableRow {tr} at (0,2) size 109x55
            RenderTableCell {th} at (2,2) size 105x55 [border: (1px inset #808080)] [r=0 c=0 rs=1 cs=1]
              RenderText {#text} at (8,2) size 100x51
                text run at (8,2) width 88: "The width of"
                text run at (2,19) width 100: "this cell should"
                text run at (9,36) width 87: "be 100 pixels"
      RenderBlock (anonymous) at (0,61) size 784x17
        RenderBR {br} at (0,0) size 0x17
      RenderTable {table} at (0,78) size 211x44 [border: (1px outset #808080)]
        RenderTableSection (anonymous) at (1,1) size 209x42
          RenderTableRow {tr} at (0,2) size 209x38
            RenderTableCell {th} at (2,2) size 205x38 [border: (1px inset #808080)] [r=0 c=0 rs=1 cs=1]
              RenderText {#text} at (7,2) size 191x34
                text run at (7,2) width 191: "The width of this cell should"
                text run at (59,19) width 87: "be 200 pixels"
      RenderBlock (anonymous) at (0,122) size 784x17
        RenderBR {br} at (0,0) size 0x17
      RenderTable {table} at (0,139) size 311x27 [border: (1px outset #808080)]
        RenderTableSection (anonymous) at (1,1) size 309x25
          RenderTableRow {tr} at (0,2) size 309x21
            RenderTableCell {th} at (2,2) size 305x21 [border: (1px inset #808080)] [r=0 c=0 rs=1 cs=1]
              RenderText {#text} at (12,2) size 281x17
                text run at (12,2) width 281: "The width of this cell should be 300 pixels"
      RenderBlock (anonymous) at (0,166) size 784x17
        RenderBR {br} at (0,0) size 0x17
      RenderTable {table} at (0,183) size 411x27 [border: (1px outset #808080)]
        RenderTableSection (anonymous) at (1,1) size 409x25
          RenderTableRow {tr} at (0,2) size 409x21
            RenderTableCell {th} at (2,2) size 405x21 [border: (1px inset #808080)] [r=0 c=0 rs=1 cs=1]
              RenderText {#text} at (62,2) size 281x17
                text run at (62,2) width 281: "The width of this cell should be 400 pixels"
      RenderBlock (anonymous) at (0,210) size 784x17
        RenderBR {br} at (0,0) size 0x17
      RenderTable {table} at (0,227) size 511x27 [border: (1px outset #808080)]
        RenderTableSection (anonymous) at (1,1) size 509x25
          RenderTableRow {tr} at (0,2) size 509x21
            RenderTableCell {th} at (2,2) size 505x21 [border: (1px inset #808080)] [r=0 c=0 rs=1 cs=1]
              RenderText {#text} at (112,2) size 281x17
                text run at (112,2) width 281: "The width of this cell should be 500 pixels"
