layer at (0,0) size 800x600
  RenderView at (0,0) size 800x600
layer at (0,0) size 800x600
  RenderBlock {HTML} at (0,0) size 800x600
    RenderBody {BODY} at (8,8) size 784x584
      RenderTable {TABLE} at (0,0) size 484x130
        RenderBlock {CAPTION} at (0,0) size 484x18
          RenderText {#text} at (47,0) size 389x17
            text run at (47,0) width 389: "Communicator 4.5 Installers for Mac and Windows Platforms"
        RenderTableSection {TFOOT} at (0,108) size 484x22
          RenderTableRow {TR} at (0,0) size 484x20
            RenderTableCell {TD} at (2,0) size 186x20 [r=0 c=0 rs=1 cs=1]
              RenderText {#text} at (1,1) size 183x17
                text run at (1,1) width 183: "This is the footer information"
        RenderTableSection {TBODY} at (0,18) size 484x90
          RenderTableRow {TR} at (0,2) size 484x20
            RenderTableCell {TH} at (2,11) size 186x2 [r=0 c=0 rs=1 cs=1]
            RenderTableCell {TH} at (189,2) size 110x20 [r=0 c=1 rs=1 cs=1]
              RenderText {#text} at (1,1) size 108x17
                text run at (1,1) width 108: "Macintosh PPC"
            RenderTableCell {TH} at (300,2) size 87x20 [r=0 c=2 rs=1 cs=1]
              RenderText {#text} at (1,1) size 85x17
                text run at (1,1) width 85: "Windows 95"
            RenderTableCell {TH} at (388,2) size 94x20 [r=0 c=3 rs=1 cs=1]
              RenderText {#text} at (1,1) size 92x17
                text run at (1,1) width 92: "Windows NT"
          RenderTableRow {TR} at (0,24) size 484x20
            RenderTableCell {TD} at (2,24) size 186x20 [r=1 c=0 rs=1 cs=1]
              RenderText {#text} at (1,1) size 73x17
                text run at (1,1) width 73: "Base Install"
            RenderTableCell {TD} at (189,24) size 110x20 [r=1 c=1 rs=1 cs=1]
              RenderText {#text} at (1,1) size 21x17
                text run at (1,1) width 21: "yes"
            RenderTableCell {TD} at (300,24) size 87x20 [r=1 c=2 rs=1 cs=1]
              RenderText {#text} at (1,1) size 21x17
                text run at (1,1) width 21: "yes"
            RenderTableCell {TD} at (388,24) size 94x20 [r=1 c=3 rs=1 cs=1]
              RenderText {#text} at (1,1) size 21x17
                text run at (1,1) width 21: "yes"
          RenderTableRow {TR} at (0,46) size 484x20
            RenderTableCell {TD} at (2,46) size 186x20 [r=2 c=0 rs=1 cs=1]
              RenderText {#text} at (1,1) size 103x17
                text run at (1,1) width 103: "Complete Install"
            RenderTableCell {TD} at (189,46) size 110x20 [r=2 c=1 rs=1 cs=1]
              RenderText {#text} at (1,1) size 21x17
                text run at (1,1) width 21: "yes"
            RenderTableCell {TD} at (300,46) size 87x20 [r=2 c=2 rs=1 cs=1]
              RenderText {#text} at (1,1) size 21x17
                text run at (1,1) width 21: "yes"
            RenderTableCell {TD} at (388,46) size 94x20 [r=2 c=3 rs=1 cs=1]
              RenderText {#text} at (1,1) size 21x17
                text run at (1,1) width 21: "yes"
          RenderTableRow {TR} at (0,68) size 484x20
            RenderTableCell {TD} at (2,68) size 186x20 [r=3 c=0 rs=1 cs=1]
              RenderText {#text} at (1,1) size 114x17
                text run at (1,1) width 114: "Pro Edition Install"
            RenderTableCell {TD} at (189,68) size 110x20 [r=3 c=1 rs=1 cs=1]
              RenderText {#text} at (1,1) size 21x17
                text run at (1,1) width 21: "yes"
            RenderTableCell {TD} at (300,68) size 87x20 [r=3 c=2 rs=1 cs=1]
              RenderText {#text} at (1,1) size 21x17
                text run at (1,1) width 21: "yes"
            RenderTableCell {TD} at (388,68) size 94x20 [r=3 c=3 rs=1 cs=1]
              RenderText {#text} at (1,1) size 21x17
                text run at (1,1) width 21: "yes"
