layer at (0,0) size 800x600
  RenderView at (0,0) size 800x600
layer at (0,0) size 800x600
  RenderBlock {HTML} at (0,0) size 800x600
    RenderBody {BODY} at (8,8) size 784x584
      RenderTable {TABLE} at (0,0) size 489x130
        RenderBlock {CAPTION} at (0,0) size 489x18
          RenderText {#text} at (50,0) size 389x17
            text run at (50,0) width 389: "Communicator 4.5 Installers for Mac and Windows Platforms"
        RenderTableSection {THEAD} at (0,18) size 489x24
          RenderTableRow {TR} at (0,2) size 489x20
            RenderTableCell {TD} at (2,2) size 191x20 [r=0 c=0 rs=1 cs=1]
              RenderText {#text} at (1,1) size 188x17
                text run at (1,1) width 188: "This is the header information"
        RenderTableSection {TBODY} at (0,42) size 489x88
          RenderTableRow {TR} at (0,0) size 489x20
            RenderTableCell {TH} at (2,9) size 191x2 [r=0 c=0 rs=1 cs=1]
            RenderTableCell {TH} at (194,0) size 110x20 [r=0 c=1 rs=1 cs=1]
              RenderText {#text} at (1,1) size 108x17
                text run at (1,1) width 108: "Macintosh PPC"
            RenderTableCell {TH} at (305,0) size 87x20 [r=0 c=2 rs=1 cs=1]
              RenderText {#text} at (1,1) size 85x17
                text run at (1,1) width 85: "Windows 95"
            RenderTableCell {TH} at (393,0) size 94x20 [r=0 c=3 rs=1 cs=1]
              RenderText {#text} at (1,1) size 92x17
                text run at (1,1) width 92: "Windows NT"
          RenderTableRow {TR} at (0,22) size 489x20
            RenderTableCell {TD} at (2,22) size 191x20 [r=1 c=0 rs=1 cs=1]
              RenderText {#text} at (1,1) size 73x17
                text run at (1,1) width 73: "Base Install"
            RenderTableCell {TD} at (194,22) size 110x20 [r=1 c=1 rs=1 cs=1]
              RenderText {#text} at (1,1) size 21x17
                text run at (1,1) width 21: "yes"
            RenderTableCell {TD} at (305,22) size 87x20 [r=1 c=2 rs=1 cs=1]
              RenderText {#text} at (1,1) size 21x17
                text run at (1,1) width 21: "yes"
            RenderTableCell {TD} at (393,22) size 94x20 [r=1 c=3 rs=1 cs=1]
              RenderText {#text} at (1,1) size 21x17
                text run at (1,1) width 21: "yes"
          RenderTableRow {TR} at (0,44) size 489x20
            RenderTableCell {TD} at (2,44) size 191x20 [r=2 c=0 rs=1 cs=1]
              RenderText {#text} at (1,1) size 103x17
                text run at (1,1) width 103: "Complete Install"
            RenderTableCell {TD} at (194,44) size 110x20 [r=2 c=1 rs=1 cs=1]
              RenderText {#text} at (1,1) size 21x17
                text run at (1,1) width 21: "yes"
            RenderTableCell {TD} at (305,44) size 87x20 [r=2 c=2 rs=1 cs=1]
              RenderText {#text} at (1,1) size 21x17
                text run at (1,1) width 21: "yes"
            RenderTableCell {TD} at (393,44) size 94x20 [r=2 c=3 rs=1 cs=1]
              RenderText {#text} at (1,1) size 21x17
                text run at (1,1) width 21: "yes"
          RenderTableRow {TR} at (0,66) size 489x20
            RenderTableCell {TD} at (2,66) size 191x20 [r=3 c=0 rs=1 cs=1]
              RenderText {#text} at (1,1) size 114x17
                text run at (1,1) width 114: "Pro Edition Install"
            RenderTableCell {TD} at (194,66) size 110x20 [r=3 c=1 rs=1 cs=1]
              RenderText {#text} at (1,1) size 21x17
                text run at (1,1) width 21: "yes"
            RenderTableCell {TD} at (305,66) size 87x20 [r=3 c=2 rs=1 cs=1]
              RenderText {#text} at (1,1) size 21x17
                text run at (1,1) width 21: "yes"
            RenderTableCell {TD} at (393,66) size 94x20 [r=3 c=3 rs=1 cs=1]
              RenderText {#text} at (1,1) size 21x17
                text run at (1,1) width 21: "yes"
