layer at (0,0) size 800x600
  RenderView at (0,0) size 800x600
layer at (0,0) size 800x134
  RenderBlock {html} at (0,0) size 800x134
    RenderBody {body} at (8,16) size 784x110
      RenderBlock {p} at (0,0) size 784x18
        RenderText {#text} at (0,0) size 326x17
          text run at (0,0) width 326: "In this test, the THEAD text should be right aligned"
      RenderTable {table} at (0,34) size 180x76 [border: (1px outset #808080)]
        RenderTableSection {thead} at (1,1) size 178x26
          RenderTableRow {tr} at (0,2) size 178x22
            RenderTableCell {td} at (2,2) size 174x22 [border: (1px inset #808080)] [r=0 c=0 rs=1 cs=1]
              RenderText {#text} at (115,2) size 57x17
                text run at (115,2) width 57: "THEAD"
        RenderTableSection {tfoot} at (1,51) size 178x24
          RenderTableRow {tr} at (0,0) size 178x22
            RenderTableCell {td} at (2,0) size 174x22 [border: (1px inset #808080)] [r=0 c=0 rs=1 cs=1]
              RenderText {#text} at (2,2) size 165x17
                text run at (2,2) width 165: "This text is in the TFOOT"
        RenderTableSection {tbody} at (1,27) size 178x24
          RenderTableRow {tr} at (0,0) size 178x22
            RenderTableCell {td} at (2,0) size 174x22 [border: (1px inset #808080)] [r=0 c=0 rs=1 cs=1]
              RenderText {#text} at (2,2) size 169x17
                text run at (2,2) width 169: "This text is in the TBODY"
