layer at (0,0) size 800x600
  RenderView at (0,0) size 800x600
layer at (0,0) size 800x282
  RenderBlock {html} at (0,0) size 800x282
    RenderBody {body} at (8,8) size 784x266
      RenderTable {table} at (0,0) size 111x64 [border: (1px outset #808080)]
        RenderTableSection (anonymous) at (1,1) size 109x62
          RenderTableRow {tr} at (0,2) size 109x58
            RenderTableCell {th} at (2,2) size 105x58 [border: (1px inset #808080)] [r=0 c=0 rs=1 cs=1]
              RenderText {#text} at (8,2) size 100x53
                text run at (8,2) width 88: "The width of"
                text run at (2,20) width 100: "this cell should"
                text run at (9,38) width 87: "be 100 pixels"
      RenderBlock (anonymous) at (0,64) size 784x18
        RenderBR {br} at (0,0) size 0x17
      RenderTable {table} at (0,82) size 211x46 [border: (1px outset #808080)]
        RenderTableSection (anonymous) at (1,1) size 209x44
          RenderTableRow {tr} at (0,2) size 209x40
            RenderTableCell {th} at (2,2) size 205x40 [border: (1px inset #808080)] [r=0 c=0 rs=1 cs=1]
              RenderText {#text} at (7,2) size 191x35
                text run at (7,2) width 191: "The width of this cell should"
                text run at (59,20) width 87: "be 200 pixels"
      RenderBlock (anonymous) at (0,128) size 784x18
        RenderBR {br} at (0,0) size 0x17
      RenderTable {table} at (0,146) size 311x28 [border: (1px outset #808080)]
        RenderTableSection (anonymous) at (1,1) size 309x26
          RenderTableRow {tr} at (0,2) size 309x22
            RenderTableCell {th} at (2,2) size 305x22 [border: (1px inset #808080)] [r=0 c=0 rs=1 cs=1]
              RenderText {#text} at (12,2) size 281x17
                text run at (12,2) width 281: "The width of this cell should be 300 pixels"
      RenderBlock (anonymous) at (0,174) size 784x18
        RenderBR {br} at (0,0) size 0x17
      RenderTable {table} at (0,192) size 411x28 [border: (1px outset #808080)]
        RenderTableSection (anonymous) at (1,1) size 409x26
          RenderTableRow {tr} at (0,2) size 409x22
            RenderTableCell {th} at (2,2) size 405x22 [border: (1px inset #808080)] [r=0 c=0 rs=1 cs=1]
              RenderText {#text} at (62,2) size 281x17
                text run at (62,2) width 281: "The width of this cell should be 400 pixels"
      RenderBlock (anonymous) at (0,220) size 784x18
        RenderBR {br} at (0,0) size 0x17
      RenderTable {table} at (0,238) size 511x28 [border: (1px outset #808080)]
        RenderTableSection (anonymous) at (1,1) size 509x26
          RenderTableRow {tr} at (0,2) size 509x22
            RenderTableCell {th} at (2,2) size 505x22 [border: (1px inset #808080)] [r=0 c=0 rs=1 cs=1]
              RenderText {#text} at (112,2) size 281x17
                text run at (112,2) width 281: "The width of this cell should be 500 pixels"
