layer at (0,0) size 800x600
  RenderView at (0,0) size 800x600
layer at (0,0) size 800x268
  RenderBlock {HTML} at (0,0) size 800x268
    RenderBody {BODY} at (8,21) size 784x231
      RenderBlock {H1} at (0,0) size 784x37
        RenderText {#text} at (0,0) size 529x36
          text run at (0,0) width 529: "Letter spacing lost for emphasized text"
      RenderBlock {P} at (0,58) size 784x37
        RenderText {#text} at (0,0) size 281x17
          text run at (0,0) width 281: "This example demonstrates that text inside a "
        RenderInline {CODE} at (0,0) size 8x15
          RenderText {#text} at (281,3) size 8x15
            text run at (281,3) width 8: "b"
        RenderText {#text} at (289,0) size 8x17
          text run at (289,0) width 8: ", "
        RenderInline {CODE} at (0,0) size 8x15
          RenderText {#text} at (297,3) size 8x15
            text run at (297,3) width 8: "i"
        RenderText {#text} at (305,0) size 8x17
          text run at (305,0) width 8: ", "
        RenderInline {CODE} at (0,0) size 48x15
          RenderText {#text} at (313,3) size 48x15
            text run at (313,3) width 48: "strong"
        RenderText {#text} at (361,0) size 21x17
          text run at (361,0) width 21: " or "
        RenderInline {CODE} at (0,0) size 16x15
          RenderText {#text} at (382,3) size 16x15
            text run at (382,3) width 16: "em"
        RenderText {#text} at (398,0) size 110x17
          text run at (398,0) width 110: " element loses its "
        RenderInline {CODE} at (0,0) size 112x15
          RenderText {#text} at (508,3) size 112x15
            text run at (508,3) width 112: "letter-spacing"
        RenderText {#text} at (620,0) size 781x35
          text run at (620,0) width 161: " CSS attribute that should"
          text run at (0,18) width 296: "be inherited. This was discovered in Safari 1.0."
      RenderBlock {DIV} at (0,110) size 784x121
        RenderBlock {P} at (0,0) size 784x18
          RenderText {#text} at (0,0) size 121x17
            text run at (0,0) width 121: "Text inside "
          RenderInline {B} at (0,0) size 47x17
            RenderText {#text} at (120,0) size 47x17
              text run at (120,0) width 47: "bold"
          RenderText {#text} at (166,0) size 94x17
            text run at (166,0) width 94: " element."
        RenderBlock {P} at (0,34) size 784x18
          RenderText {#text} at (0,0) size 121x17
            text run at (0,0) width 121: "Text inside "
          RenderInline {STRONG} at (0,0) size 68x17
            RenderText {#text} at (120,0) size 68x17
              text run at (120,0) width 68: "strong"
          RenderText {#text} at (187,0) size 94x17
            text run at (187,0) width 94: " element."
        RenderBlock {P} at (0,68) size 784x18
          RenderText {#text} at (0,0) size 121x17
            text run at (0,0) width 121: "Text inside "
          RenderInline {I} at (0,0) size 56x17
            RenderText {#text} at (120,0) size 56x17
              text run at (120,0) width 56: "italic"
          RenderText {#text} at (175,0) size 94x17
            text run at (175,0) width 94: " element."
        RenderBlock {P} at (0,102) size 784x18
          RenderText {#text} at (0,0) size 121x17
            text run at (0,0) width 121: "Text inside "
          RenderInline {EM} at (0,0) size 92x17
            RenderText {#text} at (120,0) size 92x17
              text run at (120,0) width 92: "emphasis"
          RenderText {#text} at (211,0) size 94x17
            text run at (211,0) width 94: " element."
