layer at (0,0) size 800x600
  RenderView at (0,0) size 800x600
layer at (0,0) size 800x224
  RenderBlock {HTML} at (0,0) size 800x224
    RenderBody {BODY} at (8,16) size 784x192
      RenderBlock {P} at (0,0) size 784x88
        RenderText {#text} at (0,70) size 132x18
          text run at (0,70) width 132: "Large LTR radicals: "
        RenderMathMLMath {math} at (131,0) size 27x84 [padding: 0 1 0 1]
          RenderMathMLSquareRoot {msqrt} at (1,0) size 15x84
            RenderMathMLBlock (anonymous, flex) at (0,0) size 15x84
              RenderMathMLRadicalOperator (anonymous) at (0,0) size 15x84
                RenderMathMLBlock (anonymous, flex) at (0,0) size 15x83
                  RenderBlock (anonymous) at (0,0) size 15x83
                    RenderText at (0,-1) size 15x24
                      text run at (0,-1) width 15: "\x{221A}"
            RenderMathMLRootWrapper at (14,3) size 0x81
              RenderMathMLSpace {mspace} at (0,0) size 0x80
          RenderMathMLSquareRoot {msqrt} at (15,0) size 10x84
            RenderMathMLBlock (anonymous, flex) at (0,0) size 9x84
              RenderMathMLRadicalOperator (anonymous) at (0,0) size 9x84
                RenderMathMLBlock (anonymous, flex) at (0,0) size 9x83
                  RenderBlock (anonymous) at (0,0) size 9x83
                    RenderText at (0,1) size 9x18
                      text run at (0,1) width 9: "\x{221A}"
            RenderMathMLRootWrapper at (8,3) size 0x81
              RenderMathMLSpace {mspace} at (0,0) size 0x80
        RenderText {#text} at (0,0) size 0x0
      RenderBlock {P} at (0,104) size 784x88
        RenderText {#text} at (0,70) size 132x18
          text run at (0,70) width 132: "Large RTL radicals: "
        RenderMathMLMath {math} at (131,0) size 27x84 [padding: 0 1 0 1]
          RenderMathMLSquareRoot {msqrt} at (9,0) size 16x84
            RenderMathMLBlock (anonymous, flex) at (0,0) size 15x84
              RenderMathMLRadicalOperator (anonymous) at (0,0) size 15x84
                RenderMathMLBlock (anonymous, flex) at (0,0) size 15x83
                  RenderBlock (anonymous) at (0,0) size 15x83
                    RenderText at (0,-1) size 16x24
                      text run at (0,-1) width 15 RTL: "\x{221A}"
            RenderMathMLRootWrapper at (0,3) size 0x81
              RenderMathMLSpace {mspace} at (0,0) size 0x80
          RenderMathMLSquareRoot {msqrt} at (1,0) size 9x84
            RenderMathMLBlock (anonymous, flex) at (0,0) size 9x84
              RenderMathMLRadicalOperator (anonymous) at (0,0) size 9x84
                RenderMathMLBlock (anonymous, flex) at (0,0) size 9x83
                  RenderBlock (anonymous) at (0,0) size 9x83
                    RenderText at (0,1) size 9x18
                      text run at (0,1) width 9 RTL: "\x{221A}"
            RenderMathMLRootWrapper at (0,3) size 0x81
              RenderMathMLSpace {mspace} at (0,0) size 0x80
        RenderText {#text} at (0,0) size 0x0
