layer at (0,0) size 800x600
  RenderView at (0,0) size 800x600
layer at (0,0) size 800x600
  RenderBlock {HTML} at (0,0) size 800x600
    RenderBody {BODY} at (8,8) size 784x576
      RenderBlock {P} at (0,0) size 784x18
        RenderText {#text} at (0,0) size 141x18
          text run at (0,0) width 141: "This is to test a fix for "
        RenderInline {A} at (0,0) size 68x18 [color=#0000EE]
          RenderText {#text} at (141,0) size 68x18
            text run at (141,0) width 68: "bug 26660"
        RenderText {#text} at (209,0) size 4x18
          text run at (209,0) width 4: "."
      RenderBlock {P} at (0,544) size 784x0
layer at (8,101) size 252x52
  RenderBlock {DIV} at (0,93) size 252x52 [border: (1px solid #008000)]
    RenderText {#text} at (1,5) size 227x43
      text run at (1,5) width 227: "Straight \x{916}\x{94B}\x{91C}\x{947}\x{902} \x{92C}\x{941}\x{927}\x{935}\x{93E}\x{930} \x{915}\x{940} \x{938}\x{941}\x{92C}\x{939} \x{939}\x{94B}\x{928}\x{947} \x{935}\x{93E}\x{932}\x{93E}"
      text run at (1,30) width 75: "\x{92A}\x{942}\x{930}\x{94D}\x{923} 123 abc"
layer at (8,228) size 252x52
  RenderBlock {DIV} at (0,220) size 252x52 [border: (1px solid #008000)]
    RenderText {#text} at (1,5) size 225x43
      text run at (1,5) width 225: "Now rotated \x{916}\x{94B}\x{91C}\x{947}\x{902} \x{92C}\x{941}\x{927}\x{935}\x{93E}\x{930} \x{915}\x{940} \x{938}\x{941}\x{92C}\x{939} \x{939}\x{94B}\x{928}\x{947}"
      text run at (1,30) width 107: "\x{935}\x{93E}\x{932}\x{93E} \x{92A}\x{942}\x{930}\x{94D}\x{923} 123 abc"
layer at (8,355) size 252x54
  RenderBlock {DIV} at (0,347) size 252x54 [border: (1px solid #008000)]
    RenderText {#text} at (1,1) size 241x52
      text run at (1,1) width 241: "Now rotated \x{916}\x{94B}\x{91C}\x{947}\x{902} \x{92C}\x{941}\x{927}\x{935}\x{93E}\x{930} \x{915}\x{940} \x{938}\x{941}\x{92C}\x{939} \x{939}\x{94B}\x{928}\x{947}"
      text run at (1,27) width 111: "\x{935}\x{93E}\x{932}\x{93E} \x{92A}\x{942}\x{930}\x{94D}\x{923} 123 abc"
layer at (8,484) size 252x52
  RenderBlock {DIV} at (0,476) size 252x52 [border: (1px solid #008000)]
    RenderText {#text} at (1,5) size 225x43
      text run at (1,5) width 114: "Now rotated \x{916}\x{94B}\x{91C}\x{947}\x{902} "
      text run at (115,5) width 111: "\x{92C}\x{941}\x{927}\x{935}\x{93E}\x{930} \x{915}\x{940} \x{938}\x{941}\x{92C}\x{939} \x{939}\x{94B}\x{928}\x{947}"
      text run at (1,30) width 107: "\x{935}\x{93E}\x{932}\x{93E} \x{92A}\x{942}\x{930}\x{94D}\x{923} 123 abc"
