layer at (0,0) size 800x600
  RenderView at (0,0) size 800x600
layer at (0,0) size 800x600
  RenderBlock {HTML} at (0,0) size 800x600
    RenderBody {BODY} at (8,16) size 784x568
      RenderBlock {DIV} at (16,0) size 400x100
        RenderBlock (floating) at (2,24) size 34x33
          RenderText {#text} at (0,-11) size 34x53
            text run at (0,-11) width 34: "A"
        RenderText {#text} at (37,0) size 438x99
          text run at (37,0) width 401: "n example of first-letter. This letter should span 3 lines of text,"
          text run at (37,20) width 352: "and so it should align itself cleanly with the cap-height"
          text run at (37,40) width 344: "of the A lining up with the cap-height of the first line,"
          text run at (0,60) width 374: "and the baseline of the A lining up with the baseline of the"
          text run at (0,80) width 63: "third line."
      RenderBlock {SPAN} at (0,116) size 784x100
        RenderBlock {DIV} at (368,0) size 400x100
          RenderBlock (floating) at (364,24) size 34x33
            RenderText {#text} at (0,-11) size 34x53
              text run at (0,-11) width 34: "A"
          RenderText {#text} at (-20,0) size 421x99
            text run at (-20,0) width 383: "n RTL example of first-letter. This letter should span 3 lines"
            text run at (2,20) width 361: "of text, and so it should align itself cleanly with the cap-"
            text run at (7,40) width 356: "height of the A lining up with the cap-height of the first"
            text run at (18,60) width 382: "line, and the baseline of the A lining up with the baseline of"
            text run at (314,80) width 5 RTL: "."
            text run at (318,80) width 82: "the third line"
