layer at (0,0) size 800x600
  RenderView at (0,0) size 800x600
layer at (0,0) size 800x600
  RenderBlock {HTML} at (0,0) size 800x600
    RenderBody {BODY} at (8,8) size 784x579
      RenderBlock {PRE} at (0,0) size 784x165
        RenderText {#text} at (0,0) size 781x165
          text run at (0,0) width 508: "{\"error\": {\"message\": \"Traceback (most recent call last):\\n  File"
          text run at (0,15) width 640: "\\\"/Volumes/Data/youenn/dev/Apple/OpenSource/LayoutTests/imported/w3c/web-platform-"
          text run at (0,30) width 742: "tests/tools/wptserve/wptserve/handlers.py\\\", line 251, in __call__\\n    rv = self.func(request,"
          text run at (0,45) width 781: "response)\\n  File \\\"/Volumes/Data/youenn/dev/Apple/OpenSource/LayoutTests/imported/w3c/web-platform-"
          text run at (0,60) width 531: "tests/tools/serve/serve.py\\\", line 53, in handle_request\\n    meta ="
          text run at (0,75) width 352: "\\\"\\\\n\\\".join(self._get_meta(request))\\n  File"
          text run at (0,90) width 640: "\\\"/Volumes/Data/youenn/dev/Apple/OpenSource/LayoutTests/imported/w3c/web-platform-"
          text run at (0,105) width 749: "tests/tools/serve/serve.py\\\", line 88, in _get_meta\\n    with open(path, \\\"rb\\\") as f:\\nIOError:"
          text run at (0,120) width 281: "[Errno 2] No such file or directory:"
          text run at (0,135) width 718: "'/Volumes/Data/youenn/dev/Apple/OpenSource/LayoutTests/imported/w3c/web-platform-tests/user-"
          text run at (0,150) width 414: "timing/clear_one_measure.worker.js'\\n\", \"code\": 500}}"
