layer at (0,0) size 800x600
  RenderView at (0,0) size 800x600
layer at (0,0) size 800x600
  RenderBlock {HTML} at (0,0) size 800x600
    RenderBody {BODY} at (8,8) size 784x584
      RenderBlock {DIV} at (0,0) size 784x36
        RenderText {#text} at (0,0) size 782x36
          text run at (0,0) width 782: "This test passes if this img tag below is a green square when the scale factor is 1. It ensures that invalid inputs from srcset are"
          text run at (0,18) width 312: "ignored, and src is selected (when it makes sense)"
      RenderBlock (anonymous) at (0,36) size 784x100
        RenderImage {IMG} at (0,0) size 100x100
        RenderText {#text} at (0,0) size 0x0
