layer at (0,0) size 800x600
  RenderView at (0,0) size 800x600
layer at (0,0) size 800x600
  RenderBlock {HTML} at (0,0) size 800x600
    RenderBody {BODY} at (8,8) size 784x584
      RenderBlock {DIV} at (0,0) size 784x36
        RenderText {#text} at (0,0) size 738x36
          text run at (0,0) width 738: "This test passes if the div below is a blue 100px square when the deviceScaleFactor is 1. It simply ensures that the src"
          text run at (0,18) width 668: "attribute is taken into account by the selection algorithm when this one is processing the images candidates"
      RenderBlock (anonymous) at (0,36) size 784x100
        RenderImage {IMG} at (0,0) size 100x100
        RenderText {#text} at (0,0) size 0x0
