layer at (0,0) size 800x600
  RenderView at (0,0) size 800x600
layer at (0,0) size 800x600
  RenderBlock {HTML} at (0,0) size 800x600
    RenderBody {BODY} at (8,8) size 784x584
      RenderBlock {DIV} at (0,0) size 784x36
        RenderText {#text} at (0,0) size 746x36
          text run at (0,0) width 746: "This test passes if the img tag below is a green square when the scale factor is 2. It ensures that well-formed images are"
          text run at (0,18) width 235: "chosen and invalid inputs are ignored"
      RenderBlock (anonymous) at (0,36) size 784x100
        RenderImage {IMG} at (0,0) size 100x100
        RenderText {#text} at (0,0) size 0x0
