layer at (0,0) size 800x600
  RenderView at (0,0) size 800x600
layer at (0,0) size 800x600
  RenderBlock {HTML} at (0,0) size 800x600
    RenderBody {BODY} at (8,8) size 784x584
      RenderBlock {DIV} at (0,0) size 784x36
        RenderText {#text} at (0,0) size 734x36
          text run at (0,0) width 734: "This test passes if the image below looks like a 2x2 grid (yellow, gray, light green, dark green). In this case the srcset"
          text run at (0,18) width 323: "attribute has a base64 url, with the comma escaped."
      RenderBlock (anonymous) at (0,36) size 784x100
        RenderImage {IMG} at (0,0) size 100x100
        RenderText {#text} at (0,0) size 0x0
