FAIL: Timed out waiting for notifyDone to be called
layer at (0,0) size 320x4018
  RenderView at (0,0) size 320x100
layer at (0,0) size 320x4018
  RenderBlock {HTML} at (0,0) size 320x4018
    RenderBody {BODY} at (8,8) size 304x4002
      RenderBlock {DIV} at (-698,0) size 1002x4002 [border: (1px solid #FF0000)]
        RenderText {#text} at (-488,1) size 1490x19
          text run at (-488,1) width 1489: "BEGINddddddddddddddddddddddddddddddddddddddddddddddddddddddddddddddddddddddddddddddddddddddddddddddddddddddddddddddddddddddddddddddddddddddddddddddddddddddddddddddddddddddddddddddddEND"
scrolled to -1179,0
